2026-09-09 23:44:26,192 [INFO] === INICIANDO HOLLOWDRIVE V12.5 ===
2026-09-09 23:44:26,192 [INFO] Ruta base del programa: D:\Documents\vscode\SAVIN-HOLLOWDRIVE
2026-09-09 23:44:26,192 [INFO] Archivo de registro de la sesión: D:\Documents\vscode\SAVIN-HOLLOWDRIVE\logs\hollowdrive_2026-09-09_23-44-25.log
2026-09-09 23:44:26,194 [DEBUG] Starting new HTTPS connection (1): raw.githubusercontent.com:443
2026-09-09 23:44:26,665 [DEBUG] https://raw.githubusercontent.com:443 "GET /MVP-Savyn/SAVIN-HOLLOWDRIVE/main/engine/mirrors.json HTTP/1.1" 200 577
2026-09-09 23:44:26,665 [INFO] [MIRRORS] mirrors.json actualizado dinámicamente desde GitHub.
2026-09-09 23:44:26,766 [DEBUG] Importing PngImagePlugin
2026-09-09 23:44:26,775 [DEBUG] STREAM b'IHDR' 16 13
2026-09-09 23:44:26,775 [DEBUG] STREAM b'eXIf' 41 180
2026-09-09 23:44:26,776 [DEBUG] STREAM b'pHYs' 233 9
2026-09-09 23:44:26,776 [DEBUG] STREAM b'iTXt' 254 1377
2026-09-09 23:44:26,776 [DEBUG] STREAM b'IDAT' 1643 8192
2026-09-09 23:44:26,776 [DEBUG] STREAM b'IHDR' 16 13
2026-09-09 23:44:26,776 [DEBUG] STREAM b'eXIf' 41 180
2026-09-09 23:44:26,776 [DEBUG] STREAM b'pHYs' 233 9
2026-09-09 23:44:26,776 [DEBUG] STREAM b'iTXt' 254 1377
2026-09-09 23:44:26,776 [DEBUG] STREAM b'IDAT' 1643 8192
2026-09-09 23:44:26,777 [DEBUG] STREAM b'IHDR' 16 13
2026-09-09 23:44:26,777 [DEBUG] STREAM b'eXIf' 41 180
2026-09-09 23:44:26,777 [DEBUG] STREAM b'pHYs' 233 9
2026-09-09 23:44:26,777 [DEBUG] STREAM b'iTXt' 254 1379
2026-09-09 23:44:26,777 [DEBUG] STREAM b'IDAT' 1645 8192
2026-09-09 23:44:26,777 [DEBUG] STREAM b'IHDR' 16 13
2026-09-09 23:44:26,777 [DEBUG] STREAM b'eXIf' 41 180
2026-09-09 23:44:26,777 [DEBUG] STREAM b'pHYs' 233 9
2026-09-09 23:44:26,778 [DEBUG] STREAM b'iTXt' 254 1379
2026-09-09 23:44:26,778 [DEBUG] STREAM b'IDAT' 1645 8192
2026-09-09 23:44:26,778 [DEBUG] STREAM b'IHDR' 16 13
2026-09-09 23:44:26,778 [DEBUG] STREAM b'eXIf' 41 180
2026-09-09 23:44:26,778 [DEBUG] STREAM b'pHYs' 233 9
2026-09-09 23:44:26,778 [DEBUG] STREAM b'iTXt' 254 1390
2026-09-09 23:44:26,778 [DEBUG] STREAM b'IDAT' 1656 8192
2026-09-09 23:44:26,778 [DEBUG] STREAM b'IHDR' 16 13
2026-09-09 23:44:26,778 [DEBUG] STREAM b'eXIf' 41 180
2026-09-09 23:44:26,779 [DEBUG] STREAM b'pHYs' 233 9
2026-09-09 23:44:26,779 [DEBUG] STREAM b'iTXt' 254 1379
2026-09-09 23:44:26,779 [DEBUG] STREAM b'IDAT' 1645 8192
2026-09-09 23:44:26,779 [DEBUG] STREAM b'IHDR' 16 13
2026-09-09 23:44:26,779 [DEBUG] STREAM b'eXIf' 41 180
2026-09-09 23:44:26,779 [DEBUG] STREAM b'pHYs' 233 9
2026-09-09 23:44:26,779 [DEBUG] STREAM b'iTXt' 254 1386
2026-09-09 23:44:26,779 [DEBUG] STREAM b'IDAT' 1652 8192
2026-09-09 23:44:26,779 [DEBUG] STREAM b'IHDR' 16 13
2026-09-09 23:44:26,780 [DEBUG] STREAM b'eXIf' 41 180
2026-09-09 23:44:26,780 [DEBUG] STREAM b'pHYs' 233 9
2026-09-09 23:44:26,780 [DEBUG] STREAM b'iTXt' 254 1390
2026-09-09 23:44:26,780 [DEBUG] STREAM b'IDAT' 1656 8192
2026-09-09 23:44:26,780 [DEBUG] Importing GifImagePlugin
2026-09-09 23:44:26,788 [DEBUG] STREAM b'IHDR' 16 13
2026-09-09 23:44:26,788 [DEBUG] STREAM b'eXIf' 41 180
2026-09-09 23:44:26,788 [DEBUG] STREAM b'pHYs' 233 9
2026-09-09 23:44:26,788 [DEBUG] STREAM b'iTXt' 254 1386
2026-09-09 23:44:26,788 [DEBUG] STREAM b'IDAT' 1652 8192
2026-09-09 23:44:26,789 [DEBUG] STREAM b'IHDR' 16 13
2026-09-09 23:44:26,789 [DEBUG] STREAM b'eXIf' 41 180
2026-09-09 23:44:26,789 [DEBUG] STREAM b'pHYs' 233 9
2026-09-09 23:44:26,789 [DEBUG] STREAM b'iTXt' 254 1386
2026-09-09 23:44:26,789 [DEBUG] STREAM b'IDAT' 1652 8192
2026-09-09 23:44:27,476 [INFO] ✔ Proceso Watchdog de soporte iniciado para PID 2796
-> Usando tamaño local predefinido para bato_64: 0 bytes.
-> Usando tamaño local predefinido para batocera_64: 0 bytes.
-> Usando tamaño local predefinido para bato_32: 0 bytes.
-> Usando tamaño local predefinido para batocera_32: 0 bytes.
-> Usando tamaño local predefinido para pack_bato: 0 bytes.
-> Usando tamaño local predefinido para pack_batocera: 0 bytes.
-> Usando tamaño local predefinido para pack_hollow: 0 bytes.
-> Usando tamaño local predefinido para pack_hollow: 0 bytes.
2026-09-09 23:44:27,815 [DEBUG] STREAM b'IHDR' 16 13
2026-09-09 23:44:27,815 [DEBUG] STREAM b'eXIf' 41 180
2026-09-09 23:44:27,815 [DEBUG] STREAM b'pHYs' 233 9
2026-09-09 23:44:27,815 [DEBUG] STREAM b'iTXt' 254 1377
2026-09-09 23:44:27,815 [DEBUG] STREAM b'IDAT' 1643 8192
2026-09-09 23:44:28,509 [DEBUG] Starting new HTTPS connection (1): api.github.com:443
2026-09-09 23:44:29,039 [DEBUG] https://api.github.com:443 "GET /repos/MVP-Savyn/SAVIN-HOLLOWDRIVE/releases/latest HTTP/1.1" 200 933
2026-09-09 23:45:02,197 [DEBUG] Starting new HTTPS connection (1): huggingface.co:443
2026-09-09 23:45:02,434 [DEBUG] https://huggingface.co:443 "HEAD / HTTP/1.1" 200 0
