2026-08-09 02:18:54,703 [INFO] === INICIANDO HOLLOWDRIVE V12.5 ===
2026-08-09 02:18:54,703 [INFO] Ruta base del programa: D:\Documents\vscode\SAVIN-HOLLOWDRIVE
2026-08-09 02:18:54,703 [INFO] Archivo de registro de la sesión: D:\Documents\vscode\SAVIN-HOLLOWDRIVE\logs\hollowdrive_2026-08-09_02-18-54.log
2026-08-09 02:18:54,705 [DEBUG] Starting new HTTPS connection (1): raw.githubusercontent.com:443
2026-08-09 02:18:55,059 [DEBUG] https://raw.githubusercontent.com:443 "GET /MVP-Savyn/SAVIN-HOLLOWDRIVE/main/engine/mirrors.json HTTP/1.1" 404 14
2026-08-09 02:18:55,220 [DEBUG] Importing PngImagePlugin
2026-08-09 02:18:55,229 [DEBUG] STREAM b'IHDR' 16 13
2026-08-09 02:18:55,229 [DEBUG] STREAM b'eXIf' 41 180
2026-08-09 02:18:55,229 [DEBUG] STREAM b'pHYs' 233 9
2026-08-09 02:18:55,229 [DEBUG] STREAM b'iTXt' 254 1377
2026-08-09 02:18:55,229 [DEBUG] STREAM b'IDAT' 1643 8192
2026-08-09 02:18:55,229 [DEBUG] STREAM b'IHDR' 16 13
2026-08-09 02:18:55,229 [DEBUG] STREAM b'eXIf' 41 180
2026-08-09 02:18:55,229 [DEBUG] STREAM b'pHYs' 233 9
2026-08-09 02:18:55,229 [DEBUG] STREAM b'iTXt' 254 1377
2026-08-09 02:18:55,229 [DEBUG] STREAM b'IDAT' 1643 8192
2026-08-09 02:18:55,229 [DEBUG] STREAM b'IHDR' 16 13
2026-08-09 02:18:55,229 [DEBUG] STREAM b'eXIf' 41 180
2026-08-09 02:18:55,229 [DEBUG] STREAM b'pHYs' 233 9
2026-08-09 02:18:55,229 [DEBUG] STREAM b'iTXt' 254 1379
2026-08-09 02:18:55,229 [DEBUG] STREAM b'IDAT' 1645 8192
2026-08-09 02:18:55,230 [DEBUG] STREAM b'IHDR' 16 13
2026-08-09 02:18:55,230 [DEBUG] STREAM b'eXIf' 41 180
2026-08-09 02:18:55,230 [DEBUG] STREAM b'pHYs' 233 9
2026-08-09 02:18:55,230 [DEBUG] STREAM b'iTXt' 254 1379
2026-08-09 02:18:55,230 [DEBUG] STREAM b'IDAT' 1645 8192
2026-08-09 02:18:55,230 [DEBUG] STREAM b'IHDR' 16 13
2026-08-09 02:18:55,230 [DEBUG] STREAM b'eXIf' 41 180
2026-08-09 02:18:55,230 [DEBUG] STREAM b'pHYs' 233 9
2026-08-09 02:18:55,230 [DEBUG] STREAM b'iTXt' 254 1390
2026-08-09 02:18:55,230 [DEBUG] STREAM b'IDAT' 1656 8192
2026-08-09 02:18:55,230 [DEBUG] STREAM b'IHDR' 16 13
2026-08-09 02:18:55,230 [DEBUG] STREAM b'eXIf' 41 180
2026-08-09 02:18:55,230 [DEBUG] STREAM b'pHYs' 233 9
2026-08-09 02:18:55,230 [DEBUG] STREAM b'iTXt' 254 1379
2026-08-09 02:18:55,230 [DEBUG] STREAM b'IDAT' 1645 8192
2026-08-09 02:18:55,230 [DEBUG] STREAM b'IHDR' 16 13
2026-08-09 02:18:55,231 [DEBUG] STREAM b'IDAT' 41 4096
2026-08-09 02:18:55,231 [DEBUG] STREAM b'IHDR' 16 13
2026-08-09 02:18:55,231 [DEBUG] STREAM b'eXIf' 41 180
2026-08-09 02:18:55,231 [DEBUG] STREAM b'pHYs' 233 9
2026-08-09 02:18:55,231 [DEBUG] STREAM b'iTXt' 254 1390
2026-08-09 02:18:55,231 [DEBUG] STREAM b'IDAT' 1656 8192
2026-08-09 02:18:55,231 [DEBUG] Importing GifImagePlugin
2026-08-09 02:18:55,238 [DEBUG] STREAM b'IHDR' 16 13
2026-08-09 02:18:55,238 [DEBUG] STREAM b'eXIf' 41 180
2026-08-09 02:18:55,238 [DEBUG] STREAM b'pHYs' 233 9
2026-08-09 02:18:55,238 [DEBUG] STREAM b'iTXt' 254 1386
2026-08-09 02:18:55,238 [DEBUG] STREAM b'IDAT' 1652 8192
2026-08-09 02:18:55,238 [DEBUG] STREAM b'IHDR' 16 13
2026-08-09 02:18:55,238 [DEBUG] STREAM b'eXIf' 41 180
2026-08-09 02:18:55,238 [DEBUG] STREAM b'pHYs' 233 9
2026-08-09 02:18:55,238 [DEBUG] STREAM b'iTXt' 254 1386
2026-08-09 02:18:55,238 [DEBUG] STREAM b'IDAT' 1652 8192
2026-08-09 02:18:55,587 [DEBUG] STREAM b'IDAT' 9475 6
2026-08-09 02:18:55,911 [INFO] -> Usando tamaño local predefinido para bato_64: 0 bytes.
2026-08-09 02:18:55,911 [INFO] -> Usando tamaño local predefinido para batocera_64: 0 bytes.
2026-08-09 02:18:55,911 [INFO] -> Usando tamaño local predefinido para bato_32: 0 bytes.
2026-08-09 02:18:55,912 [INFO] -> Usando tamaño local predefinido para batocera_32: 0 bytes.
2026-08-09 02:18:55,912 [INFO] -> Usando tamaño local predefinido para pack_bato: 0 bytes.
2026-08-09 02:18:55,912 [INFO] -> Usando tamaño local predefinido para pack_batocera: 0 bytes.
2026-08-09 02:18:55,912 [INFO] -> Usando tamaño local predefinido para pack_hollow: 0 bytes.
2026-08-09 02:18:55,913 [INFO] -> Usando tamaño local predefinido para pack_hollow: 0 bytes.
2026-08-09 02:18:56,918 [DEBUG] Starting new HTTPS connection (1): api.github.com:443
2026-08-09 02:18:57,389 [DEBUG] https://api.github.com:443 "GET /repos/MVP-Savyn/SAVIN-HOLLOWDRIVE/releases/latest HTTP/1.1" 404 125
2026-08-09 02:19:07,203 [INFO] =======================================================
2026-08-09 02:19:07,204 [INFO] [DIAGNÓSTICO RAM] Iniciando Stream Directo a USB: \\.\G:
2026-08-09 02:19:07,204 [INFO] =======================================================
2026-08-09 02:19:07,205 [DEBUG] Starting new HTTPS connection (1): huggingface.co:443
2026-08-09 02:19:07,559 [DEBUG] https://huggingface.co:443 "HEAD /datasets/HollowDrive/HollowDrive/resolve/main/hollowdrive_cachy_efi.img HTTP/1.1" 302 0
2026-08-09 02:19:07,560 [DEBUG] Starting new HTTPS connection (1): us.aws.cdn.hf.co:443
2026-08-09 02:19:07,946 [DEBUG] https://us.aws.cdn.hf.co:443 "HEAD /xet-bridge-us/6a5bfdc368c85db044febc71/984f0f2f2ca65fbf97fb2cc0399523ad8bbac5364c108d711bdbd60319daade5?X-Xet-Cas-Uid=6a5bfd38147a8c22c7f583b3&user_id=6a5bfd38147a8c22c7f583b3&response-content-disposition=inline%3B+filename*%3DUTF-8%27%27hollowdrive_cachy_efi.img%3B+filename%3D%22hollowdrive_cachy_efi.img%22%3B&response-content-type=application%2Foctet-stream&Expires=1786238348&Policy=eyJTdGF0ZW1lbnQiOlt7IlJlc291cmNlIjoiaHR0cHM6Ly91cy5hd3MuY2RuLmhmLmNvL3hldC1icmlkZ2UtdXMvNmE1YmZkYzM2OGM4NWRiMDQ0ZmViYzcxLzk4NGYwZjJmMmNhNjVmYmY5N2ZiMmNjMDM5OTUyM2FkOGJiYWM1MzY0YzEwOGQ3MTFiZGJkNjAzMTlkYWFkZTVcXD9YLVhldC1DYXMtVWlkPTZhNWJmZDM4MTQ3YThjMjJjN2Y1ODNiMyZ1c2VyX2lkPTZhNWJmZDM4MTQ3YThjMjJjN2Y1ODNiMyZyZXNwb25zZS1jb250ZW50LWRpc3Bvc2l0aW9uPWlubGluZSUzQitmaWxlbmFtZSUyQSUzRFVURi04JTI3JTI3aG9sbG93ZHJpdmVfY2FjaHlfZWZpLmltZyUzQitmaWxlbmFtZSUzRCUyMmhvbGxvd2RyaXZlX2NhY2h5X2VmaS5pbWclMjIlM0ImcmVzcG9uc2UtY29udGVudC10eXBlPWFwcGxpY2F0aW9uJTJGb2N0ZXQtc3RyZWFtIiwiQ29uZGl0aW9uIjp7IkRhdGVMZXNzVGhhbiI6eyJFcG9jaFRpbWUiOjE3ODYyMzgzNDh9fX1dfQ__&Signature=MEUCIDP1sDAxNgJ4x0xGrUwFFd6gGNVUgMuI907lnG-bXkmYAiEAwRMXS~ozljKmA1Q796Smzb2UfWg6bSNNAZ2W2vybeiY_&Key-Pair-Id=01KXEF4KZ1B6FV465MAWR4M21F HTTP/1.1" 200 0
2026-08-09 02:19:07,948 [INFO] [RAM -> USB] Llenando colchón inicial de precarga en RAM...
2026-08-09 02:19:07,966 [DEBUG] Starting new HTTPS connection (1): huggingface.co:443
2026-08-09 02:19:08,323 [DEBUG] https://huggingface.co:443 "GET /datasets/HollowDrive/HollowDrive/resolve/main/hollowdrive_cachy_efi.img HTTP/1.1" 302 1219
2026-08-09 02:19:08,324 [DEBUG] Starting new HTTPS connection (1): us.aws.cdn.hf.co:443
2026-08-09 02:19:08,938 [DEBUG] https://us.aws.cdn.hf.co:443 "GET /xet-bridge-us/6a5bfdc368c85db044febc71/984f0f2f2ca65fbf97fb2cc0399523ad8bbac5364c108d711bdbd60319daade5?X-Xet-Cas-Uid=6a5bfd38147a8c22c7f583b3&user_id=6a5bfd38147a8c22c7f583b3&response-content-disposition=inline%3B+filename*%3DUTF-8%27%27hollowdrive_cachy_efi.img%3B+filename%3D%22hollowdrive_cachy_efi.img%22%3B&response-content-type=application%2Foctet-stream&Expires=1786238348&Policy=eyJTdGF0ZW1lbnQiOlt7IlJlc291cmNlIjoiaHR0cHM6Ly91cy5hd3MuY2RuLmhmLmNvL3hldC1icmlkZ2UtdXMvNmE1YmZkYzM2OGM4NWRiMDQ0ZmViYzcxLzk4NGYwZjJmMmNhNjVmYmY5N2ZiMmNjMDM5OTUyM2FkOGJiYWM1MzY0YzEwOGQ3MTFiZGJkNjAzMTlkYWFkZTVcXD9YLVhldC1DYXMtVWlkPTZhNWJmZDM4MTQ3YThjMjJjN2Y1ODNiMyZ1c2VyX2lkPTZhNWJmZDM4MTQ3YThjMjJjN2Y1ODNiMyZyZXNwb25zZS1jb250ZW50LWRpc3Bvc2l0aW9uPWlubGluZSUzQitmaWxlbmFtZSUyQSUzRFVURi04JTI3JTI3aG9sbG93ZHJpdmVfY2FjaHlfZWZpLmltZyUzQitmaWxlbmFtZSUzRCUyMmhvbGxvd2RyaXZlX2NhY2h5X2VmaS5pbWclMjIlM0ImcmVzcG9uc2UtY29udGVudC10eXBlPWFwcGxpY2F0aW9uJTJGb2N0ZXQtc3RyZWFtIiwiQ29uZGl0aW9uIjp7IkRhdGVMZXNzVGhhbiI6eyJFcG9jaFRpbWUiOjE3ODYyMzgzNDh9fX1dfQ__&Signature=MEUCIDP1sDAxNgJ4x0xGrUwFFd6gGNVUgMuI907lnG-bXkmYAiEAwRMXS~ozljKmA1Q796Smzb2UfWg6bSNNAZ2W2vybeiY_&Key-Pair-Id=01KXEF4KZ1B6FV465MAWR4M21F HTTP/1.1" 200 537587712
2026-08-09 02:19:09,400 [INFO] [RED -> RAM] Descargados: 0 MB | Vel. Red: 0.3 MB/s | Cola: 1/256
2026-08-09 02:19:10,158 [INFO] [  4.9%] [RAM -> USB] 25 MB | WriteFile:     1 ms | Cola:  21/256
2026-08-09 02:19:10,383 [INFO] [RED -> RAM] Descargados: 50 MB | Vel. Red: 20.5 MB/s | Cola: 1/256
2026-08-09 02:19:10,384 [INFO] [  9.8%] [RAM -> USB] 50 MB | WriteFile:     1 ms | Cola:   0/256
2026-08-09 02:19:10,391 [INFO] [RED -> RAM] Descargados: 50 MB | Vel. Red: 20.7 MB/s | Cola: 1/256
2026-08-09 02:19:10,819 [INFO] [ 14.6%] [RAM -> USB] 75 MB | WriteFile:     1 ms | Cola:   0/256
2026-08-09 02:19:11,271 [INFO] [RED -> RAM] Descargados: 100 MB | Vel. Red: 30.1 MB/s | Cola: 1/256
2026-08-09 02:19:11,273 [INFO] [ 19.5%] [RAM -> USB] 100 MB | WriteFile:     1 ms | Cola:   0/256
2026-08-09 02:19:11,280 [INFO] [RED -> RAM] Descargados: 100 MB | Vel. Red: 30.2 MB/s | Cola: 1/256
2026-08-09 02:19:11,739 [INFO] [ 24.4%] [RAM -> USB] 125 MB | WriteFile:     1 ms | Cola:   0/256
2026-08-09 02:19:12,206 [INFO] [RED -> RAM] Descargados: 150 MB | Vel. Red: 35.2 MB/s | Cola: 1/256
2026-08-09 02:19:12,208 [INFO] [ 29.3%] [RAM -> USB] 150 MB | WriteFile:     1 ms | Cola:   0/256
2026-08-09 02:19:12,216 [INFO] [RED -> RAM] Descargados: 150 MB | Vel. Red: 35.3 MB/s | Cola: 1/256
2026-08-09 02:19:12,676 [INFO] [ 34.1%] [RAM -> USB] 175 MB | WriteFile:     1 ms | Cola:   0/256
2026-08-09 02:19:14,230 [INFO] [RED -> RAM] Descargados: 200 MB | Vel. Red: 31.8 MB/s | Cola: 1/256
2026-08-09 02:19:14,231 [INFO] [ 39.0%] [RAM -> USB] 200 MB | WriteFile:     1 ms | Cola:   0/256
2026-08-09 02:19:14,237 [INFO] [RED -> RAM] Descargados: 200 MB | Vel. Red: 31.9 MB/s | Cola: 1/256
2026-08-09 02:19:14,646 [INFO] [ 43.9%] [RAM -> USB] 225 MB | WriteFile:     1 ms | Cola:   0/256
2026-08-09 02:19:15,110 [INFO] [RED -> RAM] Descargados: 250 MB | Vel. Red: 34.9 MB/s | Cola: 1/256
2026-08-09 02:19:15,111 [INFO] [ 48.8%] [RAM -> USB] 250 MB | WriteFile:     1 ms | Cola:   0/256
2026-08-09 02:19:15,124 [INFO] [RED -> RAM] Descargados: 250 MB | Vel. Red: 34.9 MB/s | Cola: 1/256
2026-08-09 02:19:18,883 [INFO] [ 53.6%] [RAM -> USB] 275 MB | WriteFile:     5 ms | Cola:   1/256
2026-08-09 02:19:19,350 [INFO] [RED -> RAM] Descargados: 300 MB | Vel. Red: 26.3 MB/s | Cola: 1/256
2026-08-09 02:19:19,350 [INFO] [RED -> RAM] Descargados: 300 MB | Vel. Red: 26.4 MB/s | Cola: 2/256
2026-08-09 02:19:19,352 [INFO] [ 58.5%] [RAM -> USB] 300 MB | WriteFile:     1 ms | Cola:   2/256
2026-08-09 02:19:20,008 [INFO] [ 63.4%] [RAM -> USB] 325 MB | WriteFile:     1 ms | Cola:   0/256
2026-08-09 02:19:20,487 [INFO] [RED -> RAM] Descargados: 350 MB | Vel. Red: 27.9 MB/s | Cola: 2/256
2026-08-09 02:19:20,490 [INFO] [ 68.3%] [RAM -> USB] 350 MB | WriteFile:     1 ms | Cola:   0/256
2026-08-09 02:19:20,493 [INFO] [RED -> RAM] Descargados: 350 MB | Vel. Red: 27.9 MB/s | Cola: 1/256
2026-08-09 02:19:20,944 [INFO] [ 73.1%] [RAM -> USB] 375 MB | WriteFile:     1 ms | Cola:   0/256
2026-08-09 02:19:21,462 [INFO] [RED -> RAM] Descargados: 400 MB | Vel. Red: 29.6 MB/s | Cola: 1/256
2026-08-09 02:19:21,463 [INFO] [ 78.0%] [RAM -> USB] 400 MB | WriteFile:     1 ms | Cola:   0/256
2026-08-09 02:19:21,473 [INFO] [RED -> RAM] Descargados: 400 MB | Vel. Red: 29.6 MB/s | Cola: 1/256
2026-08-09 02:19:22,770 [INFO] [ 82.9%] [RAM -> USB] 425 MB | WriteFile:     1 ms | Cola:   0/256
2026-08-09 02:19:23,741 [INFO] [RED -> RAM] Descargados: 450 MB | Vel. Red: 28.5 MB/s | Cola: 1/256
2026-08-09 02:19:23,743 [INFO] [ 87.8%] [RAM -> USB] 450 MB | WriteFile:     1 ms | Cola:   0/256
2026-08-09 02:19:23,752 [INFO] [RED -> RAM] Descargados: 450 MB | Vel. Red: 28.5 MB/s | Cola: 1/256
2026-08-09 02:19:25,732 [INFO] [ 92.6%] [RAM -> USB] 475 MB | WriteFile:     1 ms | Cola:   0/256
2026-08-09 02:19:26,213 [INFO] [RED -> RAM] Descargados: 500 MB | Vel. Red: 27.4 MB/s | Cola: 2/256
2026-08-09 02:19:26,213 [INFO] [RED -> RAM] Descargados: 500 MB | Vel. Red: 27.4 MB/s | Cola: 2/256
2026-08-09 02:19:26,216 [INFO] [ 97.5%] [RAM -> USB] 500 MB | WriteFile:     1 ms | Cola:   2/256
2026-08-09 02:19:26,678 [INFO] =======================================================

2026-08-09 02:19:26,983 [INFO] =======================================================
2026-08-09 02:19:26,983 [INFO] [DIAGNÓSTICO RAM] Iniciando Stream Directo a USB: \\.\H:
2026-08-09 02:19:26,983 [INFO] =======================================================
2026-08-09 02:19:26,984 [DEBUG] Starting new HTTPS connection (1): huggingface.co:443
2026-08-09 02:19:27,341 [DEBUG] https://huggingface.co:443 "HEAD /datasets/HollowDrive/HollowDrive/resolve/main/hollowdrive_cachy_sistema.img HTTP/1.1" 302 0
2026-08-09 02:19:27,343 [DEBUG] Starting new HTTPS connection (1): us.aws.cdn.hf.co:443
2026-08-09 02:19:27,731 [DEBUG] https://us.aws.cdn.hf.co:443 "HEAD /xet-bridge-us/6a5bfdc368c85db044febc71/f61c02c110d19ebd04fc19487a37d8c60d62143e671a71a5ad2b1c2ca0e833ab?X-Xet-Cas-Uid=6a5bfd38147a8c22c7f583b3&response-content-disposition=inline%3B+filename*%3DUTF-8%27%27hollowdrive_cachy_sistema.img%3B+filename%3D%22hollowdrive_cachy_sistema.img%22%3B&response-content-type=application%2Foctet-stream&user_id=6a5bfd38147a8c22c7f583b3&Expires=1786238367&Policy=eyJTdGF0ZW1lbnQiOlt7IlJlc291cmNlIjoiaHR0cHM6Ly91cy5hd3MuY2RuLmhmLmNvL3hldC1icmlkZ2UtdXMvNmE1YmZkYzM2OGM4NWRiMDQ0ZmViYzcxL2Y2MWMwMmMxMTBkMTllYmQwNGZjMTk0ODdhMzdkOGM2MGQ2MjE0M2U2NzFhNzFhNWFkMmIxYzJjYTBlODMzYWJcXD9YLVhldC1DYXMtVWlkPTZhNWJmZDM4MTQ3YThjMjJjN2Y1ODNiMyZyZXNwb25zZS1jb250ZW50LWRpc3Bvc2l0aW9uPWlubGluZSUzQitmaWxlbmFtZSUyQSUzRFVURi04JTI3JTI3aG9sbG93ZHJpdmVfY2FjaHlfc2lzdGVtYS5pbWclM0IrZmlsZW5hbWUlM0QlMjJob2xsb3dkcml2ZV9jYWNoeV9zaXN0ZW1hLmltZyUyMiUzQiZyZXNwb25zZS1jb250ZW50LXR5cGU9YXBwbGljYXRpb24lMkZvY3RldC1zdHJlYW0mdXNlcl9pZD02YTViZmQzODE0N2E4YzIyYzdmNTgzYjMiLCJDb25kaXRpb24iOnsiRGF0ZUxlc3NUaGFuIjp7IkVwb2NoVGltZSI6MTc4NjIzODM2N319fV19&Signature=MEYCIQDV3HgLdNBRtl~CZJDdT7Xo8N48dM~ouU6XUyCQdm2UVQIhAJpvt2U9gVKHNkQlox0hIula1cgBXRaqCbz5iAMnSnnT&Key-Pair-Id=01KXEF4KZ1B6FV465MAWR4M21F HTTP/1.1" 200 0
2026-08-09 02:19:27,737 [INFO] [RAM -> USB] Llenando colchón inicial de precarga en RAM...
2026-08-09 02:19:27,738 [DEBUG] Starting new HTTPS connection (1): huggingface.co:443
2026-08-09 02:19:28,072 [DEBUG] https://huggingface.co:443 "GET /datasets/HollowDrive/HollowDrive/resolve/main/hollowdrive_cachy_sistema.img HTTP/1.1" 302 1233
2026-08-09 02:19:28,073 [DEBUG] Starting new HTTPS connection (1): us.aws.cdn.hf.co:443
2026-08-09 02:19:28,665 [DEBUG] https://us.aws.cdn.hf.co:443 "GET /xet-bridge-us/6a5bfdc368c85db044febc71/f61c02c110d19ebd04fc19487a37d8c60d62143e671a71a5ad2b1c2ca0e833ab?user_id=6a5bfd38147a8c22c7f583b3&response-content-disposition=inline%3B+filename*%3DUTF-8%27%27hollowdrive_cachy_sistema.img%3B+filename%3D%22hollowdrive_cachy_sistema.img%22%3B&X-Xet-Cas-Uid=6a5bfd38147a8c22c7f583b3&response-content-type=application%2Foctet-stream&Expires=1786238368&Policy=eyJTdGF0ZW1lbnQiOlt7IlJlc291cmNlIjoiaHR0cHM6Ly91cy5hd3MuY2RuLmhmLmNvL3hldC1icmlkZ2UtdXMvNmE1YmZkYzM2OGM4NWRiMDQ0ZmViYzcxL2Y2MWMwMmMxMTBkMTllYmQwNGZjMTk0ODdhMzdkOGM2MGQ2MjE0M2U2NzFhNzFhNWFkMmIxYzJjYTBlODMzYWJcXD91c2VyX2lkPTZhNWJmZDM4MTQ3YThjMjJjN2Y1ODNiMyZyZXNwb25zZS1jb250ZW50LWRpc3Bvc2l0aW9uPWlubGluZSUzQitmaWxlbmFtZSUyQSUzRFVURi04JTI3JTI3aG9sbG93ZHJpdmVfY2FjaHlfc2lzdGVtYS5pbWclM0IrZmlsZW5hbWUlM0QlMjJob2xsb3dkcml2ZV9jYWNoeV9zaXN0ZW1hLmltZyUyMiUzQiZYLVhldC1DYXMtVWlkPTZhNWJmZDM4MTQ3YThjMjJjN2Y1ODNiMyZyZXNwb25zZS1jb250ZW50LXR5cGU9YXBwbGljYXRpb24lMkZvY3RldC1zdHJlYW0iLCJDb25kaXRpb24iOnsiRGF0ZUxlc3NUaGFuIjp7IkVwb2NoVGltZSI6MTc4NjIzODM2OH19fV19&Signature=MEUCID385syXJsOfBL09Eau8keFJzGLlRMGcLbaHibOJA3VZAiEA9ESWa072JtVdUTxgSh17ifW-S85t3rhFBwsSvhP31wk_&Key-Pair-Id=01KXEF4KZ1B6FV465MAWR4M21F HTTP/1.1" 200 13958643712
2026-08-09 02:19:29,504 [INFO] [RED -> RAM] Descargados: 0 MB | Vel. Red: 0.3 MB/s | Cola: 1/256
2026-08-09 02:19:30,273 [INFO] [  0.2%] [RAM -> USB] 25 MB | WriteFile:     1 ms | Cola:  29/256
2026-08-09 02:19:30,443 [INFO] [RED -> RAM] Descargados: 50 MB | Vel. Red: 18.5 MB/s | Cola: 1/256
2026-08-09 02:19:30,445 [INFO] [  0.4%] [RAM -> USB] 50 MB | WriteFile:     1 ms | Cola:   0/256
2026-08-09 02:19:30,450 [INFO] [RED -> RAM] Descargados: 50 MB | Vel. Red: 18.6 MB/s | Cola: 1/256
2026-08-09 02:19:30,874 [INFO] [  0.6%] [RAM -> USB] 75 MB | WriteFile:     1 ms | Cola:   2/256
2026-08-09 02:19:31,293 [INFO] [RED -> RAM] Descargados: 100 MB | Vel. Red: 28.1 MB/s | Cola: 1/256
2026-08-09 02:19:31,294 [INFO] [RED -> RAM] Descargados: 100 MB | Vel. Red: 28.3 MB/s | Cola: 1/256
2026-08-09 02:19:31,295 [INFO] [  0.8%] [RAM -> USB] 100 MB | WriteFile:     1 ms | Cola:   2/256
2026-08-09 02:19:31,722 [INFO] [  0.9%] [RAM -> USB] 125 MB | WriteFile:     1 ms | Cola:   0/256
2026-08-09 02:19:32,140 [INFO] [RED -> RAM] Descargados: 150 MB | Vel. Red: 34.1 MB/s | Cola: 1/256
2026-08-09 02:19:32,140 [INFO] [RED -> RAM] Descargados: 150 MB | Vel. Red: 34.2 MB/s | Cola: 2/256
2026-08-09 02:19:32,142 [INFO] [  1.1%] [RAM -> USB] 150 MB | WriteFile:     1 ms | Cola:   2/256
2026-08-09 02:19:32,568 [INFO] [  1.3%] [RAM -> USB] 175 MB | WriteFile:     1 ms | Cola:   0/256
2026-08-09 02:19:33,027 [INFO] [RED -> RAM] Descargados: 200 MB | Vel. Red: 37.8 MB/s | Cola: 1/256
2026-08-09 02:19:33,029 [INFO] [  1.5%] [RAM -> USB] 200 MB | WriteFile:     1 ms | Cola:   0/256
2026-08-09 02:19:33,041 [INFO] [RED -> RAM] Descargados: 200 MB | Vel. Red: 37.8 MB/s | Cola: 1/256
2026-08-09 02:19:33,459 [INFO] [  1.7%] [RAM -> USB] 225 MB | WriteFile:     1 ms | Cola:   0/256
2026-08-09 02:19:33,905 [INFO] [RED -> RAM] Descargados: 250 MB | Vel. Red: 40.5 MB/s | Cola: 1/256
2026-08-09 02:19:33,907 [INFO] [  1.9%] [RAM -> USB] 250 MB | WriteFile:     1 ms | Cola:   0/256
2026-08-09 02:19:33,916 [INFO] [RED -> RAM] Descargados: 250 MB | Vel. Red: 40.5 MB/s | Cola: 1/256
2026-08-09 02:19:34,355 [INFO] [  2.1%] [RAM -> USB] 275 MB | WriteFile:     1 ms | Cola:   0/256
2026-08-09 02:19:34,805 [INFO] [RED -> RAM] Descargados: 300 MB | Vel. Red: 42.4 MB/s | Cola: 1/256
2026-08-09 02:19:34,807 [INFO] [  2.3%] [RAM -> USB] 300 MB | WriteFile:     2 ms | Cola:   0/256
2026-08-09 02:19:34,812 [INFO] [RED -> RAM] Descargados: 300 MB | Vel. Red: 42.5 MB/s | Cola: 1/256
2026-08-09 02:19:35,250 [INFO] [  2.4%] [RAM -> USB] 325 MB | WriteFile:     1 ms | Cola:   0/256
2026-08-09 02:19:35,663 [INFO] [RED -> RAM] Descargados: 350 MB | Vel. Red: 44.2 MB/s | Cola: 1/256
2026-08-09 02:19:35,664 [INFO] [  2.6%] [RAM -> USB] 350 MB | WriteFile:     1 ms | Cola:   0/256
2026-08-09 02:19:35,677 [INFO] [RED -> RAM] Descargados: 350 MB | Vel. Red: 44.1 MB/s | Cola: 1/256
2026-08-09 02:19:36,102 [INFO] [  2.8%] [RAM -> USB] 375 MB | WriteFile:     1 ms | Cola:   0/256
2026-08-09 02:19:36,531 [INFO] [RED -> RAM] Descargados: 400 MB | Vel. Red: 45.5 MB/s | Cola: 1/256
2026-08-09 02:19:36,533 [INFO] [  3.0%] [RAM -> USB] 400 MB | WriteFile:     1 ms | Cola:   0/256
2026-08-09 02:19:36,540 [INFO] [RED -> RAM] Descargados: 400 MB | Vel. Red: 45.5 MB/s | Cola: 1/256
2026-08-09 02:19:36,990 [INFO] [  3.2%] [RAM -> USB] 425 MB | WriteFile:     1 ms | Cola:   0/256
2026-08-09 02:19:37,444 [INFO] [RED -> RAM] Descargados: 450 MB | Vel. Red: 46.4 MB/s | Cola: 1/256
2026-08-09 02:19:37,445 [INFO] [  3.4%] [RAM -> USB] 450 MB | WriteFile:     1 ms | Cola:   0/256
2026-08-09 02:19:37,453 [INFO] [RED -> RAM] Descargados: 450 MB | Vel. Red: 46.4 MB/s | Cola: 1/256
2026-08-09 02:19:37,893 [INFO] [  3.6%] [RAM -> USB] 475 MB | WriteFile:     1 ms | Cola:   0/256
2026-08-09 02:19:38,321 [INFO] [RED -> RAM] Descargados: 500 MB | Vel. Red: 47.2 MB/s | Cola: 1/256
2026-08-09 02:19:38,322 [INFO] [  3.8%] [RAM -> USB] 500 MB | WriteFile:     1 ms | Cola:   0/256
2026-08-09 02:19:38,331 [INFO] [RED -> RAM] Descargados: 500 MB | Vel. Red: 47.2 MB/s | Cola: 1/256
2026-08-09 02:19:38,702 [INFO] [  3.9%] [RAM -> USB] 525 MB | WriteFile:     1 ms | Cola:   1/256
2026-08-09 02:19:39,109 [INFO] [RED -> RAM] Descargados: 550 MB | Vel. Red: 48.4 MB/s | Cola: 2/256
2026-08-09 02:19:39,110 [INFO] [RED -> RAM] Descargados: 550 MB | Vel. Red: 48.4 MB/s | Cola: 3/256
2026-08-09 02:19:39,113 [INFO] [  4.1%] [RAM -> USB] 550 MB | WriteFile:     1 ms | Cola:   1/256
2026-08-09 02:19:39,946 [INFO] [  4.3%] [RAM -> USB] 575 MB | WriteFile:     1 ms | Cola:   0/256
2026-08-09 02:19:40,011 [INFO] ⚡ [RED PIPELINE] Lanzando pre-conexión HTTP para byte 608174080...
2026-08-09 02:19:40,012 [DEBUG] Starting new HTTPS connection (1): huggingface.co:443
2026-08-09 02:19:40,374 [INFO] [RED -> RAM] Descargados: 600 MB | Vel. Red: 47.5 MB/s | Cola: 2/256
2026-08-09 02:19:40,378 [INFO] [  4.5%] [RAM -> USB] 600 MB | WriteFile:     1 ms | Cola:   0/256
2026-08-09 02:19:40,401 [DEBUG] https://huggingface.co:443 "GET /datasets/HollowDrive/HollowDrive/resolve/main/hollowdrive_cachy_sistema.img HTTP/1.1" 302 1307
2026-08-09 02:19:40,402 [DEBUG] Starting new HTTPS connection (1): us.aws.cdn.hf.co:443
2026-08-09 02:19:41,025 [DEBUG] https://us.aws.cdn.hf.co:443 "GET /xet-bridge-us/6a5bfdc368c85db044febc71/f61c02c110d19ebd04fc19487a37d8c60d62143e671a71a5ad2b1c2ca0e833ab?response-content-type=application%2Foctet-stream&user_id=6a5bfd38147a8c22c7f583b3&X-Xet-Cas-Uid=6a5bfd38147a8c22c7f583b3&response-content-disposition=inline%3B+filename*%3DUTF-8%27%27hollowdrive_cachy_sistema.img%3B+filename%3D%22hollowdrive_cachy_sistema.img%22%3B&Expires=1786238380&Policy=eyJTdGF0ZW1lbnQiOlt7IlJlc291cmNlIjoiaHR0cHM6Ly91cy5hd3MuY2RuLmhmLmNvL3hldC1icmlkZ2UtdXMvNmE1YmZkYzM2OGM4NWRiMDQ0ZmViYzcxL2Y2MWMwMmMxMTBkMTllYmQwNGZjMTk0ODdhMzdkOGM2MGQ2MjE0M2U2NzFhNzFhNWFkMmIxYzJjYTBlODMzYWJcXD9yZXNwb25zZS1jb250ZW50LXR5cGU9YXBwbGljYXRpb24lMkZvY3RldC1zdHJlYW0mdXNlcl9pZD02YTViZmQzODE0N2E4YzIyYzdmNTgzYjMmWC1YZXQtQ2FzLVVpZD02YTViZmQzODE0N2E4YzIyYzdmNTgzYjMmcmVzcG9uc2UtY29udGVudC1kaXNwb3NpdGlvbj1pbmxpbmUlM0IrZmlsZW5hbWUlMkElM0RVVEYtOCUyNyUyN2hvbGxvd2RyaXZlX2NhY2h5X3Npc3RlbWEuaW1nJTNCK2ZpbGVuYW1lJTNEJTIyaG9sbG93ZHJpdmVfY2FjaHlfc2lzdGVtYS5pbWclMjIlM0IiLCJDb25kaXRpb24iOnsiRGF0ZUxlc3NUaGFuIjp7IkVwb2NoVGltZSI6MTc4NjIzODM4MH0sIkJ5dGVSYW5nZSI6eyJFeHBlY3RlZEhlYWRlciI6ImJ5dGVzPTYwODE3NDA4MC0ifX19XX0_&Signature=MEQCIDwuGK5v~2XOedWklrHe41I5BW-9t0g2JULt~~u7NT9lAiADn5KEeYj6lla-OaqbO13lAPbZhxF5k89ExnTCf3sSJA__&Key-Pair-Id=01KXEF4KZ1B6FV465MAWR4M21F HTTP/1.1" 206 13350469632
2026-08-09 02:19:41,776 [INFO] [RED -> RAM] Descargados: 600 MB | Vel. Red: 42.8 MB/s | Cola: 1/256
2026-08-09 02:19:42,276 [INFO] [  4.7%] [RAM -> USB] 625 MB | WriteFile:     1 ms | Cola:   0/256
2026-08-09 02:19:42,676 [INFO] [RED -> RAM] Descargados: 650 MB | Vel. Red: 43.5 MB/s | Cola: 1/256
2026-08-09 02:19:42,677 [INFO] [  4.9%] [RAM -> USB] 650 MB | WriteFile:     1 ms | Cola:   0/256
2026-08-09 02:19:42,684 [INFO] [RED -> RAM] Descargados: 650 MB | Vel. Red: 43.5 MB/s | Cola: 1/256
2026-08-09 02:19:43,134 [INFO] [  5.1%] [RAM -> USB] 675 MB | WriteFile:     1 ms | Cola:   0/256
2026-08-09 02:19:43,538 [INFO] [RED -> RAM] Descargados: 700 MB | Vel. Red: 44.3 MB/s | Cola: 1/256
2026-08-09 02:19:43,539 [INFO] [RED -> RAM] Descargados: 700 MB | Vel. Red: 44.3 MB/s | Cola: 2/256
2026-08-09 02:19:43,540 [INFO] [  5.3%] [RAM -> USB] 700 MB | WriteFile:     1 ms | Cola:   1/256
2026-08-09 02:19:43,957 [INFO] [  5.4%] [RAM -> USB] 725 MB | WriteFile:     1 ms | Cola:   0/256
2026-08-09 02:19:44,380 [INFO] [RED -> RAM] Descargados: 750 MB | Vel. Red: 45.1 MB/s | Cola: 2/256
2026-08-09 02:19:44,383 [INFO] [  5.6%] [RAM -> USB] 750 MB | WriteFile:     1 ms | Cola:   0/256
2026-08-09 02:19:44,386 [INFO] [RED -> RAM] Descargados: 750 MB | Vel. Red: 45.1 MB/s | Cola: 1/256
2026-08-09 02:19:44,855 [INFO] [  5.8%] [RAM -> USB] 775 MB | WriteFile:     1 ms | Cola:   5/256
2026-08-09 02:19:45,266 [INFO] [RED -> RAM] Descargados: 800 MB | Vel. Red: 45.6 MB/s | Cola: 1/256
2026-08-09 02:19:45,268 [INFO] [  6.0%] [RAM -> USB] 800 MB | WriteFile:     1 ms | Cola:   0/256
2026-08-09 02:19:45,271 [INFO] [RED -> RAM] Descargados: 800 MB | Vel. Red: 45.7 MB/s | Cola: 1/256
2026-08-09 02:19:45,715 [INFO] [  6.2%] [RAM -> USB] 825 MB | WriteFile:     1 ms | Cola:   0/256
2026-08-09 02:19:46,127 [INFO] [RED -> RAM] Descargados: 850 MB | Vel. Red: 46.2 MB/s | Cola: 1/256
2026-08-09 02:19:46,129 [INFO] [  6.4%] [RAM -> USB] 850 MB | WriteFile:     1 ms | Cola:   0/256
2026-08-09 02:19:46,136 [INFO] [RED -> RAM] Descargados: 850 MB | Vel. Red: 46.2 MB/s | Cola: 1/256
2026-08-09 02:19:46,577 [INFO] [  6.6%] [RAM -> USB] 875 MB | WriteFile:     1 ms | Cola:   0/256
2026-08-09 02:19:47,023 [INFO] [RED -> RAM] Descargados: 900 MB | Vel. Red: 46.7 MB/s | Cola: 1/256
2026-08-09 02:19:47,024 [INFO] [  6.8%] [RAM -> USB] 900 MB | WriteFile:     1 ms | Cola:   0/256
2026-08-09 02:19:47,032 [INFO] [RED -> RAM] Descargados: 900 MB | Vel. Red: 46.7 MB/s | Cola: 1/256
2026-08-09 02:19:47,470 [INFO] [  6.9%] [RAM -> USB] 925 MB | WriteFile:     1 ms | Cola:   0/256
2026-08-09 02:19:47,918 [INFO] [RED -> RAM] Descargados: 950 MB | Vel. Red: 47.1 MB/s | Cola: 1/256
2026-08-09 02:19:47,920 [INFO] [  7.1%] [RAM -> USB] 950 MB | WriteFile:     1 ms | Cola:   0/256
2026-08-09 02:19:47,923 [INFO] [RED -> RAM] Descargados: 950 MB | Vel. Red: 47.1 MB/s | Cola: 1/256
2026-08-09 02:19:48,338 [INFO] [  7.3%] [RAM -> USB] 975 MB | WriteFile:     1 ms | Cola:   0/256
2026-08-09 02:19:48,725 [INFO] [RED -> RAM] Descargados: 1000 MB | Vel. Red: 47.6 MB/s | Cola: 1/256
2026-08-09 02:19:48,727 [INFO] [  7.5%] [RAM -> USB] 1000 MB | WriteFile:     1 ms | Cola:   0/256
2026-08-09 02:19:48,733 [INFO] [RED -> RAM] Descargados: 1000 MB | Vel. Red: 47.7 MB/s | Cola: 1/256
2026-08-09 02:19:49,200 [INFO] [  7.7%] [RAM -> USB] 1025 MB | WriteFile:     1 ms | Cola:   0/256
2026-08-09 02:19:49,661 [INFO] [RED -> RAM] Descargados: 1050 MB | Vel. Red: 47.9 MB/s | Cola: 1/256
2026-08-09 02:19:49,662 [INFO] [  7.9%] [RAM -> USB] 1050 MB | WriteFile:     1 ms | Cola:   0/256
2026-08-09 02:19:49,671 [INFO] [RED -> RAM] Descargados: 1050 MB | Vel. Red: 47.9 MB/s | Cola: 1/256
2026-08-09 02:19:50,124 [INFO] [  8.1%] [RAM -> USB] 1075 MB | WriteFile:     1 ms | Cola:   0/256
2026-08-09 02:19:50,575 [INFO] [RED -> RAM] Descargados: 1100 MB | Vel. Red: 48.2 MB/s | Cola: 1/256
2026-08-09 02:19:50,576 [INFO] [  8.3%] [RAM -> USB] 1100 MB | WriteFile:     1 ms | Cola:   0/256
2026-08-09 02:19:50,585 [INFO] [RED -> RAM] Descargados: 1100 MB | Vel. Red: 48.2 MB/s | Cola: 1/256
2026-08-09 02:19:51,030 [INFO] [  8.5%] [RAM -> USB] 1125 MB | WriteFile:     1 ms | Cola:   0/256
2026-08-09 02:19:51,526 [INFO] [RED -> RAM] Descargados: 1150 MB | Vel. Red: 48.3 MB/s | Cola: 4/256
2026-08-09 02:19:51,531 [INFO] [  8.6%] [RAM -> USB] 1150 MB | WriteFile:     1 ms | Cola:   0/256
2026-08-09 02:19:51,537 [INFO] [RED -> RAM] Descargados: 1150 MB | Vel. Red: 48.3 MB/s | Cola: 1/256
2026-08-09 02:19:52,197 [INFO] [  8.8%] [RAM -> USB] 1175 MB | WriteFile:     1 ms | Cola:   0/256
2026-08-09 02:19:52,295 [INFO] ⚡ [RED PIPELINE] Lanzando pre-conexión HTTP para byte 1237319680...
2026-08-09 02:19:52,296 [DEBUG] Starting new HTTPS connection (1): huggingface.co:443
2026-08-09 02:19:52,647 [DEBUG] https://huggingface.co:443 "GET /datasets/HollowDrive/HollowDrive/resolve/main/hollowdrive_cachy_sistema.img HTTP/1.1" 302 1301
2026-08-09 02:19:52,648 [DEBUG] Starting new HTTPS connection (1): us.aws.cdn.hf.co:443
2026-08-09 02:19:52,685 [INFO] [RED -> RAM] Descargados: 1200 MB | Vel. Red: 48.1 MB/s | Cola: 1/256
2026-08-09 02:19:52,687 [INFO] [  9.0%] [RAM -> USB] 1200 MB | WriteFile:     1 ms | Cola:   0/256
2026-08-09 02:19:53,277 [DEBUG] https://us.aws.cdn.hf.co:443 "GET /xet-bridge-us/6a5bfdc368c85db044febc71/f61c02c110d19ebd04fc19487a37d8c60d62143e671a71a5ad2b1c2ca0e833ab?response-content-disposition=inline%3B+filename*%3DUTF-8%27%27hollowdrive_cachy_sistema.img%3B+filename%3D%22hollowdrive_cachy_sistema.img%22%3B&response-content-type=application%2Foctet-stream&user_id=6a5bfd38147a8c22c7f583b3&X-Xet-Cas-Uid=6a5bfd38147a8c22c7f583b3&Expires=1786238393&Policy=eyJTdGF0ZW1lbnQiOlt7IlJlc291cmNlIjoiaHR0cHM6Ly91cy5hd3MuY2RuLmhmLmNvL3hldC1icmlkZ2UtdXMvNmE1YmZkYzM2OGM4NWRiMDQ0ZmViYzcxL2Y2MWMwMmMxMTBkMTllYmQwNGZjMTk0ODdhMzdkOGM2MGQ2MjE0M2U2NzFhNzFhNWFkMmIxYzJjYTBlODMzYWJcXD9yZXNwb25zZS1jb250ZW50LWRpc3Bvc2l0aW9uPWlubGluZSUzQitmaWxlbmFtZSUyQSUzRFVURi04JTI3JTI3aG9sbG93ZHJpdmVfY2FjaHlfc2lzdGVtYS5pbWclM0IrZmlsZW5hbWUlM0QlMjJob2xsb3dkcml2ZV9jYWNoeV9zaXN0ZW1hLmltZyUyMiUzQiZyZXNwb25zZS1jb250ZW50LXR5cGU9YXBwbGljYXRpb24lMkZvY3RldC1zdHJlYW0mdXNlcl9pZD02YTViZmQzODE0N2E4YzIyYzdmNTgzYjMmWC1YZXQtQ2FzLVVpZD02YTViZmQzODE0N2E4YzIyYzdmNTgzYjMiLCJDb25kaXRpb24iOnsiRGF0ZUxlc3NUaGFuIjp7IkVwb2NoVGltZSI6MTc4NjIzODM5M30sIkJ5dGVSYW5nZSI6eyJFeHBlY3RlZEhlYWRlciI6ImJ5dGVzPTEyMzczMTk2ODAtIn19fV19&Signature=MEUCIQCMdZfX-N-80opAGJm8GOmXIDO-4aWVA5tZGUqP5i4q-gIgfRdBiynxS6QeJbfXKDnk-yG2MaqmmjmLdI7KqBoj31g_&Key-Pair-Id=01KXEF4KZ1B6FV465MAWR4M21F HTTP/1.1" 206 12721324032
2026-08-09 02:19:54,035 [INFO] [RED -> RAM] Descargados: 1200 MB | Vel. Red: 45.6 MB/s | Cola: 1/256
2026-08-09 02:19:54,596 [INFO] [  9.2%] [RAM -> USB] 1225 MB | WriteFile:     1 ms | Cola:   1/256
2026-08-09 02:19:54,995 [INFO] [RED -> RAM] Descargados: 1250 MB | Vel. Red: 45.9 MB/s | Cola: 1/256
2026-08-09 02:19:54,997 [INFO] [  9.4%] [RAM -> USB] 1250 MB | WriteFile:     1 ms | Cola:   0/256
2026-08-09 02:19:55,004 [INFO] [RED -> RAM] Descargados: 1250 MB | Vel. Red: 45.9 MB/s | Cola: 1/256
2026-08-09 02:19:55,469 [INFO] [  9.6%] [RAM -> USB] 1275 MB | WriteFile:     1 ms | Cola:   0/256
2026-08-09 02:19:55,902 [INFO] [RED -> RAM] Descargados: 1300 MB | Vel. Red: 46.2 MB/s | Cola: 1/256
2026-08-09 02:19:55,903 [INFO] [  9.8%] [RAM -> USB] 1300 MB | WriteFile:     1 ms | Cola:   0/256
2026-08-09 02:19:56,002 [INFO] [RED -> RAM] Descargados: 1300 MB | Vel. Red: 46.0 MB/s | Cola: 1/256
2026-08-09 02:19:56,331 [INFO] [ 10.0%] [RAM -> USB] 1325 MB | WriteFile:     1 ms | Cola:   0/256
2026-08-09 02:19:56,762 [INFO] [RED -> RAM] Descargados: 1350 MB | Vel. Red: 46.5 MB/s | Cola: 1/256
2026-08-09 02:19:56,763 [INFO] [ 10.1%] [RAM -> USB] 1350 MB | WriteFile:     1 ms | Cola:   0/256
2026-08-09 02:19:56,769 [INFO] [RED -> RAM] Descargados: 1350 MB | Vel. Red: 46.5 MB/s | Cola: 1/256
2026-08-09 02:19:57,199 [INFO] [ 10.3%] [RAM -> USB] 1375 MB | WriteFile:     1 ms | Cola:   0/256
2026-08-09 02:19:58,914 [INFO] [RED -> RAM] Descargados: 1400 MB | Vel. Red: 44.9 MB/s | Cola: 1/256
2026-08-09 02:19:58,916 [INFO] [ 10.5%] [RAM -> USB] 1400 MB | WriteFile:     1 ms | Cola:   0/256
2026-08-09 02:19:58,921 [INFO] [RED -> RAM] Descargados: 1400 MB | Vel. Red: 44.9 MB/s | Cola: 1/256
2026-08-09 02:20:02,882 [INFO] [ 10.7%] [RAM -> USB] 1425 MB | WriteFile:     1 ms | Cola:   0/256
2026-08-09 02:20:03,874 [INFO] [RED -> RAM] Descargados: 1450 MB | Vel. Red: 40.1 MB/s | Cola: 1/256
2026-08-09 02:20:03,875 [INFO] [ 10.9%] [RAM -> USB] 1450 MB | WriteFile:     1 ms | Cola:   0/256
2026-08-09 02:20:03,880 [INFO] [RED -> RAM] Descargados: 1450 MB | Vel. Red: 40.1 MB/s | Cola: 1/256
2026-08-09 02:20:09,705 [INFO] [ 11.1%] [RAM -> USB] 1475 MB | WriteFile:     1 ms | Cola:   0/256
2026-08-09 02:20:10,406 [INFO] [RED -> RAM] Descargados: 1500 MB | Vel. Red: 35.2 MB/s | Cola: 1/256
2026-08-09 02:20:10,408 [INFO] [ 11.3%] [RAM -> USB] 1500 MB | WriteFile:     1 ms | Cola:   0/256
2026-08-09 02:20:10,419 [INFO] [RED -> RAM] Descargados: 1500 MB | Vel. Red: 35.2 MB/s | Cola: 1/256
2026-08-09 02:20:10,839 [INFO] [ 11.5%] [RAM -> USB] 1525 MB | WriteFile:     1 ms | Cola:   0/256
2026-08-09 02:20:11,305 [INFO] [RED -> RAM] Descargados: 1550 MB | Vel. Red: 35.6 MB/s | Cola: 1/256
2026-08-09 02:20:11,306 [INFO] [RED -> RAM] Descargados: 1550 MB | Vel. Red: 35.6 MB/s | Cola: 1/256
2026-08-09 02:20:11,306 [INFO] [ 11.6%] [RAM -> USB] 1550 MB | WriteFile:     1 ms | Cola:   2/256
2026-08-09 02:20:11,725 [INFO] [ 11.8%] [RAM -> USB] 1575 MB | WriteFile:     1 ms | Cola:   0/256
2026-08-09 02:20:12,188 [INFO] [RED -> RAM] Descargados: 1600 MB | Vel. Red: 36.0 MB/s | Cola: 1/256
2026-08-09 02:20:12,190 [INFO] [ 12.0%] [RAM -> USB] 1600 MB | WriteFile:     1 ms | Cola:   0/256
2026-08-09 02:20:12,195 [INFO] [RED -> RAM] Descargados: 1600 MB | Vel. Red: 36.0 MB/s | Cola: 1/256
2026-08-09 02:20:12,705 [INFO] [ 12.2%] [RAM -> USB] 1625 MB | WriteFile:     2 ms | Cola:   0/256
2026-08-09 02:20:13,187 [INFO] [RED -> RAM] Descargados: 1650 MB | Vel. Red: 36.3 MB/s | Cola: 1/256
2026-08-09 02:20:13,188 [INFO] [ 12.4%] [RAM -> USB] 1650 MB | WriteFile:     1 ms | Cola:   0/256
2026-08-09 02:20:13,198 [INFO] [RED -> RAM] Descargados: 1650 MB | Vel. Red: 36.3 MB/s | Cola: 1/256
2026-08-09 02:20:14,314 [INFO] [ 12.6%] [RAM -> USB] 1675 MB | WriteFile:     1 ms | Cola:   0/256
2026-08-09 02:20:14,868 [INFO] [RED -> RAM] Descargados: 1700 MB | Vel. Red: 36.1 MB/s | Cola: 1/256
2026-08-09 02:20:14,870 [INFO] [ 12.8%] [RAM -> USB] 1700 MB | WriteFile:     1 ms | Cola:   0/256
2026-08-09 02:20:14,882 [INFO] [RED -> RAM] Descargados: 1700 MB | Vel. Red: 36.1 MB/s | Cola: 1/256
2026-08-09 02:20:15,335 [INFO] [ 13.0%] [RAM -> USB] 1725 MB | WriteFile:     1 ms | Cola:   0/256
2026-08-09 02:20:20,599 [INFO] [RED -> RAM] Descargados: 1750 MB | Vel. Red: 33.1 MB/s | Cola: 1/256
2026-08-09 02:20:20,602 [INFO] [ 13.1%] [RAM -> USB] 1750 MB | WriteFile:     3 ms | Cola:   0/256
2026-08-09 02:20:21,028 [INFO] [RED -> RAM] Descargados: 1750 MB | Vel. Red: 32.8 MB/s | Cola: 1/256
2026-08-09 02:20:21,887 [INFO] [ 13.3%] [RAM -> USB] 1775 MB | WriteFile:     1 ms | Cola:   0/256
2026-08-09 02:20:21,929 [INFO] ⚡ [RED PIPELINE] Lanzando pre-conexión HTTP para byte 1866465280...
2026-08-09 02:20:21,930 [DEBUG] Starting new HTTPS connection (1): huggingface.co:443
2026-08-09 02:20:22,309 [DEBUG] https://huggingface.co:443 "GET /datasets/HollowDrive/HollowDrive/resolve/main/hollowdrive_cachy_sistema.img HTTP/1.1" 302 1303
2026-08-09 02:20:22,311 [DEBUG] Starting new HTTPS connection (1): us.aws.cdn.hf.co:443
2026-08-09 02:20:22,704 [INFO] [RED -> RAM] Descargados: 1800 MB | Vel. Red: 32.7 MB/s | Cola: 1/256
2026-08-09 02:20:22,705 [INFO] [ 13.5%] [RAM -> USB] 1800 MB | WriteFile:     1 ms | Cola:   0/256
2026-08-09 02:20:22,946 [DEBUG] https://us.aws.cdn.hf.co:443 "GET /xet-bridge-us/6a5bfdc368c85db044febc71/f61c02c110d19ebd04fc19487a37d8c60d62143e671a71a5ad2b1c2ca0e833ab?response-content-disposition=inline%3B+filename*%3DUTF-8%27%27hollowdrive_cachy_sistema.img%3B+filename%3D%22hollowdrive_cachy_sistema.img%22%3B&user_id=6a5bfd38147a8c22c7f583b3&X-Xet-Cas-Uid=6a5bfd38147a8c22c7f583b3&response-content-type=application%2Foctet-stream&Expires=1786238422&Policy=eyJTdGF0ZW1lbnQiOlt7IlJlc291cmNlIjoiaHR0cHM6Ly91cy5hd3MuY2RuLmhmLmNvL3hldC1icmlkZ2UtdXMvNmE1YmZkYzM2OGM4NWRiMDQ0ZmViYzcxL2Y2MWMwMmMxMTBkMTllYmQwNGZjMTk0ODdhMzdkOGM2MGQ2MjE0M2U2NzFhNzFhNWFkMmIxYzJjYTBlODMzYWJcXD9yZXNwb25zZS1jb250ZW50LWRpc3Bvc2l0aW9uPWlubGluZSUzQitmaWxlbmFtZSUyQSUzRFVURi04JTI3JTI3aG9sbG93ZHJpdmVfY2FjaHlfc2lzdGVtYS5pbWclM0IrZmlsZW5hbWUlM0QlMjJob2xsb3dkcml2ZV9jYWNoeV9zaXN0ZW1hLmltZyUyMiUzQiZ1c2VyX2lkPTZhNWJmZDM4MTQ3YThjMjJjN2Y1ODNiMyZYLVhldC1DYXMtVWlkPTZhNWJmZDM4MTQ3YThjMjJjN2Y1ODNiMyZyZXNwb25zZS1jb250ZW50LXR5cGU9YXBwbGljYXRpb24lMkZvY3RldC1zdHJlYW0iLCJDb25kaXRpb24iOnsiRGF0ZUxlc3NUaGFuIjp7IkVwb2NoVGltZSI6MTc4NjIzODQyMn0sIkJ5dGVSYW5nZSI6eyJFeHBlY3RlZEhlYWRlciI6ImJ5dGVzPTE4NjY0NjUyODAtIn19fV19&Signature=MEUCIQDVN6iPjx0fRiIFBsuya06Sppnq0ZdZpL1CidvrfLrEfwIgc6nDf5iHxNetcSkJUxHYNwGyl~OxQX69E6kCsbDnSqo_&Key-Pair-Id=01KXEF4KZ1B6FV465MAWR4M21F HTTP/1.1" 206 12092178432
2026-08-09 02:20:23,919 [INFO] [RED -> RAM] Descargados: 1800 MB | Vel. Red: 32.0 MB/s | Cola: 1/256
2026-08-09 02:20:24,526 [INFO] [ 13.7%] [RAM -> USB] 1825 MB | WriteFile:     1 ms | Cola:   2/256
2026-08-09 02:20:24,944 [INFO] [RED -> RAM] Descargados: 1850 MB | Vel. Red: 32.3 MB/s | Cola: 1/256
2026-08-09 02:20:24,946 [INFO] [ 13.9%] [RAM -> USB] 1850 MB | WriteFile:     1 ms | Cola:   0/256
2026-08-09 02:20:24,955 [INFO] [RED -> RAM] Descargados: 1850 MB | Vel. Red: 32.3 MB/s | Cola: 1/256
2026-08-09 02:20:25,411 [INFO] [ 14.1%] [RAM -> USB] 1875 MB | WriteFile:     1 ms | Cola:   0/256
2026-08-09 02:20:25,838 [INFO] [RED -> RAM] Descargados: 1900 MB | Vel. Red: 32.7 MB/s | Cola: 1/256
2026-08-09 02:20:25,840 [INFO] [ 14.3%] [RAM -> USB] 1900 MB | WriteFile:     1 ms | Cola:   0/256
2026-08-09 02:20:25,840 [INFO] [RED -> RAM] Descargados: 1900 MB | Vel. Red: 32.7 MB/s | Cola: 1/256
2026-08-09 02:20:28,399 [INFO] [ 14.5%] [RAM -> USB] 1925 MB | WriteFile:     2 ms | Cola:   0/256
2026-08-09 02:20:28,838 [INFO] [RED -> RAM] Descargados: 1950 MB | Vel. Red: 31.9 MB/s | Cola: 1/256
2026-08-09 02:20:28,840 [INFO] [ 14.6%] [RAM -> USB] 1950 MB | WriteFile:     1 ms | Cola:   0/256
2026-08-09 02:20:28,845 [INFO] [RED -> RAM] Descargados: 1950 MB | Vel. Red: 31.9 MB/s | Cola: 1/256
2026-08-09 02:20:29,216 [INFO] [ 14.8%] [RAM -> USB] 1975 MB | WriteFile:     1 ms | Cola:   0/256
2026-08-09 02:20:29,712 [INFO] [RED -> RAM] Descargados: 2000 MB | Vel. Red: 32.3 MB/s | Cola: 1/256
2026-08-09 02:20:29,712 [INFO] [RED -> RAM] Descargados: 2000 MB | Vel. Red: 32.3 MB/s | Cola: 1/256
2026-08-09 02:20:29,713 [INFO] [ 15.0%] [RAM -> USB] 2000 MB | WriteFile:     1 ms | Cola:   1/256
2026-08-09 02:20:30,137 [INFO] [ 15.2%] [RAM -> USB] 2025 MB | WriteFile:     1 ms | Cola:   0/256
2026-08-09 02:20:30,633 [INFO] [RED -> RAM] Descargados: 2050 MB | Vel. Red: 32.6 MB/s | Cola: 1/256
2026-08-09 02:20:30,634 [INFO] [ 15.4%] [RAM -> USB] 2050 MB | WriteFile:     1 ms | Cola:   0/256
2026-08-09 02:20:30,640 [INFO] [RED -> RAM] Descargados: 2050 MB | Vel. Red: 32.6 MB/s | Cola: 1/256
2026-08-09 02:20:31,020 [INFO] [ 15.6%] [RAM -> USB] 2075 MB | WriteFile:     1 ms | Cola:   0/256
2026-08-09 02:20:31,479 [INFO] [RED -> RAM] Descargados: 2100 MB | Vel. Red: 32.9 MB/s | Cola: 1/256
2026-08-09 02:20:31,481 [INFO] [ 15.8%] [RAM -> USB] 2100 MB | WriteFile:     1 ms | Cola:   0/256
2026-08-09 02:20:31,853 [INFO] [RED -> RAM] Descargados: 2100 MB | Vel. Red: 32.8 MB/s | Cola: 1/256
2026-08-09 02:20:33,220 [INFO] [ 16.0%] [RAM -> USB] 2125 MB | WriteFile:     1 ms | Cola:   0/256
2026-08-09 02:20:36,009 [INFO] [RED -> RAM] Descargados: 2150 MB | Vel. Red: 31.5 MB/s | Cola: 1/256
2026-08-09 02:20:36,010 [INFO] [ 16.2%] [RAM -> USB] 2150 MB | WriteFile:     1 ms | Cola:   0/256
2026-08-09 02:20:36,019 [INFO] [RED -> RAM] Descargados: 2150 MB | Vel. Red: 31.5 MB/s | Cola: 1/256
2026-08-09 02:20:43,007 [INFO] [ 16.3%] [RAM -> USB] 2175 MB | WriteFile:     1 ms | Cola:   0/256
2026-08-09 02:20:43,444 [INFO] [RED -> RAM] Descargados: 2200 MB | Vel. Red: 29.1 MB/s | Cola: 1/256
2026-08-09 02:20:43,445 [INFO] [ 16.5%] [RAM -> USB] 2200 MB | WriteFile:     1 ms | Cola:   0/256
2026-08-09 02:20:43,448 [INFO] [RED -> RAM] Descargados: 2200 MB | Vel. Red: 29.1 MB/s | Cola: 1/256
2026-08-09 02:20:55,853 [INFO] [ 16.7%] [RAM -> USB] 2225 MB | WriteFile:     1 ms | Cola:   0/256
2026-08-09 02:20:56,696 [INFO] [RED -> RAM] Descargados: 2250 MB | Vel. Red: 25.3 MB/s | Cola: 1/256
2026-08-09 02:20:56,698 [INFO] [ 16.9%] [RAM -> USB] 2250 MB | WriteFile:     1 ms | Cola:   0/256
2026-08-09 02:20:56,709 [INFO] [RED -> RAM] Descargados: 2250 MB | Vel. Red: 25.3 MB/s | Cola: 1/256
2026-08-09 02:20:57,101 [INFO] [ 17.1%] [RAM -> USB] 2275 MB | WriteFile:     1 ms | Cola:   0/256
2026-08-09 02:21:06,053 [INFO] [RED -> RAM] Descargados: 2300 MB | Vel. Red: 23.4 MB/s | Cola: 1/256
2026-08-09 02:21:06,054 [INFO] [RED -> RAM] Descargados: 2300 MB | Vel. Red: 23.4 MB/s | Cola: 1/256
2026-08-09 02:21:06,055 [INFO] [ 17.3%] [RAM -> USB] 2300 MB | WriteFile:     1 ms | Cola:   2/256
2026-08-09 02:21:06,572 [INFO] [ 17.5%] [RAM -> USB] 2325 MB | WriteFile:     1 ms | Cola:   0/256
2026-08-09 02:21:07,053 [INFO] [RED -> RAM] Descargados: 2350 MB | Vel. Red: 23.7 MB/s | Cola: 3/256
2026-08-09 02:21:07,057 [INFO] [ 17.7%] [RAM -> USB] 2350 MB | WriteFile:     1 ms | Cola:   0/256
2026-08-09 02:21:07,058 [INFO] [RED -> RAM] Descargados: 2350 MB | Vel. Red: 23.7 MB/s | Cola: 1/256
2026-08-09 02:21:07,487 [INFO] [ 17.8%] [RAM -> USB] 2375 MB | WriteFile:     1 ms | Cola:   0/256
2026-08-09 02:21:07,579 [INFO] ⚡ [RED PIPELINE] Lanzando pre-conexión HTTP para byte 2495610880...
2026-08-09 02:21:07,580 [DEBUG] Starting new HTTPS connection (1): huggingface.co:443
2026-08-09 02:21:07,984 [INFO] [RED -> RAM] Descargados: 2400 MB | Vel. Red: 23.9 MB/s | Cola: 1/256
2026-08-09 02:21:07,985 [INFO] [ 18.0%] [RAM -> USB] 2400 MB | WriteFile:     1 ms | Cola:   0/256
2026-08-09 02:21:07,988 [DEBUG] https://huggingface.co:443 "GET /datasets/HollowDrive/HollowDrive/resolve/main/hollowdrive_cachy_sistema.img HTTP/1.1" 302 1305
2026-08-09 02:21:07,989 [DEBUG] Starting new HTTPS connection (1): us.aws.cdn.hf.co:443
2026-08-09 02:21:09,615 [DEBUG] https://us.aws.cdn.hf.co:443 "GET /xet-bridge-us/6a5bfdc368c85db044febc71/f61c02c110d19ebd04fc19487a37d8c60d62143e671a71a5ad2b1c2ca0e833ab?response-content-type=application%2Foctet-stream&X-Xet-Cas-Uid=6a5bfd38147a8c22c7f583b3&response-content-disposition=inline%3B+filename*%3DUTF-8%27%27hollowdrive_cachy_sistema.img%3B+filename%3D%22hollowdrive_cachy_sistema.img%22%3B&user_id=6a5bfd38147a8c22c7f583b3&Expires=1786238468&Policy=eyJTdGF0ZW1lbnQiOlt7IlJlc291cmNlIjoiaHR0cHM6Ly91cy5hd3MuY2RuLmhmLmNvL3hldC1icmlkZ2UtdXMvNmE1YmZkYzM2OGM4NWRiMDQ0ZmViYzcxL2Y2MWMwMmMxMTBkMTllYmQwNGZjMTk0ODdhMzdkOGM2MGQ2MjE0M2U2NzFhNzFhNWFkMmIxYzJjYTBlODMzYWJcXD9yZXNwb25zZS1jb250ZW50LXR5cGU9YXBwbGljYXRpb24lMkZvY3RldC1zdHJlYW0mWC1YZXQtQ2FzLVVpZD02YTViZmQzODE0N2E4YzIyYzdmNTgzYjMmcmVzcG9uc2UtY29udGVudC1kaXNwb3NpdGlvbj1pbmxpbmUlM0IrZmlsZW5hbWUlMkElM0RVVEYtOCUyNyUyN2hvbGxvd2RyaXZlX2NhY2h5X3Npc3RlbWEuaW1nJTNCK2ZpbGVuYW1lJTNEJTIyaG9sbG93ZHJpdmVfY2FjaHlfc2lzdGVtYS5pbWclMjIlM0ImdXNlcl9pZD02YTViZmQzODE0N2E4YzIyYzdmNTgzYjMiLCJDb25kaXRpb24iOnsiRGF0ZUxlc3NUaGFuIjp7IkVwb2NoVGltZSI6MTc4NjIzODQ2OH0sIkJ5dGVSYW5nZSI6eyJFeHBlY3RlZEhlYWRlciI6ImJ5dGVzPTI0OTU2MTA4ODAtIn19fV19&Signature=MEQCIE0~7-lMi9OC9PZoNaStevHObT1fA7ayreuj86c1tLKtAiBBzSCPkNsCJhPPBYbqkENPUciLyByYUn3a0hsXvz~HwQ__&Key-Pair-Id=01KXEF4KZ1B6FV465MAWR4M21F HTTP/1.1" 206 11463032832
2026-08-09 02:21:10,458 [INFO] [RED -> RAM] Descargados: 2400 MB | Vel. Red: 23.4 MB/s | Cola: 1/256
2026-08-09 02:21:10,983 [INFO] [ 18.2%] [RAM -> USB] 2425 MB | WriteFile:     1 ms | Cola:   0/256
2026-08-09 02:21:11,425 [INFO] [RED -> RAM] Descargados: 2450 MB | Vel. Red: 23.6 MB/s | Cola: 1/256
2026-08-09 02:21:11,426 [INFO] [ 18.4%] [RAM -> USB] 2450 MB | WriteFile:     1 ms | Cola:   0/256
2026-08-09 02:21:11,433 [INFO] [RED -> RAM] Descargados: 2450 MB | Vel. Red: 23.6 MB/s | Cola: 1/256
2026-08-09 02:21:11,811 [INFO] [ 18.6%] [RAM -> USB] 2475 MB | WriteFile:     1 ms | Cola:   0/256
2026-08-09 02:21:12,276 [INFO] [RED -> RAM] Descargados: 2500 MB | Vel. Red: 23.9 MB/s | Cola: 1/256
2026-08-09 02:21:12,277 [INFO] [ 18.8%] [RAM -> USB] 2500 MB | WriteFile:     1 ms | Cola:   0/256
2026-08-09 02:21:12,283 [INFO] [RED -> RAM] Descargados: 2500 MB | Vel. Red: 23.9 MB/s | Cola: 1/256
2026-08-09 02:21:16,647 [INFO] [ 19.0%] [RAM -> USB] 2525 MB | WriteFile:     1 ms | Cola:   0/256
2026-08-09 02:21:17,111 [INFO] [RED -> RAM] Descargados: 2550 MB | Vel. Red: 23.3 MB/s | Cola: 1/256
2026-08-09 02:21:17,113 [INFO] [ 19.2%] [RAM -> USB] 2550 MB | WriteFile:     1 ms | Cola:   0/256
2026-08-09 02:21:17,121 [INFO] [RED -> RAM] Descargados: 2550 MB | Vel. Red: 23.3 MB/s | Cola: 1/256
2026-08-09 02:21:17,592 [INFO] [ 19.3%] [RAM -> USB] 2575 MB | WriteFile:     1 ms | Cola:   0/256
2026-08-09 02:21:18,067 [INFO] [RED -> RAM] Descargados: 2600 MB | Vel. Red: 23.6 MB/s | Cola: 1/256
2026-08-09 02:21:18,068 [INFO] [ 19.5%] [RAM -> USB] 2600 MB | WriteFile:     1 ms | Cola:   0/256
2026-08-09 02:21:18,078 [INFO] [RED -> RAM] Descargados: 2600 MB | Vel. Red: 23.6 MB/s | Cola: 1/256
2026-08-09 02:21:18,545 [INFO] [ 19.7%] [RAM -> USB] 2625 MB | WriteFile:     1 ms | Cola:   0/256
2026-08-09 02:21:18,969 [INFO] [RED -> RAM] Descargados: 2650 MB | Vel. Red: 23.8 MB/s | Cola: 1/256
2026-08-09 02:21:18,971 [INFO] [ 19.9%] [RAM -> USB] 2650 MB | WriteFile:     1 ms | Cola:   0/256
2026-08-09 02:21:18,977 [INFO] [RED -> RAM] Descargados: 2650 MB | Vel. Red: 23.8 MB/s | Cola: 1/256
2026-08-09 02:21:19,430 [INFO] [ 20.1%] [RAM -> USB] 2675 MB | WriteFile:     1 ms | Cola:   0/256
2026-08-09 02:21:21,365 [INFO] [RED -> RAM] Descargados: 2700 MB | Vel. Red: 23.8 MB/s | Cola: 1/256
2026-08-09 02:21:21,368 [INFO] [ 20.3%] [RAM -> USB] 2700 MB | WriteFile:     1 ms | Cola:   0/256
2026-08-09 02:21:21,383 [INFO] [RED -> RAM] Descargados: 2700 MB | Vel. Red: 23.8 MB/s | Cola: 1/256
2026-08-09 02:21:21,963 [INFO] [ 20.5%] [RAM -> USB] 2725 MB | WriteFile:     1 ms | Cola:   0/256
2026-08-09 02:21:22,494 [INFO] [RED -> RAM] Descargados: 2750 MB | Vel. Red: 24.0 MB/s | Cola: 5/256
2026-08-09 02:21:22,495 [INFO] [RED -> RAM] Descargados: 2750 MB | Vel. Red: 24.0 MB/s | Cola: 5/256
2026-08-09 02:21:22,504 [INFO] [ 20.7%] [RAM -> USB] 2750 MB | WriteFile:     1 ms | Cola:   8/256
2026-08-09 02:21:22,891 [INFO] [ 20.8%] [RAM -> USB] 2775 MB | WriteFile:     1 ms | Cola:   0/256
2026-08-09 02:21:23,360 [INFO] [RED -> RAM] Descargados: 2800 MB | Vel. Red: 24.2 MB/s | Cola: 1/256
2026-08-09 02:21:23,362 [INFO] [ 21.0%] [RAM -> USB] 2800 MB | WriteFile:     1 ms | Cola:   0/256
2026-08-09 02:21:23,368 [INFO] [RED -> RAM] Descargados: 2800 MB | Vel. Red: 24.2 MB/s | Cola: 1/256
2026-08-09 02:21:23,828 [INFO] [ 21.2%] [RAM -> USB] 2825 MB | WriteFile:     1 ms | Cola:   0/256
2026-08-09 02:21:24,291 [INFO] [RED -> RAM] Descargados: 2850 MB | Vel. Red: 24.5 MB/s | Cola: 1/256
2026-08-09 02:21:24,292 [INFO] [ 21.4%] [RAM -> USB] 2850 MB | WriteFile:     1 ms | Cola:   0/256
2026-08-09 02:21:24,297 [INFO] [RED -> RAM] Descargados: 2850 MB | Vel. Red: 24.5 MB/s | Cola: 1/256
2026-08-09 02:21:24,737 [INFO] [ 21.6%] [RAM -> USB] 2875 MB | WriteFile:     1 ms | Cola:   0/256
2026-08-09 02:21:25,109 [INFO] [RED -> RAM] Descargados: 2900 MB | Vel. Red: 24.7 MB/s | Cola: 1/256
2026-08-09 02:21:25,110 [INFO] [ 21.8%] [RAM -> USB] 2900 MB | WriteFile:     1 ms | Cola:   0/256
2026-08-09 02:21:25,163 [INFO] [RED -> RAM] Descargados: 2900 MB | Vel. Red: 24.7 MB/s | Cola: 1/256
2026-08-09 02:21:25,562 [INFO] [ 22.0%] [RAM -> USB] 2925 MB | WriteFile:     1 ms | Cola:   2/256
2026-08-09 02:21:26,041 [INFO] [RED -> RAM] Descargados: 2950 MB | Vel. Red: 24.9 MB/s | Cola: 1/256
2026-08-09 02:21:26,043 [INFO] [ 22.2%] [RAM -> USB] 2950 MB | WriteFile:     1 ms | Cola:   0/256
2026-08-09 02:21:26,056 [INFO] [RED -> RAM] Descargados: 2950 MB | Vel. Red: 24.9 MB/s | Cola: 1/256
2026-08-09 02:21:26,495 [INFO] [ 22.3%] [RAM -> USB] 2975 MB | WriteFile:     1 ms | Cola:   0/256
2026-08-09 02:21:26,590 [INFO] ⚡ [RED PIPELINE] Lanzando pre-conexión HTTP para byte 3124756480...
2026-08-09 02:21:26,592 [DEBUG] Starting new HTTPS connection (1): huggingface.co:443
2026-08-09 02:21:26,970 [INFO] [RED -> RAM] Descargados: 3000 MB | Vel. Red: 25.2 MB/s | Cola: 1/256
2026-08-09 02:21:26,972 [DEBUG] https://huggingface.co:443 "GET /datasets/HollowDrive/HollowDrive/resolve/main/hollowdrive_cachy_sistema.img HTTP/1.1" 302 1303
2026-08-09 02:21:26,972 [INFO] [ 22.5%] [RAM -> USB] 3000 MB | WriteFile:     1 ms | Cola:   0/256
2026-08-09 02:21:26,973 [DEBUG] Starting new HTTPS connection (1): us.aws.cdn.hf.co:443
2026-08-09 02:21:27,631 [DEBUG] https://us.aws.cdn.hf.co:443 "GET /xet-bridge-us/6a5bfdc368c85db044febc71/f61c02c110d19ebd04fc19487a37d8c60d62143e671a71a5ad2b1c2ca0e833ab?response-content-disposition=inline%3B+filename*%3DUTF-8%27%27hollowdrive_cachy_sistema.img%3B+filename%3D%22hollowdrive_cachy_sistema.img%22%3B&response-content-type=application%2Foctet-stream&user_id=6a5bfd38147a8c22c7f583b3&X-Xet-Cas-Uid=6a5bfd38147a8c22c7f583b3&Expires=1786238487&Policy=eyJTdGF0ZW1lbnQiOlt7IlJlc291cmNlIjoiaHR0cHM6Ly91cy5hd3MuY2RuLmhmLmNvL3hldC1icmlkZ2UtdXMvNmE1YmZkYzM2OGM4NWRiMDQ0ZmViYzcxL2Y2MWMwMmMxMTBkMTllYmQwNGZjMTk0ODdhMzdkOGM2MGQ2MjE0M2U2NzFhNzFhNWFkMmIxYzJjYTBlODMzYWJcXD9yZXNwb25zZS1jb250ZW50LWRpc3Bvc2l0aW9uPWlubGluZSUzQitmaWxlbmFtZSUyQSUzRFVURi04JTI3JTI3aG9sbG93ZHJpdmVfY2FjaHlfc2lzdGVtYS5pbWclM0IrZmlsZW5hbWUlM0QlMjJob2xsb3dkcml2ZV9jYWNoeV9zaXN0ZW1hLmltZyUyMiUzQiZyZXNwb25zZS1jb250ZW50LXR5cGU9YXBwbGljYXRpb24lMkZvY3RldC1zdHJlYW0mdXNlcl9pZD02YTViZmQzODE0N2E4YzIyYzdmNTgzYjMmWC1YZXQtQ2FzLVVpZD02YTViZmQzODE0N2E4YzIyYzdmNTgzYjMiLCJDb25kaXRpb24iOnsiRGF0ZUxlc3NUaGFuIjp7IkVwb2NoVGltZSI6MTc4NjIzODQ4N30sIkJ5dGVSYW5nZSI6eyJFeHBlY3RlZEhlYWRlciI6ImJ5dGVzPTMxMjQ3NTY0ODAtIn19fV19&Signature=MEYCIQDqVW3GD0mk48PAc6HQJEYdC~p7S-RsGhujFlQ4eF2cmAIhAMlv8isgSUrYpS9PIGkPUXk9Opmdecli9kTytPpzDWNn&Key-Pair-Id=01KXEF4KZ1B6FV465MAWR4M21F HTTP/1.1" 206 10833887232
2026-08-09 02:21:28,356 [INFO] [RED -> RAM] Descargados: 3000 MB | Vel. Red: 24.9 MB/s | Cola: 1/256
2026-08-09 02:21:28,901 [INFO] [ 22.7%] [RAM -> USB] 3025 MB | WriteFile:     1 ms | Cola:   0/256
2026-08-09 02:21:29,305 [INFO] [RED -> RAM] Descargados: 3050 MB | Vel. Red: 25.1 MB/s | Cola: 1/256
2026-08-09 02:21:29,307 [INFO] [ 22.9%] [RAM -> USB] 3050 MB | WriteFile:     1 ms | Cola:   0/256
2026-08-09 02:21:29,307 [INFO] [RED -> RAM] Descargados: 3050 MB | Vel. Red: 25.1 MB/s | Cola: 1/256
2026-08-09 02:21:29,710 [INFO] [ 23.1%] [RAM -> USB] 3075 MB | WriteFile:     1 ms | Cola:   0/256
2026-08-09 02:21:30,140 [INFO] [RED -> RAM] Descargados: 3100 MB | Vel. Red: 25.3 MB/s | Cola: 1/256
2026-08-09 02:21:30,142 [INFO] [ 23.3%] [RAM -> USB] 3100 MB | WriteFile:     1 ms | Cola:   0/256
2026-08-09 02:21:30,146 [INFO] [RED -> RAM] Descargados: 3100 MB | Vel. Red: 25.3 MB/s | Cola: 1/256
2026-08-09 02:21:30,568 [INFO] [ 23.5%] [RAM -> USB] 3125 MB | WriteFile:     1 ms | Cola:   0/256
2026-08-09 02:21:30,998 [INFO] [RED -> RAM] Descargados: 3150 MB | Vel. Red: 25.6 MB/s | Cola: 1/256
2026-08-09 02:21:30,999 [INFO] [ 23.7%] [RAM -> USB] 3150 MB | WriteFile:     1 ms | Cola:   0/256
2026-08-09 02:21:31,006 [INFO] [RED -> RAM] Descargados: 3150 MB | Vel. Red: 25.6 MB/s | Cola: 1/256
2026-08-09 02:21:31,408 [INFO] [ 23.9%] [RAM -> USB] 3175 MB | WriteFile:     1 ms | Cola:   0/256
2026-08-09 02:21:31,843 [INFO] [RED -> RAM] Descargados: 3200 MB | Vel. Red: 25.8 MB/s | Cola: 1/256
2026-08-09 02:21:31,845 [INFO] [ 24.0%] [RAM -> USB] 3200 MB | WriteFile:     1 ms | Cola:   0/256
2026-08-09 02:21:31,845 [INFO] [RED -> RAM] Descargados: 3200 MB | Vel. Red: 25.8 MB/s | Cola: 1/256
2026-08-09 02:21:32,305 [INFO] [ 24.2%] [RAM -> USB] 3225 MB | WriteFile:     1 ms | Cola:   4/256
2026-08-09 02:21:32,708 [INFO] [RED -> RAM] Descargados: 3250 MB | Vel. Red: 26.0 MB/s | Cola: 1/256
2026-08-09 02:21:32,709 [INFO] [ 24.4%] [RAM -> USB] 3250 MB | WriteFile:     1 ms | Cola:   0/256
2026-08-09 02:21:32,716 [INFO] [RED -> RAM] Descargados: 3250 MB | Vel. Red: 26.0 MB/s | Cola: 1/256
2026-08-09 02:21:33,165 [INFO] [ 24.6%] [RAM -> USB] 3275 MB | WriteFile:     1 ms | Cola:   0/256
2026-08-09 02:21:33,620 [INFO] [RED -> RAM] Descargados: 3300 MB | Vel. Red: 26.2 MB/s | Cola: 1/256
2026-08-09 02:21:33,622 [INFO] [ 24.8%] [RAM -> USB] 3300 MB | WriteFile:     1 ms | Cola:   0/256
2026-08-09 02:21:33,628 [INFO] [RED -> RAM] Descargados: 3300 MB | Vel. Red: 26.2 MB/s | Cola: 1/256
2026-08-09 02:21:34,752 [INFO] [ 25.0%] [RAM -> USB] 3325 MB | WriteFile:     1 ms | Cola:   0/256
2026-08-09 02:21:35,505 [INFO] [RED -> RAM] Descargados: 3350 MB | Vel. Red: 26.2 MB/s | Cola: 1/256
2026-08-09 02:21:35,506 [INFO] [ 25.2%] [RAM -> USB] 3350 MB | WriteFile:     1 ms | Cola:   0/256
2026-08-09 02:21:35,512 [INFO] [RED -> RAM] Descargados: 3350 MB | Vel. Red: 26.2 MB/s | Cola: 1/256
2026-08-09 02:21:36,313 [INFO] [ 25.4%] [RAM -> USB] 3375 MB | WriteFile:     1 ms | Cola:   0/256
2026-08-09 02:21:36,729 [INFO] [RED -> RAM] Descargados: 3400 MB | Vel. Red: 26.4 MB/s | Cola: 1/256
2026-08-09 02:21:36,730 [INFO] [RED -> RAM] Descargados: 3400 MB | Vel. Red: 26.4 MB/s | Cola: 1/256
2026-08-09 02:21:36,731 [INFO] [ 25.5%] [RAM -> USB] 3400 MB | WriteFile:     1 ms | Cola:   1/256
2026-08-09 02:21:37,778 [INFO] [ 25.7%] [RAM -> USB] 3425 MB | WriteFile:     1 ms | Cola:   0/256
2026-08-09 02:21:38,843 [INFO] [RED -> RAM] Descargados: 3450 MB | Vel. Red: 26.3 MB/s | Cola: 1/256
2026-08-09 02:21:38,844 [INFO] [ 25.9%] [RAM -> USB] 3450 MB | WriteFile:     1 ms | Cola:   0/256
2026-08-09 02:21:38,847 [INFO] [RED -> RAM] Descargados: 3450 MB | Vel. Red: 26.3 MB/s | Cola: 1/256
2026-08-09 02:21:39,258 [INFO] [ 26.1%] [RAM -> USB] 3475 MB | WriteFile:     1 ms | Cola:   1/256
2026-08-09 02:21:39,678 [INFO] [RED -> RAM] Descargados: 3500 MB | Vel. Red: 26.5 MB/s | Cola: 1/256
2026-08-09 02:21:39,680 [INFO] [ 26.3%] [RAM -> USB] 3500 MB | WriteFile:     1 ms | Cola:   0/256
2026-08-09 02:21:39,682 [INFO] [RED -> RAM] Descargados: 3500 MB | Vel. Red: 26.5 MB/s | Cola: 1/256
2026-08-09 02:21:40,075 [INFO] [ 26.5%] [RAM -> USB] 3525 MB | WriteFile:     1 ms | Cola:   1/256
2026-08-09 02:21:40,540 [INFO] [RED -> RAM] Descargados: 3550 MB | Vel. Red: 26.7 MB/s | Cola: 1/256
2026-08-09 02:21:40,540 [INFO] [RED -> RAM] Descargados: 3550 MB | Vel. Red: 26.7 MB/s | Cola: 1/256
2026-08-09 02:21:40,541 [INFO] [ 26.7%] [RAM -> USB] 3550 MB | WriteFile:     1 ms | Cola:   3/256
2026-08-09 02:21:40,917 [INFO] [ 26.9%] [RAM -> USB] 3575 MB | WriteFile:     1 ms | Cola:   0/256
2026-08-09 02:21:41,002 [INFO] ⚡ [RED PIPELINE] Lanzando pre-conexión HTTP para byte 3753902080...
2026-08-09 02:21:41,003 [DEBUG] Starting new HTTPS connection (1): huggingface.co:443
2026-08-09 02:21:41,348 [DEBUG] https://huggingface.co:443 "GET /datasets/HollowDrive/HollowDrive/resolve/main/hollowdrive_cachy_sistema.img HTTP/1.1" 302 1305
2026-08-09 02:21:41,349 [DEBUG] Starting new HTTPS connection (1): us.aws.cdn.hf.co:443
2026-08-09 02:21:41,350 [INFO] [RED -> RAM] Descargados: 3600 MB | Vel. Red: 26.9 MB/s | Cola: 1/256
2026-08-09 02:21:41,351 [INFO] [ 27.0%] [RAM -> USB] 3600 MB | WriteFile:     1 ms | Cola:   0/256
2026-08-09 02:21:42,951 [DEBUG] https://us.aws.cdn.hf.co:443 "GET /xet-bridge-us/6a5bfdc368c85db044febc71/f61c02c110d19ebd04fc19487a37d8c60d62143e671a71a5ad2b1c2ca0e833ab?response-content-type=application%2Foctet-stream&response-content-disposition=inline%3B+filename*%3DUTF-8%27%27hollowdrive_cachy_sistema.img%3B+filename%3D%22hollowdrive_cachy_sistema.img%22%3B&user_id=6a5bfd38147a8c22c7f583b3&X-Xet-Cas-Uid=6a5bfd38147a8c22c7f583b3&Expires=1786238501&Policy=eyJTdGF0ZW1lbnQiOlt7IlJlc291cmNlIjoiaHR0cHM6Ly91cy5hd3MuY2RuLmhmLmNvL3hldC1icmlkZ2UtdXMvNmE1YmZkYzM2OGM4NWRiMDQ0ZmViYzcxL2Y2MWMwMmMxMTBkMTllYmQwNGZjMTk0ODdhMzdkOGM2MGQ2MjE0M2U2NzFhNzFhNWFkMmIxYzJjYTBlODMzYWJcXD9yZXNwb25zZS1jb250ZW50LXR5cGU9YXBwbGljYXRpb24lMkZvY3RldC1zdHJlYW0mcmVzcG9uc2UtY29udGVudC1kaXNwb3NpdGlvbj1pbmxpbmUlM0IrZmlsZW5hbWUlMkElM0RVVEYtOCUyNyUyN2hvbGxvd2RyaXZlX2NhY2h5X3Npc3RlbWEuaW1nJTNCK2ZpbGVuYW1lJTNEJTIyaG9sbG93ZHJpdmVfY2FjaHlfc2lzdGVtYS5pbWclMjIlM0ImdXNlcl9pZD02YTViZmQzODE0N2E4YzIyYzdmNTgzYjMmWC1YZXQtQ2FzLVVpZD02YTViZmQzODE0N2E4YzIyYzdmNTgzYjMiLCJDb25kaXRpb24iOnsiRGF0ZUxlc3NUaGFuIjp7IkVwb2NoVGltZSI6MTc4NjIzODUwMX0sIkJ5dGVSYW5nZSI6eyJFeHBlY3RlZEhlYWRlciI6ImJ5dGVzPTM3NTM5MDIwODAtIn19fV19&Signature=MEYCIQDEqMwp8PuFsCMM7mIH1XWDicUm1wdJh7DFnplzlQmFHQIhAI8wgURtZ~~4S5Ny5e4ZkqTaBnsZ9ZXPSkQDCsyPWzXw&Key-Pair-Id=01KXEF4KZ1B6FV465MAWR4M21F HTTP/1.1" 206 10204741632
2026-08-09 02:21:43,749 [INFO] [RED -> RAM] Descargados: 3600 MB | Vel. Red: 26.5 MB/s | Cola: 1/256
2026-08-09 02:21:44,267 [INFO] [ 27.2%] [RAM -> USB] 3625 MB | WriteFile:     1 ms | Cola:   0/256
2026-08-09 02:21:44,696 [INFO] [RED -> RAM] Descargados: 3650 MB | Vel. Red: 26.7 MB/s | Cola: 1/256
2026-08-09 02:21:44,698 [INFO] [ 27.4%] [RAM -> USB] 3650 MB | WriteFile:     1 ms | Cola:   0/256
2026-08-09 02:21:44,700 [INFO] [RED -> RAM] Descargados: 3650 MB | Vel. Red: 26.7 MB/s | Cola: 1/256
2026-08-09 02:21:45,122 [INFO] [ 27.6%] [RAM -> USB] 3675 MB | WriteFile:     1 ms | Cola:   0/256
2026-08-09 02:21:55,786 [INFO] [RED -> RAM] Descargados: 3700 MB | Vel. Red: 25.0 MB/s | Cola: 1/256
2026-08-09 02:21:55,787 [INFO] [ 27.8%] [RAM -> USB] 3700 MB | WriteFile:     1 ms | Cola:   0/256
2026-08-09 02:21:55,804 [INFO] [RED -> RAM] Descargados: 3700 MB | Vel. Red: 25.0 MB/s | Cola: 1/256
2026-08-09 02:21:58,310 [INFO] [ 28.0%] [RAM -> USB] 3725 MB | WriteFile:     1 ms | Cola:   0/256
2026-08-09 02:22:01,378 [INFO] [RED -> RAM] Descargados: 3750 MB | Vel. Red: 24.4 MB/s | Cola: 1/256
2026-08-09 02:22:01,379 [INFO] [ 28.2%] [RAM -> USB] 3750 MB | WriteFile:     1 ms | Cola:   0/256
2026-08-09 02:22:01,899 [INFO] [RED -> RAM] Descargados: 3750 MB | Vel. Red: 24.3 MB/s | Cola: 1/256
2026-08-09 02:22:14,602 [INFO] [ 28.4%] [RAM -> USB] 3775 MB | WriteFile:     1 ms | Cola:   9/256
2026-08-09 02:22:14,963 [INFO] [RED -> RAM] Descargados: 3800 MB | Vel. Red: 22.7 MB/s | Cola: 25/256
2026-08-09 02:22:14,963 [INFO] [RED -> RAM] Descargados: 3800 MB | Vel. Red: 22.7 MB/s | Cola: 26/256
2026-08-09 02:22:15,361 [INFO] [ 28.5%] [RAM -> USB] 3800 MB | WriteFile:     1 ms | Cola:  17/256
2026-08-09 02:22:19,408 [INFO] =======================================================

