2026-09-11 22:58:37,151 [INFO] === INICIANDO HOLLOWDRIVE V12.5 ===
2026-09-11 22:58:37,151 [INFO] Ruta base del programa: D:\Documents\vscode\SAVIN-HOLLOWDRIVE
2026-09-11 22:58:37,151 [INFO] Archivo de registro de la sesión: D:\Documents\vscode\SAVIN-HOLLOWDRIVE\logs\hollowdrive_2026-09-11_22-58-36.log
2026-09-11 22:58:37,153 [DEBUG] Starting new HTTPS connection (1): raw.githubusercontent.com:443
2026-09-11 22:58:37,391 [DEBUG] https://raw.githubusercontent.com:443 "GET /MVP-Savyn/SAVIN-HOLLOWDRIVE/main/engine/mirrors.json HTTP/1.1" 200 577
2026-09-11 22:58:37,391 [INFO] [MIRRORS] mirrors.json actualizado dinámicamente desde GitHub.
2026-09-11 22:58:37,546 [DEBUG] Importing PngImagePlugin
2026-09-11 22:58:37,560 [DEBUG] STREAM b'IHDR' 16 13
2026-09-11 22:58:37,560 [DEBUG] STREAM b'eXIf' 41 180
2026-09-11 22:58:37,560 [DEBUG] STREAM b'pHYs' 233 9
2026-09-11 22:58:37,560 [DEBUG] STREAM b'iTXt' 254 1377
2026-09-11 22:58:37,561 [DEBUG] STREAM b'IDAT' 1643 8192
2026-09-11 22:58:37,561 [DEBUG] STREAM b'IHDR' 16 13
2026-09-11 22:58:37,561 [DEBUG] STREAM b'eXIf' 41 180
2026-09-11 22:58:37,561 [DEBUG] STREAM b'pHYs' 233 9
2026-09-11 22:58:37,561 [DEBUG] STREAM b'iTXt' 254 1377
2026-09-11 22:58:37,561 [DEBUG] STREAM b'IDAT' 1643 8192
2026-09-11 22:58:37,562 [DEBUG] STREAM b'IHDR' 16 13
2026-09-11 22:58:37,562 [DEBUG] STREAM b'eXIf' 41 180
2026-09-11 22:58:37,562 [DEBUG] STREAM b'pHYs' 233 9
2026-09-11 22:58:37,562 [DEBUG] STREAM b'iTXt' 254 1379
2026-09-11 22:58:37,562 [DEBUG] STREAM b'IDAT' 1645 8192
2026-09-11 22:58:37,562 [DEBUG] STREAM b'IHDR' 16 13
2026-09-11 22:58:37,563 [DEBUG] STREAM b'eXIf' 41 180
2026-09-11 22:58:37,563 [DEBUG] STREAM b'pHYs' 233 9
2026-09-11 22:58:37,563 [DEBUG] STREAM b'iTXt' 254 1379
2026-09-11 22:58:37,563 [DEBUG] STREAM b'IDAT' 1645 8192
2026-09-11 22:58:37,563 [DEBUG] STREAM b'IHDR' 16 13
2026-09-11 22:58:37,563 [DEBUG] STREAM b'eXIf' 41 180
2026-09-11 22:58:37,563 [DEBUG] STREAM b'pHYs' 233 9
2026-09-11 22:58:37,564 [DEBUG] STREAM b'iTXt' 254 1390
2026-09-11 22:58:37,564 [DEBUG] STREAM b'IDAT' 1656 8192
2026-09-11 22:58:37,564 [DEBUG] STREAM b'IHDR' 16 13
2026-09-11 22:58:37,564 [DEBUG] STREAM b'eXIf' 41 180
2026-09-11 22:58:37,564 [DEBUG] STREAM b'pHYs' 233 9
2026-09-11 22:58:37,564 [DEBUG] STREAM b'iTXt' 254 1379
2026-09-11 22:58:37,564 [DEBUG] STREAM b'IDAT' 1645 8192
2026-09-11 22:58:37,565 [DEBUG] STREAM b'IHDR' 16 13
2026-09-11 22:58:37,565 [DEBUG] STREAM b'eXIf' 41 180
2026-09-11 22:58:37,565 [DEBUG] STREAM b'pHYs' 233 9
2026-09-11 22:58:37,565 [DEBUG] STREAM b'iTXt' 254 1386
2026-09-11 22:58:37,565 [DEBUG] STREAM b'IDAT' 1652 8192
2026-09-11 22:58:37,565 [DEBUG] STREAM b'IHDR' 16 13
2026-09-11 22:58:37,566 [DEBUG] STREAM b'eXIf' 41 180
2026-09-11 22:58:37,566 [DEBUG] STREAM b'pHYs' 233 9
2026-09-11 22:58:37,566 [DEBUG] STREAM b'iTXt' 254 1390
2026-09-11 22:58:37,566 [DEBUG] STREAM b'IDAT' 1656 8192
2026-09-11 22:58:37,566 [DEBUG] Importing GifImagePlugin
2026-09-11 22:58:37,575 [DEBUG] STREAM b'IHDR' 16 13
2026-09-11 22:58:37,575 [DEBUG] STREAM b'eXIf' 41 180
2026-09-11 22:58:37,575 [DEBUG] STREAM b'pHYs' 233 9
2026-09-11 22:58:37,575 [DEBUG] STREAM b'iTXt' 254 1386
2026-09-11 22:58:37,575 [DEBUG] STREAM b'IDAT' 1652 8192
2026-09-11 22:58:37,576 [DEBUG] STREAM b'IHDR' 16 13
2026-09-11 22:58:37,576 [DEBUG] STREAM b'eXIf' 41 180
2026-09-11 22:58:37,576 [DEBUG] STREAM b'pHYs' 233 9
2026-09-11 22:58:37,576 [DEBUG] STREAM b'iTXt' 254 1386
2026-09-11 22:58:37,576 [DEBUG] STREAM b'IDAT' 1652 8192
2026-09-11 22:58:38,399 [INFO] ✔ Proceso Watchdog de soporte iniciado para PID 28372
-> Usando tamaño local predefinido para bato_64: 0 bytes.
-> Usando tamaño local predefinido para batocera_64: 0 bytes.
-> Usando tamaño local predefinido para bato_32: 0 bytes.
-> Usando tamaño local predefinido para batocera_32: 0 bytes.
-> Usando tamaño local predefinido para pack_hollow: 0 bytes.
-> Usando tamaño local predefinido para pack_hollow: 0 bytes.
2026-09-11 22:58:38,736 [DEBUG] STREAM b'IHDR' 16 13
2026-09-11 22:58:38,736 [DEBUG] STREAM b'eXIf' 41 180
2026-09-11 22:58:38,736 [DEBUG] STREAM b'pHYs' 233 9
2026-09-11 22:58:38,736 [DEBUG] STREAM b'iTXt' 254 1377
2026-09-11 22:58:38,737 [DEBUG] STREAM b'IDAT' 1643 8192
2026-09-11 22:58:39,429 [DEBUG] Starting new HTTPS connection (1): api.github.com:443
2026-09-11 22:58:39,927 [DEBUG] https://api.github.com:443 "GET /repos/MVP-Savyn/SAVIN-HOLLOWDRIVE/releases/latest HTTP/1.1" 200 976
