2026-09-02 19:28:45,985 [INFO] === INICIANDO HOLLOWDRIVE V12.5 ===
2026-09-02 19:28:45,985 [INFO] Ruta base del programa: D:\Documents\vscode\SAVIN-HOLLOWDRIVE
2026-09-02 19:28:45,985 [INFO] Archivo de registro de la sesión: D:\Documents\vscode\SAVIN-HOLLOWDRIVE\logs\hollowdrive_2026-09-02_19-28-45.log
2026-09-02 19:28:45,987 [DEBUG] Starting new HTTPS connection (1): raw.githubusercontent.com:443
2026-09-02 19:28:46,403 [DEBUG] https://raw.githubusercontent.com:443 "GET /MVP-Savyn/SAVIN-HOLLOWDRIVE/main/engine/mirrors.json HTTP/1.1" 404 14
2026-09-02 19:28:46,522 [DEBUG] Importing PngImagePlugin
2026-09-02 19:28:46,533 [DEBUG] STREAM b'IHDR' 16 13
2026-09-02 19:28:46,533 [DEBUG] STREAM b'eXIf' 41 180
2026-09-02 19:28:46,533 [DEBUG] STREAM b'pHYs' 233 9
2026-09-02 19:28:46,533 [DEBUG] STREAM b'iTXt' 254 1377
2026-09-02 19:28:46,533 [DEBUG] STREAM b'IDAT' 1643 8192
2026-09-02 19:28:46,533 [DEBUG] STREAM b'IHDR' 16 13
2026-09-02 19:28:46,533 [DEBUG] STREAM b'eXIf' 41 180
2026-09-02 19:28:46,533 [DEBUG] STREAM b'pHYs' 233 9
2026-09-02 19:28:46,533 [DEBUG] STREAM b'iTXt' 254 1377
2026-09-02 19:28:46,533 [DEBUG] STREAM b'IDAT' 1643 8192
2026-09-02 19:28:46,533 [DEBUG] STREAM b'IHDR' 16 13
2026-09-02 19:28:46,534 [DEBUG] STREAM b'eXIf' 41 180
2026-09-02 19:28:46,534 [DEBUG] STREAM b'pHYs' 233 9
2026-09-02 19:28:46,534 [DEBUG] STREAM b'iTXt' 254 1379
2026-09-02 19:28:46,534 [DEBUG] STREAM b'IDAT' 1645 8192
2026-09-02 19:28:46,534 [DEBUG] STREAM b'IHDR' 16 13
2026-09-02 19:28:46,534 [DEBUG] STREAM b'eXIf' 41 180
2026-09-02 19:28:46,534 [DEBUG] STREAM b'pHYs' 233 9
2026-09-02 19:28:46,534 [DEBUG] STREAM b'iTXt' 254 1379
2026-09-02 19:28:46,534 [DEBUG] STREAM b'IDAT' 1645 8192
2026-09-02 19:28:46,534 [DEBUG] STREAM b'IHDR' 16 13
2026-09-02 19:28:46,534 [DEBUG] STREAM b'eXIf' 41 180
2026-09-02 19:28:46,534 [DEBUG] STREAM b'pHYs' 233 9
2026-09-02 19:28:46,534 [DEBUG] STREAM b'iTXt' 254 1390
2026-09-02 19:28:46,534 [DEBUG] STREAM b'IDAT' 1656 8192
2026-09-02 19:28:46,534 [DEBUG] STREAM b'IHDR' 16 13
2026-09-02 19:28:46,534 [DEBUG] STREAM b'eXIf' 41 180
2026-09-02 19:28:46,534 [DEBUG] STREAM b'pHYs' 233 9
2026-09-02 19:28:46,534 [DEBUG] STREAM b'iTXt' 254 1379
2026-09-02 19:28:46,534 [DEBUG] STREAM b'IDAT' 1645 8192
2026-09-02 19:28:46,535 [DEBUG] STREAM b'IHDR' 16 13
2026-09-02 19:28:46,535 [DEBUG] STREAM b'IDAT' 41 4096
2026-09-02 19:28:46,535 [DEBUG] STREAM b'IHDR' 16 13
2026-09-02 19:28:46,535 [DEBUG] STREAM b'eXIf' 41 180
2026-09-02 19:28:46,535 [DEBUG] STREAM b'pHYs' 233 9
2026-09-02 19:28:46,535 [DEBUG] STREAM b'iTXt' 254 1390
2026-09-02 19:28:46,535 [DEBUG] STREAM b'IDAT' 1656 8192
2026-09-02 19:28:46,535 [DEBUG] Importing GifImagePlugin
2026-09-02 19:28:46,544 [DEBUG] STREAM b'IHDR' 16 13
2026-09-02 19:28:46,544 [DEBUG] STREAM b'eXIf' 41 180
2026-09-02 19:28:46,544 [DEBUG] STREAM b'pHYs' 233 9
2026-09-02 19:28:46,544 [DEBUG] STREAM b'iTXt' 254 1386
2026-09-02 19:28:46,544 [DEBUG] STREAM b'IDAT' 1652 8192
2026-09-02 19:28:46,544 [DEBUG] STREAM b'IHDR' 16 13
2026-09-02 19:28:46,544 [DEBUG] STREAM b'eXIf' 41 180
2026-09-02 19:28:46,544 [DEBUG] STREAM b'pHYs' 233 9
2026-09-02 19:28:46,544 [DEBUG] STREAM b'iTXt' 254 1386
2026-09-02 19:28:46,544 [DEBUG] STREAM b'IDAT' 1652 8192
2026-09-02 19:28:46,908 [DEBUG] STREAM b'IDAT' 9475 6
2026-09-02 19:28:47,247 [INFO] -> Usando tamaño local predefinido para bato_64: 0 bytes.
2026-09-02 19:28:47,248 [INFO] -> Usando tamaño local predefinido para batocera_64: 0 bytes.
2026-09-02 19:28:47,248 [INFO] -> Usando tamaño local predefinido para bato_32: 0 bytes.
2026-09-02 19:28:47,248 [INFO] -> Usando tamaño local predefinido para batocera_32: 0 bytes.
2026-09-02 19:28:47,249 [INFO] -> Usando tamaño local predefinido para pack_bato: 0 bytes.
2026-09-02 19:28:47,249 [INFO] -> Usando tamaño local predefinido para pack_batocera: 0 bytes.
2026-09-02 19:28:47,249 [INFO] -> Usando tamaño local predefinido para pack_hollow: 0 bytes.
2026-09-02 19:28:47,250 [INFO] -> Usando tamaño local predefinido para pack_hollow: 0 bytes.
2026-09-02 19:28:48,258 [DEBUG] Starting new HTTPS connection (1): api.github.com:443
2026-09-02 19:28:49,753 [DEBUG] https://api.github.com:443 "GET /repos/MVP-Savyn/SAVIN-HOLLOWDRIVE/releases/latest HTTP/1.1" 404 125
2026-09-02 19:29:02,738 [DEBUG] Starting new HTTPS connection (1): huggingface.co:443
2026-09-02 19:29:03,021 [DEBUG] https://huggingface.co:443 "HEAD / HTTP/1.1" 200 0
2026-09-02 19:29:29,538 [INFO] Exclusión de Windows Defender añadida para: F:\
2026-09-02 19:29:29,549 [INFO] 🔗 Extrayendo al vuelo parte 1/5
2026-09-02 19:29:29,553 [DEBUG] Starting new HTTPS connection (1): pub-34a76bb6c5cb47ffb32336cdd176511b.r2.dev:443
2026-09-02 19:29:30,316 [DEBUG] https://pub-34a76bb6c5cb47ffb32336cdd176511b.r2.dev:443 "HEAD /batocera.tar.001 HTTP/1.1" 200 0
2026-09-02 19:29:30,318 [DEBUG] Starting new HTTPS connection (1): pub-34a76bb6c5cb47ffb32336cdd176511b.r2.dev:443
2026-09-02 19:29:31,163 [DEBUG] https://pub-34a76bb6c5cb47ffb32336cdd176511b.r2.dev:443 "GET /batocera.tar.001 HTTP/1.1" 200 9663676416
2026-09-02 19:34:32,263 [INFO] ✔ Parte descargada con éxito (9216.0 MB). Pasando a la siguiente...
2026-09-02 19:34:32,264 [INFO] 🔗 Extrayendo al vuelo parte 2/5
2026-09-02 19:34:32,265 [DEBUG] Starting new HTTPS connection (1): pub-d7ed6e3136e44d369b09e85feb23e5e8.r2.dev:443
2026-09-02 19:34:32,881 [DEBUG] https://pub-d7ed6e3136e44d369b09e85feb23e5e8.r2.dev:443 "HEAD /batocera.tar.002 HTTP/1.1" 200 0
2026-09-02 19:34:32,884 [DEBUG] Starting new HTTPS connection (1): pub-d7ed6e3136e44d369b09e85feb23e5e8.r2.dev:443
2026-09-02 19:34:33,694 [DEBUG] https://pub-d7ed6e3136e44d369b09e85feb23e5e8.r2.dev:443 "GET /batocera.tar.002 HTTP/1.1" 200 9663676416
2026-09-02 19:40:13,206 [INFO] ✔ Parte descargada con éxito (9216.0 MB). Pasando a la siguiente...
2026-09-02 19:40:13,207 [INFO] 🔗 Extrayendo al vuelo parte 3/5
2026-09-02 19:40:13,208 [DEBUG] Starting new HTTPS connection (1): pub-4a8617c5c71e48ddb6ced5120a3d1dd8.r2.dev:443
2026-09-02 19:40:14,819 [DEBUG] https://pub-4a8617c5c71e48ddb6ced5120a3d1dd8.r2.dev:443 "HEAD /batocera.tar.003 HTTP/1.1" 200 0
2026-09-02 19:40:14,821 [DEBUG] Starting new HTTPS connection (1): pub-4a8617c5c71e48ddb6ced5120a3d1dd8.r2.dev:443
2026-09-02 19:40:15,714 [DEBUG] https://pub-4a8617c5c71e48ddb6ced5120a3d1dd8.r2.dev:443 "GET /batocera.tar.003 HTTP/1.1" 200 9663676416
2026-09-02 19:45:51,053 [INFO] ✔ Parte descargada con éxito (9216.0 MB). Pasando a la siguiente...
2026-09-02 19:45:51,054 [INFO] 🔗 Extrayendo al vuelo parte 4/5
2026-09-02 19:45:51,055 [DEBUG] Starting new HTTPS connection (1): pub-99b334f4eaad4ba8a894214f74e8a5ed.r2.dev:443
2026-09-02 19:45:51,747 [DEBUG] https://pub-99b334f4eaad4ba8a894214f74e8a5ed.r2.dev:443 "HEAD /batocera.tar.004 HTTP/1.1" 200 0
2026-09-02 19:45:51,749 [DEBUG] Starting new HTTPS connection (1): pub-99b334f4eaad4ba8a894214f74e8a5ed.r2.dev:443
2026-09-02 19:45:52,517 [DEBUG] https://pub-99b334f4eaad4ba8a894214f74e8a5ed.r2.dev:443 "GET /batocera.tar.004 HTTP/1.1" 200 9663676416
2026-09-02 19:51:31,218 [INFO] ✔ Parte descargada con éxito (9216.0 MB). Pasando a la siguiente...
2026-09-02 19:51:31,219 [INFO] 🔗 Extrayendo al vuelo parte 5/5
2026-09-02 19:51:31,220 [DEBUG] Starting new HTTPS connection (1): pub-28f8711a6e664f949664125aca117fb9.r2.dev:443
2026-09-02 19:51:31,981 [DEBUG] https://pub-28f8711a6e664f949664125aca117fb9.r2.dev:443 "HEAD /batocera.tar.005 HTTP/1.1" 200 0
2026-09-02 19:51:31,983 [DEBUG] Starting new HTTPS connection (1): pub-28f8711a6e664f949664125aca117fb9.r2.dev:443
2026-09-02 19:51:32,401 [DEBUG] https://pub-28f8711a6e664f949664125aca117fb9.r2.dev:443 "GET /batocera.tar.005 HTTP/1.1" 200 1932745216
2026-09-02 19:52:34,819 [INFO] ✔ Parte descargada con éxito (1843.2 MB). Pasando a la siguiente...
2026-09-02 19:52:34,892 [DEBUG] Starting new HTTPS connection (1): pub-b872cd561e404a9599c943c6705afe9e.r2.dev:443
2026-09-02 19:52:35,776 [DEBUG] https://pub-b872cd561e404a9599c943c6705afe9e.r2.dev:443 "HEAD /HollowdrivePackV1.tar HTTP/1.1" 200 0
2026-09-02 19:52:35,779 [DEBUG] Starting new HTTPS connection (1): pub-b872cd561e404a9599c943c6705afe9e.r2.dev:443
2026-09-02 19:52:36,590 [DEBUG] https://pub-b872cd561e404a9599c943c6705afe9e.r2.dev:443 "GET /HollowdrivePackV1.tar HTTP/1.1" 200 8661701120
2026-09-02 19:58:08,410 [WARNING] ⚠️ [RED] Pausa de red detectada (HTTPSConnectionPool(host='pub-b872cd561e404a9599c943c6705afe9e.r2.dev', port=443): Read timed out.). Reintentando 1/8 en 2s...
2026-09-02 19:58:10,412 [INFO] 🔄 [RED] Reanudando descarga desde byte 8053063680 (7680.0 MB)...
2026-09-02 19:58:10,413 [DEBUG] Starting new HTTPS connection (1): pub-b872cd561e404a9599c943c6705afe9e.r2.dev:443
2026-09-02 19:58:11,025 [DEBUG] https://pub-b872cd561e404a9599c943c6705afe9e.r2.dev:443 "GET /HollowdrivePackV1.tar HTTP/1.1" 206 608637440
2026-09-02 19:58:27,410 [INFO] ✔ Parte descargada con éxito (8260.4 MB). Pasando a la siguiente...
2026-09-02 19:58:27,416 [DEBUG] Starting new HTTPS connection (1): pub-988eebcee5e94631a55af8a89d12129d.r2.dev:443
2026-09-02 19:58:28,144 [DEBUG] https://pub-988eebcee5e94631a55af8a89d12129d.r2.dev:443 "HEAD /batocerumen.img HTTP/1.1" 200 0
2026-09-02 19:58:28,148 [DEBUG] Starting new HTTPS connection (1): pub-988eebcee5e94631a55af8a89d12129d.r2.dev:443
2026-09-02 19:58:28,921 [DEBUG] https://pub-988eebcee5e94631a55af8a89d12129d.r2.dev:443 "GET /batocerumen.img HTTP/1.1" 200 4949278720
2026-09-02 20:01:41,297 [INFO] ✔ Parte descargada con éxito (4720.0 MB). Pasando a la siguiente...
2026-09-02 20:01:50,721 [INFO] [+] Letra asignada dinámicamente para GRUB: G:
2026-09-02 20:01:51,910 [ERROR] CRASH FATAL: name 'prog_grub' is not defined
Traceback (most recent call last):
  File "D:\Documents\vscode\SAVIN-HOLLOWDRIVE\Savin_GUI.py", line 3352, in proceso_instalacion_background
    progress_callback=prog_grub, abort_check=lambda: self.abortar_proceso,
                      ^^^^^^^^^
NameError: name 'prog_grub' is not defined. Did you mean: 'progreso_grub'?
2026-09-02 20:01:51,957 [DEBUG] Starting new HTTPS connection (1): discord.com:443
2026-09-02 20:01:52,546 [DEBUG] https://discord.com:443 "POST /api/webhooks/1528755076339073034/M33425jD90QwjII-hH8r7TXh3DdV0hY9qTiEsj47QPvowKxgOuuSc8pFceIqgu0zay6T HTTP/1.1" 200 None
2026-09-02 20:06:24,494 [INFO] [+] Letra asignada dinámicamente para GRUB: G:
2026-09-02 20:06:33,667 [INFO] [+] Letra asignada dinámicamente para CachyOS: H:
2026-09-02 20:06:35,311 [INFO] =======================================================
2026-09-02 20:06:35,311 [INFO] [DIAGNÓSTICO RAM] Iniciando Stream Directo a USB: \\.\G:
2026-09-02 20:06:35,311 [INFO] =======================================================
2026-09-02 20:06:35,312 [DEBUG] Starting new HTTPS connection (1): huggingface.co:443
2026-09-02 20:06:35,738 [DEBUG] https://huggingface.co:443 "HEAD /datasets/HollowDrive/HollowDrive/resolve/main/hollowdrive_cachy_efi.img HTTP/1.1" 302 0
2026-09-02 20:06:35,739 [DEBUG] Starting new HTTPS connection (1): us.aws.cdn.hf.co:443
2026-09-02 20:06:36,169 [DEBUG] https://us.aws.cdn.hf.co:443 "HEAD /xet-bridge-us/6a5bfdc368c85db044febc71/984f0f2f2ca65fbf97fb2cc0399523ad8bbac5364c108d711bdbd60319daade5?response-content-type=application%2Foctet-stream&X-Xet-Cas-Uid=6a5bfd38147a8c22c7f583b3&response-content-disposition=inline%3B+filename*%3DUTF-8%27%27hollowdrive_cachy_efi.img%3B+filename%3D%22hollowdrive_cachy_efi.img%22%3B&user_id=6a5bfd38147a8c22c7f583b3&Expires=1788375996&Policy=eyJTdGF0ZW1lbnQiOlt7IlJlc291cmNlIjoiaHR0cHM6Ly91cy5hd3MuY2RuLmhmLmNvL3hldC1icmlkZ2UtdXMvNmE1YmZkYzM2OGM4NWRiMDQ0ZmViYzcxLzk4NGYwZjJmMmNhNjVmYmY5N2ZiMmNjMDM5OTUyM2FkOGJiYWM1MzY0YzEwOGQ3MTFiZGJkNjAzMTlkYWFkZTVcXD9yZXNwb25zZS1jb250ZW50LXR5cGU9YXBwbGljYXRpb24lMkZvY3RldC1zdHJlYW0mWC1YZXQtQ2FzLVVpZD02YTViZmQzODE0N2E4YzIyYzdmNTgzYjMmcmVzcG9uc2UtY29udGVudC1kaXNwb3NpdGlvbj1pbmxpbmUlM0IrZmlsZW5hbWUlMkElM0RVVEYtOCUyNyUyN2hvbGxvd2RyaXZlX2NhY2h5X2VmaS5pbWclM0IrZmlsZW5hbWUlM0QlMjJob2xsb3dkcml2ZV9jYWNoeV9lZmkuaW1nJTIyJTNCJnVzZXJfaWQ9NmE1YmZkMzgxNDdhOGMyMmM3ZjU4M2IzIiwiQ29uZGl0aW9uIjp7IkRhdGVMZXNzVGhhbiI6eyJFcG9jaFRpbWUiOjE3ODgzNzU5OTZ9fX1dfQ__&Signature=MEYCIQCaHXyNe8RjU9dFiR3UqgfOBZluZu01UkGmF48MRCCoEAIhAJoIZQCmrq6DczXJNAiIpeIexVUQL~zw-YiL6woXHVb2&Key-Pair-Id=01KXEF4KZ1B6FV465MAWR4M21F HTTP/1.1" 200 0
2026-09-02 20:06:36,173 [INFO] [RAM -> USB] Llenando colchón inicial de precarga en RAM...
2026-09-02 20:06:36,174 [DEBUG] Starting new HTTPS connection (1): huggingface.co:443
2026-09-02 20:06:36,516 [DEBUG] https://huggingface.co:443 "GET /datasets/HollowDrive/HollowDrive/resolve/main/hollowdrive_cachy_efi.img HTTP/1.1" 302 1219
2026-09-02 20:06:36,517 [DEBUG] Starting new HTTPS connection (1): us.aws.cdn.hf.co:443
2026-09-02 20:06:37,169 [DEBUG] https://us.aws.cdn.hf.co:443 "GET /xet-bridge-us/6a5bfdc368c85db044febc71/984f0f2f2ca65fbf97fb2cc0399523ad8bbac5364c108d711bdbd60319daade5?response-content-type=application%2Foctet-stream&response-content-disposition=inline%3B+filename*%3DUTF-8%27%27hollowdrive_cachy_efi.img%3B+filename%3D%22hollowdrive_cachy_efi.img%22%3B&X-Xet-Cas-Uid=6a5bfd38147a8c22c7f583b3&user_id=6a5bfd38147a8c22c7f583b3&Expires=1788375997&Policy=eyJTdGF0ZW1lbnQiOlt7IlJlc291cmNlIjoiaHR0cHM6Ly91cy5hd3MuY2RuLmhmLmNvL3hldC1icmlkZ2UtdXMvNmE1YmZkYzM2OGM4NWRiMDQ0ZmViYzcxLzk4NGYwZjJmMmNhNjVmYmY5N2ZiMmNjMDM5OTUyM2FkOGJiYWM1MzY0YzEwOGQ3MTFiZGJkNjAzMTlkYWFkZTVcXD9yZXNwb25zZS1jb250ZW50LXR5cGU9YXBwbGljYXRpb24lMkZvY3RldC1zdHJlYW0mcmVzcG9uc2UtY29udGVudC1kaXNwb3NpdGlvbj1pbmxpbmUlM0IrZmlsZW5hbWUlMkElM0RVVEYtOCUyNyUyN2hvbGxvd2RyaXZlX2NhY2h5X2VmaS5pbWclM0IrZmlsZW5hbWUlM0QlMjJob2xsb3dkcml2ZV9jYWNoeV9lZmkuaW1nJTIyJTNCJlgtWGV0LUNhcy1VaWQ9NmE1YmZkMzgxNDdhOGMyMmM3ZjU4M2IzJnVzZXJfaWQ9NmE1YmZkMzgxNDdhOGMyMmM3ZjU4M2IzIiwiQ29uZGl0aW9uIjp7IkRhdGVMZXNzVGhhbiI6eyJFcG9jaFRpbWUiOjE3ODgzNzU5OTd9fX1dfQ__&Signature=MEYCIQCpdsmv1xoWqWZF5ubTPmATvZsUlq12lhtdvx-m-59mjAIhAKbJ8I7MAyBcRxwWUz-D30kP3ND5uVfCPLH~fYfslALc&Key-Pair-Id=01KXEF4KZ1B6FV465MAWR4M21F HTTP/1.1" 200 537587712
2026-09-02 20:06:38,541 [INFO] [RED -> RAM] Descargados: 0 MB | Vel. Red: 0.2 MB/s | Cola: 1/256
2026-09-02 20:06:43,736 [INFO] [  4.9%] [RAM -> USB] 25 MB | WriteFile:     1 ms | Cola:  18/256
2026-09-02 20:06:44,101 [INFO] [RED -> RAM] Descargados: 50 MB | Vel. Red: 6.3 MB/s | Cola: 1/256
2026-09-02 20:06:44,102 [INFO] [  9.8%] [RAM -> USB] 50 MB | WriteFile:     1 ms | Cola:   0/256
2026-09-02 20:06:44,106 [INFO] [RED -> RAM] Descargados: 50 MB | Vel. Red: 6.4 MB/s | Cola: 1/256
2026-09-02 20:06:45,087 [INFO] [ 14.6%] [RAM -> USB] 75 MB | WriteFile:     1 ms | Cola:   0/256
2026-09-02 20:06:45,802 [INFO] [RED -> RAM] Descargados: 100 MB | Vel. Red: 10.4 MB/s | Cola: 1/256
2026-09-02 20:06:45,803 [INFO] [ 19.5%] [RAM -> USB] 100 MB | WriteFile:     1 ms | Cola:   0/256
2026-09-02 20:06:45,839 [INFO] [RED -> RAM] Descargados: 100 MB | Vel. Red: 10.4 MB/s | Cola: 1/256
2026-09-02 20:06:46,732 [INFO] [ 24.4%] [RAM -> USB] 125 MB | WriteFile:     1 ms | Cola:   0/256
2026-09-02 20:06:48,930 [INFO] [RED -> RAM] Descargados: 150 MB | Vel. Red: 11.8 MB/s | Cola: 1/256
2026-09-02 20:06:48,931 [INFO] [ 29.3%] [RAM -> USB] 150 MB | WriteFile:     1 ms | Cola:   0/256
2026-09-02 20:06:50,209 [INFO] [RED -> RAM] Descargados: 150 MB | Vel. Red: 10.7 MB/s | Cola: 1/256
2026-09-02 20:06:50,868 [INFO] [ 34.1%] [RAM -> USB] 175 MB | WriteFile:     1 ms | Cola:   0/256
2026-09-02 20:06:57,862 [WARNING] [ 34.6%] [RAM -> USB] 178 MB | Parón de Red: esperó 6.94s | Cola:   0/256
2026-09-02 20:07:02,729 [WARNING] [ 35.1%] [RAM -> USB] 180 MB | Parón de Red: esperó 4.81s | Cola:   0/256
2026-09-02 20:07:06,098 [WARNING] [ 35.2%] [RAM -> USB] 180 MB | Parón de Red: esperó 3.37s | Cola:   0/256
2026-09-02 20:07:10,216 [WARNING] [ 35.3%] [RAM -> USB] 181 MB | Parón de Red: esperó 4.12s | Cola:   0/256
2026-09-02 20:07:14,077 [WARNING] [ 35.7%] [RAM -> USB] 183 MB | Parón de Red: esperó 3.34s | Cola:   0/256
2026-09-02 20:07:15,604 [INFO] [RED -> RAM] Descargados: 200 MB | Vel. Red: 5.1 MB/s | Cola: 1/256
2026-09-02 20:07:15,606 [INFO] [ 39.0%] [RAM -> USB] 200 MB | WriteFile:     1 ms | Cola:   0/256
2026-09-02 20:07:15,623 [INFO] [RED -> RAM] Descargados: 200 MB | Vel. Red: 5.1 MB/s | Cola: 1/256
2026-09-02 20:07:16,373 [INFO] [ 43.9%] [RAM -> USB] 225 MB | WriteFile:     1 ms | Cola:   0/256
2026-09-02 20:07:16,848 [INFO] [RED -> RAM] Descargados: 250 MB | Vel. Red: 6.1 MB/s | Cola: 1/256
2026-09-02 20:07:16,850 [INFO] [ 48.8%] [RAM -> USB] 250 MB | WriteFile:     1 ms | Cola:   0/256
2026-09-02 20:07:16,854 [INFO] [RED -> RAM] Descargados: 250 MB | Vel. Red: 6.2 MB/s | Cola: 1/256
2026-09-02 20:07:21,192 [WARNING] [ 49.2%] [RAM -> USB] 252 MB | Parón de Red: esperó 4.32s | Cola:   0/256
2026-09-02 20:07:26,098 [WARNING] [ 49.5%] [RAM -> USB] 254 MB | Parón de Red: esperó 4.85s | Cola:   0/256
2026-09-02 20:07:30,166 [WARNING] [ 50.0%] [RAM -> USB] 256 MB | Parón de Red: esperó 3.99s | Cola:   0/256
2026-09-02 20:07:31,167 [INFO] [ 53.6%] [RAM -> USB] 275 MB | WriteFile:     1 ms | Cola:   0/256
2026-09-02 20:07:31,701 [INFO] [RED -> RAM] Descargados: 300 MB | Vel. Red: 5.4 MB/s | Cola: 1/256
2026-09-02 20:07:31,703 [INFO] [ 58.5%] [RAM -> USB] 300 MB | WriteFile:     1 ms | Cola:   0/256
2026-09-02 20:07:31,710 [INFO] [RED -> RAM] Descargados: 300 MB | Vel. Red: 5.4 MB/s | Cola: 1/256
2026-09-02 20:07:32,596 [INFO] [ 63.4%] [RAM -> USB] 325 MB | WriteFile:     1 ms | Cola:   0/256
2026-09-02 20:07:33,337 [INFO] [RED -> RAM] Descargados: 350 MB | Vel. Red: 6.1 MB/s | Cola: 1/256
2026-09-02 20:07:33,338 [INFO] [ 68.3%] [RAM -> USB] 350 MB | WriteFile:     1 ms | Cola:   0/256
2026-09-02 20:07:33,374 [INFO] [RED -> RAM] Descargados: 350 MB | Vel. Red: 6.1 MB/s | Cola: 1/256
2026-09-02 20:07:33,992 [INFO] [ 73.1%] [RAM -> USB] 375 MB | WriteFile:     1 ms | Cola:   0/256
2026-09-02 20:07:37,172 [INFO] [RED -> RAM] Descargados: 400 MB | Vel. Red: 6.6 MB/s | Cola: 1/256
2026-09-02 20:07:37,173 [INFO] [ 78.0%] [RAM -> USB] 400 MB | WriteFile:     1 ms | Cola:   0/256
2026-09-02 20:07:37,182 [INFO] [RED -> RAM] Descargados: 400 MB | Vel. Red: 6.6 MB/s | Cola: 1/256
2026-09-02 20:07:40,104 [WARNING] [ 79.2%] [RAM -> USB] 406 MB | Parón de Red: esperó 2.77s | Cola:   1/256
2026-09-02 20:07:45,856 [WARNING] [ 79.7%] [RAM -> USB] 408 MB | Parón de Red: esperó 3.17s | Cola:   0/256
2026-09-02 20:07:47,315 [INFO] [ 82.9%] [RAM -> USB] 425 MB | WriteFile:     1 ms | Cola:   0/256
2026-09-02 20:07:48,840 [INFO] [RED -> RAM] Descargados: 450 MB | Vel. Red: 6.2 MB/s | Cola: 1/256
2026-09-02 20:07:48,841 [INFO] [ 87.8%] [RAM -> USB] 450 MB | WriteFile:     1 ms | Cola:   0/256
2026-09-02 20:07:48,923 [INFO] [RED -> RAM] Descargados: 450 MB | Vel. Red: 6.2 MB/s | Cola: 1/256
2026-09-02 20:07:53,715 [INFO] [ 92.6%] [RAM -> USB] 475 MB | WriteFile:     1 ms | Cola:   0/256
2026-09-02 20:07:54,425 [INFO] [RED -> RAM] Descargados: 500 MB | Vel. Red: 6.4 MB/s | Cola: 1/256
2026-09-02 20:07:54,426 [INFO] [ 97.5%] [RAM -> USB] 500 MB | WriteFile:     1 ms | Cola:   0/256
2026-09-02 20:07:54,435 [INFO] [RED -> RAM] Descargados: 500 MB | Vel. Red: 6.4 MB/s | Cola: 1/256
2026-09-02 20:07:55,939 [INFO] ✔ Parte descargada con éxito (512.7 MB). Pasando a la siguiente...
2026-09-02 20:07:55,951 [INFO] =======================================================

2026-09-02 20:07:56,254 [INFO] =======================================================
2026-09-02 20:07:56,254 [INFO] [DIAGNÓSTICO RAM] Iniciando Stream Directo a USB: \\.\H:
2026-09-02 20:07:56,254 [INFO] =======================================================
2026-09-02 20:07:56,255 [DEBUG] Starting new HTTPS connection (1): huggingface.co:443
2026-09-02 20:07:56,716 [DEBUG] https://huggingface.co:443 "HEAD /datasets/HollowDrive/HollowDrive/resolve/main/hollowdrive_cachy_sistema.img HTTP/1.1" 302 0
2026-09-02 20:07:56,718 [DEBUG] Starting new HTTPS connection (1): us.aws.cdn.hf.co:443
2026-09-02 20:07:57,210 [DEBUG] https://us.aws.cdn.hf.co:443 "HEAD /xet-bridge-us/6a5bfdc368c85db044febc71/f61c02c110d19ebd04fc19487a37d8c60d62143e671a71a5ad2b1c2ca0e833ab?X-Xet-Cas-Uid=6a5bfd38147a8c22c7f583b3&user_id=6a5bfd38147a8c22c7f583b3&response-content-disposition=inline%3B+filename*%3DUTF-8%27%27hollowdrive_cachy_sistema.img%3B+filename%3D%22hollowdrive_cachy_sistema.img%22%3B&response-content-type=application%2Foctet-stream&Expires=1788376077&Policy=eyJTdGF0ZW1lbnQiOlt7IlJlc291cmNlIjoiaHR0cHM6Ly91cy5hd3MuY2RuLmhmLmNvL3hldC1icmlkZ2UtdXMvNmE1YmZkYzM2OGM4NWRiMDQ0ZmViYzcxL2Y2MWMwMmMxMTBkMTllYmQwNGZjMTk0ODdhMzdkOGM2MGQ2MjE0M2U2NzFhNzFhNWFkMmIxYzJjYTBlODMzYWJcXD9YLVhldC1DYXMtVWlkPTZhNWJmZDM4MTQ3YThjMjJjN2Y1ODNiMyZ1c2VyX2lkPTZhNWJmZDM4MTQ3YThjMjJjN2Y1ODNiMyZyZXNwb25zZS1jb250ZW50LWRpc3Bvc2l0aW9uPWlubGluZSUzQitmaWxlbmFtZSUyQSUzRFVURi04JTI3JTI3aG9sbG93ZHJpdmVfY2FjaHlfc2lzdGVtYS5pbWclM0IrZmlsZW5hbWUlM0QlMjJob2xsb3dkcml2ZV9jYWNoeV9zaXN0ZW1hLmltZyUyMiUzQiZyZXNwb25zZS1jb250ZW50LXR5cGU9YXBwbGljYXRpb24lMkZvY3RldC1zdHJlYW0iLCJDb25kaXRpb24iOnsiRGF0ZUxlc3NUaGFuIjp7IkVwb2NoVGltZSI6MTc4ODM3NjA3N319fV19&Signature=MEYCIQC8ZOJeMwym57XP6f7-oH1-4CpBKdm9Ei5tnAo3Xtnp3gIhAM6rmH~Y~Ne18uxgZuVRKnhZJGBmgkE2807uOhg3UAWf&Key-Pair-Id=01KXEF4KZ1B6FV465MAWR4M21F HTTP/1.1" 200 0
2026-09-02 20:07:57,214 [INFO] [RAM -> USB] Llenando colchón inicial de precarga en RAM...
2026-09-02 20:07:57,216 [DEBUG] Starting new HTTPS connection (1): huggingface.co:443
2026-09-02 20:07:57,606 [DEBUG] https://huggingface.co:443 "GET /datasets/HollowDrive/HollowDrive/resolve/main/hollowdrive_cachy_sistema.img HTTP/1.1" 302 1241
2026-09-02 20:07:57,607 [DEBUG] Starting new HTTPS connection (1): us.aws.cdn.hf.co:443
2026-09-02 20:07:58,284 [DEBUG] https://us.aws.cdn.hf.co:443 "GET /xet-bridge-us/6a5bfdc368c85db044febc71/f61c02c110d19ebd04fc19487a37d8c60d62143e671a71a5ad2b1c2ca0e833ab?response-content-disposition=inline%3B+filename*%3DUTF-8%27%27hollowdrive_cachy_sistema.img%3B+filename%3D%22hollowdrive_cachy_sistema.img%22%3B&X-Xet-Cas-Uid=6a5bfd38147a8c22c7f583b3&response-content-type=application%2Foctet-stream&user_id=6a5bfd38147a8c22c7f583b3&Expires=1788376078&Policy=eyJTdGF0ZW1lbnQiOlt7IlJlc291cmNlIjoiaHR0cHM6Ly91cy5hd3MuY2RuLmhmLmNvL3hldC1icmlkZ2UtdXMvNmE1YmZkYzM2OGM4NWRiMDQ0ZmViYzcxL2Y2MWMwMmMxMTBkMTllYmQwNGZjMTk0ODdhMzdkOGM2MGQ2MjE0M2U2NzFhNzFhNWFkMmIxYzJjYTBlODMzYWJcXD9yZXNwb25zZS1jb250ZW50LWRpc3Bvc2l0aW9uPWlubGluZSUzQitmaWxlbmFtZSUyQSUzRFVURi04JTI3JTI3aG9sbG93ZHJpdmVfY2FjaHlfc2lzdGVtYS5pbWclM0IrZmlsZW5hbWUlM0QlMjJob2xsb3dkcml2ZV9jYWNoeV9zaXN0ZW1hLmltZyUyMiUzQiZYLVhldC1DYXMtVWlkPTZhNWJmZDM4MTQ3YThjMjJjN2Y1ODNiMyZyZXNwb25zZS1jb250ZW50LXR5cGU9YXBwbGljYXRpb24lMkZvY3RldC1zdHJlYW0mdXNlcl9pZD02YTViZmQzODE0N2E4YzIyYzdmNTgzYjMiLCJDb25kaXRpb24iOnsiRGF0ZUxlc3NUaGFuIjp7IkVwb2NoVGltZSI6MTc4ODM3NjA3OH19fV19&Signature=MEYCIQDyHIfFFzBX~y50LWJt7wKe3Wqb~~YFEQoXYGTlrBJGWgIhAMjdah6aQZGaJAbYDRvqrFgNI59~d6zt-UIbPahXafJG&Key-Pair-Id=01KXEF4KZ1B6FV465MAWR4M21F HTTP/1.1" 200 13958643712
2026-09-02 20:07:59,938 [INFO] [RED -> RAM] Descargados: 0 MB | Vel. Red: 0.2 MB/s | Cola: 1/256
2026-09-02 20:08:02,283 [INFO] [  0.2%] [RAM -> USB] 25 MB | WriteFile:     1 ms | Cola:  22/256
2026-09-02 20:08:02,538 [INFO] [RED -> RAM] Descargados: 50 MB | Vel. Red: 9.4 MB/s | Cola: 2/256
2026-09-02 20:08:02,538 [INFO] [RED -> RAM] Descargados: 50 MB | Vel. Red: 9.5 MB/s | Cola: 2/256
2026-09-02 20:08:02,541 [INFO] [  0.4%] [RAM -> USB] 50 MB | WriteFile:     1 ms | Cola:   2/256
2026-09-02 20:08:03,269 [INFO] [  0.6%] [RAM -> USB] 75 MB | WriteFile:     2 ms | Cola:   0/256
2026-09-02 20:08:03,660 [INFO] [RED -> RAM] Descargados: 100 MB | Vel. Red: 15.5 MB/s | Cola: 1/256
2026-09-02 20:08:03,662 [INFO] [  0.8%] [RAM -> USB] 100 MB | WriteFile:     1 ms | Cola:   0/256
2026-09-02 20:08:03,667 [INFO] [RED -> RAM] Descargados: 100 MB | Vel. Red: 15.6 MB/s | Cola: 1/256
2026-09-02 20:08:04,103 [INFO] [  0.9%] [RAM -> USB] 125 MB | WriteFile:     1 ms | Cola:   0/256
2026-09-02 20:08:05,324 [INFO] [RED -> RAM] Descargados: 150 MB | Vel. Red: 18.5 MB/s | Cola: 1/256
2026-09-02 20:08:05,324 [INFO] [RED -> RAM] Descargados: 150 MB | Vel. Red: 18.6 MB/s | Cola: 2/256
2026-09-02 20:08:05,326 [INFO] [  1.1%] [RAM -> USB] 150 MB | WriteFile:     1 ms | Cola:   3/256
2026-09-02 20:08:05,726 [INFO] [  1.3%] [RAM -> USB] 175 MB | WriteFile:     1 ms | Cola:   1/256
2026-09-02 20:08:06,283 [INFO] [RED -> RAM] Descargados: 200 MB | Vel. Red: 22.1 MB/s | Cola: 1/256
2026-09-02 20:08:06,285 [INFO] [  1.5%] [RAM -> USB] 200 MB | WriteFile:     1 ms | Cola:   0/256
2026-09-02 20:08:06,296 [INFO] [RED -> RAM] Descargados: 200 MB | Vel. Red: 22.1 MB/s | Cola: 1/256
2026-09-02 20:08:06,661 [INFO] [  1.7%] [RAM -> USB] 225 MB | WriteFile:     1 ms | Cola:   0/256
2026-09-02 20:08:07,108 [INFO] [RED -> RAM] Descargados: 250 MB | Vel. Red: 25.3 MB/s | Cola: 1/256
2026-09-02 20:08:07,108 [INFO] [RED -> RAM] Descargados: 250 MB | Vel. Red: 25.3 MB/s | Cola: 2/256
2026-09-02 20:08:07,110 [INFO] [  1.9%] [RAM -> USB] 250 MB | WriteFile:     1 ms | Cola:   2/256
2026-09-02 20:08:07,618 [INFO] [  2.1%] [RAM -> USB] 275 MB | WriteFile:     1 ms | Cola:   2/256
2026-09-02 20:08:08,650 [INFO] [RED -> RAM] Descargados: 300 MB | Vel. Red: 26.2 MB/s | Cola: 1/256
2026-09-02 20:08:08,651 [INFO] [RED -> RAM] Descargados: 300 MB | Vel. Red: 26.3 MB/s | Cola: 2/256
2026-09-02 20:08:08,652 [INFO] [  2.3%] [RAM -> USB] 300 MB | WriteFile:     1 ms | Cola:   2/256
2026-09-02 20:08:10,454 [INFO] [  2.4%] [RAM -> USB] 325 MB | WriteFile:     1 ms | Cola:   0/256
2026-09-02 20:08:10,944 [INFO] [RED -> RAM] Descargados: 350 MB | Vel. Red: 25.5 MB/s | Cola: 1/256
2026-09-02 20:08:10,946 [INFO] [RED -> RAM] Descargados: 350 MB | Vel. Red: 25.5 MB/s | Cola: 1/256
2026-09-02 20:08:10,946 [INFO] [  2.6%] [RAM -> USB] 350 MB | WriteFile:     1 ms | Cola:   1/256
2026-09-02 20:08:11,384 [INFO] [  2.8%] [RAM -> USB] 375 MB | WriteFile:     1 ms | Cola:   0/256
2026-09-02 20:08:11,775 [INFO] [RED -> RAM] Descargados: 400 MB | Vel. Red: 27.5 MB/s | Cola: 1/256
2026-09-02 20:08:11,776 [INFO] [RED -> RAM] Descargados: 400 MB | Vel. Red: 27.5 MB/s | Cola: 2/256
2026-09-02 20:08:11,777 [INFO] [  3.0%] [RAM -> USB] 400 MB | WriteFile:     1 ms | Cola:   1/256
2026-09-02 20:08:12,244 [INFO] [  3.2%] [RAM -> USB] 425 MB | WriteFile:     2 ms | Cola:   0/256
2026-09-02 20:08:12,641 [INFO] [RED -> RAM] Descargados: 450 MB | Vel. Red: 29.2 MB/s | Cola: 2/256
2026-09-02 20:08:12,641 [INFO] [RED -> RAM] Descargados: 450 MB | Vel. Red: 29.2 MB/s | Cola: 2/256
2026-09-02 20:08:12,643 [INFO] [  3.4%] [RAM -> USB] 450 MB | WriteFile:     1 ms | Cola:   3/256
2026-09-02 20:08:13,077 [INFO] [  3.6%] [RAM -> USB] 475 MB | WriteFile:     1 ms | Cola:   0/256
2026-09-02 20:08:13,459 [INFO] [RED -> RAM] Descargados: 500 MB | Vel. Red: 30.8 MB/s | Cola: 6/256
2026-09-02 20:08:13,466 [INFO] [RED -> RAM] Descargados: 500 MB | Vel. Red: 30.8 MB/s | Cola: 1/256
2026-09-02 20:08:13,467 [INFO] [  3.8%] [RAM -> USB] 500 MB | WriteFile:     1 ms | Cola:   1/256
2026-09-02 20:08:14,069 [INFO] [  3.9%] [RAM -> USB] 525 MB | WriteFile:     1 ms | Cola:   0/256
2026-09-02 20:08:14,967 [INFO] [RED -> RAM] Descargados: 550 MB | Vel. Red: 31.0 MB/s | Cola: 1/256
2026-09-02 20:08:14,968 [INFO] [  4.1%] [RAM -> USB] 550 MB | WriteFile:     1 ms | Cola:   0/256
2026-09-02 20:08:15,531 [INFO] [RED -> RAM] Descargados: 550 MB | Vel. Red: 30.1 MB/s | Cola: 1/256
2026-09-02 20:08:18,179 [WARNING] [  4.1%] [RAM -> USB] 552 MB | Parón de Red: esperó 2.63s | Cola:   0/256
2026-09-02 20:08:19,583 [INFO] [  4.3%] [RAM -> USB] 575 MB | WriteFile:     1 ms | Cola:   0/256
2026-09-02 20:08:20,700 [INFO] [RED -> RAM] Descargados: 600 MB | Vel. Red: 25.5 MB/s | Cola: 1/256
2026-09-02 20:08:20,701 [INFO] [  4.5%] [RAM -> USB] 600 MB | WriteFile:     1 ms | Cola:   0/256
2026-09-02 20:08:20,707 [INFO] [RED -> RAM] Descargados: 600 MB | Vel. Red: 25.6 MB/s | Cola: 1/256
2026-09-02 20:08:21,513 [INFO] [  4.7%] [RAM -> USB] 625 MB | WriteFile:     1 ms | Cola:   0/256
2026-09-02 20:08:23,249 [INFO] [RED -> RAM] Descargados: 650 MB | Vel. Red: 25.0 MB/s | Cola: 1/256
2026-09-02 20:08:23,251 [INFO] [  4.9%] [RAM -> USB] 650 MB | WriteFile:     1 ms | Cola:   0/256
2026-09-02 20:08:23,271 [INFO] [RED -> RAM] Descargados: 650 MB | Vel. Red: 25.0 MB/s | Cola: 1/256
2026-09-02 20:08:23,988 [INFO] [  5.1%] [RAM -> USB] 675 MB | WriteFile:     1 ms | Cola:   0/256
2026-09-02 20:08:24,727 [INFO] [RED -> RAM] Descargados: 700 MB | Vel. Red: 25.4 MB/s | Cola: 1/256
2026-09-02 20:08:24,729 [INFO] [  5.3%] [RAM -> USB] 700 MB | WriteFile:     1 ms | Cola:   0/256
2026-09-02 20:08:24,733 [INFO] [RED -> RAM] Descargados: 700 MB | Vel. Red: 25.5 MB/s | Cola: 1/256
2026-09-02 20:08:25,819 [INFO] [  5.4%] [RAM -> USB] 725 MB | WriteFile:     1 ms | Cola:   0/256
2026-09-02 20:08:26,588 [INFO] [RED -> RAM] Descargados: 750 MB | Vel. Red: 25.5 MB/s | Cola: 1/256
2026-09-02 20:08:26,590 [INFO] [  5.6%] [RAM -> USB] 750 MB | WriteFile:     1 ms | Cola:   0/256
2026-09-02 20:08:26,637 [INFO] [RED -> RAM] Descargados: 750 MB | Vel. Red: 25.5 MB/s | Cola: 1/256
2026-09-02 20:08:27,651 [INFO] [  5.8%] [RAM -> USB] 775 MB | WriteFile:     1 ms | Cola:   0/256
2026-09-02 20:08:28,501 [INFO] [RED -> RAM] Descargados: 800 MB | Vel. Red: 25.6 MB/s | Cola: 1/256
2026-09-02 20:08:28,503 [INFO] [  6.0%] [RAM -> USB] 800 MB | WriteFile:     1 ms | Cola:   0/256
2026-09-02 20:08:28,520 [INFO] [RED -> RAM] Descargados: 800 MB | Vel. Red: 25.6 MB/s | Cola: 1/256
2026-09-02 20:08:29,348 [INFO] [  6.2%] [RAM -> USB] 825 MB | WriteFile:     1 ms | Cola:   0/256
2026-09-02 20:08:30,673 [INFO] [RED -> RAM] Descargados: 850 MB | Vel. Red: 25.4 MB/s | Cola: 1/256
2026-09-02 20:08:30,675 [INFO] [  6.4%] [RAM -> USB] 850 MB | WriteFile:     1 ms | Cola:   0/256
2026-09-02 20:08:30,675 [INFO] [RED -> RAM] Descargados: 850 MB | Vel. Red: 25.4 MB/s | Cola: 1/256
2026-09-02 20:08:31,322 [INFO] [  6.6%] [RAM -> USB] 875 MB | WriteFile:     1 ms | Cola:   0/256
2026-09-02 20:08:32,375 [INFO] [RED -> RAM] Descargados: 900 MB | Vel. Red: 25.6 MB/s | Cola: 1/256
2026-09-02 20:08:32,376 [INFO] [  6.8%] [RAM -> USB] 900 MB | WriteFile:     1 ms | Cola:   0/256
2026-09-02 20:08:32,380 [INFO] [RED -> RAM] Descargados: 900 MB | Vel. Red: 25.6 MB/s | Cola: 1/256
2026-09-02 20:08:33,025 [INFO] [  6.9%] [RAM -> USB] 925 MB | WriteFile:     1 ms | Cola:   0/256
2026-09-02 20:08:33,712 [INFO] [RED -> RAM] Descargados: 950 MB | Vel. Red: 26.0 MB/s | Cola: 1/256
2026-09-02 20:08:33,713 [INFO] [  7.1%] [RAM -> USB] 950 MB | WriteFile:     1 ms | Cola:   0/256
2026-09-02 20:08:33,716 [INFO] [RED -> RAM] Descargados: 950 MB | Vel. Red: 26.0 MB/s | Cola: 1/256
2026-09-02 20:08:34,717 [INFO] [  7.3%] [RAM -> USB] 975 MB | WriteFile:     1 ms | Cola:   0/256
2026-09-02 20:08:35,329 [INFO] [RED -> RAM] Descargados: 1000 MB | Vel. Red: 26.2 MB/s | Cola: 1/256
2026-09-02 20:08:35,330 [INFO] [  7.5%] [RAM -> USB] 1000 MB | WriteFile:     1 ms | Cola:   0/256
2026-09-02 20:08:35,337 [INFO] [RED -> RAM] Descargados: 1000 MB | Vel. Red: 26.2 MB/s | Cola: 1/256
2026-09-02 20:08:36,003 [INFO] [  7.7%] [RAM -> USB] 1025 MB | WriteFile:     1 ms | Cola:   0/256
2026-09-02 20:08:37,068 [INFO] [RED -> RAM] Descargados: 1050 MB | Vel. Red: 26.3 MB/s | Cola: 1/256
2026-09-02 20:08:37,068 [INFO] [RED -> RAM] Descargados: 1050 MB | Vel. Red: 26.4 MB/s | Cola: 1/256
2026-09-02 20:08:37,069 [INFO] [  7.9%] [RAM -> USB] 1050 MB | WriteFile:     1 ms | Cola:   1/256
2026-09-02 20:08:37,872 [INFO] [  8.1%] [RAM -> USB] 1075 MB | WriteFile:     1 ms | Cola:   0/256
2026-09-02 20:08:38,902 [INFO] [RED -> RAM] Descargados: 1100 MB | Vel. Red: 26.4 MB/s | Cola: 1/256
2026-09-02 20:08:38,903 [INFO] [  8.3%] [RAM -> USB] 1100 MB | WriteFile:     1 ms | Cola:   0/256
2026-09-02 20:08:38,910 [INFO] [RED -> RAM] Descargados: 1100 MB | Vel. Red: 26.4 MB/s | Cola: 1/256
2026-09-02 20:08:39,823 [INFO] [  8.5%] [RAM -> USB] 1125 MB | WriteFile:     3 ms | Cola:   0/256
2026-09-02 20:08:40,725 [INFO] [RED -> RAM] Descargados: 1150 MB | Vel. Red: 26.4 MB/s | Cola: 1/256
2026-09-02 20:08:40,727 [INFO] [  8.6%] [RAM -> USB] 1150 MB | WriteFile:     1 ms | Cola:   0/256
2026-09-02 20:08:40,735 [INFO] [RED -> RAM] Descargados: 1150 MB | Vel. Red: 26.4 MB/s | Cola: 1/256
2026-09-02 20:08:41,752 [INFO] [  8.8%] [RAM -> USB] 1175 MB | WriteFile:     1 ms | Cola:   0/256
2026-09-02 20:08:42,547 [INFO] [RED -> RAM] Descargados: 1200 MB | Vel. Red: 26.5 MB/s | Cola: 1/256
2026-09-02 20:08:42,549 [INFO] [  9.0%] [RAM -> USB] 1200 MB | WriteFile:     1 ms | Cola:   0/256
2026-09-02 20:08:42,556 [INFO] [RED -> RAM] Descargados: 1200 MB | Vel. Red: 26.5 MB/s | Cola: 1/256
2026-09-02 20:08:44,677 [INFO] [  9.2%] [RAM -> USB] 1225 MB | WriteFile:     1 ms | Cola:   0/256
2026-09-02 20:08:45,377 [INFO] [RED -> RAM] Descargados: 1250 MB | Vel. Red: 26.0 MB/s | Cola: 1/256
2026-09-02 20:08:45,379 [INFO] [  9.4%] [RAM -> USB] 1250 MB | WriteFile:     1 ms | Cola:   0/256
2026-09-02 20:08:45,387 [INFO] [RED -> RAM] Descargados: 1250 MB | Vel. Red: 26.0 MB/s | Cola: 1/256
2026-09-02 20:08:46,078 [INFO] [  9.6%] [RAM -> USB] 1275 MB | WriteFile:     1 ms | Cola:   0/256
2026-09-02 20:08:47,041 [INFO] [RED -> RAM] Descargados: 1300 MB | Vel. Red: 26.1 MB/s | Cola: 1/256
2026-09-02 20:08:47,042 [INFO] [  9.8%] [RAM -> USB] 1300 MB | WriteFile:     1 ms | Cola:   0/256
2026-09-02 20:08:47,051 [INFO] [RED -> RAM] Descargados: 1300 MB | Vel. Red: 26.1 MB/s | Cola: 1/256
2026-09-02 20:08:48,046 [INFO] [ 10.0%] [RAM -> USB] 1325 MB | WriteFile:     1 ms | Cola:   0/256
2026-09-02 20:08:48,997 [INFO] [RED -> RAM] Descargados: 1350 MB | Vel. Red: 26.1 MB/s | Cola: 1/256
2026-09-02 20:08:48,999 [INFO] [ 10.1%] [RAM -> USB] 1350 MB | WriteFile:     2 ms | Cola:   0/256
2026-09-02 20:08:49,041 [INFO] [RED -> RAM] Descargados: 1350 MB | Vel. Red: 26.1 MB/s | Cola: 1/256
2026-09-02 20:08:52,058 [INFO] [ 10.3%] [RAM -> USB] 1375 MB | WriteFile:     1 ms | Cola:   0/256
2026-09-02 20:08:55,784 [WARNING] [ 10.3%] [RAM -> USB] 1376 MB | Parón de Red: esperó 3.72s | Cola:   0/256
2026-09-02 20:09:01,136 [WARNING] [ 10.4%] [RAM -> USB] 1385 MB | Parón de Red: esperó 2.79s | Cola:   0/256
2026-09-02 20:09:10,080 [WARNING] [ 10.5%] [RAM -> USB] 1398 MB | Parón de Red: esperó 5.89s | Cola:   0/256
2026-09-02 20:09:10,151 [INFO] [RED -> RAM] Descargados: 1400 MB | Vel. Red: 19.2 MB/s | Cola: 1/256
2026-09-02 20:09:10,152 [INFO] [ 10.5%] [RAM -> USB] 1400 MB | WriteFile:     1 ms | Cola:   0/256
2026-09-02 20:09:10,160 [INFO] [RED -> RAM] Descargados: 1400 MB | Vel. Red: 19.2 MB/s | Cola: 1/256
2026-09-02 20:09:23,486 [INFO] [ 10.7%] [RAM -> USB] 1425 MB | WriteFile:     1 ms | Cola:   0/256
2026-09-02 20:09:27,035 [WARNING] [ 10.7%] [RAM -> USB] 1427 MB | Parón de Red: esperó 2.75s | Cola:   0/256
2026-09-02 20:09:34,177 [WARNING] [ 10.8%] [RAM -> USB] 1433 MB | Parón de Red: esperó 4.51s | Cola:   0/256
2026-09-02 20:09:39,094 [WARNING] [ 10.8%] [RAM -> USB] 1434 MB | Parón de Red: esperó 4.92s | Cola:   0/256
2026-09-02 20:09:47,779 [WARNING] [ 10.8%] [RAM -> USB] 1436 MB | Parón de Red: esperó 2.98s | Cola:   0/256
2026-09-02 20:09:52,601 [WARNING] [ 10.8%] [RAM -> USB] 1437 MB | Parón de Red: esperó 3.13s | Cola:   0/256
2026-09-02 20:09:58,688 [WARNING] [ 10.8%] [RAM -> USB] 1438 MB | Parón de Red: esperó 3.60s | Cola:   0/256
2026-09-02 20:10:03,199 [WARNING] [ 10.8%] [RAM -> USB] 1440 MB | Parón de Red: esperó 3.32s | Cola:   0/256
2026-09-02 20:10:15,240 [WARNING] [ 10.8%] [RAM -> USB] 1442 MB | Parón de Red: esperó 4.48s | Cola:   0/256
2026-09-02 20:10:19,453 [WARNING] [ 10.8%] [RAM -> USB] 1444 MB | Parón de Red: esperó 2.63s | Cola:   0/256
2026-09-02 20:10:19,912 [INFO] [RED -> RAM] Descargados: 1450 MB | Vel. Red: 10.2 MB/s | Cola: 1/256
2026-09-02 20:10:19,913 [INFO] [ 10.9%] [RAM -> USB] 1450 MB | WriteFile:     1 ms | Cola:   0/256
2026-09-02 20:10:19,936 [INFO] [RED -> RAM] Descargados: 1450 MB | Vel. Red: 10.2 MB/s | Cola: 1/256
2026-09-02 20:10:23,627 [WARNING] [ 11.0%] [RAM -> USB] 1469 MB | Parón de Red: esperó 2.98s | Cola:   0/256
2026-09-02 20:10:25,729 [INFO] [ 11.1%] [RAM -> USB] 1475 MB | WriteFile:     1 ms | Cola:   0/256
2026-09-02 20:10:29,334 [WARNING] [ 11.1%] [RAM -> USB] 1476 MB | Parón de Red: esperó 3.60s | Cola:   0/256
2026-09-02 20:10:30,443 [INFO] [RED -> RAM] Descargados: 1500 MB | Vel. Red: 9.8 MB/s | Cola: 1/256
2026-09-02 20:10:30,445 [INFO] [ 11.3%] [RAM -> USB] 1500 MB | WriteFile:     1 ms | Cola:   0/256
2026-09-02 20:10:30,485 [INFO] [RED -> RAM] Descargados: 1500 MB | Vel. Red: 9.8 MB/s | Cola: 1/256
2026-09-02 20:10:34,349 [INFO] [ 11.5%] [RAM -> USB] 1525 MB | WriteFile:     1 ms | Cola:   1/256
2026-09-02 20:10:34,930 [INFO] [RED -> RAM] Descargados: 1550 MB | Vel. Red: 9.8 MB/s | Cola: 1/256
2026-09-02 20:10:34,931 [INFO] [ 11.6%] [RAM -> USB] 1550 MB | WriteFile:     1 ms | Cola:   0/256
2026-09-02 20:10:34,975 [INFO] [RED -> RAM] Descargados: 1550 MB | Vel. Red: 9.8 MB/s | Cola: 1/256
2026-09-02 20:10:37,262 [INFO] [ 11.8%] [RAM -> USB] 1575 MB | WriteFile:     1 ms | Cola:   0/256
2026-09-02 20:10:37,855 [INFO] [RED -> RAM] Descargados: 1600 MB | Vel. Red: 10.0 MB/s | Cola: 1/256
2026-09-02 20:10:37,856 [INFO] [ 12.0%] [RAM -> USB] 1600 MB | WriteFile:     1 ms | Cola:   0/256
2026-09-02 20:10:37,865 [INFO] [RED -> RAM] Descargados: 1600 MB | Vel. Red: 10.0 MB/s | Cola: 1/256
2026-09-02 20:10:39,027 [INFO] [ 12.2%] [RAM -> USB] 1625 MB | WriteFile:     1 ms | Cola:   0/256
2026-09-02 20:10:43,567 [WARNING] [ 12.3%] [RAM -> USB] 1641 MB | Parón de Red: esperó 3.93s | Cola:   0/256
2026-09-02 20:10:43,886 [INFO] [RED -> RAM] Descargados: 1650 MB | Vel. Red: 9.9 MB/s | Cola: 1/256
2026-09-02 20:10:43,888 [INFO] [ 12.4%] [RAM -> USB] 1650 MB | WriteFile:     1 ms | Cola:   0/256
2026-09-02 20:10:43,895 [INFO] [RED -> RAM] Descargados: 1650 MB | Vel. Red: 9.9 MB/s | Cola: 1/256
2026-09-02 20:10:45,822 [INFO] [ 12.6%] [RAM -> USB] 1675 MB | WriteFile:     1 ms | Cola:   1/256
2026-09-02 20:10:49,631 [INFO] [RED -> RAM] Descargados: 1700 MB | Vel. Red: 9.9 MB/s | Cola: 1/256
2026-09-02 20:10:49,632 [INFO] [ 12.8%] [RAM -> USB] 1700 MB | WriteFile:     1 ms | Cola:   0/256
2026-09-02 20:10:49,640 [INFO] [RED -> RAM] Descargados: 1700 MB | Vel. Red: 9.9 MB/s | Cola: 1/256
2026-09-02 20:11:02,455 [WARNING] [ 12.9%] [RAM -> USB] 1722 MB | Parón de Red: esperó 2.98s | Cola:   0/256
2026-09-02 20:11:06,186 [WARNING] [ 13.0%] [RAM -> USB] 1725 MB | Parón de Red: esperó 3.40s | Cola:   0/256
2026-09-02 20:11:09,707 [WARNING] [ 13.0%] [RAM -> USB] 1726 MB | Parón de Red: esperó 3.52s | Cola:   0/256
2026-09-02 20:11:15,403 [WARNING] [ 13.0%] [RAM -> USB] 1728 MB | Parón de Red: esperó 3.88s | Cola:   0/256
2026-09-02 20:11:23,620 [INFO] =======================================================

