2026-09-02 18:22:06,860 [INFO] === INICIANDO HOLLOWDRIVE V12.5 ===
2026-09-02 18:22:06,860 [INFO] Ruta base del programa: D:\Documents\vscode\SAVIN-HOLLOWDRIVE
2026-09-02 18:22:06,860 [INFO] Archivo de registro de la sesión: D:\Documents\vscode\SAVIN-HOLLOWDRIVE\logs\hollowdrive_2026-09-02_18-22-06.log
2026-09-02 18:22:06,862 [DEBUG] Starting new HTTPS connection (1): raw.githubusercontent.com:443
2026-09-02 18:22:07,310 [DEBUG] https://raw.githubusercontent.com:443 "GET /MVP-Savyn/SAVIN-HOLLOWDRIVE/main/engine/mirrors.json HTTP/1.1" 404 14
2026-09-02 18:22:07,433 [DEBUG] Importing PngImagePlugin
2026-09-02 18:22:07,445 [DEBUG] STREAM b'IHDR' 16 13
2026-09-02 18:22:07,445 [DEBUG] STREAM b'eXIf' 41 180
2026-09-02 18:22:07,445 [DEBUG] STREAM b'pHYs' 233 9
2026-09-02 18:22:07,445 [DEBUG] STREAM b'iTXt' 254 1377
2026-09-02 18:22:07,445 [DEBUG] STREAM b'IDAT' 1643 8192
2026-09-02 18:22:07,445 [DEBUG] STREAM b'IHDR' 16 13
2026-09-02 18:22:07,445 [DEBUG] STREAM b'eXIf' 41 180
2026-09-02 18:22:07,445 [DEBUG] STREAM b'pHYs' 233 9
2026-09-02 18:22:07,445 [DEBUG] STREAM b'iTXt' 254 1377
2026-09-02 18:22:07,445 [DEBUG] STREAM b'IDAT' 1643 8192
2026-09-02 18:22:07,446 [DEBUG] STREAM b'IHDR' 16 13
2026-09-02 18:22:07,446 [DEBUG] STREAM b'eXIf' 41 180
2026-09-02 18:22:07,446 [DEBUG] STREAM b'pHYs' 233 9
2026-09-02 18:22:07,446 [DEBUG] STREAM b'iTXt' 254 1379
2026-09-02 18:22:07,446 [DEBUG] STREAM b'IDAT' 1645 8192
2026-09-02 18:22:07,446 [DEBUG] STREAM b'IHDR' 16 13
2026-09-02 18:22:07,446 [DEBUG] STREAM b'eXIf' 41 180
2026-09-02 18:22:07,446 [DEBUG] STREAM b'pHYs' 233 9
2026-09-02 18:22:07,446 [DEBUG] STREAM b'iTXt' 254 1379
2026-09-02 18:22:07,446 [DEBUG] STREAM b'IDAT' 1645 8192
2026-09-02 18:22:07,447 [DEBUG] STREAM b'IHDR' 16 13
2026-09-02 18:22:07,447 [DEBUG] STREAM b'eXIf' 41 180
2026-09-02 18:22:07,447 [DEBUG] STREAM b'pHYs' 233 9
2026-09-02 18:22:07,447 [DEBUG] STREAM b'iTXt' 254 1390
2026-09-02 18:22:07,447 [DEBUG] STREAM b'IDAT' 1656 8192
2026-09-02 18:22:07,447 [DEBUG] STREAM b'IHDR' 16 13
2026-09-02 18:22:07,447 [DEBUG] STREAM b'eXIf' 41 180
2026-09-02 18:22:07,447 [DEBUG] STREAM b'pHYs' 233 9
2026-09-02 18:22:07,447 [DEBUG] STREAM b'iTXt' 254 1379
2026-09-02 18:22:07,447 [DEBUG] STREAM b'IDAT' 1645 8192
2026-09-02 18:22:07,448 [DEBUG] STREAM b'IHDR' 16 13
2026-09-02 18:22:07,448 [DEBUG] STREAM b'IDAT' 41 4096
2026-09-02 18:22:07,448 [DEBUG] STREAM b'IHDR' 16 13
2026-09-02 18:22:07,448 [DEBUG] STREAM b'eXIf' 41 180
2026-09-02 18:22:07,448 [DEBUG] STREAM b'pHYs' 233 9
2026-09-02 18:22:07,448 [DEBUG] STREAM b'iTXt' 254 1390
2026-09-02 18:22:07,448 [DEBUG] STREAM b'IDAT' 1656 8192
2026-09-02 18:22:07,448 [DEBUG] Importing GifImagePlugin
2026-09-02 18:22:07,458 [DEBUG] STREAM b'IHDR' 16 13
2026-09-02 18:22:07,458 [DEBUG] STREAM b'eXIf' 41 180
2026-09-02 18:22:07,458 [DEBUG] STREAM b'pHYs' 233 9
2026-09-02 18:22:07,458 [DEBUG] STREAM b'iTXt' 254 1386
2026-09-02 18:22:07,458 [DEBUG] STREAM b'IDAT' 1652 8192
2026-09-02 18:22:07,458 [DEBUG] STREAM b'IHDR' 16 13
2026-09-02 18:22:07,458 [DEBUG] STREAM b'eXIf' 41 180
2026-09-02 18:22:07,458 [DEBUG] STREAM b'pHYs' 233 9
2026-09-02 18:22:07,458 [DEBUG] STREAM b'iTXt' 254 1386
2026-09-02 18:22:07,458 [DEBUG] STREAM b'IDAT' 1652 8192
2026-09-02 18:22:07,817 [DEBUG] STREAM b'IDAT' 9475 6
2026-09-02 18:22:08,197 [INFO] -> Usando tamaño local predefinido para bato_64: 0 bytes.
2026-09-02 18:22:08,197 [INFO] -> Usando tamaño local predefinido para batocera_64: 0 bytes.
2026-09-02 18:22:08,198 [INFO] -> Usando tamaño local predefinido para bato_32: 0 bytes.
2026-09-02 18:22:08,198 [INFO] -> Usando tamaño local predefinido para batocera_32: 0 bytes.
2026-09-02 18:22:08,199 [INFO] -> Usando tamaño local predefinido para pack_bato: 0 bytes.
2026-09-02 18:22:08,199 [INFO] -> Usando tamaño local predefinido para pack_batocera: 0 bytes.
2026-09-02 18:22:08,199 [INFO] -> Usando tamaño local predefinido para pack_hollow: 0 bytes.
2026-09-02 18:22:08,200 [INFO] -> Usando tamaño local predefinido para pack_hollow: 0 bytes.
2026-09-02 18:22:09,200 [DEBUG] Starting new HTTPS connection (1): api.github.com:443
2026-09-02 18:22:09,738 [DEBUG] https://api.github.com:443 "GET /repos/MVP-Savyn/SAVIN-HOLLOWDRIVE/releases/latest HTTP/1.1" 404 125
2026-09-02 18:28:40,073 [DEBUG] Starting new HTTPS connection (1): huggingface.co:443
2026-09-02 18:28:40,322 [DEBUG] https://huggingface.co:443 "HEAD / HTTP/1.1" 200 0
2026-09-02 18:29:05,111 [INFO] Exclusión de Windows Defender añadida para: F:\
2026-09-02 18:29:05,217 [DEBUG] Starting new HTTPS connection (1): huggingface.co:443
2026-09-02 18:29:05,718 [DEBUG] https://huggingface.co:443 "HEAD /datasets/HollowDrive/HollowDrive/resolve/main/batocera-hollowpack.tar HTTP/1.1" 302 0
2026-09-02 18:29:05,719 [DEBUG] Starting new HTTPS connection (1): us.aws.cdn.hf.co:443
2026-09-02 18:29:06,212 [DEBUG] https://us.aws.cdn.hf.co:443 "HEAD /xet-bridge-us/6a5bfdc368c85db044febc71/dcebbd82c06024497d6a9aef977b1fb2b39604ced4baebf395d54c6c80ae0119?response-content-disposition=inline%3B+filename*%3DUTF-8%27%27batocera-hollowpack.tar%3B+filename%3D%22batocera-hollowpack.tar%22%3B&X-Xet-Cas-Uid=6a5bfd38147a8c22c7f583b3&user_id=6a5bfd38147a8c22c7f583b3&response-content-type=application%2Fx-tar&Expires=1788370146&Policy=eyJTdGF0ZW1lbnQiOlt7IlJlc291cmNlIjoiaHR0cHM6Ly91cy5hd3MuY2RuLmhmLmNvL3hldC1icmlkZ2UtdXMvNmE1YmZkYzM2OGM4NWRiMDQ0ZmViYzcxL2RjZWJiZDgyYzA2MDI0NDk3ZDZhOWFlZjk3N2IxZmIyYjM5NjA0Y2VkNGJhZWJmMzk1ZDU0YzZjODBhZTAxMTlcXD9yZXNwb25zZS1jb250ZW50LWRpc3Bvc2l0aW9uPWlubGluZSUzQitmaWxlbmFtZSUyQSUzRFVURi04JTI3JTI3YmF0b2NlcmEtaG9sbG93cGFjay50YXIlM0IrZmlsZW5hbWUlM0QlMjJiYXRvY2VyYS1ob2xsb3dwYWNrLnRhciUyMiUzQiZYLVhldC1DYXMtVWlkPTZhNWJmZDM4MTQ3YThjMjJjN2Y1ODNiMyZ1c2VyX2lkPTZhNWJmZDM4MTQ3YThjMjJjN2Y1ODNiMyZyZXNwb25zZS1jb250ZW50LXR5cGU9YXBwbGljYXRpb24lMkZ4LXRhciIsIkNvbmRpdGlvbiI6eyJEYXRlTGVzc1RoYW4iOnsiRXBvY2hUaW1lIjoxNzg4MzcwMTQ2fX19XX0_&Signature=MEUCIQDKw4WEVDPwqXSRWwW9nO7t9dIO~54ghZPVMaTaBbgBjgIgShsFpfZmUoGuUuWsckVhuunjwXhseS7nLtzP-bCbWAE_&Key-Pair-Id=01KXEF4KZ1B6FV465MAWR4M21F HTTP/1.1" 200 0
2026-09-02 18:29:06,216 [DEBUG] Starting new HTTPS connection (1): huggingface.co:443
2026-09-02 18:29:06,621 [DEBUG] https://huggingface.co:443 "GET /datasets/HollowDrive/HollowDrive/resolve/main/batocera-hollowpack.tar HTTP/1.1" 302 1190
2026-09-02 18:29:06,623 [DEBUG] Starting new HTTPS connection (1): us.aws.cdn.hf.co:443
2026-09-02 18:29:07,366 [DEBUG] https://us.aws.cdn.hf.co:443 "GET /xet-bridge-us/6a5bfdc368c85db044febc71/dcebbd82c06024497d6a9aef977b1fb2b39604ced4baebf395d54c6c80ae0119?response-content-type=application%2Fx-tar&response-content-disposition=inline%3B+filename*%3DUTF-8%27%27batocera-hollowpack.tar%3B+filename%3D%22batocera-hollowpack.tar%22%3B&X-Xet-Cas-Uid=6a5bfd38147a8c22c7f583b3&user_id=6a5bfd38147a8c22c7f583b3&Expires=1788370147&Policy=eyJTdGF0ZW1lbnQiOlt7IlJlc291cmNlIjoiaHR0cHM6Ly91cy5hd3MuY2RuLmhmLmNvL3hldC1icmlkZ2UtdXMvNmE1YmZkYzM2OGM4NWRiMDQ0ZmViYzcxL2RjZWJiZDgyYzA2MDI0NDk3ZDZhOWFlZjk3N2IxZmIyYjM5NjA0Y2VkNGJhZWJmMzk1ZDU0YzZjODBhZTAxMTlcXD9yZXNwb25zZS1jb250ZW50LXR5cGU9YXBwbGljYXRpb24lMkZ4LXRhciZyZXNwb25zZS1jb250ZW50LWRpc3Bvc2l0aW9uPWlubGluZSUzQitmaWxlbmFtZSUyQSUzRFVURi04JTI3JTI3YmF0b2NlcmEtaG9sbG93cGFjay50YXIlM0IrZmlsZW5hbWUlM0QlMjJiYXRvY2VyYS1ob2xsb3dwYWNrLnRhciUyMiUzQiZYLVhldC1DYXMtVWlkPTZhNWJmZDM4MTQ3YThjMjJjN2Y1ODNiMyZ1c2VyX2lkPTZhNWJmZDM4MTQ3YThjMjJjN2Y1ODNiMyIsIkNvbmRpdGlvbiI6eyJEYXRlTGVzc1RoYW4iOnsiRXBvY2hUaW1lIjoxNzg4MzcwMTQ3fX19XX0_&Signature=MEUCIAlcWDRRAY6NUbj9LfWk28TjAa1NcrJcKxu1U5VkKg2mAiEAxiXCwcZoA1ECbXY5jKTFlMWrjDPFdoTH58jt6DdbnhM_&Key-Pair-Id=01KXEF4KZ1B6FV465MAWR4M21F HTTP/1.1" 200 40587450880
2026-09-02 18:30:07,687 [ERROR] CRASH FATAL: [Errno 32] Broken pipe
Traceback (most recent call last):
  File "D:\Documents\vscode\SAVIN-HOLLOWDRIVE\Savin_GUI.py", line 3233, in proceso_instalacion_background
    stream_extract_tar(url_pack_bato, letra_hollow, is_gdrive=False, progress_callback=progreso_batocera_pack, abort_check=lambda: self.abortar_proceso, method=metodo_ext)
    ~~~~~~~~~~~~~~~~~~^^^^^^^^^^^^^^^^^^^^^^^^^^^^^^^^^^^^^^^^^^^^^^^^^^^^^^^^^^^^^^^^^^^^^^^^^^^^^^^^^^^^^^^^^^^^^^^^^^^^^^^^^^^^^^^^^^^^^^^^^^^^^^^^^^^^^^^^^^^^^^^^^^^^^
  File "D:\Documents\vscode\SAVIN-HOLLOWDRIVE\Savin_GUI.py", line 545, in stream_extract_tar
    raise e
  File "D:\Documents\vscode\SAVIN-HOLLOWDRIVE\Savin_GUI.py", line 525, in stream_extract_tar
    proc.stdin.write(chunk)
    ~~~~~~~~~~~~~~~~^^^^^^^
BrokenPipeError: [Errno 32] Broken pipe
2026-09-02 18:30:07,737 [DEBUG] Starting new HTTPS connection (1): discord.com:443
2026-09-02 18:30:09,141 [DEBUG] https://discord.com:443 "POST /api/webhooks/1528755076339073034/M33425jD90QwjII-hH8r7TXh3DdV0hY9qTiEsj47QPvowKxgOuuSc8pFceIqgu0zay6T HTTP/1.1" 200 None
