2026-09-11 22:54:03,938 [INFO] === INICIANDO HOLLOWDRIVE V12.5 ===
2026-09-11 22:54:03,938 [INFO] Ruta base del programa: D:\Documents\vscode\SAVIN-HOLLOWDRIVE
2026-09-11 22:54:03,938 [INFO] Archivo de registro de la sesión: D:\Documents\vscode\SAVIN-HOLLOWDRIVE\logs\hollowdrive_2026-09-11_22-54-03.log
2026-09-11 22:54:03,940 [DEBUG] Starting new HTTPS connection (1): raw.githubusercontent.com:443
2026-09-11 22:54:04,404 [DEBUG] https://raw.githubusercontent.com:443 "GET /MVP-Savyn/SAVIN-HOLLOWDRIVE/main/engine/mirrors.json HTTP/1.1" 200 577
2026-09-11 22:54:04,404 [INFO] [MIRRORS] mirrors.json actualizado dinámicamente desde GitHub.
2026-09-11 22:54:04,537 [DEBUG] Importing PngImagePlugin
2026-09-11 22:54:04,548 [DEBUG] STREAM b'IHDR' 16 13
2026-09-11 22:54:04,548 [DEBUG] STREAM b'eXIf' 41 180
2026-09-11 22:54:04,548 [DEBUG] STREAM b'pHYs' 233 9
2026-09-11 22:54:04,548 [DEBUG] STREAM b'iTXt' 254 1377
2026-09-11 22:54:04,549 [DEBUG] STREAM b'IDAT' 1643 8192
2026-09-11 22:54:04,549 [DEBUG] STREAM b'IHDR' 16 13
2026-09-11 22:54:04,549 [DEBUG] STREAM b'eXIf' 41 180
2026-09-11 22:54:04,549 [DEBUG] STREAM b'pHYs' 233 9
2026-09-11 22:54:04,549 [DEBUG] STREAM b'iTXt' 254 1377
2026-09-11 22:54:04,550 [DEBUG] STREAM b'IDAT' 1643 8192
2026-09-11 22:54:04,550 [DEBUG] STREAM b'IHDR' 16 13
2026-09-11 22:54:04,550 [DEBUG] STREAM b'eXIf' 41 180
2026-09-11 22:54:04,550 [DEBUG] STREAM b'pHYs' 233 9
2026-09-11 22:54:04,550 [DEBUG] STREAM b'iTXt' 254 1379
2026-09-11 22:54:04,550 [DEBUG] STREAM b'IDAT' 1645 8192
2026-09-11 22:54:04,550 [DEBUG] STREAM b'IHDR' 16 13
2026-09-11 22:54:04,551 [DEBUG] STREAM b'eXIf' 41 180
2026-09-11 22:54:04,551 [DEBUG] STREAM b'pHYs' 233 9
2026-09-11 22:54:04,551 [DEBUG] STREAM b'iTXt' 254 1379
2026-09-11 22:54:04,551 [DEBUG] STREAM b'IDAT' 1645 8192
2026-09-11 22:54:04,551 [DEBUG] STREAM b'IHDR' 16 13
2026-09-11 22:54:04,551 [DEBUG] STREAM b'eXIf' 41 180
2026-09-11 22:54:04,551 [DEBUG] STREAM b'pHYs' 233 9
2026-09-11 22:54:04,551 [DEBUG] STREAM b'iTXt' 254 1390
2026-09-11 22:54:04,551 [DEBUG] STREAM b'IDAT' 1656 8192
2026-09-11 22:54:04,552 [DEBUG] STREAM b'IHDR' 16 13
2026-09-11 22:54:04,552 [DEBUG] STREAM b'eXIf' 41 180
2026-09-11 22:54:04,552 [DEBUG] STREAM b'pHYs' 233 9
2026-09-11 22:54:04,552 [DEBUG] STREAM b'iTXt' 254 1379
2026-09-11 22:54:04,552 [DEBUG] STREAM b'IDAT' 1645 8192
2026-09-11 22:54:04,552 [DEBUG] STREAM b'IHDR' 16 13
2026-09-11 22:54:04,552 [DEBUG] STREAM b'eXIf' 41 180
2026-09-11 22:54:04,553 [DEBUG] STREAM b'pHYs' 233 9
2026-09-11 22:54:04,553 [DEBUG] STREAM b'iTXt' 254 1386
2026-09-11 22:54:04,553 [DEBUG] STREAM b'IDAT' 1652 8192
2026-09-11 22:54:04,553 [DEBUG] STREAM b'IHDR' 16 13
2026-09-11 22:54:04,553 [DEBUG] STREAM b'eXIf' 41 180
2026-09-11 22:54:04,553 [DEBUG] STREAM b'pHYs' 233 9
2026-09-11 22:54:04,553 [DEBUG] STREAM b'iTXt' 254 1390
2026-09-11 22:54:04,554 [DEBUG] STREAM b'IDAT' 1656 8192
2026-09-11 22:54:04,554 [DEBUG] Importing GifImagePlugin
2026-09-11 22:54:04,561 [DEBUG] STREAM b'IHDR' 16 13
2026-09-11 22:54:04,562 [DEBUG] STREAM b'eXIf' 41 180
2026-09-11 22:54:04,562 [DEBUG] STREAM b'pHYs' 233 9
2026-09-11 22:54:04,562 [DEBUG] STREAM b'iTXt' 254 1386
2026-09-11 22:54:04,562 [DEBUG] STREAM b'IDAT' 1652 8192
2026-09-11 22:54:04,562 [DEBUG] STREAM b'IHDR' 16 13
2026-09-11 22:54:04,562 [DEBUG] STREAM b'eXIf' 41 180
2026-09-11 22:54:04,562 [DEBUG] STREAM b'pHYs' 233 9
2026-09-11 22:54:04,562 [DEBUG] STREAM b'iTXt' 254 1386
2026-09-11 22:54:04,563 [DEBUG] STREAM b'IDAT' 1652 8192
2026-09-11 22:54:05,320 [INFO] ✔ Proceso Watchdog de soporte iniciado para PID 12892
-> Usando tamaño local predefinido para bato_64: 0 bytes.
-> Usando tamaño local predefinido para batocera_64: 0 bytes.
-> Usando tamaño local predefinido para bato_32: 0 bytes.
-> Usando tamaño local predefinido para batocera_32: 0 bytes.
-> Usando tamaño local predefinido para pack_hollow: 0 bytes.
-> Usando tamaño local predefinido para pack_hollow: 0 bytes.
2026-09-11 22:54:05,654 [DEBUG] STREAM b'IHDR' 16 13
2026-09-11 22:54:05,655 [DEBUG] STREAM b'eXIf' 41 180
2026-09-11 22:54:05,655 [DEBUG] STREAM b'pHYs' 233 9
2026-09-11 22:54:05,655 [DEBUG] STREAM b'iTXt' 254 1377
2026-09-11 22:54:05,655 [DEBUG] STREAM b'IDAT' 1643 8192
2026-09-11 22:54:06,349 [DEBUG] Starting new HTTPS connection (1): api.github.com:443
2026-09-11 22:54:06,870 [DEBUG] https://api.github.com:443 "GET /repos/MVP-Savyn/SAVIN-HOLLOWDRIVE/releases/latest HTTP/1.1" 200 976
