2026-09-07 16:39:00,167 [INFO] === INICIANDO HOLLOWDRIVE V12.5 ===
2026-09-07 16:39:00,167 [INFO] Ruta base del programa: D:\Documents\vscode\SAVIN-HOLLOWDRIVE
2026-09-07 16:39:00,167 [INFO] Archivo de registro de la sesión: D:\Documents\vscode\SAVIN-HOLLOWDRIVE\logs\hollowdrive_2026-09-07_16-38-59.log
2026-09-07 16:39:00,169 [DEBUG] Starting new HTTPS connection (1): raw.githubusercontent.com:443
2026-09-07 16:39:00,640 [DEBUG] https://raw.githubusercontent.com:443 "GET /MVP-Savyn/SAVIN-HOLLOWDRIVE/main/engine/mirrors.json HTTP/1.1" 404 14
2026-09-07 16:39:00,762 [DEBUG] Importing PngImagePlugin
2026-09-07 16:39:00,773 [DEBUG] STREAM b'IHDR' 16 13
2026-09-07 16:39:00,773 [DEBUG] STREAM b'eXIf' 41 180
2026-09-07 16:39:00,774 [DEBUG] STREAM b'pHYs' 233 9
2026-09-07 16:39:00,774 [DEBUG] STREAM b'iTXt' 254 1377
2026-09-07 16:39:00,774 [DEBUG] STREAM b'IDAT' 1643 8192
2026-09-07 16:39:00,774 [DEBUG] STREAM b'IHDR' 16 13
2026-09-07 16:39:00,774 [DEBUG] STREAM b'eXIf' 41 180
2026-09-07 16:39:00,774 [DEBUG] STREAM b'pHYs' 233 9
2026-09-07 16:39:00,774 [DEBUG] STREAM b'iTXt' 254 1377
2026-09-07 16:39:00,774 [DEBUG] STREAM b'IDAT' 1643 8192
2026-09-07 16:39:00,774 [DEBUG] STREAM b'IHDR' 16 13
2026-09-07 16:39:00,774 [DEBUG] STREAM b'eXIf' 41 180
2026-09-07 16:39:00,775 [DEBUG] STREAM b'pHYs' 233 9
2026-09-07 16:39:00,775 [DEBUG] STREAM b'iTXt' 254 1379
2026-09-07 16:39:00,775 [DEBUG] STREAM b'IDAT' 1645 8192
2026-09-07 16:39:00,775 [DEBUG] STREAM b'IHDR' 16 13
2026-09-07 16:39:00,775 [DEBUG] STREAM b'eXIf' 41 180
2026-09-07 16:39:00,775 [DEBUG] STREAM b'pHYs' 233 9
2026-09-07 16:39:00,775 [DEBUG] STREAM b'iTXt' 254 1379
2026-09-07 16:39:00,775 [DEBUG] STREAM b'IDAT' 1645 8192
2026-09-07 16:39:00,776 [DEBUG] STREAM b'IHDR' 16 13
2026-09-07 16:39:00,776 [DEBUG] STREAM b'eXIf' 41 180
2026-09-07 16:39:00,776 [DEBUG] STREAM b'pHYs' 233 9
2026-09-07 16:39:00,776 [DEBUG] STREAM b'iTXt' 254 1390
2026-09-07 16:39:00,776 [DEBUG] STREAM b'IDAT' 1656 8192
2026-09-07 16:39:00,776 [DEBUG] STREAM b'IHDR' 16 13
2026-09-07 16:39:00,776 [DEBUG] STREAM b'eXIf' 41 180
2026-09-07 16:39:00,777 [DEBUG] STREAM b'pHYs' 233 9
2026-09-07 16:39:00,777 [DEBUG] STREAM b'iTXt' 254 1379
2026-09-07 16:39:00,777 [DEBUG] STREAM b'IDAT' 1645 8192
2026-09-07 16:39:00,777 [DEBUG] STREAM b'IHDR' 16 13
2026-09-07 16:39:00,777 [DEBUG] STREAM b'eXIf' 41 180
2026-09-07 16:39:00,777 [DEBUG] STREAM b'pHYs' 233 9
2026-09-07 16:39:00,777 [DEBUG] STREAM b'iTXt' 254 1386
2026-09-07 16:39:00,777 [DEBUG] STREAM b'IDAT' 1652 8192
2026-09-07 16:39:00,777 [DEBUG] STREAM b'IHDR' 16 13
2026-09-07 16:39:00,777 [DEBUG] STREAM b'eXIf' 41 180
2026-09-07 16:39:00,778 [DEBUG] STREAM b'pHYs' 233 9
2026-09-07 16:39:00,778 [DEBUG] STREAM b'iTXt' 254 1390
2026-09-07 16:39:00,778 [DEBUG] STREAM b'IDAT' 1656 8192
2026-09-07 16:39:00,778 [DEBUG] Importing GifImagePlugin
2026-09-07 16:39:00,786 [DEBUG] STREAM b'IHDR' 16 13
2026-09-07 16:39:00,786 [DEBUG] STREAM b'eXIf' 41 180
2026-09-07 16:39:00,786 [DEBUG] STREAM b'pHYs' 233 9
2026-09-07 16:39:00,786 [DEBUG] STREAM b'iTXt' 254 1386
2026-09-07 16:39:00,786 [DEBUG] STREAM b'IDAT' 1652 8192
2026-09-07 16:39:00,787 [DEBUG] STREAM b'IHDR' 16 13
2026-09-07 16:39:00,787 [DEBUG] STREAM b'eXIf' 41 180
2026-09-07 16:39:00,787 [DEBUG] STREAM b'pHYs' 233 9
2026-09-07 16:39:00,787 [DEBUG] STREAM b'iTXt' 254 1386
2026-09-07 16:39:00,787 [DEBUG] STREAM b'IDAT' 1652 8192
2026-09-07 16:39:01,568 [INFO] ✔ Proceso Watchdog de soporte iniciado para PID 21056
-> Usando tamaño local predefinido para bato_64: 0 bytes.
-> Usando tamaño local predefinido para batocera_64: 0 bytes.
-> Usando tamaño local predefinido para bato_32: 0 bytes.
-> Usando tamaño local predefinido para batocera_32: 0 bytes.
-> Usando tamaño local predefinido para pack_bato: 0 bytes.
-> Usando tamaño local predefinido para pack_batocera: 0 bytes.
-> Usando tamaño local predefinido para pack_hollow: 0 bytes.
-> Usando tamaño local predefinido para pack_hollow: 0 bytes.
2026-09-07 16:39:01,911 [DEBUG] STREAM b'IHDR' 16 13
2026-09-07 16:39:01,911 [DEBUG] STREAM b'eXIf' 41 180
2026-09-07 16:39:01,912 [DEBUG] STREAM b'pHYs' 233 9
2026-09-07 16:39:01,912 [DEBUG] STREAM b'iTXt' 254 1377
2026-09-07 16:39:01,912 [DEBUG] STREAM b'IDAT' 1643 8192
2026-09-07 16:39:02,607 [DEBUG] Starting new HTTPS connection (1): api.github.com:443
2026-09-07 16:39:03,102 [DEBUG] https://api.github.com:443 "GET /repos/MVP-Savyn/SAVIN-HOLLOWDRIVE/releases/latest HTTP/1.1" 404 125
