2026-09-11 19:01:46,522 [INFO] === INICIANDO HOLLOWDRIVE V12.5 ===
2026-09-11 19:01:46,522 [INFO] Ruta base del programa: D:\Documents\vscode\SAVIN-HOLLOWDRIVE
2026-09-11 19:01:46,523 [INFO] Archivo de registro de la sesión: D:\Documents\vscode\SAVIN-HOLLOWDRIVE\logs\hollowdrive_2026-09-11_19-01-44.log
2026-09-11 19:01:46,531 [DEBUG] Starting new HTTPS connection (1): raw.githubusercontent.com:443
2026-09-11 19:01:47,047 [DEBUG] https://raw.githubusercontent.com:443 "GET /MVP-Savyn/SAVIN-HOLLOWDRIVE/main/engine/mirrors.json HTTP/1.1" 200 577
2026-09-11 19:01:47,048 [INFO] [MIRRORS] mirrors.json actualizado dinámicamente desde GitHub.
2026-09-11 19:01:47,523 [DEBUG] Importing PngImagePlugin
2026-09-11 19:01:47,611 [DEBUG] STREAM b'IHDR' 16 13
2026-09-11 19:01:47,611 [DEBUG] STREAM b'eXIf' 41 180
2026-09-11 19:01:47,611 [DEBUG] STREAM b'pHYs' 233 9
2026-09-11 19:01:47,612 [DEBUG] STREAM b'iTXt' 254 1377
2026-09-11 19:01:47,612 [DEBUG] STREAM b'IDAT' 1643 8192
2026-09-11 19:01:47,616 [DEBUG] STREAM b'IHDR' 16 13
2026-09-11 19:01:47,617 [DEBUG] STREAM b'eXIf' 41 180
2026-09-11 19:01:47,617 [DEBUG] STREAM b'pHYs' 233 9
2026-09-11 19:01:47,617 [DEBUG] STREAM b'iTXt' 254 1377
2026-09-11 19:01:47,617 [DEBUG] STREAM b'IDAT' 1643 8192
2026-09-11 19:01:47,623 [DEBUG] STREAM b'IHDR' 16 13
2026-09-11 19:01:47,623 [DEBUG] STREAM b'eXIf' 41 180
2026-09-11 19:01:47,624 [DEBUG] STREAM b'pHYs' 233 9
2026-09-11 19:01:47,624 [DEBUG] STREAM b'iTXt' 254 1379
2026-09-11 19:01:47,624 [DEBUG] STREAM b'IDAT' 1645 8192
2026-09-11 19:01:47,629 [DEBUG] STREAM b'IHDR' 16 13
2026-09-11 19:01:47,629 [DEBUG] STREAM b'eXIf' 41 180
2026-09-11 19:01:47,629 [DEBUG] STREAM b'pHYs' 233 9
2026-09-11 19:01:47,629 [DEBUG] STREAM b'iTXt' 254 1379
2026-09-11 19:01:47,629 [DEBUG] STREAM b'IDAT' 1645 8192
2026-09-11 19:01:47,635 [DEBUG] STREAM b'IHDR' 16 13
2026-09-11 19:01:47,635 [DEBUG] STREAM b'eXIf' 41 180
2026-09-11 19:01:47,635 [DEBUG] STREAM b'pHYs' 233 9
2026-09-11 19:01:47,635 [DEBUG] STREAM b'iTXt' 254 1390
2026-09-11 19:01:47,635 [DEBUG] STREAM b'IDAT' 1656 8192
2026-09-11 19:01:47,643 [DEBUG] STREAM b'IHDR' 16 13
2026-09-11 19:01:47,643 [DEBUG] STREAM b'eXIf' 41 180
2026-09-11 19:01:47,644 [DEBUG] STREAM b'pHYs' 233 9
2026-09-11 19:01:47,644 [DEBUG] STREAM b'iTXt' 254 1379
2026-09-11 19:01:47,644 [DEBUG] STREAM b'IDAT' 1645 8192
2026-09-11 19:01:47,648 [DEBUG] STREAM b'IHDR' 16 13
2026-09-11 19:01:47,648 [DEBUG] STREAM b'eXIf' 41 180
2026-09-11 19:01:47,649 [DEBUG] STREAM b'pHYs' 233 9
2026-09-11 19:01:47,649 [DEBUG] STREAM b'iTXt' 254 1386
2026-09-11 19:01:47,649 [DEBUG] STREAM b'IDAT' 1652 8192
2026-09-11 19:01:47,653 [DEBUG] STREAM b'IHDR' 16 13
2026-09-11 19:01:47,653 [DEBUG] STREAM b'eXIf' 41 180
2026-09-11 19:01:47,653 [DEBUG] STREAM b'pHYs' 233 9
2026-09-11 19:01:47,654 [DEBUG] STREAM b'iTXt' 254 1390
2026-09-11 19:01:47,654 [DEBUG] STREAM b'IDAT' 1656 8192
2026-09-11 19:01:47,655 [DEBUG] Importing GifImagePlugin
2026-09-11 19:01:47,699 [DEBUG] STREAM b'IHDR' 16 13
2026-09-11 19:01:47,699 [DEBUG] STREAM b'eXIf' 41 180
2026-09-11 19:01:47,699 [DEBUG] STREAM b'pHYs' 233 9
2026-09-11 19:01:47,699 [DEBUG] STREAM b'iTXt' 254 1386
2026-09-11 19:01:47,699 [DEBUG] STREAM b'IDAT' 1652 8192
2026-09-11 19:01:47,704 [DEBUG] STREAM b'IHDR' 16 13
2026-09-11 19:01:47,704 [DEBUG] STREAM b'eXIf' 41 180
2026-09-11 19:01:47,704 [DEBUG] STREAM b'pHYs' 233 9
2026-09-11 19:01:47,705 [DEBUG] STREAM b'iTXt' 254 1386
2026-09-11 19:01:47,705 [DEBUG] STREAM b'IDAT' 1652 8192
2026-09-11 19:01:48,582 [INFO] ✔ Proceso Watchdog de soporte iniciado para PID 15624
-> Usando tamaño local predefinido para bato_64: 0 bytes.
-> Usando tamaño local predefinido para batocera_64: 0 bytes.
-> Usando tamaño local predefinido para bato_32: 0 bytes.
-> Usando tamaño local predefinido para batocera_32: 0 bytes.
-> Usando tamaño local predefinido para pack_bato: 0 bytes.
-> Usando tamaño local predefinido para pack_batocera: 0 bytes.
-> Usando tamaño local predefinido para pack_hollow: 0 bytes.
-> Usando tamaño local predefinido para pack_hollow: 0 bytes.
2026-09-11 19:01:48,963 [DEBUG] STREAM b'IHDR' 16 13
2026-09-11 19:01:48,963 [DEBUG] STREAM b'eXIf' 41 180
2026-09-11 19:01:48,963 [DEBUG] STREAM b'pHYs' 233 9
2026-09-11 19:01:48,963 [DEBUG] STREAM b'iTXt' 254 1377
2026-09-11 19:01:48,964 [DEBUG] STREAM b'IDAT' 1643 8192
2026-09-11 19:01:49,623 [DEBUG] Starting new HTTPS connection (1): api.github.com:443
2026-09-11 19:01:50,114 [DEBUG] https://api.github.com:443 "GET /repos/MVP-Savyn/SAVIN-HOLLOWDRIVE/releases/latest HTTP/1.1" 200 976
2026-09-11 19:02:38,924 [DEBUG] Starting new HTTPS connection (1): huggingface.co:443
2026-09-11 19:02:39,186 [DEBUG] https://huggingface.co:443 "HEAD / HTTP/1.1" 200 0
2026-09-11 19:02:51,621 [DEBUG] Starting new HTTPS connection (1): huggingface.co:443
2026-09-11 19:02:51,825 [DEBUG] https://huggingface.co:443 "HEAD / HTTP/1.1" 200 0
2026-09-11 19:03:23,345 [INFO] Exclusión de Windows Defender añadida para: F:\
