2026-08-09 02:13:08,834 [INFO] === INICIANDO HOLLOWDRIVE V12.5 ===
2026-08-09 02:13:08,834 [INFO] Ruta base del programa: D:\Documents\vscode\SAVIN-HOLLOWDRIVE
2026-08-09 02:13:08,834 [INFO] Archivo de registro de la sesión: D:\Documents\vscode\SAVIN-HOLLOWDRIVE\logs\hollowdrive_2026-08-09_02-13-08.log
2026-08-09 02:13:08,836 [DEBUG] Starting new HTTPS connection (1): raw.githubusercontent.com:443
2026-08-09 02:13:09,203 [DEBUG] https://raw.githubusercontent.com:443 "GET /MVP-Savyn/SAVIN-HOLLOWDRIVE/main/engine/mirrors.json HTTP/1.1" 404 14
2026-08-09 02:13:09,327 [DEBUG] Importing PngImagePlugin
2026-08-09 02:13:09,337 [DEBUG] STREAM b'IHDR' 16 13
2026-08-09 02:13:09,337 [DEBUG] STREAM b'eXIf' 41 180
2026-08-09 02:13:09,337 [DEBUG] STREAM b'pHYs' 233 9
2026-08-09 02:13:09,337 [DEBUG] STREAM b'iTXt' 254 1377
2026-08-09 02:13:09,337 [DEBUG] STREAM b'IDAT' 1643 8192
2026-08-09 02:13:09,337 [DEBUG] STREAM b'IHDR' 16 13
2026-08-09 02:13:09,337 [DEBUG] STREAM b'eXIf' 41 180
2026-08-09 02:13:09,337 [DEBUG] STREAM b'pHYs' 233 9
2026-08-09 02:13:09,337 [DEBUG] STREAM b'iTXt' 254 1377
2026-08-09 02:13:09,337 [DEBUG] STREAM b'IDAT' 1643 8192
2026-08-09 02:13:09,338 [DEBUG] STREAM b'IHDR' 16 13
2026-08-09 02:13:09,338 [DEBUG] STREAM b'eXIf' 41 180
2026-08-09 02:13:09,338 [DEBUG] STREAM b'pHYs' 233 9
2026-08-09 02:13:09,338 [DEBUG] STREAM b'iTXt' 254 1379
2026-08-09 02:13:09,338 [DEBUG] STREAM b'IDAT' 1645 8192
2026-08-09 02:13:09,338 [DEBUG] STREAM b'IHDR' 16 13
2026-08-09 02:13:09,338 [DEBUG] STREAM b'eXIf' 41 180
2026-08-09 02:13:09,338 [DEBUG] STREAM b'pHYs' 233 9
2026-08-09 02:13:09,338 [DEBUG] STREAM b'iTXt' 254 1379
2026-08-09 02:13:09,338 [DEBUG] STREAM b'IDAT' 1645 8192
2026-08-09 02:13:09,338 [DEBUG] STREAM b'IHDR' 16 13
2026-08-09 02:13:09,338 [DEBUG] STREAM b'eXIf' 41 180
2026-08-09 02:13:09,338 [DEBUG] STREAM b'pHYs' 233 9
2026-08-09 02:13:09,338 [DEBUG] STREAM b'iTXt' 254 1390
2026-08-09 02:13:09,338 [DEBUG] STREAM b'IDAT' 1656 8192
2026-08-09 02:13:09,339 [DEBUG] STREAM b'IHDR' 16 13
2026-08-09 02:13:09,339 [DEBUG] STREAM b'eXIf' 41 180
2026-08-09 02:13:09,339 [DEBUG] STREAM b'pHYs' 233 9
2026-08-09 02:13:09,339 [DEBUG] STREAM b'iTXt' 254 1379
2026-08-09 02:13:09,339 [DEBUG] STREAM b'IDAT' 1645 8192
2026-08-09 02:13:09,339 [DEBUG] STREAM b'IHDR' 16 13
2026-08-09 02:13:09,339 [DEBUG] STREAM b'IDAT' 41 4096
2026-08-09 02:13:09,339 [DEBUG] STREAM b'IHDR' 16 13
2026-08-09 02:13:09,339 [DEBUG] STREAM b'eXIf' 41 180
2026-08-09 02:13:09,339 [DEBUG] STREAM b'pHYs' 233 9
2026-08-09 02:13:09,339 [DEBUG] STREAM b'iTXt' 254 1390
2026-08-09 02:13:09,339 [DEBUG] STREAM b'IDAT' 1656 8192
2026-08-09 02:13:09,339 [DEBUG] Importing GifImagePlugin
2026-08-09 02:13:09,346 [DEBUG] STREAM b'IHDR' 16 13
2026-08-09 02:13:09,346 [DEBUG] STREAM b'eXIf' 41 180
2026-08-09 02:13:09,346 [DEBUG] STREAM b'pHYs' 233 9
2026-08-09 02:13:09,346 [DEBUG] STREAM b'iTXt' 254 1386
2026-08-09 02:13:09,346 [DEBUG] STREAM b'IDAT' 1652 8192
2026-08-09 02:13:09,346 [DEBUG] STREAM b'IHDR' 16 13
2026-08-09 02:13:09,346 [DEBUG] STREAM b'eXIf' 41 180
2026-08-09 02:13:09,346 [DEBUG] STREAM b'pHYs' 233 9
2026-08-09 02:13:09,347 [DEBUG] STREAM b'iTXt' 254 1386
2026-08-09 02:13:09,347 [DEBUG] STREAM b'IDAT' 1652 8192
2026-08-09 02:13:09,705 [DEBUG] STREAM b'IDAT' 9475 6
2026-08-09 02:13:10,018 [INFO] -> Usando tamaño local predefinido para bato_64: 0 bytes.
2026-08-09 02:13:10,018 [INFO] -> Usando tamaño local predefinido para batocera_64: 0 bytes.
2026-08-09 02:13:10,019 [INFO] -> Usando tamaño local predefinido para bato_32: 0 bytes.
2026-08-09 02:13:10,019 [INFO] -> Usando tamaño local predefinido para batocera_32: 0 bytes.
2026-08-09 02:13:10,019 [INFO] -> Usando tamaño local predefinido para pack_bato: 0 bytes.
2026-08-09 02:13:10,020 [INFO] -> Usando tamaño local predefinido para pack_batocera: 0 bytes.
2026-08-09 02:13:10,020 [INFO] -> Usando tamaño local predefinido para pack_hollow: 0 bytes.
2026-08-09 02:13:10,020 [INFO] -> Usando tamaño local predefinido para pack_hollow: 0 bytes.
2026-08-09 02:13:11,019 [DEBUG] Starting new HTTPS connection (1): api.github.com:443
2026-08-09 02:13:11,431 [DEBUG] https://api.github.com:443 "GET /repos/MVP-Savyn/SAVIN-HOLLOWDRIVE/releases/latest HTTP/1.1" 404 125
2026-08-09 02:13:33,907 [INFO] =======================================================
2026-08-09 02:13:33,907 [INFO] [DIAGNÓSTICO RAM] Iniciando Stream Directo a USB: \\.\G:
2026-08-09 02:13:33,907 [INFO] =======================================================
2026-08-09 02:13:33,908 [DEBUG] Starting new HTTPS connection (1): huggingface.co:443
2026-08-09 02:13:34,258 [DEBUG] https://huggingface.co:443 "HEAD /datasets/HollowDrive/HollowDrive/resolve/main/hollowdrive_cachy_efi.img HTTP/1.1" 302 0
2026-08-09 02:13:34,259 [DEBUG] Starting new HTTPS connection (1): us.aws.cdn.hf.co:443
2026-08-09 02:13:34,656 [DEBUG] https://us.aws.cdn.hf.co:443 "HEAD /xet-bridge-us/6a5bfdc368c85db044febc71/984f0f2f2ca65fbf97fb2cc0399523ad8bbac5364c108d711bdbd60319daade5?X-Xet-Cas-Uid=6a5bfd38147a8c22c7f583b3&response-content-disposition=inline%3B+filename*%3DUTF-8%27%27hollowdrive_cachy_efi.img%3B+filename%3D%22hollowdrive_cachy_efi.img%22%3B&user_id=6a5bfd38147a8c22c7f583b3&response-content-type=application%2Foctet-stream&Expires=1786238014&Policy=eyJTdGF0ZW1lbnQiOlt7IlJlc291cmNlIjoiaHR0cHM6Ly91cy5hd3MuY2RuLmhmLmNvL3hldC1icmlkZ2UtdXMvNmE1YmZkYzM2OGM4NWRiMDQ0ZmViYzcxLzk4NGYwZjJmMmNhNjVmYmY5N2ZiMmNjMDM5OTUyM2FkOGJiYWM1MzY0YzEwOGQ3MTFiZGJkNjAzMTlkYWFkZTVcXD9YLVhldC1DYXMtVWlkPTZhNWJmZDM4MTQ3YThjMjJjN2Y1ODNiMyZyZXNwb25zZS1jb250ZW50LWRpc3Bvc2l0aW9uPWlubGluZSUzQitmaWxlbmFtZSUyQSUzRFVURi04JTI3JTI3aG9sbG93ZHJpdmVfY2FjaHlfZWZpLmltZyUzQitmaWxlbmFtZSUzRCUyMmhvbGxvd2RyaXZlX2NhY2h5X2VmaS5pbWclMjIlM0ImdXNlcl9pZD02YTViZmQzODE0N2E4YzIyYzdmNTgzYjMmcmVzcG9uc2UtY29udGVudC10eXBlPWFwcGxpY2F0aW9uJTJGb2N0ZXQtc3RyZWFtIiwiQ29uZGl0aW9uIjp7IkRhdGVMZXNzVGhhbiI6eyJFcG9jaFRpbWUiOjE3ODYyMzgwMTR9fX1dfQ__&Signature=MEQCIFlulfXalHUfxUrLGg1neG8f21B3LlIvWHUsJbhyoDKtAiADST~lGJw5TaHHWxzChIoRXx~ZWu1smtK8ZZrKKe~uTA__&Key-Pair-Id=01KXEF4KZ1B6FV465MAWR4M21F HTTP/1.1" 200 0
2026-08-09 02:13:34,659 [INFO] [RAM -> USB] Llenando colchón inicial de precarga en RAM...
2026-08-09 02:13:34,660 [DEBUG] Starting new HTTPS connection (1): huggingface.co:443
2026-08-09 02:13:34,983 [DEBUG] https://huggingface.co:443 "GET /datasets/HollowDrive/HollowDrive/resolve/main/hollowdrive_cachy_efi.img HTTP/1.1" 302 1221
2026-08-09 02:13:34,984 [DEBUG] Starting new HTTPS connection (1): us.aws.cdn.hf.co:443
2026-08-09 02:13:35,570 [DEBUG] https://us.aws.cdn.hf.co:443 "GET /xet-bridge-us/6a5bfdc368c85db044febc71/984f0f2f2ca65fbf97fb2cc0399523ad8bbac5364c108d711bdbd60319daade5?user_id=6a5bfd38147a8c22c7f583b3&response-content-type=application%2Foctet-stream&X-Xet-Cas-Uid=6a5bfd38147a8c22c7f583b3&response-content-disposition=inline%3B+filename*%3DUTF-8%27%27hollowdrive_cachy_efi.img%3B+filename%3D%22hollowdrive_cachy_efi.img%22%3B&Expires=1786238015&Policy=eyJTdGF0ZW1lbnQiOlt7IlJlc291cmNlIjoiaHR0cHM6Ly91cy5hd3MuY2RuLmhmLmNvL3hldC1icmlkZ2UtdXMvNmE1YmZkYzM2OGM4NWRiMDQ0ZmViYzcxLzk4NGYwZjJmMmNhNjVmYmY5N2ZiMmNjMDM5OTUyM2FkOGJiYWM1MzY0YzEwOGQ3MTFiZGJkNjAzMTlkYWFkZTVcXD91c2VyX2lkPTZhNWJmZDM4MTQ3YThjMjJjN2Y1ODNiMyZyZXNwb25zZS1jb250ZW50LXR5cGU9YXBwbGljYXRpb24lMkZvY3RldC1zdHJlYW0mWC1YZXQtQ2FzLVVpZD02YTViZmQzODE0N2E4YzIyYzdmNTgzYjMmcmVzcG9uc2UtY29udGVudC1kaXNwb3NpdGlvbj1pbmxpbmUlM0IrZmlsZW5hbWUlMkElM0RVVEYtOCUyNyUyN2hvbGxvd2RyaXZlX2NhY2h5X2VmaS5pbWclM0IrZmlsZW5hbWUlM0QlMjJob2xsb3dkcml2ZV9jYWNoeV9lZmkuaW1nJTIyJTNCIiwiQ29uZGl0aW9uIjp7IkRhdGVMZXNzVGhhbiI6eyJFcG9jaFRpbWUiOjE3ODYyMzgwMTV9fX1dfQ__&Signature=MEQCIC1lLWnewvW7Stx4V4Pjg95kDUffdMibO4j-0DS1QKdTAiAbYqjU3RND8C~2NE-2i5hXCLNS~CbE8H3oSe9xE6qsbg__&Key-Pair-Id=01KXEF4KZ1B6FV465MAWR4M21F HTTP/1.1" 200 537587712
2026-08-09 02:13:36,095 [INFO] [RED -> RAM] Descargados: 0 MB | Vel. Red: 0.3 MB/s | Cola: 1/256
2026-08-09 02:13:36,899 [INFO] [  4.9%] [RAM -> USB] 25 MB | WriteFile:     1 ms | Cola:  26/256
2026-08-09 02:13:37,117 [INFO] [RED -> RAM] Descargados: 50 MB | Vel. Red: 20.3 MB/s | Cola: 1/256
2026-08-09 02:13:37,119 [INFO] [  9.8%] [RAM -> USB] 50 MB | WriteFile:     1 ms | Cola:   0/256
2026-08-09 02:13:37,125 [INFO] [RED -> RAM] Descargados: 50 MB | Vel. Red: 20.5 MB/s | Cola: 1/256
2026-08-09 02:13:37,657 [INFO] [ 14.6%] [RAM -> USB] 75 MB | WriteFile:     1 ms | Cola:   3/256
2026-08-09 02:13:38,104 [INFO] [RED -> RAM] Descargados: 100 MB | Vel. Red: 29.0 MB/s | Cola: 4/256
2026-08-09 02:13:38,109 [INFO] [ 19.5%] [RAM -> USB] 100 MB | WriteFile:     1 ms | Cola:   0/256
2026-08-09 02:13:38,140 [INFO] [RED -> RAM] Descargados: 100 MB | Vel. Red: 28.9 MB/s | Cola: 1/256
2026-08-09 02:13:38,580 [INFO] [ 24.4%] [RAM -> USB] 125 MB | WriteFile:     1 ms | Cola:   3/256
2026-08-09 02:13:38,977 [INFO] [RED -> RAM] Descargados: 150 MB | Vel. Red: 34.7 MB/s | Cola: 1/256
2026-08-09 02:13:38,979 [INFO] [ 29.3%] [RAM -> USB] 150 MB | WriteFile:     1 ms | Cola:   0/256
2026-08-09 02:13:38,986 [INFO] [RED -> RAM] Descargados: 150 MB | Vel. Red: 34.8 MB/s | Cola: 1/256
2026-08-09 02:13:39,429 [INFO] [ 34.1%] [RAM -> USB] 175 MB | WriteFile:     1 ms | Cola:   0/256
2026-08-09 02:13:43,496 [INFO] [RED -> RAM] Descargados: 200 MB | Vel. Red: 22.6 MB/s | Cola: 1/256
2026-08-09 02:13:43,498 [INFO] [ 39.0%] [RAM -> USB] 200 MB | WriteFile:     1 ms | Cola:   0/256
2026-08-09 02:13:43,506 [INFO] [RED -> RAM] Descargados: 200 MB | Vel. Red: 22.7 MB/s | Cola: 1/256
2026-08-09 02:13:43,989 [INFO] [ 43.9%] [RAM -> USB] 225 MB | WriteFile:     1 ms | Cola:   0/256
2026-08-09 02:13:44,393 [INFO] [RED -> RAM] Descargados: 250 MB | Vel. Red: 25.7 MB/s | Cola: 1/256
2026-08-09 02:13:44,394 [INFO] [ 48.8%] [RAM -> USB] 250 MB | WriteFile:     1 ms | Cola:   0/256
2026-08-09 02:13:44,401 [INFO] [RED -> RAM] Descargados: 250 MB | Vel. Red: 25.7 MB/s | Cola: 1/256
2026-08-09 02:13:48,337 [INFO] [ 53.6%] [RAM -> USB] 275 MB | WriteFile:     1 ms | Cola:   0/256
2026-08-09 02:13:48,783 [INFO] [RED -> RAM] Descargados: 300 MB | Vel. Red: 21.2 MB/s | Cola: 1/256
2026-08-09 02:13:48,784 [INFO] [ 58.5%] [RAM -> USB] 300 MB | WriteFile:     1 ms | Cola:   0/256
2026-08-09 02:13:48,792 [INFO] [RED -> RAM] Descargados: 300 MB | Vel. Red: 21.3 MB/s | Cola: 1/256
2026-08-09 02:13:49,291 [INFO] [ 63.4%] [RAM -> USB] 325 MB | WriteFile:     1 ms | Cola:   2/256
2026-08-09 02:13:49,767 [INFO] [RED -> RAM] Descargados: 350 MB | Vel. Red: 23.2 MB/s | Cola: 1/256
2026-08-09 02:13:49,768 [INFO] [ 68.3%] [RAM -> USB] 350 MB | WriteFile:     1 ms | Cola:   0/256
2026-08-09 02:13:49,778 [INFO] [RED -> RAM] Descargados: 350 MB | Vel. Red: 23.2 MB/s | Cola: 1/256
2026-08-09 02:13:50,267 [INFO] [ 73.1%] [RAM -> USB] 375 MB | WriteFile:     1 ms | Cola:   0/256
2026-08-09 02:13:51,341 [INFO] [RED -> RAM] Descargados: 400 MB | Vel. Red: 24.0 MB/s | Cola: 1/256
2026-08-09 02:13:51,342 [INFO] [ 78.0%] [RAM -> USB] 400 MB | WriteFile:     1 ms | Cola:   0/256
2026-08-09 02:13:51,359 [INFO] [RED -> RAM] Descargados: 400 MB | Vel. Red: 24.0 MB/s | Cola: 1/256
2026-08-09 02:13:53,473 [INFO] [ 82.9%] [RAM -> USB] 425 MB | WriteFile:     1 ms | Cola:   0/256
2026-08-09 02:13:54,749 [INFO] [RED -> RAM] Descargados: 450 MB | Vel. Red: 22.4 MB/s | Cola: 1/256
2026-08-09 02:13:54,751 [INFO] [ 87.8%] [RAM -> USB] 450 MB | WriteFile:     1 ms | Cola:   0/256
2026-08-09 02:13:54,762 [INFO] [RED -> RAM] Descargados: 450 MB | Vel. Red: 22.4 MB/s | Cola: 1/256
2026-08-09 02:13:57,162 [INFO] [ 92.6%] [RAM -> USB] 475 MB | WriteFile:     1 ms | Cola:   0/256
2026-08-09 02:13:57,584 [INFO] [RED -> RAM] Descargados: 500 MB | Vel. Red: 21.8 MB/s | Cola: 1/256
2026-08-09 02:13:57,585 [INFO] [ 97.5%] [RAM -> USB] 500 MB | WriteFile:     1 ms | Cola:   0/256
2026-08-09 02:13:57,592 [INFO] [RED -> RAM] Descargados: 500 MB | Vel. Red: 21.8 MB/s | Cola: 1/256
2026-08-09 02:13:58,121 [INFO] =======================================================

2026-08-09 02:13:58,425 [INFO] =======================================================
2026-08-09 02:13:58,425 [INFO] [DIAGNÓSTICO RAM] Iniciando Stream Directo a USB: \\.\H:
2026-08-09 02:13:58,425 [INFO] =======================================================
2026-08-09 02:13:58,427 [DEBUG] Starting new HTTPS connection (1): huggingface.co:443
2026-08-09 02:13:58,818 [DEBUG] https://huggingface.co:443 "HEAD /datasets/HollowDrive/HollowDrive/resolve/main/hollowdrive_cachy_sistema.img HTTP/1.1" 302 0
2026-08-09 02:13:58,820 [DEBUG] Starting new HTTPS connection (1): us.aws.cdn.hf.co:443
2026-08-09 02:13:59,221 [DEBUG] https://us.aws.cdn.hf.co:443 "HEAD /xet-bridge-us/6a5bfdc368c85db044febc71/f61c02c110d19ebd04fc19487a37d8c60d62143e671a71a5ad2b1c2ca0e833ab?response-content-type=application%2Foctet-stream&user_id=6a5bfd38147a8c22c7f583b3&response-content-disposition=inline%3B+filename*%3DUTF-8%27%27hollowdrive_cachy_sistema.img%3B+filename%3D%22hollowdrive_cachy_sistema.img%22%3B&X-Xet-Cas-Uid=6a5bfd38147a8c22c7f583b3&Expires=1786238039&Policy=eyJTdGF0ZW1lbnQiOlt7IlJlc291cmNlIjoiaHR0cHM6Ly91cy5hd3MuY2RuLmhmLmNvL3hldC1icmlkZ2UtdXMvNmE1YmZkYzM2OGM4NWRiMDQ0ZmViYzcxL2Y2MWMwMmMxMTBkMTllYmQwNGZjMTk0ODdhMzdkOGM2MGQ2MjE0M2U2NzFhNzFhNWFkMmIxYzJjYTBlODMzYWJcXD9yZXNwb25zZS1jb250ZW50LXR5cGU9YXBwbGljYXRpb24lMkZvY3RldC1zdHJlYW0mdXNlcl9pZD02YTViZmQzODE0N2E4YzIyYzdmNTgzYjMmcmVzcG9uc2UtY29udGVudC1kaXNwb3NpdGlvbj1pbmxpbmUlM0IrZmlsZW5hbWUlMkElM0RVVEYtOCUyNyUyN2hvbGxvd2RyaXZlX2NhY2h5X3Npc3RlbWEuaW1nJTNCK2ZpbGVuYW1lJTNEJTIyaG9sbG93ZHJpdmVfY2FjaHlfc2lzdGVtYS5pbWclMjIlM0ImWC1YZXQtQ2FzLVVpZD02YTViZmQzODE0N2E4YzIyYzdmNTgzYjMiLCJDb25kaXRpb24iOnsiRGF0ZUxlc3NUaGFuIjp7IkVwb2NoVGltZSI6MTc4NjIzODAzOX19fV19&Signature=MEUCIQD2-HToe5bNMxXUKlwS4Y45bHJZ7ztH1-5MuJ07SSKvSwIgHedmVdkrt6MlsVOp6nZG0g0dd0INz04K1odtYQe58cs_&Key-Pair-Id=01KXEF4KZ1B6FV465MAWR4M21F HTTP/1.1" 200 0
2026-08-09 02:13:59,229 [INFO] [RAM -> USB] Llenando colchón inicial de precarga en RAM...
2026-08-09 02:13:59,230 [DEBUG] Starting new HTTPS connection (1): huggingface.co:443
2026-08-09 02:13:59,644 [DEBUG] https://huggingface.co:443 "GET /datasets/HollowDrive/HollowDrive/resolve/main/hollowdrive_cachy_sistema.img HTTP/1.1" 302 1235
2026-08-09 02:13:59,645 [DEBUG] Starting new HTTPS connection (1): us.aws.cdn.hf.co:443
2026-08-09 02:14:00,310 [DEBUG] https://us.aws.cdn.hf.co:443 "GET /xet-bridge-us/6a5bfdc368c85db044febc71/f61c02c110d19ebd04fc19487a37d8c60d62143e671a71a5ad2b1c2ca0e833ab?response-content-disposition=inline%3B+filename*%3DUTF-8%27%27hollowdrive_cachy_sistema.img%3B+filename%3D%22hollowdrive_cachy_sistema.img%22%3B&user_id=6a5bfd38147a8c22c7f583b3&response-content-type=application%2Foctet-stream&X-Xet-Cas-Uid=6a5bfd38147a8c22c7f583b3&Expires=1786238040&Policy=eyJTdGF0ZW1lbnQiOlt7IlJlc291cmNlIjoiaHR0cHM6Ly91cy5hd3MuY2RuLmhmLmNvL3hldC1icmlkZ2UtdXMvNmE1YmZkYzM2OGM4NWRiMDQ0ZmViYzcxL2Y2MWMwMmMxMTBkMTllYmQwNGZjMTk0ODdhMzdkOGM2MGQ2MjE0M2U2NzFhNzFhNWFkMmIxYzJjYTBlODMzYWJcXD9yZXNwb25zZS1jb250ZW50LWRpc3Bvc2l0aW9uPWlubGluZSUzQitmaWxlbmFtZSUyQSUzRFVURi04JTI3JTI3aG9sbG93ZHJpdmVfY2FjaHlfc2lzdGVtYS5pbWclM0IrZmlsZW5hbWUlM0QlMjJob2xsb3dkcml2ZV9jYWNoeV9zaXN0ZW1hLmltZyUyMiUzQiZ1c2VyX2lkPTZhNWJmZDM4MTQ3YThjMjJjN2Y1ODNiMyZyZXNwb25zZS1jb250ZW50LXR5cGU9YXBwbGljYXRpb24lMkZvY3RldC1zdHJlYW0mWC1YZXQtQ2FzLVVpZD02YTViZmQzODE0N2E4YzIyYzdmNTgzYjMiLCJDb25kaXRpb24iOnsiRGF0ZUxlc3NUaGFuIjp7IkVwb2NoVGltZSI6MTc4NjIzODA0MH19fV19&Signature=MEUCIQDCXDPghkUGii9yIusXsEcPkFyfzXMLzLEQTFJ41Eik9wIgFXWoUY6aYVws-npkPC7~Dhhp9GvmNjRWtlkeki-Qb-U_&Key-Pair-Id=01KXEF4KZ1B6FV465MAWR4M21F HTTP/1.1" 200 13958643712
2026-08-09 02:14:01,239 [INFO] [RED -> RAM] Descargados: 0 MB | Vel. Red: 0.2 MB/s | Cola: 1/256
2026-08-09 02:14:02,013 [INFO] [  0.2%] [RAM -> USB] 25 MB | WriteFile:     1 ms | Cola:  24/256
2026-08-09 02:14:02,291 [INFO] [RED -> RAM] Descargados: 50 MB | Vel. Red: 16.3 MB/s | Cola: 1/256
2026-08-09 02:14:02,293 [INFO] [  0.4%] [RAM -> USB] 50 MB | WriteFile:     1 ms | Cola:   0/256
2026-08-09 02:14:02,300 [INFO] [RED -> RAM] Descargados: 50 MB | Vel. Red: 16.4 MB/s | Cola: 1/256
2026-08-09 02:14:02,777 [INFO] [  0.6%] [RAM -> USB] 75 MB | WriteFile:     1 ms | Cola:   0/256
2026-08-09 02:14:03,168 [INFO] [RED -> RAM] Descargados: 100 MB | Vel. Red: 25.4 MB/s | Cola: 1/256
2026-08-09 02:14:03,169 [INFO] [  0.8%] [RAM -> USB] 100 MB | WriteFile:     1 ms | Cola:   0/256
2026-08-09 02:14:03,177 [INFO] [RED -> RAM] Descargados: 100 MB | Vel. Red: 25.5 MB/s | Cola: 1/256
2026-08-09 02:14:03,635 [INFO] [  0.9%] [RAM -> USB] 125 MB | WriteFile:     7 ms | Cola:   2/256
2026-08-09 02:14:04,109 [INFO] [RED -> RAM] Descargados: 150 MB | Vel. Red: 30.7 MB/s | Cola: 2/256
2026-08-09 02:14:04,110 [INFO] [RED -> RAM] Descargados: 150 MB | Vel. Red: 30.8 MB/s | Cola: 3/256
2026-08-09 02:14:04,113 [INFO] [  1.1%] [RAM -> USB] 150 MB | WriteFile:     1 ms | Cola:   2/256
2026-08-09 02:14:04,553 [INFO] [  1.3%] [RAM -> USB] 175 MB | WriteFile:     1 ms | Cola:   0/256
2026-08-09 02:14:05,014 [INFO] [RED -> RAM] Descargados: 200 MB | Vel. Red: 34.6 MB/s | Cola: 1/256
2026-08-09 02:14:05,015 [INFO] [  1.5%] [RAM -> USB] 200 MB | WriteFile:     1 ms | Cola:   0/256
2026-08-09 02:14:05,023 [INFO] [RED -> RAM] Descargados: 200 MB | Vel. Red: 34.6 MB/s | Cola: 1/256
2026-08-09 02:14:05,476 [INFO] [  1.7%] [RAM -> USB] 225 MB | WriteFile:     1 ms | Cola:   0/256
2026-08-09 02:14:05,917 [INFO] [RED -> RAM] Descargados: 250 MB | Vel. Red: 37.4 MB/s | Cola: 1/256
2026-08-09 02:14:05,918 [INFO] [  1.9%] [RAM -> USB] 250 MB | WriteFile:     1 ms | Cola:   0/256
2026-08-09 02:14:05,925 [INFO] [RED -> RAM] Descargados: 250 MB | Vel. Red: 37.4 MB/s | Cola: 1/256
2026-08-09 02:14:06,339 [INFO] [  2.1%] [RAM -> USB] 275 MB | WriteFile:     1 ms | Cola:   0/256
2026-08-09 02:14:06,801 [INFO] [RED -> RAM] Descargados: 300 MB | Vel. Red: 39.6 MB/s | Cola: 3/256
2026-08-09 02:14:06,804 [INFO] [RED -> RAM] Descargados: 300 MB | Vel. Red: 39.7 MB/s | Cola: 1/256
2026-08-09 02:14:06,805 [INFO] [  2.3%] [RAM -> USB] 300 MB | WriteFile:     2 ms | Cola:   1/256
2026-08-09 02:14:07,271 [INFO] [  2.4%] [RAM -> USB] 325 MB | WriteFile:     1 ms | Cola:   2/256
2026-08-09 02:14:07,863 [INFO] [RED -> RAM] Descargados: 350 MB | Vel. Red: 40.5 MB/s | Cola: 2/256
2026-08-09 02:14:07,863 [INFO] [RED -> RAM] Descargados: 350 MB | Vel. Red: 40.6 MB/s | Cola: 3/256
2026-08-09 02:14:07,866 [INFO] [  2.6%] [RAM -> USB] 350 MB | WriteFile:     1 ms | Cola:   5/256
2026-08-09 02:14:08,269 [INFO] [  2.8%] [RAM -> USB] 375 MB | WriteFile:     1 ms | Cola:   0/256
2026-08-09 02:14:08,710 [INFO] [RED -> RAM] Descargados: 400 MB | Vel. Red: 42.2 MB/s | Cola: 1/256
2026-08-09 02:14:08,713 [INFO] [  3.0%] [RAM -> USB] 400 MB | WriteFile:     2 ms | Cola:   0/256
2026-08-09 02:14:08,716 [INFO] [RED -> RAM] Descargados: 400 MB | Vel. Red: 42.2 MB/s | Cola: 1/256
2026-08-09 02:14:09,127 [INFO] [  3.2%] [RAM -> USB] 425 MB | WriteFile:     1 ms | Cola:   0/256
2026-08-09 02:14:09,579 [INFO] [RED -> RAM] Descargados: 450 MB | Vel. Red: 43.5 MB/s | Cola: 1/256
2026-08-09 02:14:09,581 [INFO] [  3.4%] [RAM -> USB] 450 MB | WriteFile:     1 ms | Cola:   0/256
2026-08-09 02:14:09,637 [INFO] [RED -> RAM] Descargados: 450 MB | Vel. Red: 43.3 MB/s | Cola: 1/256
2026-08-09 02:14:09,981 [INFO] [  3.6%] [RAM -> USB] 475 MB | WriteFile:     1 ms | Cola:   0/256
2026-08-09 02:14:10,415 [INFO] [RED -> RAM] Descargados: 500 MB | Vel. Red: 44.7 MB/s | Cola: 1/256
2026-08-09 02:14:10,416 [INFO] [  3.8%] [RAM -> USB] 500 MB | WriteFile:     1 ms | Cola:   0/256
2026-08-09 02:14:10,466 [INFO] [RED -> RAM] Descargados: 500 MB | Vel. Red: 44.5 MB/s | Cola: 1/256
2026-08-09 02:14:10,913 [INFO] [  3.9%] [RAM -> USB] 525 MB | WriteFile:     1 ms | Cola:   0/256
2026-08-09 02:14:11,605 [INFO] [RED -> RAM] Descargados: 550 MB | Vel. Red: 44.4 MB/s | Cola: 1/256
2026-08-09 02:14:11,605 [INFO] [RED -> RAM] Descargados: 550 MB | Vel. Red: 44.5 MB/s | Cola: 1/256
2026-08-09 02:14:11,606 [INFO] [  4.1%] [RAM -> USB] 550 MB | WriteFile:     1 ms | Cola:   1/256
2026-08-09 02:14:12,068 [INFO] [  4.3%] [RAM -> USB] 575 MB | WriteFile:     1 ms | Cola:   0/256
2026-08-09 02:14:12,549 [INFO] [RED -> RAM] Descargados: 600 MB | Vel. Red: 45.0 MB/s | Cola: 1/256
2026-08-09 02:14:12,549 [INFO] 🔄 [RED] Límite preventivo de 600 MB alcanzado (600 MB totales). Renovando conexión...
2026-08-09 02:14:12,551 [INFO] [  4.5%] [RAM -> USB] 600 MB | WriteFile:     1 ms | Cola:   0/256
2026-08-09 02:14:12,551 [DEBUG] Starting new HTTPS connection (1): huggingface.co:443
2026-08-09 02:14:12,938 [DEBUG] https://huggingface.co:443 "GET /datasets/HollowDrive/HollowDrive/resolve/main/hollowdrive_cachy_sistema.img HTTP/1.1" 302 1307
2026-08-09 02:14:12,939 [DEBUG] Starting new HTTPS connection (1): us.aws.cdn.hf.co:443
2026-08-09 02:14:13,529 [DEBUG] https://us.aws.cdn.hf.co:443 "GET /xet-bridge-us/6a5bfdc368c85db044febc71/f61c02c110d19ebd04fc19487a37d8c60d62143e671a71a5ad2b1c2ca0e833ab?response-content-type=application%2Foctet-stream&response-content-disposition=inline%3B+filename*%3DUTF-8%27%27hollowdrive_cachy_sistema.img%3B+filename%3D%22hollowdrive_cachy_sistema.img%22%3B&user_id=6a5bfd38147a8c22c7f583b3&X-Xet-Cas-Uid=6a5bfd38147a8c22c7f583b3&Expires=1786238053&Policy=eyJTdGF0ZW1lbnQiOlt7IlJlc291cmNlIjoiaHR0cHM6Ly91cy5hd3MuY2RuLmhmLmNvL3hldC1icmlkZ2UtdXMvNmE1YmZkYzM2OGM4NWRiMDQ0ZmViYzcxL2Y2MWMwMmMxMTBkMTllYmQwNGZjMTk0ODdhMzdkOGM2MGQ2MjE0M2U2NzFhNzFhNWFkMmIxYzJjYTBlODMzYWJcXD9yZXNwb25zZS1jb250ZW50LXR5cGU9YXBwbGljYXRpb24lMkZvY3RldC1zdHJlYW0mcmVzcG9uc2UtY29udGVudC1kaXNwb3NpdGlvbj1pbmxpbmUlM0IrZmlsZW5hbWUlMkElM0RVVEYtOCUyNyUyN2hvbGxvd2RyaXZlX2NhY2h5X3Npc3RlbWEuaW1nJTNCK2ZpbGVuYW1lJTNEJTIyaG9sbG93ZHJpdmVfY2FjaHlfc2lzdGVtYS5pbWclMjIlM0ImdXNlcl9pZD02YTViZmQzODE0N2E4YzIyYzdmNTgzYjMmWC1YZXQtQ2FzLVVpZD02YTViZmQzODE0N2E4YzIyYzdmNTgzYjMiLCJDb25kaXRpb24iOnsiRGF0ZUxlc3NUaGFuIjp7IkVwb2NoVGltZSI6MTc4NjIzODA1M30sIkJ5dGVSYW5nZSI6eyJFeHBlY3RlZEhlYWRlciI6ImJ5dGVzPTYyOTE0NTYwMC0ifX19XX0_&Signature=MEYCIQDjThtA-bS7s7vg~R1mhuEUHc7wgCA2grHEgYBTHPbl6wIhAM60f~ze~UlRG80v7VW79w3ocYq-HLa8KYAQ4fUa8e8z&Key-Pair-Id=01KXEF4KZ1B6FV465MAWR4M21F HTTP/1.1" 206 13329498112
2026-08-09 02:14:14,215 [INFO] [RED -> RAM] Descargados: 600 MB | Vel. Red: 40.1 MB/s | Cola: 1/256
2026-08-09 02:14:14,891 [INFO] [  4.7%] [RAM -> USB] 625 MB | WriteFile:     2 ms | Cola:   0/256
2026-08-09 02:14:15,299 [INFO] [RED -> RAM] Descargados: 650 MB | Vel. Red: 40.4 MB/s | Cola: 1/256
2026-08-09 02:14:15,302 [INFO] [  4.9%] [RAM -> USB] 650 MB | WriteFile:     1 ms | Cola:   0/256
2026-08-09 02:14:15,308 [INFO] [RED -> RAM] Descargados: 650 MB | Vel. Red: 40.5 MB/s | Cola: 1/256
2026-08-09 02:14:15,689 [INFO] [  5.1%] [RAM -> USB] 675 MB | WriteFile:     1 ms | Cola:   1/256
2026-08-09 02:14:16,118 [INFO] [RED -> RAM] Descargados: 700 MB | Vel. Red: 41.4 MB/s | Cola: 1/256
2026-08-09 02:14:16,119 [INFO] [  5.3%] [RAM -> USB] 700 MB | WriteFile:     1 ms | Cola:   0/256
2026-08-09 02:14:16,132 [INFO] [RED -> RAM] Descargados: 700 MB | Vel. Red: 41.4 MB/s | Cola: 1/256
2026-08-09 02:14:16,623 [INFO] [  5.4%] [RAM -> USB] 725 MB | WriteFile:     1 ms | Cola:   0/256
2026-08-09 02:14:16,982 [INFO] [RED -> RAM] Descargados: 750 MB | Vel. Red: 42.2 MB/s | Cola: 1/256
2026-08-09 02:14:16,984 [INFO] [  5.6%] [RAM -> USB] 750 MB | WriteFile:     1 ms | Cola:   0/256
2026-08-09 02:14:16,991 [INFO] [RED -> RAM] Descargados: 750 MB | Vel. Red: 42.3 MB/s | Cola: 1/256
2026-08-09 02:14:17,430 [INFO] [  5.8%] [RAM -> USB] 775 MB | WriteFile:     1 ms | Cola:   0/256
2026-08-09 02:14:17,873 [INFO] [RED -> RAM] Descargados: 800 MB | Vel. Red: 42.9 MB/s | Cola: 1/256
2026-08-09 02:14:17,874 [INFO] [  6.0%] [RAM -> USB] 800 MB | WriteFile:     1 ms | Cola:   0/256
2026-08-09 02:14:17,882 [INFO] [RED -> RAM] Descargados: 800 MB | Vel. Red: 42.9 MB/s | Cola: 1/256
2026-08-09 02:14:18,300 [INFO] [  6.2%] [RAM -> USB] 825 MB | WriteFile:     1 ms | Cola:   0/256
2026-08-09 02:14:18,759 [INFO] [RED -> RAM] Descargados: 850 MB | Vel. Red: 43.5 MB/s | Cola: 1/256
2026-08-09 02:14:18,761 [INFO] [  6.4%] [RAM -> USB] 850 MB | WriteFile:     1 ms | Cola:   0/256
2026-08-09 02:14:18,769 [INFO] [RED -> RAM] Descargados: 850 MB | Vel. Red: 43.5 MB/s | Cola: 1/256
2026-08-09 02:14:19,172 [INFO] [  6.6%] [RAM -> USB] 875 MB | WriteFile:     1 ms | Cola:   0/256
2026-08-09 02:14:19,623 [INFO] [RED -> RAM] Descargados: 900 MB | Vel. Red: 44.1 MB/s | Cola: 1/256
2026-08-09 02:14:19,624 [INFO] [RED -> RAM] Descargados: 900 MB | Vel. Red: 44.2 MB/s | Cola: 1/256
2026-08-09 02:14:19,625 [INFO] [  6.8%] [RAM -> USB] 900 MB | WriteFile:     1 ms | Cola:   1/256
2026-08-09 02:14:20,014 [INFO] [  6.9%] [RAM -> USB] 925 MB | WriteFile:     1 ms | Cola:   0/256
2026-08-09 02:14:20,459 [INFO] [RED -> RAM] Descargados: 950 MB | Vel. Red: 44.7 MB/s | Cola: 1/256
2026-08-09 02:14:20,460 [INFO] [  7.1%] [RAM -> USB] 950 MB | WriteFile:     1 ms | Cola:   0/256
2026-08-09 02:14:20,469 [INFO] [RED -> RAM] Descargados: 950 MB | Vel. Red: 44.8 MB/s | Cola: 1/256
2026-08-09 02:14:20,906 [INFO] [  7.3%] [RAM -> USB] 975 MB | WriteFile:     1 ms | Cola:   0/256
2026-08-09 02:14:21,343 [INFO] [RED -> RAM] Descargados: 1000 MB | Vel. Red: 45.2 MB/s | Cola: 1/256
2026-08-09 02:14:21,344 [INFO] [  7.5%] [RAM -> USB] 1000 MB | WriteFile:     1 ms | Cola:   0/256
2026-08-09 02:14:21,348 [INFO] [RED -> RAM] Descargados: 1000 MB | Vel. Red: 45.2 MB/s | Cola: 1/256
2026-08-09 02:14:21,757 [INFO] [  7.7%] [RAM -> USB] 1025 MB | WriteFile:     1 ms | Cola:   0/256
2026-08-09 02:14:22,231 [INFO] [RED -> RAM] Descargados: 1050 MB | Vel. Red: 45.6 MB/s | Cola: 1/256
2026-08-09 02:14:22,232 [INFO] [  7.9%] [RAM -> USB] 1050 MB | WriteFile:     1 ms | Cola:   0/256
2026-08-09 02:14:22,238 [INFO] [RED -> RAM] Descargados: 1050 MB | Vel. Red: 45.7 MB/s | Cola: 1/256
2026-08-09 02:14:22,692 [INFO] [  8.1%] [RAM -> USB] 1075 MB | WriteFile:     1 ms | Cola:   0/256
2026-08-09 02:14:23,125 [INFO] [RED -> RAM] Descargados: 1100 MB | Vel. Red: 46.0 MB/s | Cola: 1/256
2026-08-09 02:14:23,127 [INFO] [  8.3%] [RAM -> USB] 1100 MB | WriteFile:     1 ms | Cola:   0/256
2026-08-09 02:14:23,135 [INFO] [RED -> RAM] Descargados: 1100 MB | Vel. Red: 46.0 MB/s | Cola: 1/256
2026-08-09 02:14:23,559 [INFO] [  8.5%] [RAM -> USB] 1125 MB | WriteFile:     1 ms | Cola:   0/256
2026-08-09 02:14:23,964 [INFO] [RED -> RAM] Descargados: 1150 MB | Vel. Red: 46.5 MB/s | Cola: 1/256
2026-08-09 02:14:23,965 [INFO] [  8.6%] [RAM -> USB] 1150 MB | WriteFile:     1 ms | Cola:   0/256
2026-08-09 02:14:23,973 [INFO] [RED -> RAM] Descargados: 1150 MB | Vel. Red: 46.5 MB/s | Cola: 1/256
2026-08-09 02:14:24,639 [INFO] [  8.8%] [RAM -> USB] 1175 MB | WriteFile:     1 ms | Cola:   2/256
2026-08-09 02:14:25,079 [INFO] [RED -> RAM] Descargados: 1200 MB | Vel. Red: 46.4 MB/s | Cola: 1/256
2026-08-09 02:14:25,079 [INFO] 🔄 [RED] Límite preventivo de 600 MB alcanzado (1200 MB totales). Renovando conexión...
2026-08-09 02:14:25,081 [INFO] [  9.0%] [RAM -> USB] 1200 MB | WriteFile:     1 ms | Cola:   0/256
2026-08-09 02:14:25,081 [DEBUG] Starting new HTTPS connection (1): huggingface.co:443
2026-08-09 02:14:25,432 [DEBUG] https://huggingface.co:443 "GET /datasets/HollowDrive/HollowDrive/resolve/main/hollowdrive_cachy_sistema.img HTTP/1.1" 302 1305
2026-08-09 02:14:25,433 [DEBUG] Starting new HTTPS connection (1): us.aws.cdn.hf.co:443
2026-08-09 02:14:26,019 [DEBUG] https://us.aws.cdn.hf.co:443 "GET /xet-bridge-us/6a5bfdc368c85db044febc71/f61c02c110d19ebd04fc19487a37d8c60d62143e671a71a5ad2b1c2ca0e833ab?response-content-type=application%2Foctet-stream&X-Xet-Cas-Uid=6a5bfd38147a8c22c7f583b3&user_id=6a5bfd38147a8c22c7f583b3&response-content-disposition=inline%3B+filename*%3DUTF-8%27%27hollowdrive_cachy_sistema.img%3B+filename%3D%22hollowdrive_cachy_sistema.img%22%3B&Expires=1786238065&Policy=eyJTdGF0ZW1lbnQiOlt7IlJlc291cmNlIjoiaHR0cHM6Ly91cy5hd3MuY2RuLmhmLmNvL3hldC1icmlkZ2UtdXMvNmE1YmZkYzM2OGM4NWRiMDQ0ZmViYzcxL2Y2MWMwMmMxMTBkMTllYmQwNGZjMTk0ODdhMzdkOGM2MGQ2MjE0M2U2NzFhNzFhNWFkMmIxYzJjYTBlODMzYWJcXD9yZXNwb25zZS1jb250ZW50LXR5cGU9YXBwbGljYXRpb24lMkZvY3RldC1zdHJlYW0mWC1YZXQtQ2FzLVVpZD02YTViZmQzODE0N2E4YzIyYzdmNTgzYjMmdXNlcl9pZD02YTViZmQzODE0N2E4YzIyYzdmNTgzYjMmcmVzcG9uc2UtY29udGVudC1kaXNwb3NpdGlvbj1pbmxpbmUlM0IrZmlsZW5hbWUlMkElM0RVVEYtOCUyNyUyN2hvbGxvd2RyaXZlX2NhY2h5X3Npc3RlbWEuaW1nJTNCK2ZpbGVuYW1lJTNEJTIyaG9sbG93ZHJpdmVfY2FjaHlfc2lzdGVtYS5pbWclMjIlM0IiLCJDb25kaXRpb24iOnsiRGF0ZUxlc3NUaGFuIjp7IkVwb2NoVGltZSI6MTc4NjIzODA2NX0sIkJ5dGVSYW5nZSI6eyJFeHBlY3RlZEhlYWRlciI6ImJ5dGVzPTEyNTgyOTEyMDAtIn19fV19&Signature=MEUCIQCWnFa~R86Uoe6WLtGjcXSsq1wuSj4jDThDmNhYsp~NZwIgA64qvCQBp-aRVrKGFmJvXfOA3-zPq-uA2Yq5WvJ8PXs_&Key-Pair-Id=01KXEF4KZ1B6FV465MAWR4M21F HTTP/1.1" 206 12700352512
2026-08-09 02:14:26,726 [INFO] [RED -> RAM] Descargados: 1200 MB | Vel. Red: 43.7 MB/s | Cola: 1/256
2026-08-09 02:14:27,219 [INFO] [  9.2%] [RAM -> USB] 1225 MB | WriteFile:     1 ms | Cola:   0/256
2026-08-09 02:14:27,678 [INFO] [RED -> RAM] Descargados: 1250 MB | Vel. Red: 43.9 MB/s | Cola: 1/256
2026-08-09 02:14:27,680 [INFO] [  9.4%] [RAM -> USB] 1250 MB | WriteFile:     1 ms | Cola:   0/256
2026-08-09 02:14:27,682 [INFO] [RED -> RAM] Descargados: 1250 MB | Vel. Red: 43.9 MB/s | Cola: 1/256
2026-08-09 02:14:28,070 [INFO] [  9.6%] [RAM -> USB] 1275 MB | WriteFile:     1 ms | Cola:   0/256
2026-08-09 02:14:28,471 [INFO] [RED -> RAM] Descargados: 1300 MB | Vel. Red: 44.5 MB/s | Cola: 1/256
2026-08-09 02:14:28,473 [INFO] [  9.8%] [RAM -> USB] 1300 MB | WriteFile:     1 ms | Cola:   0/256
2026-08-09 02:14:28,479 [INFO] [RED -> RAM] Descargados: 1300 MB | Vel. Red: 44.5 MB/s | Cola: 1/256
2026-08-09 02:14:28,892 [INFO] [ 10.0%] [RAM -> USB] 1325 MB | WriteFile:     1 ms | Cola:   0/256
2026-08-09 02:14:29,358 [INFO] [RED -> RAM] Descargados: 1350 MB | Vel. Red: 44.8 MB/s | Cola: 1/256
2026-08-09 02:14:29,360 [INFO] [ 10.1%] [RAM -> USB] 1350 MB | WriteFile:     1 ms | Cola:   0/256
2026-08-09 02:14:29,361 [INFO] [RED -> RAM] Descargados: 1350 MB | Vel. Red: 44.8 MB/s | Cola: 1/256
2026-08-09 02:14:30,969 [INFO] [ 10.3%] [RAM -> USB] 1375 MB | WriteFile:     1 ms | Cola:   0/256
2026-08-09 02:14:34,527 [INFO] [RED -> RAM] Descargados: 1400 MB | Vel. Red: 39.7 MB/s | Cola: 1/256
2026-08-09 02:14:34,528 [INFO] [ 10.5%] [RAM -> USB] 1400 MB | WriteFile:     1 ms | Cola:   0/256
2026-08-09 02:14:34,536 [INFO] [RED -> RAM] Descargados: 1400 MB | Vel. Red: 39.7 MB/s | Cola: 1/256
2026-08-09 02:14:37,059 [INFO] [ 10.7%] [RAM -> USB] 1425 MB | WriteFile:     1 ms | Cola:   2/256
2026-08-09 02:14:44,157 [INFO] [RED -> RAM] Descargados: 1450 MB | Vel. Red: 32.3 MB/s | Cola: 1/256
2026-08-09 02:14:44,158 [INFO] [ 10.9%] [RAM -> USB] 1450 MB | WriteFile:     1 ms | Cola:   0/256
2026-08-09 02:14:44,182 [INFO] [RED -> RAM] Descargados: 1450 MB | Vel. Red: 32.3 MB/s | Cola: 1/256
2026-08-09 02:14:45,027 [INFO] [ 11.1%] [RAM -> USB] 1475 MB | WriteFile:     1 ms | Cola:  16/256
2026-08-09 02:14:45,320 [INFO] [RED -> RAM] Descargados: 1500 MB | Vel. Red: 32.5 MB/s | Cola: 30/256
2026-08-09 02:14:45,327 [INFO] [RED -> RAM] Descargados: 1500 MB | Vel. Red: 32.6 MB/s | Cola: 31/256
2026-08-09 02:14:45,749 [INFO] [ 11.3%] [RAM -> USB] 1500 MB | WriteFile:     1 ms | Cola:  13/256
2026-08-09 02:14:46,924 [INFO] [ 11.5%] [RAM -> USB] 1525 MB | WriteFile:     1 ms | Cola:  26/256
2026-08-09 02:14:47,157 [INFO] [RED -> RAM] Descargados: 1550 MB | Vel. Red: 32.3 MB/s | Cola: 32/256
2026-08-09 02:14:47,158 [INFO] [RED -> RAM] Descargados: 1550 MB | Vel. Red: 32.4 MB/s | Cola: 33/256
2026-08-09 02:14:47,642 [INFO] [ 11.6%] [RAM -> USB] 1550 MB | WriteFile:     1 ms | Cola:  17/256
2026-08-09 02:14:48,429 [INFO] [ 11.8%] [RAM -> USB] 1575 MB | WriteFile:     4 ms | Cola:  23/256
2026-08-09 02:14:48,681 [INFO] [RED -> RAM] Descargados: 1600 MB | Vel. Red: 32.4 MB/s | Cola: 33/256
2026-08-09 02:14:48,683 [INFO] [RED -> RAM] Descargados: 1600 MB | Vel. Red: 32.4 MB/s | Cola: 34/256
2026-08-09 02:14:49,190 [INFO] [ 12.0%] [RAM -> USB] 1600 MB | WriteFile:    42 ms | Cola:  61/256
2026-08-09 02:14:49,912 [INFO] [ 12.2%] [RAM -> USB] 1625 MB | WriteFile:     1 ms | Cola:  31/256
2026-08-09 02:14:51,219 [INFO] [RED -> RAM] Descargados: 1650 MB | Vel. Red: 31.7 MB/s | Cola: 9/256
2026-08-09 02:14:51,226 [INFO] [RED -> RAM] Descargados: 1650 MB | Vel. Red: 31.7 MB/s | Cola: 10/256
2026-08-09 02:14:51,373 [INFO] [ 12.4%] [RAM -> USB] 1650 MB | WriteFile:    43 ms | Cola:  15/256
2026-08-09 02:14:52,096 [INFO] [ 12.6%] [RAM -> USB] 1675 MB | WriteFile:     1 ms | Cola:  23/256
2026-08-09 02:14:52,296 [INFO] [RED -> RAM] Descargados: 1700 MB | Vel. Red: 32.0 MB/s | Cola: 36/256
2026-08-09 02:14:52,303 [INFO] [RED -> RAM] Descargados: 1700 MB | Vel. Red: 32.0 MB/s | Cola: 37/256
2026-08-09 02:14:52,851 [INFO] [ 12.8%] [RAM -> USB] 1700 MB | WriteFile:    42 ms | Cola:  17/256
2026-08-09 02:14:55,715 [INFO] [ 13.0%] [RAM -> USB] 1725 MB | WriteFile:     4 ms | Cola:   0/256
2026-08-09 02:15:01,476 [INFO] [RED -> RAM] Descargados: 1750 MB | Vel. Red: 28.1 MB/s | Cola: 15/256
2026-08-09 02:15:01,484 [INFO] [RED -> RAM] Descargados: 1750 MB | Vel. Red: 28.1 MB/s | Cola: 15/256
2026-08-09 02:15:01,704 [INFO] [ 13.1%] [RAM -> USB] 1750 MB | WriteFile:    42 ms | Cola:  23/256
2026-08-09 02:15:02,427 [INFO] [ 13.3%] [RAM -> USB] 1775 MB | WriteFile:     1 ms | Cola:   5/256
2026-08-09 02:15:04,794 [INFO] [RED -> RAM] Descargados: 1800 MB | Vel. Red: 27.5 MB/s | Cola: 8/256
2026-08-09 02:15:04,795 [INFO] 🔄 [RED] Límite preventivo de 600 MB alcanzado (1800 MB totales). Renovando conexión...
2026-08-09 02:15:04,796 [DEBUG] Starting new HTTPS connection (1): huggingface.co:443
2026-08-09 02:15:04,923 [INFO] [ 13.5%] [RAM -> USB] 1800 MB | WriteFile:     1 ms | Cola:   0/256
2026-08-09 02:15:06,196 [DEBUG] https://huggingface.co:443 "GET /datasets/HollowDrive/HollowDrive/resolve/main/hollowdrive_cachy_sistema.img HTTP/1.1" 302 1303
2026-08-09 02:15:06,197 [DEBUG] Starting new HTTPS connection (1): us.aws.cdn.hf.co:443
2026-08-09 02:15:06,822 [DEBUG] https://us.aws.cdn.hf.co:443 "GET /xet-bridge-us/6a5bfdc368c85db044febc71/f61c02c110d19ebd04fc19487a37d8c60d62143e671a71a5ad2b1c2ca0e833ab?response-content-type=application%2Foctet-stream&X-Xet-Cas-Uid=6a5bfd38147a8c22c7f583b3&response-content-disposition=inline%3B+filename*%3DUTF-8%27%27hollowdrive_cachy_sistema.img%3B+filename%3D%22hollowdrive_cachy_sistema.img%22%3B&user_id=6a5bfd38147a8c22c7f583b3&Expires=1786238106&Policy=eyJTdGF0ZW1lbnQiOlt7IlJlc291cmNlIjoiaHR0cHM6Ly91cy5hd3MuY2RuLmhmLmNvL3hldC1icmlkZ2UtdXMvNmE1YmZkYzM2OGM4NWRiMDQ0ZmViYzcxL2Y2MWMwMmMxMTBkMTllYmQwNGZjMTk0ODdhMzdkOGM2MGQ2MjE0M2U2NzFhNzFhNWFkMmIxYzJjYTBlODMzYWJcXD9yZXNwb25zZS1jb250ZW50LXR5cGU9YXBwbGljYXRpb24lMkZvY3RldC1zdHJlYW0mWC1YZXQtQ2FzLVVpZD02YTViZmQzODE0N2E4YzIyYzdmNTgzYjMmcmVzcG9uc2UtY29udGVudC1kaXNwb3NpdGlvbj1pbmxpbmUlM0IrZmlsZW5hbWUlMkElM0RVVEYtOCUyNyUyN2hvbGxvd2RyaXZlX2NhY2h5X3Npc3RlbWEuaW1nJTNCK2ZpbGVuYW1lJTNEJTIyaG9sbG93ZHJpdmVfY2FjaHlfc2lzdGVtYS5pbWclMjIlM0ImdXNlcl9pZD02YTViZmQzODE0N2E4YzIyYzdmNTgzYjMiLCJDb25kaXRpb24iOnsiRGF0ZUxlc3NUaGFuIjp7IkVwb2NoVGltZSI6MTc4NjIzODEwNn0sIkJ5dGVSYW5nZSI6eyJFeHBlY3RlZEhlYWRlciI6ImJ5dGVzPTE4ODc0MzY4MDAtIn19fV19&Signature=MEYCIQCPZq8GR6ZKf4U3rJ-mu1n80WY~yWNYCA7pchtGBsyuzAIhALBPzzJAyLwkIXdlKIltpqYuPVJFJjKDFSxCtc7tYXWG&Key-Pair-Id=01KXEF4KZ1B6FV465MAWR4M21F HTTP/1.1" 206 12071206912
2026-08-09 02:15:07,560 [INFO] [RED -> RAM] Descargados: 1800 MB | Vel. Red: 26.3 MB/s | Cola: 1/256
2026-08-09 02:15:07,561 [WARNING] [ 13.5%] [RAM -> USB] 1800 MB | Parón de Red: esperó 2.64s | Cola:   0/256
2026-08-09 02:15:08,369 [INFO] [ 13.7%] [RAM -> USB] 1825 MB | WriteFile:     1 ms | Cola:  24/256
2026-08-09 02:15:08,677 [INFO] [RED -> RAM] Descargados: 1850 MB | Vel. Red: 26.6 MB/s | Cola: 30/256
2026-08-09 02:15:08,690 [INFO] [RED -> RAM] Descargados: 1850 MB | Vel. Red: 26.6 MB/s | Cola: 28/256
2026-08-09 02:15:09,089 [INFO] [ 13.9%] [RAM -> USB] 1850 MB | WriteFile:     1 ms | Cola:  36/256
2026-08-09 02:15:09,847 [INFO] [ 14.1%] [RAM -> USB] 1875 MB | WriteFile:     1 ms | Cola:  37/256
2026-08-09 02:15:10,472 [INFO] [RED -> RAM] Descargados: 1900 MB | Vel. Red: 26.7 MB/s | Cola: 8/256
2026-08-09 02:15:10,485 [INFO] [RED -> RAM] Descargados: 1900 MB | Vel. Red: 26.7 MB/s | Cola: 6/256
2026-08-09 02:15:10,575 [INFO] [ 14.3%] [RAM -> USB] 1900 MB | WriteFile:     4 ms | Cola:   8/256
2026-08-09 02:15:11,344 [INFO] [ 14.5%] [RAM -> USB] 1925 MB | WriteFile:     1 ms | Cola:  23/256
2026-08-09 02:15:11,595 [INFO] [RED -> RAM] Descargados: 1950 MB | Vel. Red: 26.9 MB/s | Cola: 1/256
2026-08-09 02:15:11,597 [INFO] [ 14.6%] [RAM -> USB] 1950 MB | WriteFile:     1 ms | Cola:   0/256
2026-08-09 02:15:11,606 [INFO] [RED -> RAM] Descargados: 1950 MB | Vel. Red: 26.9 MB/s | Cola: 1/256
2026-08-09 02:15:12,038 [INFO] [ 14.8%] [RAM -> USB] 1975 MB | WriteFile:     1 ms | Cola:   0/256
2026-08-09 02:15:12,468 [INFO] [RED -> RAM] Descargados: 2000 MB | Vel. Red: 27.3 MB/s | Cola: 1/256
2026-08-09 02:15:12,469 [INFO] [ 15.0%] [RAM -> USB] 2000 MB | WriteFile:     1 ms | Cola:   0/256
2026-08-09 02:15:12,476 [INFO] [RED -> RAM] Descargados: 2000 MB | Vel. Red: 27.3 MB/s | Cola: 1/256
2026-08-09 02:15:12,970 [INFO] [ 15.2%] [RAM -> USB] 2025 MB | WriteFile:     1 ms | Cola:   3/256
2026-08-09 02:15:13,428 [INFO] [RED -> RAM] Descargados: 2050 MB | Vel. Red: 27.6 MB/s | Cola: 1/256
2026-08-09 02:15:13,429 [INFO] [ 15.4%] [RAM -> USB] 2050 MB | WriteFile:     1 ms | Cola:   0/256
2026-08-09 02:15:13,432 [INFO] [RED -> RAM] Descargados: 2050 MB | Vel. Red: 27.6 MB/s | Cola: 1/256
2026-08-09 02:15:13,908 [INFO] [ 15.6%] [RAM -> USB] 2075 MB | WriteFile:     1 ms | Cola:   0/256
2026-08-09 02:15:14,479 [INFO] [RED -> RAM] Descargados: 2100 MB | Vel. Red: 27.9 MB/s | Cola: 1/256
2026-08-09 02:15:14,481 [INFO] [ 15.8%] [RAM -> USB] 2100 MB | WriteFile:     1 ms | Cola:   0/256
2026-08-09 02:15:14,481 [INFO] [RED -> RAM] Descargados: 2100 MB | Vel. Red: 27.9 MB/s | Cola: 1/256
2026-08-09 02:15:14,983 [INFO] [ 16.0%] [RAM -> USB] 2125 MB | WriteFile:     1 ms | Cola:   2/256
2026-08-09 02:15:21,040 [INFO] [RED -> RAM] Descargados: 2150 MB | Vel. Red: 26.3 MB/s | Cola: 1/256
2026-08-09 02:15:21,040 [INFO] [RED -> RAM] Descargados: 2150 MB | Vel. Red: 26.3 MB/s | Cola: 1/256
2026-08-09 02:15:21,041 [INFO] [ 16.2%] [RAM -> USB] 2150 MB | WriteFile:     1 ms | Cola:   3/256
2026-08-09 02:15:21,421 [INFO] [ 16.3%] [RAM -> USB] 2175 MB | WriteFile:     1 ms | Cola:   3/256
2026-08-09 02:15:31,961 [INFO] [RED -> RAM] Descargados: 2200 MB | Vel. Red: 23.7 MB/s | Cola: 1/256
2026-08-09 02:15:31,962 [INFO] [ 16.5%] [RAM -> USB] 2200 MB | WriteFile:     1 ms | Cola:   0/256
2026-08-09 02:15:31,968 [INFO] [RED -> RAM] Descargados: 2200 MB | Vel. Red: 23.7 MB/s | Cola: 1/256
2026-08-09 02:15:32,782 [INFO] [ 16.7%] [RAM -> USB] 2225 MB | WriteFile:     1 ms | Cola:   0/256
2026-08-09 02:15:33,250 [INFO] [RED -> RAM] Descargados: 2250 MB | Vel. Red: 23.9 MB/s | Cola: 1/256
2026-08-09 02:15:33,250 [INFO] [RED -> RAM] Descargados: 2250 MB | Vel. Red: 23.9 MB/s | Cola: 1/256
2026-08-09 02:15:33,251 [INFO] [ 16.9%] [RAM -> USB] 2250 MB | WriteFile:     1 ms | Cola:   2/256
2026-08-09 02:15:40,779 [INFO] [ 17.1%] [RAM -> USB] 2275 MB | WriteFile:     1 ms | Cola:   0/256
2026-08-09 02:15:41,399 [INFO] [RED -> RAM] Descargados: 2300 MB | Vel. Red: 22.5 MB/s | Cola: 1/256
2026-08-09 02:15:41,401 [INFO] [ 17.3%] [RAM -> USB] 2300 MB | WriteFile:     1 ms | Cola:   0/256
2026-08-09 02:15:41,407 [INFO] [RED -> RAM] Descargados: 2300 MB | Vel. Red: 22.5 MB/s | Cola: 1/256
2026-08-09 02:15:41,876 [INFO] [ 17.5%] [RAM -> USB] 2325 MB | WriteFile:     1 ms | Cola:   0/256
2026-08-09 02:15:42,333 [INFO] [RED -> RAM] Descargados: 2350 MB | Vel. Red: 22.8 MB/s | Cola: 1/256
2026-08-09 02:15:42,334 [INFO] [RED -> RAM] Descargados: 2350 MB | Vel. Red: 22.8 MB/s | Cola: 1/256
2026-08-09 02:15:42,335 [INFO] [ 17.7%] [RAM -> USB] 2350 MB | WriteFile:     1 ms | Cola:   3/256
2026-08-09 02:15:42,687 [INFO] [ 17.8%] [RAM -> USB] 2375 MB | WriteFile:     1 ms | Cola:   0/256
2026-08-09 02:15:43,136 [INFO] [RED -> RAM] Descargados: 2400 MB | Vel. Red: 23.1 MB/s | Cola: 1/256
2026-08-09 02:15:43,136 [INFO] 🔄 [RED] Límite preventivo de 600 MB alcanzado (2400 MB totales). Renovando conexión...
2026-08-09 02:15:43,138 [INFO] [ 18.0%] [RAM -> USB] 2400 MB | WriteFile:     2 ms | Cola:   0/256
2026-08-09 02:15:43,139 [DEBUG] Starting new HTTPS connection (1): huggingface.co:443
2026-08-09 02:15:44,535 [DEBUG] https://huggingface.co:443 "GET /datasets/HollowDrive/HollowDrive/resolve/main/hollowdrive_cachy_sistema.img HTTP/1.1" 302 1301
2026-08-09 02:15:44,536 [DEBUG] Starting new HTTPS connection (1): us.aws.cdn.hf.co:443
2026-08-09 02:15:45,241 [DEBUG] https://us.aws.cdn.hf.co:443 "GET /xet-bridge-us/6a5bfdc368c85db044febc71/f61c02c110d19ebd04fc19487a37d8c60d62143e671a71a5ad2b1c2ca0e833ab?response-content-type=application%2Foctet-stream&user_id=6a5bfd38147a8c22c7f583b3&response-content-disposition=inline%3B+filename*%3DUTF-8%27%27hollowdrive_cachy_sistema.img%3B+filename%3D%22hollowdrive_cachy_sistema.img%22%3B&X-Xet-Cas-Uid=6a5bfd38147a8c22c7f583b3&Expires=1786238145&Policy=eyJTdGF0ZW1lbnQiOlt7IlJlc291cmNlIjoiaHR0cHM6Ly91cy5hd3MuY2RuLmhmLmNvL3hldC1icmlkZ2UtdXMvNmE1YmZkYzM2OGM4NWRiMDQ0ZmViYzcxL2Y2MWMwMmMxMTBkMTllYmQwNGZjMTk0ODdhMzdkOGM2MGQ2MjE0M2U2NzFhNzFhNWFkMmIxYzJjYTBlODMzYWJcXD9yZXNwb25zZS1jb250ZW50LXR5cGU9YXBwbGljYXRpb24lMkZvY3RldC1zdHJlYW0mdXNlcl9pZD02YTViZmQzODE0N2E4YzIyYzdmNTgzYjMmcmVzcG9uc2UtY29udGVudC1kaXNwb3NpdGlvbj1pbmxpbmUlM0IrZmlsZW5hbWUlMkElM0RVVEYtOCUyNyUyN2hvbGxvd2RyaXZlX2NhY2h5X3Npc3RlbWEuaW1nJTNCK2ZpbGVuYW1lJTNEJTIyaG9sbG93ZHJpdmVfY2FjaHlfc2lzdGVtYS5pbWclMjIlM0ImWC1YZXQtQ2FzLVVpZD02YTViZmQzODE0N2E4YzIyYzdmNTgzYjMiLCJDb25kaXRpb24iOnsiRGF0ZUxlc3NUaGFuIjp7IkVwb2NoVGltZSI6MTc4NjIzODE0NX0sIkJ5dGVSYW5nZSI6eyJFeHBlY3RlZEhlYWRlciI6ImJ5dGVzPTI1MTY1ODI0MDAtIn19fV19&Signature=MEUCIFFZ5mdlPad2DzfKfC2pdskfrt08e5-o8ahUFKWvoh-qAiEA10LsQx5K2iagVmPIYY76popkT8ojoLAtGbn2gEgGhDI_&Key-Pair-Id=01KXEF4KZ1B6FV465MAWR4M21F HTTP/1.1" 206 11442061312
2026-08-09 02:15:46,051 [INFO] [RED -> RAM] Descargados: 2400 MB | Vel. Red: 22.5 MB/s | Cola: 1/256
2026-08-09 02:15:46,053 [WARNING] [ 18.0%] [RAM -> USB] 2400 MB | Parón de Red: esperó 2.91s | Cola:   0/256
2026-08-09 02:15:46,674 [INFO] [ 18.2%] [RAM -> USB] 2425 MB | WriteFile:     1 ms | Cola:   0/256
2026-08-09 02:15:47,114 [INFO] [RED -> RAM] Descargados: 2450 MB | Vel. Red: 22.7 MB/s | Cola: 3/256
2026-08-09 02:15:47,115 [INFO] [RED -> RAM] Descargados: 2450 MB | Vel. Red: 22.7 MB/s | Cola: 3/256
2026-08-09 02:15:47,118 [INFO] [ 18.4%] [RAM -> USB] 2450 MB | WriteFile:     1 ms | Cola:   1/256
2026-08-09 02:15:47,581 [INFO] [ 18.6%] [RAM -> USB] 2475 MB | WriteFile:     1 ms | Cola:   0/256
2026-08-09 02:15:47,979 [INFO] [RED -> RAM] Descargados: 2500 MB | Vel. Red: 23.0 MB/s | Cola: 1/256
2026-08-09 02:15:47,981 [INFO] [ 18.8%] [RAM -> USB] 2500 MB | WriteFile:     1 ms | Cola:   0/256
2026-08-09 02:15:47,985 [INFO] [RED -> RAM] Descargados: 2500 MB | Vel. Red: 23.0 MB/s | Cola: 1/256
2026-08-09 02:15:48,438 [INFO] [ 19.0%] [RAM -> USB] 2525 MB | WriteFile:     1 ms | Cola:   2/256
2026-08-09 02:15:48,870 [INFO] [RED -> RAM] Descargados: 2550 MB | Vel. Red: 23.3 MB/s | Cola: 1/256
2026-08-09 02:15:48,871 [INFO] [RED -> RAM] Descargados: 2550 MB | Vel. Red: 23.3 MB/s | Cola: 2/256
2026-08-09 02:15:48,873 [INFO] [ 19.2%] [RAM -> USB] 2550 MB | WriteFile:     1 ms | Cola:   3/256
2026-08-09 02:15:49,369 [INFO] [ 19.3%] [RAM -> USB] 2575 MB | WriteFile:     1 ms | Cola:   0/256
2026-08-09 02:15:49,853 [INFO] [RED -> RAM] Descargados: 2600 MB | Vel. Red: 23.5 MB/s | Cola: 1/256
2026-08-09 02:15:49,854 [INFO] [RED -> RAM] Descargados: 2600 MB | Vel. Red: 23.5 MB/s | Cola: 1/256
2026-08-09 02:15:49,855 [INFO] [ 19.5%] [RAM -> USB] 2600 MB | WriteFile:     1 ms | Cola:   1/256
2026-08-09 02:15:50,305 [INFO] [ 19.7%] [RAM -> USB] 2625 MB | WriteFile:     1 ms | Cola:   1/256
2026-08-09 02:15:50,836 [INFO] [RED -> RAM] Descargados: 2650 MB | Vel. Red: 23.7 MB/s | Cola: 1/256
2026-08-09 02:15:50,838 [INFO] [ 19.9%] [RAM -> USB] 2650 MB | WriteFile:     1 ms | Cola:   0/256
2026-08-09 02:15:50,849 [INFO] [RED -> RAM] Descargados: 2650 MB | Vel. Red: 23.7 MB/s | Cola: 1/256
2026-08-09 02:15:51,360 [INFO] [ 20.1%] [RAM -> USB] 2675 MB | WriteFile:     1 ms | Cola:   0/256
2026-08-09 02:15:51,882 [INFO] [RED -> RAM] Descargados: 2700 MB | Vel. Red: 24.0 MB/s | Cola: 1/256
2026-08-09 02:15:51,884 [INFO] [ 20.3%] [RAM -> USB] 2700 MB | WriteFile:     1 ms | Cola:   0/256
2026-08-09 02:15:51,893 [INFO] [RED -> RAM] Descargados: 2700 MB | Vel. Red: 24.0 MB/s | Cola: 1/256
2026-08-09 02:15:52,397 [INFO] [ 20.5%] [RAM -> USB] 2725 MB | WriteFile:     1 ms | Cola:   0/256
2026-08-09 02:15:52,816 [INFO] [RED -> RAM] Descargados: 2750 MB | Vel. Red: 24.2 MB/s | Cola: 1/256
2026-08-09 02:15:52,817 [INFO] [ 20.7%] [RAM -> USB] 2750 MB | WriteFile:     1 ms | Cola:   0/256
2026-08-09 02:15:52,822 [INFO] [RED -> RAM] Descargados: 2750 MB | Vel. Red: 24.2 MB/s | Cola: 1/256
2026-08-09 02:15:53,290 [INFO] [ 20.8%] [RAM -> USB] 2775 MB | WriteFile:     1 ms | Cola:   0/256
2026-08-09 02:15:53,666 [INFO] [RED -> RAM] Descargados: 2800 MB | Vel. Red: 24.5 MB/s | Cola: 1/256
2026-08-09 02:15:53,668 [INFO] [ 21.0%] [RAM -> USB] 2800 MB | WriteFile:     1 ms | Cola:   0/256
2026-08-09 02:15:53,672 [INFO] [RED -> RAM] Descargados: 2800 MB | Vel. Red: 24.5 MB/s | Cola: 1/256
2026-08-09 02:15:54,165 [INFO] [ 21.2%] [RAM -> USB] 2825 MB | WriteFile:     1 ms | Cola:   0/256
2026-08-09 02:15:54,657 [INFO] [RED -> RAM] Descargados: 2850 MB | Vel. Red: 24.7 MB/s | Cola: 1/256
2026-08-09 02:15:54,658 [INFO] [ 21.4%] [RAM -> USB] 2850 MB | WriteFile:     1 ms | Cola:   0/256
2026-08-09 02:15:54,667 [INFO] [RED -> RAM] Descargados: 2850 MB | Vel. Red: 24.7 MB/s | Cola: 1/256
2026-08-09 02:15:55,177 [INFO] [ 21.6%] [RAM -> USB] 2875 MB | WriteFile:     1 ms | Cola:   0/256
2026-08-09 02:15:55,695 [INFO] [RED -> RAM] Descargados: 2900 MB | Vel. Red: 24.9 MB/s | Cola: 1/256
2026-08-09 02:15:55,696 [INFO] [ 21.8%] [RAM -> USB] 2900 MB | WriteFile:     1 ms | Cola:   0/256
2026-08-09 02:15:55,705 [INFO] [RED -> RAM] Descargados: 2900 MB | Vel. Red: 24.9 MB/s | Cola: 1/256
2026-08-09 02:15:56,470 [INFO] [ 22.0%] [RAM -> USB] 2925 MB | WriteFile:     1 ms | Cola:   0/256
2026-08-09 02:15:56,931 [INFO] [RED -> RAM] Descargados: 2950 MB | Vel. Red: 25.1 MB/s | Cola: 1/256
2026-08-09 02:15:56,933 [INFO] [ 22.2%] [RAM -> USB] 2950 MB | WriteFile:     1 ms | Cola:   0/256
2026-08-09 02:15:56,943 [INFO] [RED -> RAM] Descargados: 2950 MB | Vel. Red: 25.1 MB/s | Cola: 1/256
2026-08-09 02:15:57,333 [INFO] [ 22.3%] [RAM -> USB] 2975 MB | WriteFile:     1 ms | Cola:   0/256
2026-08-09 02:15:57,806 [INFO] [RED -> RAM] Descargados: 3000 MB | Vel. Red: 25.3 MB/s | Cola: 1/256
2026-08-09 02:15:57,806 [INFO] 🔄 [RED] Límite preventivo de 600 MB alcanzado (3000 MB totales). Renovando conexión...
2026-08-09 02:15:57,807 [INFO] [ 22.5%] [RAM -> USB] 3000 MB | WriteFile:     2 ms | Cola:   0/256
2026-08-09 02:15:57,808 [DEBUG] Starting new HTTPS connection (1): huggingface.co:443
2026-08-09 02:15:59,193 [DEBUG] https://huggingface.co:443 "GET /datasets/HollowDrive/HollowDrive/resolve/main/hollowdrive_cachy_sistema.img HTTP/1.1" 302 1301
2026-08-09 02:15:59,195 [DEBUG] Starting new HTTPS connection (1): us.aws.cdn.hf.co:443
2026-08-09 02:15:59,799 [DEBUG] https://us.aws.cdn.hf.co:443 "GET /xet-bridge-us/6a5bfdc368c85db044febc71/f61c02c110d19ebd04fc19487a37d8c60d62143e671a71a5ad2b1c2ca0e833ab?response-content-disposition=inline%3B+filename*%3DUTF-8%27%27hollowdrive_cachy_sistema.img%3B+filename%3D%22hollowdrive_cachy_sistema.img%22%3B&response-content-type=application%2Foctet-stream&user_id=6a5bfd38147a8c22c7f583b3&X-Xet-Cas-Uid=6a5bfd38147a8c22c7f583b3&Expires=1786238159&Policy=eyJTdGF0ZW1lbnQiOlt7IlJlc291cmNlIjoiaHR0cHM6Ly91cy5hd3MuY2RuLmhmLmNvL3hldC1icmlkZ2UtdXMvNmE1YmZkYzM2OGM4NWRiMDQ0ZmViYzcxL2Y2MWMwMmMxMTBkMTllYmQwNGZjMTk0ODdhMzdkOGM2MGQ2MjE0M2U2NzFhNzFhNWFkMmIxYzJjYTBlODMzYWJcXD9yZXNwb25zZS1jb250ZW50LWRpc3Bvc2l0aW9uPWlubGluZSUzQitmaWxlbmFtZSUyQSUzRFVURi04JTI3JTI3aG9sbG93ZHJpdmVfY2FjaHlfc2lzdGVtYS5pbWclM0IrZmlsZW5hbWUlM0QlMjJob2xsb3dkcml2ZV9jYWNoeV9zaXN0ZW1hLmltZyUyMiUzQiZyZXNwb25zZS1jb250ZW50LXR5cGU9YXBwbGljYXRpb24lMkZvY3RldC1zdHJlYW0mdXNlcl9pZD02YTViZmQzODE0N2E4YzIyYzdmNTgzYjMmWC1YZXQtQ2FzLVVpZD02YTViZmQzODE0N2E4YzIyYzdmNTgzYjMiLCJDb25kaXRpb24iOnsiRGF0ZUxlc3NUaGFuIjp7IkVwb2NoVGltZSI6MTc4NjIzODE1OX0sIkJ5dGVSYW5nZSI6eyJFeHBlY3RlZEhlYWRlciI6ImJ5dGVzPTMxNDU3MjgwMDAtIn19fV19&Signature=MEYCIQCxapOrEcnglbN6E3mY8uoEeNvNfGqxj0xCU35HQLuTogIhAMAso7IvdCOuPbLkj1xDjbTA4Y6gIoL6eRmoy22-4Xak&Key-Pair-Id=01KXEF4KZ1B6FV465MAWR4M21F HTTP/1.1" 206 10812915712
2026-08-09 02:16:00,614 [INFO] [RED -> RAM] Descargados: 3000 MB | Vel. Red: 24.7 MB/s | Cola: 1/256
2026-08-09 02:16:00,617 [WARNING] [ 22.5%] [RAM -> USB] 3000 MB | Parón de Red: esperó 2.81s | Cola:   0/256
2026-08-09 02:16:01,565 [INFO] [RED -> RAM] Descargados: 3050 MB | Vel. Red: 24.9 MB/s | Cola: 90/256
2026-08-09 02:16:01,571 [INFO] [RED -> RAM] Descargados: 3050 MB | Vel. Red: 24.9 MB/s | Cola: 91/256
2026-08-09 02:16:02,433 [INFO] [RED -> RAM] Descargados: 3100 MB | Vel. Red: 25.2 MB/s | Cola: 184/256
2026-08-09 02:16:02,440 [INFO] [RED -> RAM] Descargados: 3100 MB | Vel. Red: 25.2 MB/s | Cola: 185/256
2026-08-09 02:16:06,358 [INFO] [RED -> RAM] Descargados: 3150 MB | Vel. Red: 24.8 MB/s | Cola: 256/256
2026-08-09 02:16:06,359 [INFO] [RED -> RAM] Descargados: 3150 MB | Vel. Red: 24.8 MB/s | Cola: 256/256
2026-08-09 02:16:07,176 [INFO] [ 22.7%] [RAM -> USB] 3025 MB | WriteFile:     5 ms | Cola: 256/256
2026-08-09 02:16:14,095 [INFO] [ 22.9%] [RAM -> USB] 3050 MB | WriteFile:   404 ms | Cola: 256/256
2026-08-09 02:16:16,129 [INFO] =======================================================

