2026-09-07 16:51:56,241 [INFO] === INICIANDO HOLLOWDRIVE V12.5 ===
2026-09-07 16:51:56,242 [INFO] Ruta base del programa: D:\Documents\vscode\SAVIN-HOLLOWDRIVE
2026-09-07 16:51:56,242 [INFO] Archivo de registro de la sesión: D:\Documents\vscode\SAVIN-HOLLOWDRIVE\logs\hollowdrive_2026-09-07_16-51-55.log
2026-09-07 16:51:56,244 [DEBUG] Starting new HTTPS connection (1): raw.githubusercontent.com:443
2026-09-07 16:51:56,655 [DEBUG] https://raw.githubusercontent.com:443 "GET /MVP-Savyn/SAVIN-HOLLOWDRIVE/main/engine/mirrors.json HTTP/1.1" 404 14
2026-09-07 16:51:56,775 [DEBUG] Importing PngImagePlugin
2026-09-07 16:51:56,788 [DEBUG] STREAM b'IHDR' 16 13
2026-09-07 16:51:56,788 [DEBUG] STREAM b'eXIf' 41 180
2026-09-07 16:51:56,788 [DEBUG] STREAM b'pHYs' 233 9
2026-09-07 16:51:56,788 [DEBUG] STREAM b'iTXt' 254 1377
2026-09-07 16:51:56,788 [DEBUG] STREAM b'IDAT' 1643 8192
2026-09-07 16:51:56,789 [DEBUG] STREAM b'IHDR' 16 13
2026-09-07 16:51:56,789 [DEBUG] STREAM b'eXIf' 41 180
2026-09-07 16:51:56,789 [DEBUG] STREAM b'pHYs' 233 9
2026-09-07 16:51:56,789 [DEBUG] STREAM b'iTXt' 254 1377
2026-09-07 16:51:56,789 [DEBUG] STREAM b'IDAT' 1643 8192
2026-09-07 16:51:56,789 [DEBUG] STREAM b'IHDR' 16 13
2026-09-07 16:51:56,789 [DEBUG] STREAM b'eXIf' 41 180
2026-09-07 16:51:56,789 [DEBUG] STREAM b'pHYs' 233 9
2026-09-07 16:51:56,790 [DEBUG] STREAM b'iTXt' 254 1379
2026-09-07 16:51:56,790 [DEBUG] STREAM b'IDAT' 1645 8192
2026-09-07 16:51:56,790 [DEBUG] STREAM b'IHDR' 16 13
2026-09-07 16:51:56,790 [DEBUG] STREAM b'eXIf' 41 180
2026-09-07 16:51:56,790 [DEBUG] STREAM b'pHYs' 233 9
2026-09-07 16:51:56,790 [DEBUG] STREAM b'iTXt' 254 1379
2026-09-07 16:51:56,790 [DEBUG] STREAM b'IDAT' 1645 8192
2026-09-07 16:51:56,790 [DEBUG] STREAM b'IHDR' 16 13
2026-09-07 16:51:56,790 [DEBUG] STREAM b'eXIf' 41 180
2026-09-07 16:51:56,791 [DEBUG] STREAM b'pHYs' 233 9
2026-09-07 16:51:56,791 [DEBUG] STREAM b'iTXt' 254 1390
2026-09-07 16:51:56,791 [DEBUG] STREAM b'IDAT' 1656 8192
2026-09-07 16:51:56,791 [DEBUG] STREAM b'IHDR' 16 13
2026-09-07 16:51:56,791 [DEBUG] STREAM b'eXIf' 41 180
2026-09-07 16:51:56,791 [DEBUG] STREAM b'pHYs' 233 9
2026-09-07 16:51:56,791 [DEBUG] STREAM b'iTXt' 254 1379
2026-09-07 16:51:56,791 [DEBUG] STREAM b'IDAT' 1645 8192
2026-09-07 16:51:56,791 [DEBUG] STREAM b'IHDR' 16 13
2026-09-07 16:51:56,791 [DEBUG] STREAM b'eXIf' 41 180
2026-09-07 16:51:56,792 [DEBUG] STREAM b'pHYs' 233 9
2026-09-07 16:51:56,792 [DEBUG] STREAM b'iTXt' 254 1386
2026-09-07 16:51:56,792 [DEBUG] STREAM b'IDAT' 1652 8192
2026-09-07 16:51:56,792 [DEBUG] STREAM b'IHDR' 16 13
2026-09-07 16:51:56,792 [DEBUG] STREAM b'eXIf' 41 180
2026-09-07 16:51:56,792 [DEBUG] STREAM b'pHYs' 233 9
2026-09-07 16:51:56,792 [DEBUG] STREAM b'iTXt' 254 1390
2026-09-07 16:51:56,792 [DEBUG] STREAM b'IDAT' 1656 8192
2026-09-07 16:51:56,793 [DEBUG] Importing GifImagePlugin
2026-09-07 16:51:56,800 [DEBUG] STREAM b'IHDR' 16 13
2026-09-07 16:51:56,800 [DEBUG] STREAM b'eXIf' 41 180
2026-09-07 16:51:56,800 [DEBUG] STREAM b'pHYs' 233 9
2026-09-07 16:51:56,801 [DEBUG] STREAM b'iTXt' 254 1386
2026-09-07 16:51:56,801 [DEBUG] STREAM b'IDAT' 1652 8192
2026-09-07 16:51:56,801 [DEBUG] STREAM b'IHDR' 16 13
2026-09-07 16:51:56,801 [DEBUG] STREAM b'eXIf' 41 180
2026-09-07 16:51:56,801 [DEBUG] STREAM b'pHYs' 233 9
2026-09-07 16:51:56,801 [DEBUG] STREAM b'iTXt' 254 1386
2026-09-07 16:51:56,801 [DEBUG] STREAM b'IDAT' 1652 8192
2026-09-07 16:51:57,591 [INFO] ✔ Proceso Watchdog de soporte iniciado para PID 22016
-> Usando tamaño local predefinido para bato_64: 0 bytes.
-> Usando tamaño local predefinido para batocera_64: 0 bytes.
-> Usando tamaño local predefinido para bato_32: 0 bytes.
-> Usando tamaño local predefinido para batocera_32: 0 bytes.
-> Usando tamaño local predefinido para pack_bato: 0 bytes.
-> Usando tamaño local predefinido para pack_batocera: 0 bytes.
-> Usando tamaño local predefinido para pack_hollow: 0 bytes.
-> Usando tamaño local predefinido para pack_hollow: 0 bytes.
2026-09-07 16:51:57,953 [DEBUG] STREAM b'IHDR' 16 13
2026-09-07 16:51:57,953 [DEBUG] STREAM b'eXIf' 41 180
2026-09-07 16:51:57,954 [DEBUG] STREAM b'pHYs' 233 9
2026-09-07 16:51:57,954 [DEBUG] STREAM b'iTXt' 254 1377
2026-09-07 16:51:57,954 [DEBUG] STREAM b'IDAT' 1643 8192
2026-09-07 16:51:58,623 [DEBUG] Starting new HTTPS connection (1): api.github.com:443
2026-09-07 16:51:59,129 [DEBUG] https://api.github.com:443 "GET /repos/MVP-Savyn/SAVIN-HOLLOWDRIVE/releases/latest HTTP/1.1" 404 125
2026-09-07 16:52:03,495 [DEBUG] STREAM b'IHDR' 16 13
2026-09-07 16:52:03,495 [DEBUG] STREAM b'eXIf' 41 180
2026-09-07 16:52:03,495 [DEBUG] STREAM b'pHYs' 233 9
2026-09-07 16:52:03,496 [DEBUG] STREAM b'iTXt' 254 1377
2026-09-07 16:52:03,496 [DEBUG] STREAM b'IDAT' 1643 8192
