2026-09-11 22:55:15,284 [INFO] === INICIANDO HOLLOWDRIVE V12.5 ===
2026-09-11 22:55:15,284 [INFO] Ruta base del programa: D:\Documents\vscode\SAVIN-HOLLOWDRIVE
2026-09-11 22:55:15,285 [INFO] Archivo de registro de la sesión: D:\Documents\vscode\SAVIN-HOLLOWDRIVE\logs\hollowdrive_2026-09-11_22-55-14.log
2026-09-11 22:55:15,287 [DEBUG] Starting new HTTPS connection (1): raw.githubusercontent.com:443
2026-09-11 22:55:15,506 [DEBUG] https://raw.githubusercontent.com:443 "GET /MVP-Savyn/SAVIN-HOLLOWDRIVE/main/engine/mirrors.json HTTP/1.1" 200 577
2026-09-11 22:55:15,509 [INFO] [MIRRORS] mirrors.json actualizado dinámicamente desde GitHub.
2026-09-11 22:55:15,643 [DEBUG] Importing PngImagePlugin
2026-09-11 22:55:15,654 [DEBUG] STREAM b'IHDR' 16 13
2026-09-11 22:55:15,654 [DEBUG] STREAM b'eXIf' 41 180
2026-09-11 22:55:15,654 [DEBUG] STREAM b'pHYs' 233 9
2026-09-11 22:55:15,654 [DEBUG] STREAM b'iTXt' 254 1377
2026-09-11 22:55:15,655 [DEBUG] STREAM b'IDAT' 1643 8192
2026-09-11 22:55:15,655 [DEBUG] STREAM b'IHDR' 16 13
2026-09-11 22:55:15,655 [DEBUG] STREAM b'eXIf' 41 180
2026-09-11 22:55:15,655 [DEBUG] STREAM b'pHYs' 233 9
2026-09-11 22:55:15,655 [DEBUG] STREAM b'iTXt' 254 1377
2026-09-11 22:55:15,655 [DEBUG] STREAM b'IDAT' 1643 8192
2026-09-11 22:55:15,655 [DEBUG] STREAM b'IHDR' 16 13
2026-09-11 22:55:15,656 [DEBUG] STREAM b'eXIf' 41 180
2026-09-11 22:55:15,656 [DEBUG] STREAM b'pHYs' 233 9
2026-09-11 22:55:15,656 [DEBUG] STREAM b'iTXt' 254 1379
2026-09-11 22:55:15,656 [DEBUG] STREAM b'IDAT' 1645 8192
2026-09-11 22:55:15,656 [DEBUG] STREAM b'IHDR' 16 13
2026-09-11 22:55:15,656 [DEBUG] STREAM b'eXIf' 41 180
2026-09-11 22:55:15,656 [DEBUG] STREAM b'pHYs' 233 9
2026-09-11 22:55:15,656 [DEBUG] STREAM b'iTXt' 254 1379
2026-09-11 22:55:15,656 [DEBUG] STREAM b'IDAT' 1645 8192
2026-09-11 22:55:15,657 [DEBUG] STREAM b'IHDR' 16 13
2026-09-11 22:55:15,657 [DEBUG] STREAM b'eXIf' 41 180
2026-09-11 22:55:15,657 [DEBUG] STREAM b'pHYs' 233 9
2026-09-11 22:55:15,657 [DEBUG] STREAM b'iTXt' 254 1390
2026-09-11 22:55:15,657 [DEBUG] STREAM b'IDAT' 1656 8192
2026-09-11 22:55:15,657 [DEBUG] STREAM b'IHDR' 16 13
2026-09-11 22:55:15,657 [DEBUG] STREAM b'eXIf' 41 180
2026-09-11 22:55:15,657 [DEBUG] STREAM b'pHYs' 233 9
2026-09-11 22:55:15,658 [DEBUG] STREAM b'iTXt' 254 1379
2026-09-11 22:55:15,658 [DEBUG] STREAM b'IDAT' 1645 8192
2026-09-11 22:55:15,658 [DEBUG] STREAM b'IHDR' 16 13
2026-09-11 22:55:15,658 [DEBUG] STREAM b'eXIf' 41 180
2026-09-11 22:55:15,658 [DEBUG] STREAM b'pHYs' 233 9
2026-09-11 22:55:15,658 [DEBUG] STREAM b'iTXt' 254 1386
2026-09-11 22:55:15,658 [DEBUG] STREAM b'IDAT' 1652 8192
2026-09-11 22:55:15,659 [DEBUG] STREAM b'IHDR' 16 13
2026-09-11 22:55:15,660 [DEBUG] STREAM b'eXIf' 41 180
2026-09-11 22:55:15,660 [DEBUG] STREAM b'pHYs' 233 9
2026-09-11 22:55:15,660 [DEBUG] STREAM b'iTXt' 254 1390
2026-09-11 22:55:15,660 [DEBUG] STREAM b'IDAT' 1656 8192
2026-09-11 22:55:15,660 [DEBUG] Importing GifImagePlugin
2026-09-11 22:55:15,668 [DEBUG] STREAM b'IHDR' 16 13
2026-09-11 22:55:15,668 [DEBUG] STREAM b'eXIf' 41 180
2026-09-11 22:55:15,668 [DEBUG] STREAM b'pHYs' 233 9
2026-09-11 22:55:15,668 [DEBUG] STREAM b'iTXt' 254 1386
2026-09-11 22:55:15,668 [DEBUG] STREAM b'IDAT' 1652 8192
2026-09-11 22:55:15,669 [DEBUG] STREAM b'IHDR' 16 13
2026-09-11 22:55:15,669 [DEBUG] STREAM b'eXIf' 41 180
2026-09-11 22:55:15,669 [DEBUG] STREAM b'pHYs' 233 9
2026-09-11 22:55:15,669 [DEBUG] STREAM b'iTXt' 254 1386
2026-09-11 22:55:15,669 [DEBUG] STREAM b'IDAT' 1652 8192
2026-09-11 22:55:16,510 [INFO] ✔ Proceso Watchdog de soporte iniciado para PID 23700
-> Usando tamaño local predefinido para bato_64: 0 bytes.
-> Usando tamaño local predefinido para batocera_64: 0 bytes.
-> Usando tamaño local predefinido para bato_32: 0 bytes.
-> Usando tamaño local predefinido para batocera_32: 0 bytes.
-> Usando tamaño local predefinido para pack_hollow: 0 bytes.
-> Usando tamaño local predefinido para pack_hollow: 0 bytes.
2026-09-11 22:55:16,864 [DEBUG] STREAM b'IHDR' 16 13
2026-09-11 22:55:16,864 [DEBUG] STREAM b'eXIf' 41 180
2026-09-11 22:55:16,864 [DEBUG] STREAM b'pHYs' 233 9
2026-09-11 22:55:16,864 [DEBUG] STREAM b'iTXt' 254 1377
2026-09-11 22:55:16,865 [DEBUG] STREAM b'IDAT' 1643 8192
2026-09-11 22:55:17,542 [DEBUG] Starting new HTTPS connection (1): api.github.com:443
2026-09-11 22:55:18,055 [DEBUG] https://api.github.com:443 "GET /repos/MVP-Savyn/SAVIN-HOLLOWDRIVE/releases/latest HTTP/1.1" 200 976
