2026-09-07 17:10:50,197 [INFO] === INICIANDO HOLLOWDRIVE V12.5 ===
2026-09-07 17:10:50,197 [INFO] Ruta base del programa: D:\Documents\vscode\SAVIN-HOLLOWDRIVE
2026-09-07 17:10:50,197 [INFO] Archivo de registro de la sesión: D:\Documents\vscode\SAVIN-HOLLOWDRIVE\logs\hollowdrive_2026-09-07_17-10-49.log
2026-09-07 17:10:50,199 [DEBUG] Starting new HTTPS connection (1): raw.githubusercontent.com:443
2026-09-07 17:10:50,679 [DEBUG] https://raw.githubusercontent.com:443 "GET /MVP-Savyn/SAVIN-HOLLOWDRIVE/main/engine/mirrors.json HTTP/1.1" 404 14
2026-09-07 17:10:50,798 [DEBUG] Importing PngImagePlugin
2026-09-07 17:10:50,812 [DEBUG] STREAM b'IHDR' 16 13
2026-09-07 17:10:50,812 [DEBUG] STREAM b'eXIf' 41 180
2026-09-07 17:10:50,812 [DEBUG] STREAM b'pHYs' 233 9
2026-09-07 17:10:50,812 [DEBUG] STREAM b'iTXt' 254 1377
2026-09-07 17:10:50,812 [DEBUG] STREAM b'IDAT' 1643 8192
2026-09-07 17:10:50,812 [DEBUG] STREAM b'IHDR' 16 13
2026-09-07 17:10:50,812 [DEBUG] STREAM b'eXIf' 41 180
2026-09-07 17:10:50,813 [DEBUG] STREAM b'pHYs' 233 9
2026-09-07 17:10:50,813 [DEBUG] STREAM b'iTXt' 254 1377
2026-09-07 17:10:50,813 [DEBUG] STREAM b'IDAT' 1643 8192
2026-09-07 17:10:50,813 [DEBUG] STREAM b'IHDR' 16 13
2026-09-07 17:10:50,813 [DEBUG] STREAM b'eXIf' 41 180
2026-09-07 17:10:50,813 [DEBUG] STREAM b'pHYs' 233 9
2026-09-07 17:10:50,813 [DEBUG] STREAM b'iTXt' 254 1379
2026-09-07 17:10:50,813 [DEBUG] STREAM b'IDAT' 1645 8192
2026-09-07 17:10:50,814 [DEBUG] STREAM b'IHDR' 16 13
2026-09-07 17:10:50,814 [DEBUG] STREAM b'eXIf' 41 180
2026-09-07 17:10:50,814 [DEBUG] STREAM b'pHYs' 233 9
2026-09-07 17:10:50,814 [DEBUG] STREAM b'iTXt' 254 1379
2026-09-07 17:10:50,814 [DEBUG] STREAM b'IDAT' 1645 8192
2026-09-07 17:10:50,814 [DEBUG] STREAM b'IHDR' 16 13
2026-09-07 17:10:50,814 [DEBUG] STREAM b'eXIf' 41 180
2026-09-07 17:10:50,815 [DEBUG] STREAM b'pHYs' 233 9
2026-09-07 17:10:50,815 [DEBUG] STREAM b'iTXt' 254 1390
2026-09-07 17:10:50,815 [DEBUG] STREAM b'IDAT' 1656 8192
2026-09-07 17:10:50,815 [DEBUG] STREAM b'IHDR' 16 13
2026-09-07 17:10:50,815 [DEBUG] STREAM b'eXIf' 41 180
2026-09-07 17:10:50,815 [DEBUG] STREAM b'pHYs' 233 9
2026-09-07 17:10:50,815 [DEBUG] STREAM b'iTXt' 254 1379
2026-09-07 17:10:50,815 [DEBUG] STREAM b'IDAT' 1645 8192
2026-09-07 17:10:50,815 [DEBUG] STREAM b'IHDR' 16 13
2026-09-07 17:10:50,816 [DEBUG] STREAM b'eXIf' 41 180
2026-09-07 17:10:50,816 [DEBUG] STREAM b'pHYs' 233 9
2026-09-07 17:10:50,816 [DEBUG] STREAM b'iTXt' 254 1386
2026-09-07 17:10:50,816 [DEBUG] STREAM b'IDAT' 1652 8192
2026-09-07 17:10:50,816 [DEBUG] STREAM b'IHDR' 16 13
2026-09-07 17:10:50,816 [DEBUG] STREAM b'eXIf' 41 180
2026-09-07 17:10:50,816 [DEBUG] STREAM b'pHYs' 233 9
2026-09-07 17:10:50,816 [DEBUG] STREAM b'iTXt' 254 1390
2026-09-07 17:10:50,816 [DEBUG] STREAM b'IDAT' 1656 8192
2026-09-07 17:10:50,817 [DEBUG] Importing GifImagePlugin
2026-09-07 17:10:50,825 [DEBUG] STREAM b'IHDR' 16 13
2026-09-07 17:10:50,825 [DEBUG] STREAM b'eXIf' 41 180
2026-09-07 17:10:50,825 [DEBUG] STREAM b'pHYs' 233 9
2026-09-07 17:10:50,825 [DEBUG] STREAM b'iTXt' 254 1386
2026-09-07 17:10:50,825 [DEBUG] STREAM b'IDAT' 1652 8192
2026-09-07 17:10:50,825 [DEBUG] STREAM b'IHDR' 16 13
2026-09-07 17:10:50,825 [DEBUG] STREAM b'eXIf' 41 180
2026-09-07 17:10:50,826 [DEBUG] STREAM b'pHYs' 233 9
2026-09-07 17:10:50,826 [DEBUG] STREAM b'iTXt' 254 1386
2026-09-07 17:10:50,826 [DEBUG] STREAM b'IDAT' 1652 8192
2026-09-07 17:10:51,626 [INFO] ✔ Proceso Watchdog de soporte iniciado para PID 13572
-> Usando tamaño local predefinido para bato_64: 0 bytes.
-> Usando tamaño local predefinido para batocera_64: 0 bytes.
-> Usando tamaño local predefinido para bato_32: 0 bytes.
-> Usando tamaño local predefinido para batocera_32: 0 bytes.
-> Usando tamaño local predefinido para pack_bato: 0 bytes.
-> Usando tamaño local predefinido para pack_batocera: 0 bytes.
-> Usando tamaño local predefinido para pack_hollow: 0 bytes.
-> Usando tamaño local predefinido para pack_hollow: 0 bytes.
2026-09-07 17:10:51,972 [DEBUG] STREAM b'IHDR' 16 13
2026-09-07 17:10:51,972 [DEBUG] STREAM b'eXIf' 41 180
2026-09-07 17:10:51,973 [DEBUG] STREAM b'pHYs' 233 9
2026-09-07 17:10:51,973 [DEBUG] STREAM b'iTXt' 254 1377
2026-09-07 17:10:51,973 [DEBUG] STREAM b'IDAT' 1643 8192
2026-09-07 17:10:52,661 [DEBUG] Starting new HTTPS connection (1): api.github.com:443
2026-09-07 17:10:53,195 [DEBUG] https://api.github.com:443 "GET /repos/MVP-Savyn/SAVIN-HOLLOWDRIVE/releases/latest HTTP/1.1" 404 125
2026-09-07 17:11:29,505 [DEBUG] Starting new HTTPS connection (1): huggingface.co:443
2026-09-07 17:11:29,843 [DEBUG] https://huggingface.co:443 "HEAD / HTTP/1.1" 200 0
2026-09-07 17:11:41,438 [DEBUG] Starting new HTTPS connection (1): huggingface.co:443
2026-09-07 17:11:41,681 [DEBUG] https://huggingface.co:443 "HEAD / HTTP/1.1" 200 0
2026-09-07 17:12:28,546 [INFO] Exclusión de Windows Defender añadida para: I:\
2026-09-07 17:12:28,581 [INFO] 🔗 Extrayendo al vuelo parte 1/5
2026-09-07 17:12:28,582 [DEBUG] Starting new HTTPS connection (1): pub-34a76bb6c5cb47ffb32336cdd176511b.r2.dev:443
2026-09-07 17:12:28,787 [DEBUG] https://pub-34a76bb6c5cb47ffb32336cdd176511b.r2.dev:443 "HEAD /batocera.tar.001 HTTP/1.1" 200 0
2026-09-07 17:12:29,154 [DEBUG] https://pub-34a76bb6c5cb47ffb32336cdd176511b.r2.dev:443 "GET /batocera.tar.001 HTTP/1.1" 200 9663676416
2026-09-07 17:14:59,847 [WARNING] ⚠️ [RED] Pausa de red detectada (('Connection broken: IncompleteRead(98959324 bytes read, 9564717092 more expected)', IncompleteRead(98959324 bytes read, 9564717092 more expected))). Reintentando 1/8 en 2s...
2026-09-07 17:15:01,848 [INFO] 🔄 [RED] Reanudando descarga desde byte 98566144 (94.0 MB)...
2026-09-07 17:15:01,849 [DEBUG] Resetting dropped connection: pub-34a76bb6c5cb47ffb32336cdd176511b.r2.dev
2026-09-07 17:15:02,198 [DEBUG] https://pub-34a76bb6c5cb47ffb32336cdd176511b.r2.dev:443 "GET /batocera.tar.001 HTTP/1.1" 206 9565110272
2026-09-07 17:16:13,419 [DEBUG] STREAM b'IHDR' 16 13
2026-09-07 17:16:13,419 [DEBUG] STREAM b'eXIf' 41 180
2026-09-07 17:16:13,419 [DEBUG] STREAM b'pHYs' 233 9
2026-09-07 17:16:13,420 [DEBUG] STREAM b'iTXt' 254 1377
2026-09-07 17:16:13,420 [DEBUG] STREAM b'IDAT' 1643 8192
