2026-09-10 14:25:36,485 [INFO] === INICIANDO HOLLOWDRIVE V12.5 ===
2026-09-10 14:25:36,485 [INFO] Ruta base del programa: D:\Documents\vscode\SAVIN-HOLLOWDRIVE
2026-09-10 14:25:36,485 [INFO] Archivo de registro de la sesión: D:\Documents\vscode\SAVIN-HOLLOWDRIVE\logs\hollowdrive_2026-09-10_14-25-35.log
2026-09-10 14:25:36,491 [DEBUG] Starting new HTTPS connection (1): raw.githubusercontent.com:443
2026-09-10 14:25:37,034 [DEBUG] https://raw.githubusercontent.com:443 "GET /MVP-Savyn/SAVIN-HOLLOWDRIVE/main/engine/mirrors.json HTTP/1.1" 200 577
2026-09-10 14:25:37,035 [INFO] [MIRRORS] mirrors.json actualizado dinámicamente desde GitHub.
2026-09-10 14:25:37,422 [DEBUG] Importing PngImagePlugin
2026-09-10 14:25:37,502 [DEBUG] STREAM b'IHDR' 16 13
2026-09-10 14:25:37,502 [DEBUG] STREAM b'eXIf' 41 180
2026-09-10 14:25:37,502 [DEBUG] STREAM b'pHYs' 233 9
2026-09-10 14:25:37,502 [DEBUG] STREAM b'iTXt' 254 1377
2026-09-10 14:25:37,502 [DEBUG] STREAM b'IDAT' 1643 8192
2026-09-10 14:25:37,506 [DEBUG] STREAM b'IHDR' 16 13
2026-09-10 14:25:37,506 [DEBUG] STREAM b'eXIf' 41 180
2026-09-10 14:25:37,506 [DEBUG] STREAM b'pHYs' 233 9
2026-09-10 14:25:37,506 [DEBUG] STREAM b'iTXt' 254 1377
2026-09-10 14:25:37,507 [DEBUG] STREAM b'IDAT' 1643 8192
2026-09-10 14:25:37,510 [DEBUG] STREAM b'IHDR' 16 13
2026-09-10 14:25:37,510 [DEBUG] STREAM b'eXIf' 41 180
2026-09-10 14:25:37,510 [DEBUG] STREAM b'pHYs' 233 9
2026-09-10 14:25:37,510 [DEBUG] STREAM b'iTXt' 254 1379
2026-09-10 14:25:37,510 [DEBUG] STREAM b'IDAT' 1645 8192
2026-09-10 14:25:37,514 [DEBUG] STREAM b'IHDR' 16 13
2026-09-10 14:25:37,515 [DEBUG] STREAM b'eXIf' 41 180
2026-09-10 14:25:37,515 [DEBUG] STREAM b'pHYs' 233 9
2026-09-10 14:25:37,515 [DEBUG] STREAM b'iTXt' 254 1379
2026-09-10 14:25:37,515 [DEBUG] STREAM b'IDAT' 1645 8192
2026-09-10 14:25:37,518 [DEBUG] STREAM b'IHDR' 16 13
2026-09-10 14:25:37,518 [DEBUG] STREAM b'eXIf' 41 180
2026-09-10 14:25:37,518 [DEBUG] STREAM b'pHYs' 233 9
2026-09-10 14:25:37,518 [DEBUG] STREAM b'iTXt' 254 1390
2026-09-10 14:25:37,518 [DEBUG] STREAM b'IDAT' 1656 8192
2026-09-10 14:25:37,523 [DEBUG] STREAM b'IHDR' 16 13
2026-09-10 14:25:37,523 [DEBUG] STREAM b'eXIf' 41 180
2026-09-10 14:25:37,523 [DEBUG] STREAM b'pHYs' 233 9
2026-09-10 14:25:37,523 [DEBUG] STREAM b'iTXt' 254 1379
2026-09-10 14:25:37,523 [DEBUG] STREAM b'IDAT' 1645 8192
2026-09-10 14:25:37,527 [DEBUG] STREAM b'IHDR' 16 13
2026-09-10 14:25:37,527 [DEBUG] STREAM b'eXIf' 41 180
2026-09-10 14:25:37,527 [DEBUG] STREAM b'pHYs' 233 9
2026-09-10 14:25:37,527 [DEBUG] STREAM b'iTXt' 254 1386
2026-09-10 14:25:37,527 [DEBUG] STREAM b'IDAT' 1652 8192
2026-09-10 14:25:37,531 [DEBUG] STREAM b'IHDR' 16 13
2026-09-10 14:25:37,531 [DEBUG] STREAM b'eXIf' 41 180
2026-09-10 14:25:37,531 [DEBUG] STREAM b'pHYs' 233 9
2026-09-10 14:25:37,531 [DEBUG] STREAM b'iTXt' 254 1390
2026-09-10 14:25:37,531 [DEBUG] STREAM b'IDAT' 1656 8192
2026-09-10 14:25:37,532 [DEBUG] Importing GifImagePlugin
2026-09-10 14:25:37,571 [DEBUG] STREAM b'IHDR' 16 13
2026-09-10 14:25:37,571 [DEBUG] STREAM b'eXIf' 41 180
2026-09-10 14:25:37,571 [DEBUG] STREAM b'pHYs' 233 9
2026-09-10 14:25:37,571 [DEBUG] STREAM b'iTXt' 254 1386
2026-09-10 14:25:37,571 [DEBUG] STREAM b'IDAT' 1652 8192
2026-09-10 14:25:37,575 [DEBUG] STREAM b'IHDR' 16 13
2026-09-10 14:25:37,575 [DEBUG] STREAM b'eXIf' 41 180
2026-09-10 14:25:37,575 [DEBUG] STREAM b'pHYs' 233 9
2026-09-10 14:25:37,575 [DEBUG] STREAM b'iTXt' 254 1386
2026-09-10 14:25:37,575 [DEBUG] STREAM b'IDAT' 1652 8192
2026-09-10 14:25:38,447 [INFO] ✔ Proceso Watchdog de soporte iniciado para PID 28528
-> Usando tamaño local predefinido para bato_64: 0 bytes.
-> Usando tamaño local predefinido para batocera_64: 0 bytes.
-> Usando tamaño local predefinido para bato_32: 0 bytes.
-> Usando tamaño local predefinido para batocera_32: 0 bytes.
-> Usando tamaño local predefinido para pack_bato: 0 bytes.
-> Usando tamaño local predefinido para pack_batocera: 0 bytes.
-> Usando tamaño local predefinido para pack_hollow: 0 bytes.
-> Usando tamaño local predefinido para pack_hollow: 0 bytes.
2026-09-10 14:25:38,768 [DEBUG] STREAM b'IHDR' 16 13
2026-09-10 14:25:38,768 [DEBUG] STREAM b'eXIf' 41 180
2026-09-10 14:25:38,768 [DEBUG] STREAM b'pHYs' 233 9
2026-09-10 14:25:38,768 [DEBUG] STREAM b'iTXt' 254 1377
2026-09-10 14:25:38,768 [DEBUG] STREAM b'IDAT' 1643 8192
2026-09-10 14:25:39,475 [DEBUG] Starting new HTTPS connection (1): api.github.com:443
2026-09-10 14:25:39,970 [DEBUG] https://api.github.com:443 "GET /repos/MVP-Savyn/SAVIN-HOLLOWDRIVE/releases/latest HTTP/1.1" 200 975
