2026-08-09 12:39:51,952 [INFO] === INICIANDO HOLLOWDRIVE V12.5 ===
2026-08-09 12:39:51,952 [INFO] Ruta base del programa: D:\Documents\vscode\SAVIN-HOLLOWDRIVE
2026-08-09 12:39:51,952 [INFO] Archivo de registro de la sesión: D:\Documents\vscode\SAVIN-HOLLOWDRIVE\logs\hollowdrive_2026-08-09_12-39-51.log
2026-08-09 12:39:51,961 [DEBUG] Starting new HTTPS connection (1): raw.githubusercontent.com:443
2026-08-09 12:39:52,479 [DEBUG] https://raw.githubusercontent.com:443 "GET /MVP-Savyn/SAVIN-HOLLOWDRIVE/main/engine/mirrors.json HTTP/1.1" 404 14
2026-08-09 12:39:53,052 [DEBUG] Importing PngImagePlugin
2026-08-09 12:39:53,176 [DEBUG] STREAM b'IHDR' 16 13
2026-08-09 12:39:53,176 [DEBUG] STREAM b'eXIf' 41 180
2026-08-09 12:39:53,176 [DEBUG] STREAM b'pHYs' 233 9
2026-08-09 12:39:53,176 [DEBUG] STREAM b'iTXt' 254 1377
2026-08-09 12:39:53,176 [DEBUG] STREAM b'IDAT' 1643 8192
2026-08-09 12:39:53,182 [DEBUG] STREAM b'IHDR' 16 13
2026-08-09 12:39:53,182 [DEBUG] STREAM b'eXIf' 41 180
2026-08-09 12:39:53,182 [DEBUG] STREAM b'pHYs' 233 9
2026-08-09 12:39:53,182 [DEBUG] STREAM b'iTXt' 254 1377
2026-08-09 12:39:53,182 [DEBUG] STREAM b'IDAT' 1643 8192
2026-08-09 12:39:53,190 [DEBUG] STREAM b'IHDR' 16 13
2026-08-09 12:39:53,190 [DEBUG] STREAM b'eXIf' 41 180
2026-08-09 12:39:53,190 [DEBUG] STREAM b'pHYs' 233 9
2026-08-09 12:39:53,190 [DEBUG] STREAM b'iTXt' 254 1379
2026-08-09 12:39:53,190 [DEBUG] STREAM b'IDAT' 1645 8192
2026-08-09 12:39:53,197 [DEBUG] STREAM b'IHDR' 16 13
2026-08-09 12:39:53,197 [DEBUG] STREAM b'eXIf' 41 180
2026-08-09 12:39:53,197 [DEBUG] STREAM b'pHYs' 233 9
2026-08-09 12:39:53,197 [DEBUG] STREAM b'iTXt' 254 1379
2026-08-09 12:39:53,197 [DEBUG] STREAM b'IDAT' 1645 8192
2026-08-09 12:39:53,204 [DEBUG] STREAM b'IHDR' 16 13
2026-08-09 12:39:53,204 [DEBUG] STREAM b'eXIf' 41 180
2026-08-09 12:39:53,204 [DEBUG] STREAM b'pHYs' 233 9
2026-08-09 12:39:53,204 [DEBUG] STREAM b'iTXt' 254 1390
2026-08-09 12:39:53,204 [DEBUG] STREAM b'IDAT' 1656 8192
2026-08-09 12:39:53,212 [DEBUG] STREAM b'IHDR' 16 13
2026-08-09 12:39:53,212 [DEBUG] STREAM b'eXIf' 41 180
2026-08-09 12:39:53,212 [DEBUG] STREAM b'pHYs' 233 9
2026-08-09 12:39:53,212 [DEBUG] STREAM b'iTXt' 254 1379
2026-08-09 12:39:53,212 [DEBUG] STREAM b'IDAT' 1645 8192
2026-08-09 12:39:53,217 [DEBUG] STREAM b'IHDR' 16 13
2026-08-09 12:39:53,217 [DEBUG] STREAM b'IDAT' 41 4096
2026-08-09 12:39:53,225 [DEBUG] STREAM b'IHDR' 16 13
2026-08-09 12:39:53,225 [DEBUG] STREAM b'eXIf' 41 180
2026-08-09 12:39:53,225 [DEBUG] STREAM b'pHYs' 233 9
2026-08-09 12:39:53,225 [DEBUG] STREAM b'iTXt' 254 1390
2026-08-09 12:39:53,225 [DEBUG] STREAM b'IDAT' 1656 8192
2026-08-09 12:39:53,226 [DEBUG] Importing GifImagePlugin
2026-08-09 12:39:53,280 [DEBUG] STREAM b'IHDR' 16 13
2026-08-09 12:39:53,280 [DEBUG] STREAM b'eXIf' 41 180
2026-08-09 12:39:53,281 [DEBUG] STREAM b'pHYs' 233 9
2026-08-09 12:39:53,281 [DEBUG] STREAM b'iTXt' 254 1386
2026-08-09 12:39:53,281 [DEBUG] STREAM b'IDAT' 1652 8192
2026-08-09 12:39:53,289 [DEBUG] STREAM b'IHDR' 16 13
2026-08-09 12:39:53,289 [DEBUG] STREAM b'eXIf' 41 180
2026-08-09 12:39:53,289 [DEBUG] STREAM b'pHYs' 233 9
2026-08-09 12:39:53,289 [DEBUG] STREAM b'iTXt' 254 1386
2026-08-09 12:39:53,290 [DEBUG] STREAM b'IDAT' 1652 8192
2026-08-09 12:39:53,667 [DEBUG] STREAM b'IDAT' 9475 6
2026-08-09 12:39:53,985 [INFO] -> Usando tamaño local predefinido para bato_64: 0 bytes.
2026-08-09 12:39:53,985 [INFO] -> Usando tamaño local predefinido para batocera_64: 0 bytes.
2026-08-09 12:39:53,986 [INFO] -> Usando tamaño local predefinido para bato_32: 0 bytes.
2026-08-09 12:39:53,986 [INFO] -> Usando tamaño local predefinido para batocera_32: 0 bytes.
2026-08-09 12:39:53,986 [INFO] -> Usando tamaño local predefinido para pack_bato: 0 bytes.
2026-08-09 12:39:53,986 [INFO] -> Usando tamaño local predefinido para pack_batocera: 0 bytes.
2026-08-09 12:39:53,987 [INFO] -> Usando tamaño local predefinido para pack_hollow: 0 bytes.
2026-08-09 12:39:53,987 [INFO] -> Usando tamaño local predefinido para pack_hollow: 0 bytes.
2026-08-09 12:39:54,986 [DEBUG] Starting new HTTPS connection (1): api.github.com:443
2026-08-09 12:39:55,552 [DEBUG] https://api.github.com:443 "GET /repos/MVP-Savyn/SAVIN-HOLLOWDRIVE/releases/latest HTTP/1.1" 404 125
