2026-08-09 16:24:10,342 [INFO] === INICIANDO HOLLOWDRIVE V12.5 ===
2026-08-09 16:24:10,342 [INFO] Ruta base del programa: D:\Documents\vscode\SAVIN-HOLLOWDRIVE
2026-08-09 16:24:10,342 [INFO] Archivo de registro de la sesión: D:\Documents\vscode\SAVIN-HOLLOWDRIVE\logs\hollowdrive_2026-08-09_16-24-10.log
2026-08-09 16:24:10,352 [DEBUG] Starting new HTTPS connection (1): raw.githubusercontent.com:443
2026-08-09 16:24:10,805 [DEBUG] https://raw.githubusercontent.com:443 "GET /MVP-Savyn/SAVIN-HOLLOWDRIVE/main/engine/mirrors.json HTTP/1.1" 404 14
2026-08-09 16:24:11,403 [DEBUG] Importing PngImagePlugin
2026-08-09 16:24:11,508 [DEBUG] STREAM b'IHDR' 16 13
2026-08-09 16:24:11,508 [DEBUG] STREAM b'eXIf' 41 180
2026-08-09 16:24:11,508 [DEBUG] STREAM b'pHYs' 233 9
2026-08-09 16:24:11,508 [DEBUG] STREAM b'iTXt' 254 1377
2026-08-09 16:24:11,508 [DEBUG] STREAM b'IDAT' 1643 8192
2026-08-09 16:24:11,514 [DEBUG] STREAM b'IHDR' 16 13
2026-08-09 16:24:11,514 [DEBUG] STREAM b'eXIf' 41 180
2026-08-09 16:24:11,514 [DEBUG] STREAM b'pHYs' 233 9
2026-08-09 16:24:11,514 [DEBUG] STREAM b'iTXt' 254 1377
2026-08-09 16:24:11,514 [DEBUG] STREAM b'IDAT' 1643 8192
2026-08-09 16:24:11,522 [DEBUG] STREAM b'IHDR' 16 13
2026-08-09 16:24:11,522 [DEBUG] STREAM b'eXIf' 41 180
2026-08-09 16:24:11,522 [DEBUG] STREAM b'pHYs' 233 9
2026-08-09 16:24:11,522 [DEBUG] STREAM b'iTXt' 254 1379
2026-08-09 16:24:11,522 [DEBUG] STREAM b'IDAT' 1645 8192
2026-08-09 16:24:11,529 [DEBUG] STREAM b'IHDR' 16 13
2026-08-09 16:24:11,529 [DEBUG] STREAM b'eXIf' 41 180
2026-08-09 16:24:11,529 [DEBUG] STREAM b'pHYs' 233 9
2026-08-09 16:24:11,529 [DEBUG] STREAM b'iTXt' 254 1379
2026-08-09 16:24:11,529 [DEBUG] STREAM b'IDAT' 1645 8192
2026-08-09 16:24:11,537 [DEBUG] STREAM b'IHDR' 16 13
2026-08-09 16:24:11,537 [DEBUG] STREAM b'eXIf' 41 180
2026-08-09 16:24:11,537 [DEBUG] STREAM b'pHYs' 233 9
2026-08-09 16:24:11,537 [DEBUG] STREAM b'iTXt' 254 1390
2026-08-09 16:24:11,537 [DEBUG] STREAM b'IDAT' 1656 8192
2026-08-09 16:24:11,544 [DEBUG] STREAM b'IHDR' 16 13
2026-08-09 16:24:11,544 [DEBUG] STREAM b'eXIf' 41 180
2026-08-09 16:24:11,544 [DEBUG] STREAM b'pHYs' 233 9
2026-08-09 16:24:11,544 [DEBUG] STREAM b'iTXt' 254 1379
2026-08-09 16:24:11,544 [DEBUG] STREAM b'IDAT' 1645 8192
2026-08-09 16:24:11,551 [DEBUG] STREAM b'IHDR' 16 13
2026-08-09 16:24:11,551 [DEBUG] STREAM b'IDAT' 41 4096
2026-08-09 16:24:11,557 [DEBUG] STREAM b'IHDR' 16 13
2026-08-09 16:24:11,557 [DEBUG] STREAM b'eXIf' 41 180
2026-08-09 16:24:11,557 [DEBUG] STREAM b'pHYs' 233 9
2026-08-09 16:24:11,557 [DEBUG] STREAM b'iTXt' 254 1390
2026-08-09 16:24:11,557 [DEBUG] STREAM b'IDAT' 1656 8192
2026-08-09 16:24:11,558 [DEBUG] Importing GifImagePlugin
2026-08-09 16:24:11,610 [DEBUG] STREAM b'IHDR' 16 13
2026-08-09 16:24:11,610 [DEBUG] STREAM b'eXIf' 41 180
2026-08-09 16:24:11,610 [DEBUG] STREAM b'pHYs' 233 9
2026-08-09 16:24:11,610 [DEBUG] STREAM b'iTXt' 254 1386
2026-08-09 16:24:11,611 [DEBUG] STREAM b'IDAT' 1652 8192
2026-08-09 16:24:11,617 [DEBUG] STREAM b'IHDR' 16 13
2026-08-09 16:24:11,617 [DEBUG] STREAM b'eXIf' 41 180
2026-08-09 16:24:11,617 [DEBUG] STREAM b'pHYs' 233 9
2026-08-09 16:24:11,617 [DEBUG] STREAM b'iTXt' 254 1386
2026-08-09 16:24:11,617 [DEBUG] STREAM b'IDAT' 1652 8192
2026-08-09 16:24:12,196 [DEBUG] STREAM b'IDAT' 9475 6
2026-08-09 16:24:12,504 [INFO] -> Usando tamaño local predefinido para bato_64: 0 bytes.
2026-08-09 16:24:12,504 [INFO] -> Usando tamaño local predefinido para batocera_64: 0 bytes.
2026-08-09 16:24:12,504 [INFO] -> Usando tamaño local predefinido para bato_32: 0 bytes.
2026-08-09 16:24:12,505 [INFO] -> Usando tamaño local predefinido para batocera_32: 0 bytes.
2026-08-09 16:24:12,505 [INFO] -> Usando tamaño local predefinido para pack_bato: 0 bytes.
2026-08-09 16:24:12,505 [INFO] -> Usando tamaño local predefinido para pack_batocera: 0 bytes.
2026-08-09 16:24:12,505 [INFO] -> Usando tamaño local predefinido para pack_hollow: 0 bytes.
2026-08-09 16:24:12,506 [INFO] -> Usando tamaño local predefinido para pack_hollow: 0 bytes.
2026-08-09 16:24:13,510 [DEBUG] Starting new HTTPS connection (1): api.github.com:443
2026-08-09 16:24:13,945 [DEBUG] https://api.github.com:443 "GET /repos/MVP-Savyn/SAVIN-HOLLOWDRIVE/releases/latest HTTP/1.1" 404 125
