2026-09-07 16:40:12,168 [INFO] === INICIANDO HOLLOWDRIVE V12.5 ===
2026-09-07 16:40:12,168 [INFO] Ruta base del programa: D:\Documents\vscode\SAVIN-HOLLOWDRIVE
2026-09-07 16:40:12,169 [INFO] Archivo de registro de la sesión: D:\Documents\vscode\SAVIN-HOLLOWDRIVE\logs\hollowdrive_2026-09-07_16-40-11.log
2026-09-07 16:40:12,171 [DEBUG] Starting new HTTPS connection (1): raw.githubusercontent.com:443
2026-09-07 16:40:12,552 [DEBUG] https://raw.githubusercontent.com:443 "GET /MVP-Savyn/SAVIN-HOLLOWDRIVE/main/engine/mirrors.json HTTP/1.1" 404 14
2026-09-07 16:40:12,668 [DEBUG] Importing PngImagePlugin
2026-09-07 16:40:12,678 [DEBUG] STREAM b'IHDR' 16 13
2026-09-07 16:40:12,679 [DEBUG] STREAM b'eXIf' 41 180
2026-09-07 16:40:12,679 [DEBUG] STREAM b'pHYs' 233 9
2026-09-07 16:40:12,679 [DEBUG] STREAM b'iTXt' 254 1377
2026-09-07 16:40:12,679 [DEBUG] STREAM b'IDAT' 1643 8192
2026-09-07 16:40:12,679 [DEBUG] STREAM b'IHDR' 16 13
2026-09-07 16:40:12,679 [DEBUG] STREAM b'eXIf' 41 180
2026-09-07 16:40:12,679 [DEBUG] STREAM b'pHYs' 233 9
2026-09-07 16:40:12,680 [DEBUG] STREAM b'iTXt' 254 1377
2026-09-07 16:40:12,680 [DEBUG] STREAM b'IDAT' 1643 8192
2026-09-07 16:40:12,680 [DEBUG] STREAM b'IHDR' 16 13
2026-09-07 16:40:12,680 [DEBUG] STREAM b'eXIf' 41 180
2026-09-07 16:40:12,680 [DEBUG] STREAM b'pHYs' 233 9
2026-09-07 16:40:12,680 [DEBUG] STREAM b'iTXt' 254 1379
2026-09-07 16:40:12,680 [DEBUG] STREAM b'IDAT' 1645 8192
2026-09-07 16:40:12,680 [DEBUG] STREAM b'IHDR' 16 13
2026-09-07 16:40:12,680 [DEBUG] STREAM b'eXIf' 41 180
2026-09-07 16:40:12,681 [DEBUG] STREAM b'pHYs' 233 9
2026-09-07 16:40:12,681 [DEBUG] STREAM b'iTXt' 254 1379
2026-09-07 16:40:12,681 [DEBUG] STREAM b'IDAT' 1645 8192
2026-09-07 16:40:12,681 [DEBUG] STREAM b'IHDR' 16 13
2026-09-07 16:40:12,681 [DEBUG] STREAM b'eXIf' 41 180
2026-09-07 16:40:12,681 [DEBUG] STREAM b'pHYs' 233 9
2026-09-07 16:40:12,681 [DEBUG] STREAM b'iTXt' 254 1390
2026-09-07 16:40:12,681 [DEBUG] STREAM b'IDAT' 1656 8192
2026-09-07 16:40:12,681 [DEBUG] STREAM b'IHDR' 16 13
2026-09-07 16:40:12,681 [DEBUG] STREAM b'eXIf' 41 180
2026-09-07 16:40:12,682 [DEBUG] STREAM b'pHYs' 233 9
2026-09-07 16:40:12,682 [DEBUG] STREAM b'iTXt' 254 1379
2026-09-07 16:40:12,682 [DEBUG] STREAM b'IDAT' 1645 8192
2026-09-07 16:40:12,682 [DEBUG] STREAM b'IHDR' 16 13
2026-09-07 16:40:12,682 [DEBUG] STREAM b'eXIf' 41 180
2026-09-07 16:40:12,682 [DEBUG] STREAM b'pHYs' 233 9
2026-09-07 16:40:12,682 [DEBUG] STREAM b'iTXt' 254 1386
2026-09-07 16:40:12,682 [DEBUG] STREAM b'IDAT' 1652 8192
2026-09-07 16:40:12,682 [DEBUG] STREAM b'IHDR' 16 13
2026-09-07 16:40:12,682 [DEBUG] STREAM b'eXIf' 41 180
2026-09-07 16:40:12,682 [DEBUG] STREAM b'pHYs' 233 9
2026-09-07 16:40:12,682 [DEBUG] STREAM b'iTXt' 254 1390
2026-09-07 16:40:12,683 [DEBUG] STREAM b'IDAT' 1656 8192
2026-09-07 16:40:12,683 [DEBUG] Importing GifImagePlugin
2026-09-07 16:40:12,690 [DEBUG] STREAM b'IHDR' 16 13
2026-09-07 16:40:12,690 [DEBUG] STREAM b'eXIf' 41 180
2026-09-07 16:40:12,691 [DEBUG] STREAM b'pHYs' 233 9
2026-09-07 16:40:12,691 [DEBUG] STREAM b'iTXt' 254 1386
2026-09-07 16:40:12,691 [DEBUG] STREAM b'IDAT' 1652 8192
2026-09-07 16:40:12,691 [DEBUG] STREAM b'IHDR' 16 13
2026-09-07 16:40:12,691 [DEBUG] STREAM b'eXIf' 41 180
2026-09-07 16:40:12,691 [DEBUG] STREAM b'pHYs' 233 9
2026-09-07 16:40:12,691 [DEBUG] STREAM b'iTXt' 254 1386
2026-09-07 16:40:12,691 [DEBUG] STREAM b'IDAT' 1652 8192
2026-09-07 16:40:13,425 [INFO] ✔ Proceso Watchdog de soporte iniciado para PID 6648
-> Usando tamaño local predefinido para bato_64: 0 bytes.
-> Usando tamaño local predefinido para batocera_64: 0 bytes.
-> Usando tamaño local predefinido para bato_32: 0 bytes.
-> Usando tamaño local predefinido para batocera_32: 0 bytes.
-> Usando tamaño local predefinido para pack_bato: 0 bytes.
-> Usando tamaño local predefinido para pack_batocera: 0 bytes.
-> Usando tamaño local predefinido para pack_hollow: 0 bytes.
-> Usando tamaño local predefinido para pack_hollow: 0 bytes.
2026-09-07 16:40:13,763 [DEBUG] STREAM b'IHDR' 16 13
2026-09-07 16:40:13,763 [DEBUG] STREAM b'eXIf' 41 180
2026-09-07 16:40:13,763 [DEBUG] STREAM b'pHYs' 233 9
2026-09-07 16:40:13,763 [DEBUG] STREAM b'iTXt' 254 1377
2026-09-07 16:40:13,763 [DEBUG] STREAM b'IDAT' 1643 8192
2026-09-07 16:40:14,464 [DEBUG] Starting new HTTPS connection (1): api.github.com:443
2026-09-07 16:40:14,972 [DEBUG] https://api.github.com:443 "GET /repos/MVP-Savyn/SAVIN-HOLLOWDRIVE/releases/latest HTTP/1.1" 404 125
