2026-08-09 04:38:15,843 [INFO] === INICIANDO HOLLOWDRIVE V12.5 ===
2026-08-09 04:38:15,844 [INFO] Ruta base del programa: D:\Documents\vscode\SAVIN-HOLLOWDRIVE
2026-08-09 04:38:15,844 [INFO] Archivo de registro de la sesión: D:\Documents\vscode\SAVIN-HOLLOWDRIVE\logs\hollowdrive_2026-08-09_04-38-15.log
2026-08-09 04:38:15,846 [DEBUG] Starting new HTTPS connection (1): raw.githubusercontent.com:443
2026-08-09 04:38:16,248 [DEBUG] https://raw.githubusercontent.com:443 "GET /MVP-Savyn/SAVIN-HOLLOWDRIVE/main/engine/mirrors.json HTTP/1.1" 404 14
2026-08-09 04:38:16,821 [DEBUG] Importing PngImagePlugin
2026-08-09 04:38:16,931 [DEBUG] STREAM b'IHDR' 16 13
2026-08-09 04:38:16,931 [DEBUG] STREAM b'eXIf' 41 180
2026-08-09 04:38:16,931 [DEBUG] STREAM b'pHYs' 233 9
2026-08-09 04:38:16,931 [DEBUG] STREAM b'iTXt' 254 1377
2026-08-09 04:38:16,931 [DEBUG] STREAM b'IDAT' 1643 8192
2026-08-09 04:38:16,938 [DEBUG] STREAM b'IHDR' 16 13
2026-08-09 04:38:16,939 [DEBUG] STREAM b'eXIf' 41 180
2026-08-09 04:38:16,939 [DEBUG] STREAM b'pHYs' 233 9
2026-08-09 04:38:16,939 [DEBUG] STREAM b'iTXt' 254 1377
2026-08-09 04:38:16,939 [DEBUG] STREAM b'IDAT' 1643 8192
2026-08-09 04:38:16,946 [DEBUG] STREAM b'IHDR' 16 13
2026-08-09 04:38:16,946 [DEBUG] STREAM b'eXIf' 41 180
2026-08-09 04:38:16,946 [DEBUG] STREAM b'pHYs' 233 9
2026-08-09 04:38:16,946 [DEBUG] STREAM b'iTXt' 254 1379
2026-08-09 04:38:16,946 [DEBUG] STREAM b'IDAT' 1645 8192
2026-08-09 04:38:16,952 [DEBUG] STREAM b'IHDR' 16 13
2026-08-09 04:38:16,952 [DEBUG] STREAM b'eXIf' 41 180
2026-08-09 04:38:16,952 [DEBUG] STREAM b'pHYs' 233 9
2026-08-09 04:38:16,952 [DEBUG] STREAM b'iTXt' 254 1379
2026-08-09 04:38:16,952 [DEBUG] STREAM b'IDAT' 1645 8192
2026-08-09 04:38:16,958 [DEBUG] STREAM b'IHDR' 16 13
2026-08-09 04:38:16,958 [DEBUG] STREAM b'eXIf' 41 180
2026-08-09 04:38:16,958 [DEBUG] STREAM b'pHYs' 233 9
2026-08-09 04:38:16,958 [DEBUG] STREAM b'iTXt' 254 1390
2026-08-09 04:38:16,958 [DEBUG] STREAM b'IDAT' 1656 8192
2026-08-09 04:38:16,968 [DEBUG] STREAM b'IHDR' 16 13
2026-08-09 04:38:16,968 [DEBUG] STREAM b'eXIf' 41 180
2026-08-09 04:38:16,968 [DEBUG] STREAM b'pHYs' 233 9
2026-08-09 04:38:16,968 [DEBUG] STREAM b'iTXt' 254 1379
2026-08-09 04:38:16,968 [DEBUG] STREAM b'IDAT' 1645 8192
2026-08-09 04:38:16,974 [DEBUG] STREAM b'IHDR' 16 13
2026-08-09 04:38:16,974 [DEBUG] STREAM b'IDAT' 41 4096
2026-08-09 04:38:16,981 [DEBUG] STREAM b'IHDR' 16 13
2026-08-09 04:38:16,981 [DEBUG] STREAM b'eXIf' 41 180
2026-08-09 04:38:16,981 [DEBUG] STREAM b'pHYs' 233 9
2026-08-09 04:38:16,981 [DEBUG] STREAM b'iTXt' 254 1390
2026-08-09 04:38:16,981 [DEBUG] STREAM b'IDAT' 1656 8192
2026-08-09 04:38:16,982 [DEBUG] Importing GifImagePlugin
2026-08-09 04:38:17,039 [DEBUG] STREAM b'IHDR' 16 13
2026-08-09 04:38:17,039 [DEBUG] STREAM b'eXIf' 41 180
2026-08-09 04:38:17,039 [DEBUG] STREAM b'pHYs' 233 9
2026-08-09 04:38:17,039 [DEBUG] STREAM b'iTXt' 254 1386
2026-08-09 04:38:17,039 [DEBUG] STREAM b'IDAT' 1652 8192
2026-08-09 04:38:17,045 [DEBUG] STREAM b'IHDR' 16 13
2026-08-09 04:38:17,045 [DEBUG] STREAM b'eXIf' 41 180
2026-08-09 04:38:17,045 [DEBUG] STREAM b'pHYs' 233 9
2026-08-09 04:38:17,045 [DEBUG] STREAM b'iTXt' 254 1386
2026-08-09 04:38:17,045 [DEBUG] STREAM b'IDAT' 1652 8192
2026-08-09 04:38:17,434 [DEBUG] STREAM b'IDAT' 9475 6
2026-08-09 04:38:17,768 [INFO] -> Usando tamaño local predefinido para bato_64: 0 bytes.
2026-08-09 04:38:17,768 [INFO] -> Usando tamaño local predefinido para batocera_64: 0 bytes.
2026-08-09 04:38:17,769 [INFO] -> Usando tamaño local predefinido para bato_32: 0 bytes.
2026-08-09 04:38:17,769 [INFO] -> Usando tamaño local predefinido para batocera_32: 0 bytes.
2026-08-09 04:38:17,769 [INFO] -> Usando tamaño local predefinido para pack_bato: 0 bytes.
2026-08-09 04:38:17,769 [INFO] -> Usando tamaño local predefinido para pack_batocera: 0 bytes.
2026-08-09 04:38:17,770 [INFO] -> Usando tamaño local predefinido para pack_hollow: 0 bytes.
2026-08-09 04:38:17,770 [INFO] -> Usando tamaño local predefinido para pack_hollow: 0 bytes.
2026-08-09 04:38:18,769 [DEBUG] Starting new HTTPS connection (1): api.github.com:443
2026-08-09 04:38:19,226 [DEBUG] https://api.github.com:443 "GET /repos/MVP-Savyn/SAVIN-HOLLOWDRIVE/releases/latest HTTP/1.1" 404 125
