2026-09-09 23:27:03,084 [INFO] === INICIANDO HOLLOWDRIVE V12.5 ===
2026-09-09 23:27:03,085 [INFO] Ruta base del programa: D:\Documents\vscode\SAVIN-HOLLOWDRIVE
2026-09-09 23:27:03,085 [INFO] Archivo de registro de la sesión: D:\Documents\vscode\SAVIN-HOLLOWDRIVE\logs\hollowdrive_2026-09-09_23-27-02.log
2026-09-09 23:27:03,087 [DEBUG] Starting new HTTPS connection (1): raw.githubusercontent.com:443
2026-09-09 23:27:03,336 [DEBUG] https://raw.githubusercontent.com:443 "GET /MVP-Savyn/SAVIN-HOLLOWDRIVE/main/engine/mirrors.json HTTP/1.1" 200 577
2026-09-09 23:27:03,337 [INFO] [MIRRORS] mirrors.json actualizado dinámicamente desde GitHub.
2026-09-09 23:27:03,451 [DEBUG] Importing PngImagePlugin
2026-09-09 23:27:03,460 [DEBUG] STREAM b'IHDR' 16 13
2026-09-09 23:27:03,460 [DEBUG] STREAM b'eXIf' 41 180
2026-09-09 23:27:03,461 [DEBUG] STREAM b'pHYs' 233 9
2026-09-09 23:27:03,461 [DEBUG] STREAM b'iTXt' 254 1377
2026-09-09 23:27:03,461 [DEBUG] STREAM b'IDAT' 1643 8192
2026-09-09 23:27:03,461 [DEBUG] STREAM b'IHDR' 16 13
2026-09-09 23:27:03,461 [DEBUG] STREAM b'eXIf' 41 180
2026-09-09 23:27:03,461 [DEBUG] STREAM b'pHYs' 233 9
2026-09-09 23:27:03,461 [DEBUG] STREAM b'iTXt' 254 1377
2026-09-09 23:27:03,461 [DEBUG] STREAM b'IDAT' 1643 8192
2026-09-09 23:27:03,462 [DEBUG] STREAM b'IHDR' 16 13
2026-09-09 23:27:03,462 [DEBUG] STREAM b'eXIf' 41 180
2026-09-09 23:27:03,462 [DEBUG] STREAM b'pHYs' 233 9
2026-09-09 23:27:03,462 [DEBUG] STREAM b'iTXt' 254 1379
2026-09-09 23:27:03,462 [DEBUG] STREAM b'IDAT' 1645 8192
2026-09-09 23:27:03,462 [DEBUG] STREAM b'IHDR' 16 13
2026-09-09 23:27:03,462 [DEBUG] STREAM b'eXIf' 41 180
2026-09-09 23:27:03,462 [DEBUG] STREAM b'pHYs' 233 9
2026-09-09 23:27:03,462 [DEBUG] STREAM b'iTXt' 254 1379
2026-09-09 23:27:03,463 [DEBUG] STREAM b'IDAT' 1645 8192
2026-09-09 23:27:03,463 [DEBUG] STREAM b'IHDR' 16 13
2026-09-09 23:27:03,463 [DEBUG] STREAM b'eXIf' 41 180
2026-09-09 23:27:03,463 [DEBUG] STREAM b'pHYs' 233 9
2026-09-09 23:27:03,463 [DEBUG] STREAM b'iTXt' 254 1390
2026-09-09 23:27:03,463 [DEBUG] STREAM b'IDAT' 1656 8192
2026-09-09 23:27:03,463 [DEBUG] STREAM b'IHDR' 16 13
2026-09-09 23:27:03,463 [DEBUG] STREAM b'eXIf' 41 180
2026-09-09 23:27:03,464 [DEBUG] STREAM b'pHYs' 233 9
2026-09-09 23:27:03,464 [DEBUG] STREAM b'iTXt' 254 1379
2026-09-09 23:27:03,464 [DEBUG] STREAM b'IDAT' 1645 8192
2026-09-09 23:27:03,464 [DEBUG] STREAM b'IHDR' 16 13
2026-09-09 23:27:03,464 [DEBUG] STREAM b'eXIf' 41 180
2026-09-09 23:27:03,464 [DEBUG] STREAM b'pHYs' 233 9
2026-09-09 23:27:03,464 [DEBUG] STREAM b'iTXt' 254 1386
2026-09-09 23:27:03,464 [DEBUG] STREAM b'IDAT' 1652 8192
2026-09-09 23:27:03,464 [DEBUG] STREAM b'IHDR' 16 13
2026-09-09 23:27:03,464 [DEBUG] STREAM b'eXIf' 41 180
2026-09-09 23:27:03,464 [DEBUG] STREAM b'pHYs' 233 9
2026-09-09 23:27:03,465 [DEBUG] STREAM b'iTXt' 254 1390
2026-09-09 23:27:03,465 [DEBUG] STREAM b'IDAT' 1656 8192
2026-09-09 23:27:03,465 [DEBUG] Importing GifImagePlugin
2026-09-09 23:27:03,472 [DEBUG] STREAM b'IHDR' 16 13
2026-09-09 23:27:03,472 [DEBUG] STREAM b'eXIf' 41 180
2026-09-09 23:27:03,472 [DEBUG] STREAM b'pHYs' 233 9
2026-09-09 23:27:03,472 [DEBUG] STREAM b'iTXt' 254 1386
2026-09-09 23:27:03,472 [DEBUG] STREAM b'IDAT' 1652 8192
2026-09-09 23:27:03,472 [DEBUG] STREAM b'IHDR' 16 13
2026-09-09 23:27:03,472 [DEBUG] STREAM b'eXIf' 41 180
2026-09-09 23:27:03,472 [DEBUG] STREAM b'pHYs' 233 9
2026-09-09 23:27:03,473 [DEBUG] STREAM b'iTXt' 254 1386
2026-09-09 23:27:03,473 [DEBUG] STREAM b'IDAT' 1652 8192
2026-09-09 23:27:04,154 [INFO] ✔ Proceso Watchdog de soporte iniciado para PID 24464
-> Usando tamaño local predefinido para bato_64: 0 bytes.
-> Usando tamaño local predefinido para batocera_64: 0 bytes.
-> Usando tamaño local predefinido para bato_32: 0 bytes.
-> Usando tamaño local predefinido para batocera_32: 0 bytes.
-> Usando tamaño local predefinido para pack_bato: 0 bytes.
-> Usando tamaño local predefinido para pack_batocera: 0 bytes.
-> Usando tamaño local predefinido para pack_hollow: 0 bytes.
-> Usando tamaño local predefinido para pack_hollow: 0 bytes.
2026-09-09 23:27:04,487 [DEBUG] STREAM b'IHDR' 16 13
2026-09-09 23:27:04,487 [DEBUG] STREAM b'eXIf' 41 180
2026-09-09 23:27:04,487 [DEBUG] STREAM b'pHYs' 233 9
2026-09-09 23:27:04,487 [DEBUG] STREAM b'iTXt' 254 1377
2026-09-09 23:27:04,487 [DEBUG] STREAM b'IDAT' 1643 8192
2026-09-09 23:27:05,195 [DEBUG] Starting new HTTPS connection (1): api.github.com:443
2026-09-09 23:27:05,745 [DEBUG] https://api.github.com:443 "GET /repos/MVP-Savyn/SAVIN-HOLLOWDRIVE/releases/latest HTTP/1.1" 200 933
