2026-09-09 23:37:13,132 [INFO] === INICIANDO HOLLOWDRIVE V12.5 ===
2026-09-09 23:37:13,132 [INFO] Ruta base del programa: D:\Documents\vscode\SAVIN-HOLLOWDRIVE
2026-09-09 23:37:13,132 [INFO] Archivo de registro de la sesión: D:\Documents\vscode\SAVIN-HOLLOWDRIVE\logs\hollowdrive_2026-09-09_23-37-12.log
2026-09-09 23:37:13,134 [DEBUG] Starting new HTTPS connection (1): raw.githubusercontent.com:443
2026-09-09 23:37:13,542 [DEBUG] https://raw.githubusercontent.com:443 "GET /MVP-Savyn/SAVIN-HOLLOWDRIVE/main/engine/mirrors.json HTTP/1.1" 200 577
2026-09-09 23:37:13,542 [INFO] [MIRRORS] mirrors.json actualizado dinámicamente desde GitHub.
2026-09-09 23:37:13,657 [DEBUG] Importing PngImagePlugin
2026-09-09 23:37:13,667 [DEBUG] STREAM b'IHDR' 16 13
2026-09-09 23:37:13,667 [DEBUG] STREAM b'eXIf' 41 180
2026-09-09 23:37:13,667 [DEBUG] STREAM b'pHYs' 233 9
2026-09-09 23:37:13,667 [DEBUG] STREAM b'iTXt' 254 1377
2026-09-09 23:37:13,667 [DEBUG] STREAM b'IDAT' 1643 8192
2026-09-09 23:37:13,667 [DEBUG] STREAM b'IHDR' 16 13
2026-09-09 23:37:13,667 [DEBUG] STREAM b'eXIf' 41 180
2026-09-09 23:37:13,667 [DEBUG] STREAM b'pHYs' 233 9
2026-09-09 23:37:13,667 [DEBUG] STREAM b'iTXt' 254 1377
2026-09-09 23:37:13,668 [DEBUG] STREAM b'IDAT' 1643 8192
2026-09-09 23:37:13,668 [DEBUG] STREAM b'IHDR' 16 13
2026-09-09 23:37:13,668 [DEBUG] STREAM b'eXIf' 41 180
2026-09-09 23:37:13,668 [DEBUG] STREAM b'pHYs' 233 9
2026-09-09 23:37:13,668 [DEBUG] STREAM b'iTXt' 254 1379
2026-09-09 23:37:13,668 [DEBUG] STREAM b'IDAT' 1645 8192
2026-09-09 23:37:13,668 [DEBUG] STREAM b'IHDR' 16 13
2026-09-09 23:37:13,668 [DEBUG] STREAM b'eXIf' 41 180
2026-09-09 23:37:13,668 [DEBUG] STREAM b'pHYs' 233 9
2026-09-09 23:37:13,669 [DEBUG] STREAM b'iTXt' 254 1379
2026-09-09 23:37:13,669 [DEBUG] STREAM b'IDAT' 1645 8192
2026-09-09 23:37:13,669 [DEBUG] STREAM b'IHDR' 16 13
2026-09-09 23:37:13,669 [DEBUG] STREAM b'eXIf' 41 180
2026-09-09 23:37:13,669 [DEBUG] STREAM b'pHYs' 233 9
2026-09-09 23:37:13,669 [DEBUG] STREAM b'iTXt' 254 1390
2026-09-09 23:37:13,669 [DEBUG] STREAM b'IDAT' 1656 8192
2026-09-09 23:37:13,670 [DEBUG] STREAM b'IHDR' 16 13
2026-09-09 23:37:13,670 [DEBUG] STREAM b'eXIf' 41 180
2026-09-09 23:37:13,670 [DEBUG] STREAM b'pHYs' 233 9
2026-09-09 23:37:13,670 [DEBUG] STREAM b'iTXt' 254 1379
2026-09-09 23:37:13,670 [DEBUG] STREAM b'IDAT' 1645 8192
2026-09-09 23:37:13,670 [DEBUG] STREAM b'IHDR' 16 13
2026-09-09 23:37:13,670 [DEBUG] STREAM b'eXIf' 41 180
2026-09-09 23:37:13,670 [DEBUG] STREAM b'pHYs' 233 9
2026-09-09 23:37:13,671 [DEBUG] STREAM b'iTXt' 254 1386
2026-09-09 23:37:13,671 [DEBUG] STREAM b'IDAT' 1652 8192
2026-09-09 23:37:13,671 [DEBUG] STREAM b'IHDR' 16 13
2026-09-09 23:37:13,671 [DEBUG] STREAM b'eXIf' 41 180
2026-09-09 23:37:13,671 [DEBUG] STREAM b'pHYs' 233 9
2026-09-09 23:37:13,671 [DEBUG] STREAM b'iTXt' 254 1390
2026-09-09 23:37:13,671 [DEBUG] STREAM b'IDAT' 1656 8192
2026-09-09 23:37:13,672 [DEBUG] Importing GifImagePlugin
2026-09-09 23:37:13,679 [DEBUG] STREAM b'IHDR' 16 13
2026-09-09 23:37:13,680 [DEBUG] STREAM b'eXIf' 41 180
2026-09-09 23:37:13,680 [DEBUG] STREAM b'pHYs' 233 9
2026-09-09 23:37:13,680 [DEBUG] STREAM b'iTXt' 254 1386
2026-09-09 23:37:13,680 [DEBUG] STREAM b'IDAT' 1652 8192
2026-09-09 23:37:13,680 [DEBUG] STREAM b'IHDR' 16 13
2026-09-09 23:37:13,680 [DEBUG] STREAM b'eXIf' 41 180
2026-09-09 23:37:13,680 [DEBUG] STREAM b'pHYs' 233 9
2026-09-09 23:37:13,680 [DEBUG] STREAM b'iTXt' 254 1386
2026-09-09 23:37:13,680 [DEBUG] STREAM b'IDAT' 1652 8192
2026-09-09 23:37:14,334 [INFO] ✔ Proceso Watchdog de soporte iniciado para PID 14016
-> Usando tamaño local predefinido para bato_64: 0 bytes.
-> Usando tamaño local predefinido para batocera_64: 0 bytes.
-> Usando tamaño local predefinido para bato_32: 0 bytes.
-> Usando tamaño local predefinido para batocera_32: 0 bytes.
-> Usando tamaño local predefinido para pack_bato: 0 bytes.
-> Usando tamaño local predefinido para pack_batocera: 0 bytes.
-> Usando tamaño local predefinido para pack_hollow: 0 bytes.
-> Usando tamaño local predefinido para pack_hollow: 0 bytes.
2026-09-09 23:37:14,672 [DEBUG] STREAM b'IHDR' 16 13
2026-09-09 23:37:14,672 [DEBUG] STREAM b'eXIf' 41 180
2026-09-09 23:37:14,672 [DEBUG] STREAM b'pHYs' 233 9
2026-09-09 23:37:14,672 [DEBUG] STREAM b'iTXt' 254 1377
2026-09-09 23:37:14,672 [DEBUG] STREAM b'IDAT' 1643 8192
2026-09-09 23:37:15,369 [DEBUG] Starting new HTTPS connection (1): api.github.com:443
2026-09-09 23:37:15,862 [DEBUG] https://api.github.com:443 "GET /repos/MVP-Savyn/SAVIN-HOLLOWDRIVE/releases/latest HTTP/1.1" 200 933
