2026-09-11 23:00:26,222 [INFO] === INICIANDO HOLLOWDRIVE V12.5 ===
2026-09-11 23:00:26,223 [INFO] Ruta base del programa: D:\Documents\vscode\SAVIN-HOLLOWDRIVE
2026-09-11 23:00:26,223 [INFO] Archivo de registro de la sesión: D:\Documents\vscode\SAVIN-HOLLOWDRIVE\logs\hollowdrive_2026-09-11_23-00-25.log
2026-09-11 23:00:26,225 [DEBUG] Starting new HTTPS connection (1): raw.githubusercontent.com:443
2026-09-11 23:00:26,606 [DEBUG] https://raw.githubusercontent.com:443 "GET /MVP-Savyn/SAVIN-HOLLOWDRIVE/main/engine/mirrors.json HTTP/1.1" 200 577
2026-09-11 23:00:26,607 [INFO] [MIRRORS] mirrors.json actualizado dinámicamente desde GitHub.
2026-09-11 23:00:26,730 [DEBUG] Importing PngImagePlugin
2026-09-11 23:00:26,740 [DEBUG] STREAM b'IHDR' 16 13
2026-09-11 23:00:26,741 [DEBUG] STREAM b'eXIf' 41 180
2026-09-11 23:00:26,741 [DEBUG] STREAM b'pHYs' 233 9
2026-09-11 23:00:26,741 [DEBUG] STREAM b'iTXt' 254 1377
2026-09-11 23:00:26,741 [DEBUG] STREAM b'IDAT' 1643 8192
2026-09-11 23:00:26,741 [DEBUG] STREAM b'IHDR' 16 13
2026-09-11 23:00:26,741 [DEBUG] STREAM b'eXIf' 41 180
2026-09-11 23:00:26,741 [DEBUG] STREAM b'pHYs' 233 9
2026-09-11 23:00:26,742 [DEBUG] STREAM b'iTXt' 254 1377
2026-09-11 23:00:26,742 [DEBUG] STREAM b'IDAT' 1643 8192
2026-09-11 23:00:26,742 [DEBUG] STREAM b'IHDR' 16 13
2026-09-11 23:00:26,742 [DEBUG] STREAM b'eXIf' 41 180
2026-09-11 23:00:26,742 [DEBUG] STREAM b'pHYs' 233 9
2026-09-11 23:00:26,742 [DEBUG] STREAM b'iTXt' 254 1379
2026-09-11 23:00:26,742 [DEBUG] STREAM b'IDAT' 1645 8192
2026-09-11 23:00:26,742 [DEBUG] STREAM b'IHDR' 16 13
2026-09-11 23:00:26,743 [DEBUG] STREAM b'eXIf' 41 180
2026-09-11 23:00:26,743 [DEBUG] STREAM b'pHYs' 233 9
2026-09-11 23:00:26,743 [DEBUG] STREAM b'iTXt' 254 1379
2026-09-11 23:00:26,743 [DEBUG] STREAM b'IDAT' 1645 8192
2026-09-11 23:00:26,743 [DEBUG] STREAM b'IHDR' 16 13
2026-09-11 23:00:26,743 [DEBUG] STREAM b'eXIf' 41 180
2026-09-11 23:00:26,743 [DEBUG] STREAM b'pHYs' 233 9
2026-09-11 23:00:26,743 [DEBUG] STREAM b'iTXt' 254 1390
2026-09-11 23:00:26,744 [DEBUG] STREAM b'IDAT' 1656 8192
2026-09-11 23:00:26,744 [DEBUG] STREAM b'IHDR' 16 13
2026-09-11 23:00:26,744 [DEBUG] STREAM b'eXIf' 41 180
2026-09-11 23:00:26,744 [DEBUG] STREAM b'pHYs' 233 9
2026-09-11 23:00:26,744 [DEBUG] STREAM b'iTXt' 254 1379
2026-09-11 23:00:26,744 [DEBUG] STREAM b'IDAT' 1645 8192
2026-09-11 23:00:26,745 [DEBUG] STREAM b'IHDR' 16 13
2026-09-11 23:00:26,745 [DEBUG] STREAM b'eXIf' 41 180
2026-09-11 23:00:26,745 [DEBUG] STREAM b'pHYs' 233 9
2026-09-11 23:00:26,745 [DEBUG] STREAM b'iTXt' 254 1386
2026-09-11 23:00:26,745 [DEBUG] STREAM b'IDAT' 1652 8192
2026-09-11 23:00:26,745 [DEBUG] STREAM b'IHDR' 16 13
2026-09-11 23:00:26,745 [DEBUG] STREAM b'eXIf' 41 180
2026-09-11 23:00:26,745 [DEBUG] STREAM b'pHYs' 233 9
2026-09-11 23:00:26,745 [DEBUG] STREAM b'iTXt' 254 1390
2026-09-11 23:00:26,746 [DEBUG] STREAM b'IDAT' 1656 8192
2026-09-11 23:00:26,746 [DEBUG] Importing GifImagePlugin
2026-09-11 23:00:26,754 [DEBUG] STREAM b'IHDR' 16 13
2026-09-11 23:00:26,754 [DEBUG] STREAM b'eXIf' 41 180
2026-09-11 23:00:26,754 [DEBUG] STREAM b'pHYs' 233 9
2026-09-11 23:00:26,754 [DEBUG] STREAM b'iTXt' 254 1386
2026-09-11 23:00:26,754 [DEBUG] STREAM b'IDAT' 1652 8192
2026-09-11 23:00:26,754 [DEBUG] STREAM b'IHDR' 16 13
2026-09-11 23:00:26,755 [DEBUG] STREAM b'eXIf' 41 180
2026-09-11 23:00:26,755 [DEBUG] STREAM b'pHYs' 233 9
2026-09-11 23:00:26,755 [DEBUG] STREAM b'iTXt' 254 1386
2026-09-11 23:00:26,755 [DEBUG] STREAM b'IDAT' 1652 8192
2026-09-11 23:00:27,565 [INFO] ✔ Proceso Watchdog de soporte iniciado para PID 24228
-> Usando tamaño local predefinido para bato_64: 0 bytes.
-> Usando tamaño local predefinido para batocera_64: 0 bytes.
-> Usando tamaño local predefinido para bato_32: 0 bytes.
-> Usando tamaño local predefinido para batocera_32: 0 bytes.
-> Usando tamaño local predefinido para pack_hollow: 0 bytes.
-> Usando tamaño local predefinido para pack_hollow: 0 bytes.
2026-09-11 23:00:27,912 [DEBUG] STREAM b'IHDR' 16 13
2026-09-11 23:00:27,912 [DEBUG] STREAM b'eXIf' 41 180
2026-09-11 23:00:27,912 [DEBUG] STREAM b'pHYs' 233 9
2026-09-11 23:00:27,912 [DEBUG] STREAM b'iTXt' 254 1377
2026-09-11 23:00:27,912 [DEBUG] STREAM b'IDAT' 1643 8192
2026-09-11 23:00:28,602 [DEBUG] Starting new HTTPS connection (1): api.github.com:443
2026-09-11 23:00:29,102 [DEBUG] https://api.github.com:443 "GET /repos/MVP-Savyn/SAVIN-HOLLOWDRIVE/releases/latest HTTP/1.1" 200 976
