2026-09-02 19:13:07,627 [INFO] === INICIANDO HOLLOWDRIVE V12.5 ===
2026-09-02 19:13:07,627 [INFO] Ruta base del programa: D:\Documents\vscode\SAVIN-HOLLOWDRIVE
2026-09-02 19:13:07,627 [INFO] Archivo de registro de la sesión: D:\Documents\vscode\SAVIN-HOLLOWDRIVE\logs\hollowdrive_2026-09-02_19-13-07.log
2026-09-02 19:13:07,636 [DEBUG] Starting new HTTPS connection (1): raw.githubusercontent.com:443
2026-09-02 19:13:08,086 [DEBUG] https://raw.githubusercontent.com:443 "GET /MVP-Savyn/SAVIN-HOLLOWDRIVE/main/engine/mirrors.json HTTP/1.1" 404 14
2026-09-02 19:13:08,661 [DEBUG] Importing PngImagePlugin
2026-09-02 19:13:08,766 [DEBUG] STREAM b'IHDR' 16 13
2026-09-02 19:13:08,766 [DEBUG] STREAM b'eXIf' 41 180
2026-09-02 19:13:08,766 [DEBUG] STREAM b'pHYs' 233 9
2026-09-02 19:13:08,766 [DEBUG] STREAM b'iTXt' 254 1377
2026-09-02 19:13:08,766 [DEBUG] STREAM b'IDAT' 1643 8192
2026-09-02 19:13:08,772 [DEBUG] STREAM b'IHDR' 16 13
2026-09-02 19:13:08,772 [DEBUG] STREAM b'eXIf' 41 180
2026-09-02 19:13:08,772 [DEBUG] STREAM b'pHYs' 233 9
2026-09-02 19:13:08,772 [DEBUG] STREAM b'iTXt' 254 1377
2026-09-02 19:13:08,772 [DEBUG] STREAM b'IDAT' 1643 8192
2026-09-02 19:13:08,778 [DEBUG] STREAM b'IHDR' 16 13
2026-09-02 19:13:08,778 [DEBUG] STREAM b'eXIf' 41 180
2026-09-02 19:13:08,778 [DEBUG] STREAM b'pHYs' 233 9
2026-09-02 19:13:08,779 [DEBUG] STREAM b'iTXt' 254 1379
2026-09-02 19:13:08,779 [DEBUG] STREAM b'IDAT' 1645 8192
2026-09-02 19:13:08,784 [DEBUG] STREAM b'IHDR' 16 13
2026-09-02 19:13:08,784 [DEBUG] STREAM b'eXIf' 41 180
2026-09-02 19:13:08,784 [DEBUG] STREAM b'pHYs' 233 9
2026-09-02 19:13:08,784 [DEBUG] STREAM b'iTXt' 254 1379
2026-09-02 19:13:08,784 [DEBUG] STREAM b'IDAT' 1645 8192
2026-09-02 19:13:08,791 [DEBUG] STREAM b'IHDR' 16 13
2026-09-02 19:13:08,791 [DEBUG] STREAM b'eXIf' 41 180
2026-09-02 19:13:08,791 [DEBUG] STREAM b'pHYs' 233 9
2026-09-02 19:13:08,791 [DEBUG] STREAM b'iTXt' 254 1390
2026-09-02 19:13:08,791 [DEBUG] STREAM b'IDAT' 1656 8192
2026-09-02 19:13:08,796 [DEBUG] STREAM b'IHDR' 16 13
2026-09-02 19:13:08,796 [DEBUG] STREAM b'eXIf' 41 180
2026-09-02 19:13:08,796 [DEBUG] STREAM b'pHYs' 233 9
2026-09-02 19:13:08,797 [DEBUG] STREAM b'iTXt' 254 1379
2026-09-02 19:13:08,797 [DEBUG] STREAM b'IDAT' 1645 8192
2026-09-02 19:13:08,803 [DEBUG] STREAM b'IHDR' 16 13
2026-09-02 19:13:08,803 [DEBUG] STREAM b'IDAT' 41 4096
2026-09-02 19:13:08,808 [DEBUG] STREAM b'IHDR' 16 13
2026-09-02 19:13:08,808 [DEBUG] STREAM b'eXIf' 41 180
2026-09-02 19:13:08,808 [DEBUG] STREAM b'pHYs' 233 9
2026-09-02 19:13:08,808 [DEBUG] STREAM b'iTXt' 254 1390
2026-09-02 19:13:08,809 [DEBUG] STREAM b'IDAT' 1656 8192
2026-09-02 19:13:08,809 [DEBUG] Importing GifImagePlugin
2026-09-02 19:13:08,862 [DEBUG] STREAM b'IHDR' 16 13
2026-09-02 19:13:08,862 [DEBUG] STREAM b'eXIf' 41 180
2026-09-02 19:13:08,862 [DEBUG] STREAM b'pHYs' 233 9
2026-09-02 19:13:08,862 [DEBUG] STREAM b'iTXt' 254 1386
2026-09-02 19:13:08,862 [DEBUG] STREAM b'IDAT' 1652 8192
2026-09-02 19:13:08,868 [DEBUG] STREAM b'IHDR' 16 13
2026-09-02 19:13:08,868 [DEBUG] STREAM b'eXIf' 41 180
2026-09-02 19:13:08,868 [DEBUG] STREAM b'pHYs' 233 9
2026-09-02 19:13:08,868 [DEBUG] STREAM b'iTXt' 254 1386
2026-09-02 19:13:08,868 [DEBUG] STREAM b'IDAT' 1652 8192
2026-09-02 19:13:09,275 [DEBUG] STREAM b'IDAT' 9475 6
2026-09-02 19:13:09,610 [INFO] -> Usando tamaño local predefinido para bato_64: 0 bytes.
2026-09-02 19:13:09,610 [INFO] -> Usando tamaño local predefinido para batocera_64: 0 bytes.
2026-09-02 19:13:09,611 [INFO] -> Usando tamaño local predefinido para bato_32: 0 bytes.
2026-09-02 19:13:09,611 [INFO] -> Usando tamaño local predefinido para batocera_32: 0 bytes.
2026-09-02 19:13:09,612 [INFO] -> Usando tamaño local predefinido para pack_bato: 0 bytes.
2026-09-02 19:13:09,612 [INFO] -> Usando tamaño local predefinido para pack_batocera: 0 bytes.
2026-09-02 19:13:09,612 [INFO] -> Usando tamaño local predefinido para pack_hollow: 0 bytes.
2026-09-02 19:13:09,612 [INFO] -> Usando tamaño local predefinido para pack_hollow: 0 bytes.
2026-09-02 19:13:10,619 [DEBUG] Starting new HTTPS connection (1): api.github.com:443
2026-09-02 19:13:11,178 [DEBUG] https://api.github.com:443 "GET /repos/MVP-Savyn/SAVIN-HOLLOWDRIVE/releases/latest HTTP/1.1" 404 125
2026-09-02 19:13:21,508 [DEBUG] STREAM b'IHDR' 16 13
2026-09-02 19:13:21,508 [DEBUG] STREAM b'eXIf' 41 180
2026-09-02 19:13:21,508 [DEBUG] STREAM b'pHYs' 233 9
2026-09-02 19:13:21,508 [DEBUG] STREAM b'iTXt' 254 1377
2026-09-02 19:13:21,508 [DEBUG] STREAM b'IDAT' 1643 8192
2026-09-02 19:13:38,426 [DEBUG] Starting new HTTPS connection (1): huggingface.co:443
2026-09-02 19:13:38,684 [DEBUG] https://huggingface.co:443 "HEAD / HTTP/1.1" 200 0
2026-09-02 19:14:07,405 [INFO] Exclusión de Windows Defender añadida para: F:\
2026-09-02 19:14:07,444 [DEBUG] Starting new HTTPS connection (1): pub-34a76bb6c5cb47ffb32336cdd176511b.r2.dev:443
2026-09-02 19:14:08,151 [DEBUG] https://pub-34a76bb6c5cb47ffb32336cdd176511b.r2.dev:443 "HEAD /batocera.tar.001 HTTP/1.1" 200 0
2026-09-02 19:14:08,153 [DEBUG] Starting new HTTPS connection (1): pub-34a76bb6c5cb47ffb32336cdd176511b.r2.dev:443
2026-09-02 19:14:08,855 [DEBUG] https://pub-34a76bb6c5cb47ffb32336cdd176511b.r2.dev:443 "GET /batocera.tar.001 HTTP/1.1" 200 9663676416
