2026-09-09 23:53:35,327 [INFO] === INICIANDO HOLLOWDRIVE V12.5 ===
2026-09-09 23:53:35,327 [INFO] Ruta base del programa: D:\Documents\vscode\SAVIN-HOLLOWDRIVE
2026-09-09 23:53:35,327 [INFO] Archivo de registro de la sesión: D:\Documents\vscode\SAVIN-HOLLOWDRIVE\logs\hollowdrive_2026-09-09_23-53-34.log
2026-09-09 23:53:35,329 [DEBUG] Starting new HTTPS connection (1): raw.githubusercontent.com:443
2026-09-09 23:53:35,724 [DEBUG] https://raw.githubusercontent.com:443 "GET /MVP-Savyn/SAVIN-HOLLOWDRIVE/main/engine/mirrors.json HTTP/1.1" 200 577
2026-09-09 23:53:35,724 [INFO] [MIRRORS] mirrors.json actualizado dinámicamente desde GitHub.
2026-09-09 23:53:35,837 [DEBUG] Importing PngImagePlugin
2026-09-09 23:53:35,848 [DEBUG] STREAM b'IHDR' 16 13
2026-09-09 23:53:35,848 [DEBUG] STREAM b'eXIf' 41 180
2026-09-09 23:53:35,848 [DEBUG] STREAM b'pHYs' 233 9
2026-09-09 23:53:35,848 [DEBUG] STREAM b'iTXt' 254 1377
2026-09-09 23:53:35,848 [DEBUG] STREAM b'IDAT' 1643 8192
2026-09-09 23:53:35,849 [DEBUG] STREAM b'IHDR' 16 13
2026-09-09 23:53:35,849 [DEBUG] STREAM b'eXIf' 41 180
2026-09-09 23:53:35,849 [DEBUG] STREAM b'pHYs' 233 9
2026-09-09 23:53:35,849 [DEBUG] STREAM b'iTXt' 254 1377
2026-09-09 23:53:35,849 [DEBUG] STREAM b'IDAT' 1643 8192
2026-09-09 23:53:35,849 [DEBUG] STREAM b'IHDR' 16 13
2026-09-09 23:53:35,849 [DEBUG] STREAM b'eXIf' 41 180
2026-09-09 23:53:35,849 [DEBUG] STREAM b'pHYs' 233 9
2026-09-09 23:53:35,849 [DEBUG] STREAM b'iTXt' 254 1379
2026-09-09 23:53:35,849 [DEBUG] STREAM b'IDAT' 1645 8192
2026-09-09 23:53:35,850 [DEBUG] STREAM b'IHDR' 16 13
2026-09-09 23:53:35,850 [DEBUG] STREAM b'eXIf' 41 180
2026-09-09 23:53:35,850 [DEBUG] STREAM b'pHYs' 233 9
2026-09-09 23:53:35,850 [DEBUG] STREAM b'iTXt' 254 1379
2026-09-09 23:53:35,850 [DEBUG] STREAM b'IDAT' 1645 8192
2026-09-09 23:53:35,850 [DEBUG] STREAM b'IHDR' 16 13
2026-09-09 23:53:35,850 [DEBUG] STREAM b'eXIf' 41 180
2026-09-09 23:53:35,850 [DEBUG] STREAM b'pHYs' 233 9
2026-09-09 23:53:35,850 [DEBUG] STREAM b'iTXt' 254 1390
2026-09-09 23:53:35,851 [DEBUG] STREAM b'IDAT' 1656 8192
2026-09-09 23:53:35,851 [DEBUG] STREAM b'IHDR' 16 13
2026-09-09 23:53:35,851 [DEBUG] STREAM b'eXIf' 41 180
2026-09-09 23:53:35,851 [DEBUG] STREAM b'pHYs' 233 9
2026-09-09 23:53:35,851 [DEBUG] STREAM b'iTXt' 254 1379
2026-09-09 23:53:35,851 [DEBUG] STREAM b'IDAT' 1645 8192
2026-09-09 23:53:35,851 [DEBUG] STREAM b'IHDR' 16 13
2026-09-09 23:53:35,851 [DEBUG] STREAM b'eXIf' 41 180
2026-09-09 23:53:35,851 [DEBUG] STREAM b'pHYs' 233 9
2026-09-09 23:53:35,852 [DEBUG] STREAM b'iTXt' 254 1386
2026-09-09 23:53:35,852 [DEBUG] STREAM b'IDAT' 1652 8192
2026-09-09 23:53:35,852 [DEBUG] STREAM b'IHDR' 16 13
2026-09-09 23:53:35,852 [DEBUG] STREAM b'eXIf' 41 180
2026-09-09 23:53:35,852 [DEBUG] STREAM b'pHYs' 233 9
2026-09-09 23:53:35,852 [DEBUG] STREAM b'iTXt' 254 1390
2026-09-09 23:53:35,852 [DEBUG] STREAM b'IDAT' 1656 8192
2026-09-09 23:53:35,852 [DEBUG] Importing GifImagePlugin
2026-09-09 23:53:35,861 [DEBUG] STREAM b'IHDR' 16 13
2026-09-09 23:53:35,861 [DEBUG] STREAM b'eXIf' 41 180
2026-09-09 23:53:35,861 [DEBUG] STREAM b'pHYs' 233 9
2026-09-09 23:53:35,861 [DEBUG] STREAM b'iTXt' 254 1386
2026-09-09 23:53:35,861 [DEBUG] STREAM b'IDAT' 1652 8192
2026-09-09 23:53:35,861 [DEBUG] STREAM b'IHDR' 16 13
2026-09-09 23:53:35,861 [DEBUG] STREAM b'eXIf' 41 180
2026-09-09 23:53:35,861 [DEBUG] STREAM b'pHYs' 233 9
2026-09-09 23:53:35,861 [DEBUG] STREAM b'iTXt' 254 1386
2026-09-09 23:53:35,862 [DEBUG] STREAM b'IDAT' 1652 8192
2026-09-09 23:53:36,504 [INFO] ✔ Proceso Watchdog de soporte iniciado para PID 17868
-> Usando tamaño local predefinido para bato_64: 0 bytes.
-> Usando tamaño local predefinido para batocera_64: 0 bytes.
-> Usando tamaño local predefinido para bato_32: 0 bytes.
-> Usando tamaño local predefinido para batocera_32: 0 bytes.
-> Usando tamaño local predefinido para pack_bato: 0 bytes.
-> Usando tamaño local predefinido para pack_batocera: 0 bytes.
-> Usando tamaño local predefinido para pack_hollow: 0 bytes.
-> Usando tamaño local predefinido para pack_hollow: 0 bytes.
2026-09-09 23:53:36,824 [DEBUG] STREAM b'IHDR' 16 13
2026-09-09 23:53:36,824 [DEBUG] STREAM b'eXIf' 41 180
2026-09-09 23:53:36,824 [DEBUG] STREAM b'pHYs' 233 9
2026-09-09 23:53:36,824 [DEBUG] STREAM b'iTXt' 254 1377
2026-09-09 23:53:36,824 [DEBUG] STREAM b'IDAT' 1643 8192
2026-09-09 23:53:37,532 [DEBUG] Starting new HTTPS connection (1): api.github.com:443
2026-09-09 23:53:38,028 [DEBUG] https://api.github.com:443 "GET /repos/MVP-Savyn/SAVIN-HOLLOWDRIVE/releases/latest HTTP/1.1" 200 933
