2026-09-07 16:53:17,533 [INFO] === INICIANDO HOLLOWDRIVE V12.5 ===
2026-09-07 16:53:17,533 [INFO] Ruta base del programa: D:\Documents\vscode\SAVIN-HOLLOWDRIVE
2026-09-07 16:53:17,533 [INFO] Archivo de registro de la sesión: D:\Documents\vscode\SAVIN-HOLLOWDRIVE\logs\hollowdrive_2026-09-07_16-53-17.log
2026-09-07 16:53:17,535 [DEBUG] Starting new HTTPS connection (1): raw.githubusercontent.com:443
2026-09-07 16:53:17,932 [DEBUG] https://raw.githubusercontent.com:443 "GET /MVP-Savyn/SAVIN-HOLLOWDRIVE/main/engine/mirrors.json HTTP/1.1" 404 14
2026-09-07 16:53:18,049 [DEBUG] Importing PngImagePlugin
2026-09-07 16:53:18,061 [DEBUG] STREAM b'IHDR' 16 13
2026-09-07 16:53:18,061 [DEBUG] STREAM b'eXIf' 41 180
2026-09-07 16:53:18,062 [DEBUG] STREAM b'pHYs' 233 9
2026-09-07 16:53:18,062 [DEBUG] STREAM b'iTXt' 254 1377
2026-09-07 16:53:18,062 [DEBUG] STREAM b'IDAT' 1643 8192
2026-09-07 16:53:18,062 [DEBUG] STREAM b'IHDR' 16 13
2026-09-07 16:53:18,062 [DEBUG] STREAM b'eXIf' 41 180
2026-09-07 16:53:18,062 [DEBUG] STREAM b'pHYs' 233 9
2026-09-07 16:53:18,062 [DEBUG] STREAM b'iTXt' 254 1377
2026-09-07 16:53:18,062 [DEBUG] STREAM b'IDAT' 1643 8192
2026-09-07 16:53:18,062 [DEBUG] STREAM b'IHDR' 16 13
2026-09-07 16:53:18,063 [DEBUG] STREAM b'eXIf' 41 180
2026-09-07 16:53:18,063 [DEBUG] STREAM b'pHYs' 233 9
2026-09-07 16:53:18,063 [DEBUG] STREAM b'iTXt' 254 1379
2026-09-07 16:53:18,063 [DEBUG] STREAM b'IDAT' 1645 8192
2026-09-07 16:53:18,063 [DEBUG] STREAM b'IHDR' 16 13
2026-09-07 16:53:18,063 [DEBUG] STREAM b'eXIf' 41 180
2026-09-07 16:53:18,063 [DEBUG] STREAM b'pHYs' 233 9
2026-09-07 16:53:18,063 [DEBUG] STREAM b'iTXt' 254 1379
2026-09-07 16:53:18,063 [DEBUG] STREAM b'IDAT' 1645 8192
2026-09-07 16:53:18,063 [DEBUG] STREAM b'IHDR' 16 13
2026-09-07 16:53:18,063 [DEBUG] STREAM b'eXIf' 41 180
2026-09-07 16:53:18,063 [DEBUG] STREAM b'pHYs' 233 9
2026-09-07 16:53:18,064 [DEBUG] STREAM b'iTXt' 254 1390
2026-09-07 16:53:18,064 [DEBUG] STREAM b'IDAT' 1656 8192
2026-09-07 16:53:18,064 [DEBUG] STREAM b'IHDR' 16 13
2026-09-07 16:53:18,064 [DEBUG] STREAM b'eXIf' 41 180
2026-09-07 16:53:18,064 [DEBUG] STREAM b'pHYs' 233 9
2026-09-07 16:53:18,064 [DEBUG] STREAM b'iTXt' 254 1379
2026-09-07 16:53:18,064 [DEBUG] STREAM b'IDAT' 1645 8192
2026-09-07 16:53:18,064 [DEBUG] STREAM b'IHDR' 16 13
2026-09-07 16:53:18,064 [DEBUG] STREAM b'eXIf' 41 180
2026-09-07 16:53:18,065 [DEBUG] STREAM b'pHYs' 233 9
2026-09-07 16:53:18,065 [DEBUG] STREAM b'iTXt' 254 1386
2026-09-07 16:53:18,065 [DEBUG] STREAM b'IDAT' 1652 8192
2026-09-07 16:53:18,065 [DEBUG] STREAM b'IHDR' 16 13
2026-09-07 16:53:18,065 [DEBUG] STREAM b'eXIf' 41 180
2026-09-07 16:53:18,065 [DEBUG] STREAM b'pHYs' 233 9
2026-09-07 16:53:18,065 [DEBUG] STREAM b'iTXt' 254 1390
2026-09-07 16:53:18,065 [DEBUG] STREAM b'IDAT' 1656 8192
2026-09-07 16:53:18,066 [DEBUG] Importing GifImagePlugin
2026-09-07 16:53:18,073 [DEBUG] STREAM b'IHDR' 16 13
2026-09-07 16:53:18,073 [DEBUG] STREAM b'eXIf' 41 180
2026-09-07 16:53:18,073 [DEBUG] STREAM b'pHYs' 233 9
2026-09-07 16:53:18,074 [DEBUG] STREAM b'iTXt' 254 1386
2026-09-07 16:53:18,074 [DEBUG] STREAM b'IDAT' 1652 8192
2026-09-07 16:53:18,074 [DEBUG] STREAM b'IHDR' 16 13
2026-09-07 16:53:18,074 [DEBUG] STREAM b'eXIf' 41 180
2026-09-07 16:53:18,074 [DEBUG] STREAM b'pHYs' 233 9
2026-09-07 16:53:18,074 [DEBUG] STREAM b'iTXt' 254 1386
2026-09-07 16:53:18,074 [DEBUG] STREAM b'IDAT' 1652 8192
2026-09-07 16:53:18,801 [INFO] ✔ Proceso Watchdog de soporte iniciado para PID 22644
-> Usando tamaño local predefinido para bato_64: 0 bytes.
-> Usando tamaño local predefinido para batocera_64: 0 bytes.
-> Usando tamaño local predefinido para bato_32: 0 bytes.
-> Usando tamaño local predefinido para batocera_32: 0 bytes.
-> Usando tamaño local predefinido para pack_bato: 0 bytes.
-> Usando tamaño local predefinido para pack_batocera: 0 bytes.
-> Usando tamaño local predefinido para pack_hollow: 0 bytes.
-> Usando tamaño local predefinido para pack_hollow: 0 bytes.
2026-09-07 16:53:19,153 [DEBUG] STREAM b'IHDR' 16 13
2026-09-07 16:53:19,153 [DEBUG] STREAM b'eXIf' 41 180
2026-09-07 16:53:19,153 [DEBUG] STREAM b'pHYs' 233 9
2026-09-07 16:53:19,153 [DEBUG] STREAM b'iTXt' 254 1377
2026-09-07 16:53:19,153 [DEBUG] STREAM b'IDAT' 1643 8192
2026-09-07 16:53:19,839 [DEBUG] Starting new HTTPS connection (1): api.github.com:443
2026-09-07 16:53:20,320 [DEBUG] https://api.github.com:443 "GET /repos/MVP-Savyn/SAVIN-HOLLOWDRIVE/releases/latest HTTP/1.1" 404 125
