2026-09-09 23:58:16,603 [INFO] === INICIANDO HOLLOWDRIVE V12.5 ===
2026-09-09 23:58:16,603 [INFO] Ruta base del programa: D:\Documents\vscode\SAVIN-HOLLOWDRIVE
2026-09-09 23:58:16,603 [INFO] Archivo de registro de la sesión: D:\Documents\vscode\SAVIN-HOLLOWDRIVE\logs\hollowdrive_2026-09-09_23-58-16.log
2026-09-09 23:58:16,605 [DEBUG] Starting new HTTPS connection (1): raw.githubusercontent.com:443
2026-09-09 23:58:16,827 [DEBUG] https://raw.githubusercontent.com:443 "GET /MVP-Savyn/SAVIN-HOLLOWDRIVE/main/engine/mirrors.json HTTP/1.1" 200 577
2026-09-09 23:58:16,827 [INFO] [MIRRORS] mirrors.json actualizado dinámicamente desde GitHub.
2026-09-09 23:58:16,954 [DEBUG] Importing PngImagePlugin
2026-09-09 23:58:16,964 [DEBUG] STREAM b'IHDR' 16 13
2026-09-09 23:58:16,964 [DEBUG] STREAM b'eXIf' 41 180
2026-09-09 23:58:16,964 [DEBUG] STREAM b'pHYs' 233 9
2026-09-09 23:58:16,964 [DEBUG] STREAM b'iTXt' 254 1377
2026-09-09 23:58:16,964 [DEBUG] STREAM b'IDAT' 1643 8192
2026-09-09 23:58:16,964 [DEBUG] STREAM b'IHDR' 16 13
2026-09-09 23:58:16,964 [DEBUG] STREAM b'eXIf' 41 180
2026-09-09 23:58:16,964 [DEBUG] STREAM b'pHYs' 233 9
2026-09-09 23:58:16,964 [DEBUG] STREAM b'iTXt' 254 1377
2026-09-09 23:58:16,964 [DEBUG] STREAM b'IDAT' 1643 8192
2026-09-09 23:58:16,965 [DEBUG] STREAM b'IHDR' 16 13
2026-09-09 23:58:16,965 [DEBUG] STREAM b'eXIf' 41 180
2026-09-09 23:58:16,965 [DEBUG] STREAM b'pHYs' 233 9
2026-09-09 23:58:16,965 [DEBUG] STREAM b'iTXt' 254 1379
2026-09-09 23:58:16,965 [DEBUG] STREAM b'IDAT' 1645 8192
2026-09-09 23:58:16,965 [DEBUG] STREAM b'IHDR' 16 13
2026-09-09 23:58:16,965 [DEBUG] STREAM b'eXIf' 41 180
2026-09-09 23:58:16,965 [DEBUG] STREAM b'pHYs' 233 9
2026-09-09 23:58:16,965 [DEBUG] STREAM b'iTXt' 254 1379
2026-09-09 23:58:16,966 [DEBUG] STREAM b'IDAT' 1645 8192
2026-09-09 23:58:16,966 [DEBUG] STREAM b'IHDR' 16 13
2026-09-09 23:58:16,966 [DEBUG] STREAM b'eXIf' 41 180
2026-09-09 23:58:16,966 [DEBUG] STREAM b'pHYs' 233 9
2026-09-09 23:58:16,966 [DEBUG] STREAM b'iTXt' 254 1390
2026-09-09 23:58:16,966 [DEBUG] STREAM b'IDAT' 1656 8192
2026-09-09 23:58:16,966 [DEBUG] STREAM b'IHDR' 16 13
2026-09-09 23:58:16,966 [DEBUG] STREAM b'eXIf' 41 180
2026-09-09 23:58:16,966 [DEBUG] STREAM b'pHYs' 233 9
2026-09-09 23:58:16,966 [DEBUG] STREAM b'iTXt' 254 1379
2026-09-09 23:58:16,967 [DEBUG] STREAM b'IDAT' 1645 8192
2026-09-09 23:58:16,967 [DEBUG] STREAM b'IHDR' 16 13
2026-09-09 23:58:16,967 [DEBUG] STREAM b'eXIf' 41 180
2026-09-09 23:58:16,967 [DEBUG] STREAM b'pHYs' 233 9
2026-09-09 23:58:16,967 [DEBUG] STREAM b'iTXt' 254 1386
2026-09-09 23:58:16,967 [DEBUG] STREAM b'IDAT' 1652 8192
2026-09-09 23:58:16,967 [DEBUG] STREAM b'IHDR' 16 13
2026-09-09 23:58:16,967 [DEBUG] STREAM b'eXIf' 41 180
2026-09-09 23:58:16,967 [DEBUG] STREAM b'pHYs' 233 9
2026-09-09 23:58:16,968 [DEBUG] STREAM b'iTXt' 254 1390
2026-09-09 23:58:16,968 [DEBUG] STREAM b'IDAT' 1656 8192
2026-09-09 23:58:16,968 [DEBUG] Importing GifImagePlugin
2026-09-09 23:58:16,975 [DEBUG] STREAM b'IHDR' 16 13
2026-09-09 23:58:16,975 [DEBUG] STREAM b'eXIf' 41 180
2026-09-09 23:58:16,975 [DEBUG] STREAM b'pHYs' 233 9
2026-09-09 23:58:16,975 [DEBUG] STREAM b'iTXt' 254 1386
2026-09-09 23:58:16,975 [DEBUG] STREAM b'IDAT' 1652 8192
2026-09-09 23:58:16,976 [DEBUG] STREAM b'IHDR' 16 13
2026-09-09 23:58:16,976 [DEBUG] STREAM b'eXIf' 41 180
2026-09-09 23:58:16,976 [DEBUG] STREAM b'pHYs' 233 9
2026-09-09 23:58:16,976 [DEBUG] STREAM b'iTXt' 254 1386
2026-09-09 23:58:16,976 [DEBUG] STREAM b'IDAT' 1652 8192
2026-09-09 23:58:17,629 [INFO] ✔ Proceso Watchdog de soporte iniciado para PID 26804
-> Usando tamaño local predefinido para bato_64: 0 bytes.
-> Usando tamaño local predefinido para batocera_64: 0 bytes.
-> Usando tamaño local predefinido para bato_32: 0 bytes.
-> Usando tamaño local predefinido para batocera_32: 0 bytes.
-> Usando tamaño local predefinido para pack_bato: 0 bytes.
-> Usando tamaño local predefinido para pack_batocera: 0 bytes.
-> Usando tamaño local predefinido para pack_hollow: 0 bytes.
-> Usando tamaño local predefinido para pack_hollow: 0 bytes.
2026-09-09 23:58:17,971 [DEBUG] STREAM b'IHDR' 16 13
2026-09-09 23:58:17,971 [DEBUG] STREAM b'eXIf' 41 180
2026-09-09 23:58:17,972 [DEBUG] STREAM b'pHYs' 233 9
2026-09-09 23:58:17,972 [DEBUG] STREAM b'iTXt' 254 1377
2026-09-09 23:58:17,972 [DEBUG] STREAM b'IDAT' 1643 8192
2026-09-09 23:58:18,671 [DEBUG] Starting new HTTPS connection (1): api.github.com:443
2026-09-09 23:58:19,174 [DEBUG] https://api.github.com:443 "GET /repos/MVP-Savyn/SAVIN-HOLLOWDRIVE/releases/latest HTTP/1.1" 200 933
