2026-09-07 16:41:37,886 [INFO] === INICIANDO HOLLOWDRIVE V12.5 ===
2026-09-07 16:41:37,887 [INFO] Ruta base del programa: D:\Documents\vscode\SAVIN-HOLLOWDRIVE
2026-09-07 16:41:37,887 [INFO] Archivo de registro de la sesión: D:\Documents\vscode\SAVIN-HOLLOWDRIVE\logs\hollowdrive_2026-09-07_16-41-37.log
2026-09-07 16:41:37,889 [DEBUG] Starting new HTTPS connection (1): raw.githubusercontent.com:443
2026-09-07 16:41:38,271 [DEBUG] https://raw.githubusercontent.com:443 "GET /MVP-Savyn/SAVIN-HOLLOWDRIVE/main/engine/mirrors.json HTTP/1.1" 404 14
2026-09-07 16:41:38,391 [DEBUG] Importing PngImagePlugin
2026-09-07 16:41:38,401 [DEBUG] STREAM b'IHDR' 16 13
2026-09-07 16:41:38,401 [DEBUG] STREAM b'eXIf' 41 180
2026-09-07 16:41:38,401 [DEBUG] STREAM b'pHYs' 233 9
2026-09-07 16:41:38,402 [DEBUG] STREAM b'iTXt' 254 1377
2026-09-07 16:41:38,402 [DEBUG] STREAM b'IDAT' 1643 8192
2026-09-07 16:41:38,402 [DEBUG] STREAM b'IHDR' 16 13
2026-09-07 16:41:38,402 [DEBUG] STREAM b'eXIf' 41 180
2026-09-07 16:41:38,402 [DEBUG] STREAM b'pHYs' 233 9
2026-09-07 16:41:38,402 [DEBUG] STREAM b'iTXt' 254 1377
2026-09-07 16:41:38,403 [DEBUG] STREAM b'IDAT' 1643 8192
2026-09-07 16:41:38,403 [DEBUG] STREAM b'IHDR' 16 13
2026-09-07 16:41:38,403 [DEBUG] STREAM b'eXIf' 41 180
2026-09-07 16:41:38,403 [DEBUG] STREAM b'pHYs' 233 9
2026-09-07 16:41:38,403 [DEBUG] STREAM b'iTXt' 254 1379
2026-09-07 16:41:38,403 [DEBUG] STREAM b'IDAT' 1645 8192
2026-09-07 16:41:38,404 [DEBUG] STREAM b'IHDR' 16 13
2026-09-07 16:41:38,404 [DEBUG] STREAM b'eXIf' 41 180
2026-09-07 16:41:38,404 [DEBUG] STREAM b'pHYs' 233 9
2026-09-07 16:41:38,404 [DEBUG] STREAM b'iTXt' 254 1379
2026-09-07 16:41:38,404 [DEBUG] STREAM b'IDAT' 1645 8192
2026-09-07 16:41:38,404 [DEBUG] STREAM b'IHDR' 16 13
2026-09-07 16:41:38,404 [DEBUG] STREAM b'eXIf' 41 180
2026-09-07 16:41:38,404 [DEBUG] STREAM b'pHYs' 233 9
2026-09-07 16:41:38,405 [DEBUG] STREAM b'iTXt' 254 1390
2026-09-07 16:41:38,405 [DEBUG] STREAM b'IDAT' 1656 8192
2026-09-07 16:41:38,405 [DEBUG] STREAM b'IHDR' 16 13
2026-09-07 16:41:38,405 [DEBUG] STREAM b'eXIf' 41 180
2026-09-07 16:41:38,405 [DEBUG] STREAM b'pHYs' 233 9
2026-09-07 16:41:38,405 [DEBUG] STREAM b'iTXt' 254 1379
2026-09-07 16:41:38,405 [DEBUG] STREAM b'IDAT' 1645 8192
2026-09-07 16:41:38,406 [DEBUG] STREAM b'IHDR' 16 13
2026-09-07 16:41:38,406 [DEBUG] STREAM b'eXIf' 41 180
2026-09-07 16:41:38,406 [DEBUG] STREAM b'pHYs' 233 9
2026-09-07 16:41:38,406 [DEBUG] STREAM b'iTXt' 254 1386
2026-09-07 16:41:38,406 [DEBUG] STREAM b'IDAT' 1652 8192
2026-09-07 16:41:38,406 [DEBUG] STREAM b'IHDR' 16 13
2026-09-07 16:41:38,406 [DEBUG] STREAM b'eXIf' 41 180
2026-09-07 16:41:38,406 [DEBUG] STREAM b'pHYs' 233 9
2026-09-07 16:41:38,407 [DEBUG] STREAM b'iTXt' 254 1390
2026-09-07 16:41:38,407 [DEBUG] STREAM b'IDAT' 1656 8192
2026-09-07 16:41:38,407 [DEBUG] Importing GifImagePlugin
2026-09-07 16:41:38,416 [DEBUG] STREAM b'IHDR' 16 13
2026-09-07 16:41:38,416 [DEBUG] STREAM b'eXIf' 41 180
2026-09-07 16:41:38,416 [DEBUG] STREAM b'pHYs' 233 9
2026-09-07 16:41:38,416 [DEBUG] STREAM b'iTXt' 254 1386
2026-09-07 16:41:38,416 [DEBUG] STREAM b'IDAT' 1652 8192
2026-09-07 16:41:38,416 [DEBUG] STREAM b'IHDR' 16 13
2026-09-07 16:41:38,417 [DEBUG] STREAM b'eXIf' 41 180
2026-09-07 16:41:38,417 [DEBUG] STREAM b'pHYs' 233 9
2026-09-07 16:41:38,417 [DEBUG] STREAM b'iTXt' 254 1386
2026-09-07 16:41:38,417 [DEBUG] STREAM b'IDAT' 1652 8192
2026-09-07 16:41:39,167 [INFO] ✔ Proceso Watchdog de soporte iniciado para PID 18708
-> Usando tamaño local predefinido para bato_64: 0 bytes.
-> Usando tamaño local predefinido para batocera_64: 0 bytes.
-> Usando tamaño local predefinido para bato_32: 0 bytes.
-> Usando tamaño local predefinido para batocera_32: 0 bytes.
-> Usando tamaño local predefinido para pack_bato: 0 bytes.
-> Usando tamaño local predefinido para pack_batocera: 0 bytes.
-> Usando tamaño local predefinido para pack_hollow: 0 bytes.
-> Usando tamaño local predefinido para pack_hollow: 0 bytes.
2026-09-07 16:41:39,514 [DEBUG] STREAM b'IHDR' 16 13
2026-09-07 16:41:39,514 [DEBUG] STREAM b'eXIf' 41 180
2026-09-07 16:41:39,514 [DEBUG] STREAM b'pHYs' 233 9
2026-09-07 16:41:39,514 [DEBUG] STREAM b'iTXt' 254 1377
2026-09-07 16:41:39,515 [DEBUG] STREAM b'IDAT' 1643 8192
2026-09-07 16:41:40,199 [DEBUG] Starting new HTTPS connection (1): api.github.com:443
2026-09-07 16:41:40,668 [DEBUG] https://api.github.com:443 "GET /repos/MVP-Savyn/SAVIN-HOLLOWDRIVE/releases/latest HTTP/1.1" 404 125
2026-09-07 16:41:42,659 [DEBUG] STREAM b'IHDR' 16 13
2026-09-07 16:41:42,659 [DEBUG] STREAM b'eXIf' 41 180
2026-09-07 16:41:42,659 [DEBUG] STREAM b'pHYs' 233 9
2026-09-07 16:41:42,659 [DEBUG] STREAM b'iTXt' 254 1377
2026-09-07 16:41:42,659 [DEBUG] STREAM b'IDAT' 1643 8192
2026-09-07 16:41:52,445 [DEBUG] STREAM b'IHDR' 16 13
2026-09-07 16:41:52,445 [DEBUG] STREAM b'eXIf' 41 180
2026-09-07 16:41:52,445 [DEBUG] STREAM b'pHYs' 233 9
2026-09-07 16:41:52,445 [DEBUG] STREAM b'iTXt' 254 1377
2026-09-07 16:41:52,445 [DEBUG] STREAM b'IDAT' 1643 8192
