2026-07-19 21:20:59,222 [INFO] === INICIANDO SAVIN SUPER_USB ===
2026-07-19 21:20:59,380 [DEBUG] Importing PngImagePlugin
2026-07-19 21:20:59,389 [DEBUG] STREAM b'IHDR' 16 13
2026-07-19 21:20:59,389 [DEBUG] STREAM b'eXIf' 41 180
2026-07-19 21:20:59,389 [DEBUG] STREAM b'pHYs' 233 9
2026-07-19 21:20:59,389 [DEBUG] STREAM b'iTXt' 254 1377
2026-07-19 21:20:59,389 [DEBUG] STREAM b'IDAT' 1643 8192
2026-07-19 21:20:59,389 [DEBUG] STREAM b'IHDR' 16 13
2026-07-19 21:20:59,389 [DEBUG] STREAM b'eXIf' 41 180
2026-07-19 21:20:59,389 [DEBUG] STREAM b'pHYs' 233 9
2026-07-19 21:20:59,390 [DEBUG] STREAM b'iTXt' 254 1377
2026-07-19 21:20:59,390 [DEBUG] STREAM b'IDAT' 1643 8192
2026-07-19 21:20:59,390 [DEBUG] STREAM b'IHDR' 16 13
2026-07-19 21:20:59,390 [DEBUG] STREAM b'eXIf' 41 180
2026-07-19 21:20:59,390 [DEBUG] STREAM b'pHYs' 233 9
2026-07-19 21:20:59,390 [DEBUG] STREAM b'iTXt' 254 1379
2026-07-19 21:20:59,390 [DEBUG] STREAM b'IDAT' 1645 8192
2026-07-19 21:20:59,391 [DEBUG] STREAM b'IHDR' 16 13
2026-07-19 21:20:59,391 [DEBUG] STREAM b'eXIf' 41 180
2026-07-19 21:20:59,391 [DEBUG] STREAM b'pHYs' 233 9
2026-07-19 21:20:59,391 [DEBUG] STREAM b'iTXt' 254 1379
2026-07-19 21:20:59,391 [DEBUG] STREAM b'IDAT' 1645 8192
2026-07-19 21:20:59,391 [DEBUG] STREAM b'IHDR' 16 13
2026-07-19 21:20:59,391 [DEBUG] STREAM b'eXIf' 41 180
2026-07-19 21:20:59,391 [DEBUG] STREAM b'pHYs' 233 9
2026-07-19 21:20:59,392 [DEBUG] STREAM b'iTXt' 254 1390
2026-07-19 21:20:59,392 [DEBUG] STREAM b'IDAT' 1656 8192
2026-07-19 21:20:59,392 [DEBUG] STREAM b'IHDR' 16 13
2026-07-19 21:20:59,392 [DEBUG] STREAM b'eXIf' 41 180
2026-07-19 21:20:59,392 [DEBUG] STREAM b'pHYs' 233 9
2026-07-19 21:20:59,392 [DEBUG] STREAM b'iTXt' 254 1379
2026-07-19 21:20:59,392 [DEBUG] STREAM b'IDAT' 1645 8192
2026-07-19 21:20:59,393 [DEBUG] STREAM b'IHDR' 16 13
2026-07-19 21:20:59,393 [DEBUG] STREAM b'IDAT' 41 4096
2026-07-19 21:20:59,393 [DEBUG] Importing GifImagePlugin
2026-07-19 21:20:59,401 [DEBUG] STREAM b'IHDR' 16 13
2026-07-19 21:20:59,401 [DEBUG] STREAM b'eXIf' 41 180
2026-07-19 21:20:59,402 [DEBUG] STREAM b'pHYs' 233 9
2026-07-19 21:20:59,402 [DEBUG] STREAM b'iTXt' 254 1386
2026-07-19 21:20:59,402 [DEBUG] STREAM b'IDAT' 1652 8192
2026-07-19 21:20:59,402 [DEBUG] STREAM b'IHDR' 16 13
2026-07-19 21:20:59,402 [DEBUG] STREAM b'eXIf' 41 180
2026-07-19 21:20:59,402 [DEBUG] STREAM b'pHYs' 233 9
2026-07-19 21:20:59,402 [DEBUG] STREAM b'iTXt' 254 1386
2026-07-19 21:20:59,403 [DEBUG] STREAM b'IDAT' 1652 8192
2026-07-19 21:20:59,476 [DEBUG] STREAM b'IDAT' 9475 6
2026-07-19 21:21:24,018 [INFO] [CRONÓMETRO] Estructura Core (Ventoy) completado en 00m 06s
2026-07-19 21:21:35,213 [INFO] [INFO] Detectada firma core en I:. Forzando cambio de etiqueta a HOLLOWDRIVE...
2026-07-19 21:21:37,842 [INFO] [ENTORNO] Unidad vinculada firmemente en: I:\
2026-07-19 21:21:40,135 [INFO] Estructura base de Ventoy inyectada de forma limpia desde recursos locales.
2026-07-19 21:21:40,135 [INFO] [CRONÓMETRO] Configuración Base Ventoy completado en 00m 02s
2026-07-19 21:21:40,137 [INFO] Instalación finalizada con éxito. Tiempo total: 22.163123607635498 segundos.
