2026-07-19 05:05:30,481 [INFO] === INICIANDO SAVIN SUPER_USB ===
2026-07-19 05:05:30,647 [DEBUG] Importing PngImagePlugin
2026-07-19 05:05:30,655 [DEBUG] STREAM b'IHDR' 16 13
2026-07-19 05:05:30,655 [DEBUG] STREAM b'eXIf' 41 180
2026-07-19 05:05:30,655 [DEBUG] STREAM b'pHYs' 233 9
2026-07-19 05:05:30,655 [DEBUG] STREAM b'iTXt' 254 1377
2026-07-19 05:05:30,655 [DEBUG] STREAM b'IDAT' 1643 8192
2026-07-19 05:05:30,661 [DEBUG] STREAM b'IHDR' 16 13
2026-07-19 05:05:30,661 [DEBUG] STREAM b'eXIf' 41 180
2026-07-19 05:05:30,661 [DEBUG] STREAM b'pHYs' 233 9
2026-07-19 05:05:30,661 [DEBUG] STREAM b'iTXt' 254 1377
2026-07-19 05:05:30,661 [DEBUG] STREAM b'IDAT' 1643 8192
2026-07-19 05:05:30,661 [DEBUG] STREAM b'IHDR' 16 13
2026-07-19 05:05:30,661 [DEBUG] STREAM b'eXIf' 41 180
2026-07-19 05:05:30,661 [DEBUG] STREAM b'pHYs' 233 9
2026-07-19 05:05:30,662 [DEBUG] STREAM b'iTXt' 254 1379
2026-07-19 05:05:30,662 [DEBUG] STREAM b'IDAT' 1645 8192
2026-07-19 05:05:30,662 [DEBUG] STREAM b'IHDR' 16 13
2026-07-19 05:05:30,662 [DEBUG] STREAM b'eXIf' 41 180
2026-07-19 05:05:30,662 [DEBUG] STREAM b'pHYs' 233 9
2026-07-19 05:05:30,662 [DEBUG] STREAM b'iTXt' 254 1379
2026-07-19 05:05:30,662 [DEBUG] STREAM b'IDAT' 1645 8192
2026-07-19 05:05:30,663 [DEBUG] STREAM b'IHDR' 16 13
2026-07-19 05:05:30,663 [DEBUG] STREAM b'eXIf' 41 180
2026-07-19 05:05:30,663 [DEBUG] STREAM b'pHYs' 233 9
2026-07-19 05:05:30,663 [DEBUG] STREAM b'iTXt' 254 1390
2026-07-19 05:05:30,663 [DEBUG] STREAM b'IDAT' 1656 8192
2026-07-19 05:05:30,663 [DEBUG] STREAM b'IHDR' 16 13
2026-07-19 05:05:30,663 [DEBUG] STREAM b'eXIf' 41 180
2026-07-19 05:05:30,663 [DEBUG] STREAM b'pHYs' 233 9
2026-07-19 05:05:30,664 [DEBUG] STREAM b'iTXt' 254 1379
2026-07-19 05:05:30,664 [DEBUG] STREAM b'IDAT' 1645 8192
2026-07-19 05:05:30,664 [DEBUG] STREAM b'IHDR' 16 13
2026-07-19 05:05:30,664 [DEBUG] STREAM b'IDAT' 41 4096
2026-07-19 05:05:30,664 [DEBUG] Importing GifImagePlugin
2026-07-19 05:05:30,671 [DEBUG] STREAM b'IHDR' 16 13
2026-07-19 05:05:30,671 [DEBUG] STREAM b'eXIf' 41 180
2026-07-19 05:05:30,671 [DEBUG] STREAM b'pHYs' 233 9
2026-07-19 05:05:30,672 [DEBUG] STREAM b'iTXt' 254 1386
2026-07-19 05:05:30,672 [DEBUG] STREAM b'IDAT' 1652 8192
2026-07-19 05:05:30,672 [DEBUG] STREAM b'IHDR' 16 13
2026-07-19 05:05:30,672 [DEBUG] STREAM b'eXIf' 41 180
2026-07-19 05:05:30,672 [DEBUG] STREAM b'pHYs' 233 9
2026-07-19 05:05:30,672 [DEBUG] STREAM b'iTXt' 254 1386
2026-07-19 05:05:30,672 [DEBUG] STREAM b'IDAT' 1652 8192
2026-07-19 05:05:30,739 [DEBUG] STREAM b'IDAT' 9475 6
