2026-07-19 00:06:55,637 [INFO] === INICIANDO SAVIN SUPER_USB ===
2026-07-19 00:06:55,870 [DEBUG] Importing PngImagePlugin
2026-07-19 00:06:55,924 [DEBUG] STREAM b'IHDR' 16 13
2026-07-19 00:06:55,924 [DEBUG] STREAM b'IDAT' 41 61589
2026-07-19 00:06:55,930 [DEBUG] STREAM b'IHDR' 16 13
2026-07-19 00:06:55,930 [DEBUG] STREAM b'IDAT' 41 84110
2026-07-19 00:06:55,937 [DEBUG] STREAM b'IHDR' 16 13
2026-07-19 00:06:55,937 [DEBUG] STREAM b'eXIf' 41 180
2026-07-19 00:06:55,937 [DEBUG] STREAM b'pHYs' 233 9
2026-07-19 00:06:55,938 [DEBUG] STREAM b'iTXt' 254 1379
2026-07-19 00:06:55,938 [DEBUG] STREAM b'IDAT' 1645 8192
2026-07-19 00:06:55,944 [DEBUG] STREAM b'IHDR' 16 13
2026-07-19 00:06:55,944 [DEBUG] STREAM b'eXIf' 41 180
2026-07-19 00:06:55,945 [DEBUG] STREAM b'pHYs' 233 9
2026-07-19 00:06:55,945 [DEBUG] STREAM b'iTXt' 254 1379
2026-07-19 00:06:55,945 [DEBUG] STREAM b'IDAT' 1645 8192
2026-07-19 00:06:55,951 [DEBUG] STREAM b'IHDR' 16 13
2026-07-19 00:06:55,952 [DEBUG] STREAM b'eXIf' 41 180
2026-07-19 00:06:55,952 [DEBUG] STREAM b'pHYs' 233 9
2026-07-19 00:06:55,952 [DEBUG] STREAM b'iTXt' 254 1390
2026-07-19 00:06:55,952 [DEBUG] STREAM b'IDAT' 1656 8192
2026-07-19 00:06:55,959 [DEBUG] STREAM b'IHDR' 16 13
2026-07-19 00:06:55,959 [DEBUG] STREAM b'eXIf' 41 180
2026-07-19 00:06:55,959 [DEBUG] STREAM b'pHYs' 233 9
2026-07-19 00:06:55,959 [DEBUG] STREAM b'iTXt' 254 1379
2026-07-19 00:06:55,959 [DEBUG] STREAM b'IDAT' 1645 8192
2026-07-19 00:06:55,965 [DEBUG] STREAM b'IHDR' 16 13
2026-07-19 00:06:55,965 [DEBUG] STREAM b'IDAT' 41 4096
2026-07-19 00:06:55,966 [DEBUG] Importing GifImagePlugin
2026-07-19 00:06:56,018 [DEBUG] STREAM b'IHDR' 16 13
2026-07-19 00:06:56,018 [DEBUG] STREAM b'eXIf' 41 180
2026-07-19 00:06:56,019 [DEBUG] STREAM b'pHYs' 233 9
2026-07-19 00:06:56,019 [DEBUG] STREAM b'iTXt' 254 1386
2026-07-19 00:06:56,019 [DEBUG] STREAM b'IDAT' 1652 8192
2026-07-19 00:06:56,025 [DEBUG] STREAM b'IHDR' 16 13
2026-07-19 00:06:56,025 [DEBUG] STREAM b'eXIf' 41 180
2026-07-19 00:06:56,025 [DEBUG] STREAM b'pHYs' 233 9
2026-07-19 00:06:56,025 [DEBUG] STREAM b'iTXt' 254 1386
2026-07-19 00:06:56,025 [DEBUG] STREAM b'IDAT' 1652 8192
2026-07-19 00:06:56,124 [DEBUG] STREAM b'IDAT' 9475 6
2026-07-19 00:07:49,495 [INFO] [INFO] HOLLOWDRIVE no detectado directamente. Escaneando firma de stock 'Ventoy'...
