2026-07-19 01:53:23,802 [INFO] === INICIANDO SAVIN SUPER_USB ===
2026-07-19 01:53:23,972 [DEBUG] Importing PngImagePlugin
2026-07-19 01:53:23,982 [DEBUG] STREAM b'IHDR' 16 13
2026-07-19 01:53:23,982 [DEBUG] STREAM b'IDAT' 41 61589
2026-07-19 01:53:23,982 [DEBUG] STREAM b'IHDR' 16 13
2026-07-19 01:53:23,982 [DEBUG] STREAM b'IDAT' 41 84110
2026-07-19 01:53:23,983 [DEBUG] STREAM b'IHDR' 16 13
2026-07-19 01:53:23,983 [DEBUG] STREAM b'eXIf' 41 180
2026-07-19 01:53:23,983 [DEBUG] STREAM b'pHYs' 233 9
2026-07-19 01:53:23,983 [DEBUG] STREAM b'iTXt' 254 1379
2026-07-19 01:53:23,983 [DEBUG] STREAM b'IDAT' 1645 8192
2026-07-19 01:53:23,984 [DEBUG] STREAM b'IHDR' 16 13
2026-07-19 01:53:23,984 [DEBUG] STREAM b'eXIf' 41 180
2026-07-19 01:53:23,984 [DEBUG] STREAM b'pHYs' 233 9
2026-07-19 01:53:23,984 [DEBUG] STREAM b'iTXt' 254 1379
2026-07-19 01:53:23,984 [DEBUG] STREAM b'IDAT' 1645 8192
2026-07-19 01:53:23,984 [DEBUG] STREAM b'IHDR' 16 13
2026-07-19 01:53:23,985 [DEBUG] STREAM b'eXIf' 41 180
2026-07-19 01:53:23,985 [DEBUG] STREAM b'pHYs' 233 9
2026-07-19 01:53:23,985 [DEBUG] STREAM b'iTXt' 254 1390
2026-07-19 01:53:23,985 [DEBUG] STREAM b'IDAT' 1656 8192
2026-07-19 01:53:23,985 [DEBUG] STREAM b'IHDR' 16 13
2026-07-19 01:53:23,985 [DEBUG] STREAM b'eXIf' 41 180
2026-07-19 01:53:23,985 [DEBUG] STREAM b'pHYs' 233 9
2026-07-19 01:53:23,985 [DEBUG] STREAM b'iTXt' 254 1379
2026-07-19 01:53:23,985 [DEBUG] STREAM b'IDAT' 1645 8192
2026-07-19 01:53:23,986 [DEBUG] STREAM b'IHDR' 16 13
2026-07-19 01:53:23,986 [DEBUG] STREAM b'IDAT' 41 4096
2026-07-19 01:53:23,986 [DEBUG] Importing GifImagePlugin
2026-07-19 01:53:23,995 [DEBUG] STREAM b'IHDR' 16 13
2026-07-19 01:53:23,995 [DEBUG] STREAM b'eXIf' 41 180
2026-07-19 01:53:23,995 [DEBUG] STREAM b'pHYs' 233 9
2026-07-19 01:53:23,995 [DEBUG] STREAM b'iTXt' 254 1386
2026-07-19 01:53:23,995 [DEBUG] STREAM b'IDAT' 1652 8192
2026-07-19 01:53:23,995 [DEBUG] STREAM b'IHDR' 16 13
2026-07-19 01:53:23,995 [DEBUG] STREAM b'eXIf' 41 180
2026-07-19 01:53:23,996 [DEBUG] STREAM b'pHYs' 233 9
2026-07-19 01:53:23,996 [DEBUG] STREAM b'iTXt' 254 1386
2026-07-19 01:53:23,996 [DEBUG] STREAM b'IDAT' 1652 8192
2026-07-19 01:53:24,067 [DEBUG] STREAM b'IDAT' 9475 6
2026-07-19 01:54:11,167 [INFO] [INFO] Detectada firma core en F:. Cambiando etiqueta a HOLLOWDRIVE...
2026-07-19 01:54:13,321 [INFO] [CRONÓMETRO] Estructura Core (Ventoy) completado en 00m 29s
2026-07-19 01:54:35,155 [INFO] [CRONÓMETRO] Creación Bootloader GRUB completado en 00m 12s
2026-07-19 01:54:35,407 [DEBUG] Starting new HTTPS connection (1): huggingface.co:443
2026-07-19 01:54:35,638 [DEBUG] https://huggingface.co:443 "GET /datasets/HollowDrive/HollowDrive/resolve/main/hollowdrive_cachy_efi.img HTTP/1.1" 302 1219
2026-07-19 01:54:35,639 [DEBUG] Starting new HTTPS connection (1): cdn-lfs-us-1.hf.co:443
2026-07-19 01:54:35,827 [DEBUG] https://cdn-lfs-us-1.hf.co:443 "GET /repos/9e/31/9e31d60c5a81399f0dbb3281285c11761e2abd9aec4f1e64ad2e1bffe100fafa/7c36704582fbcdef67b42d934bf1b8f53c28d80ba0357dc55d58b0c6dbe3b6e7?response-content-disposition=inline%3B+filename*%3DUTF-8%27%27hollowdrive_cachy_efi.img%3B+filename%3D%22hollowdrive_cachy_efi.img%22%3B&response-content-type=application%2Foctet-stream&Expires=1784422475&Policy=eyJTdGF0ZW1lbnQiOlt7IkNvbmRpdGlvbiI6eyJEYXRlTGVzc1RoYW4iOnsiQVdTOkVwb2NoVGltZSI6MTc4NDQyMjQ3NX19LCJSZXNvdXJjZSI6Imh0dHBzOi8vY2RuLWxmcy11cy0xLmhmLmNvL3JlcG9zLzllLzMxLzllMzFkNjBjNWE4MTM5OWYwZGJiMzI4MTI4NWMxMTc2MWUyYWJkOWFlYzRmMWU2NGFkMmUxYmZmZTEwMGZhZmEvN2MzNjcwNDU4MmZiY2RlZjY3YjQyZDkzNGJmMWI4ZjUzYzI4ZDgwYmEwMzU3ZGM1NWQ1OGIwYzZkYmUzYjZlNz9yZXNwb25zZS1jb250ZW50LWRpc3Bvc2l0aW9uPSomcmVzcG9uc2UtY29udGVudC10eXBlPSoifV19&Signature=kHnQmGL1wSzhD6YxE6~GGwQ2SMelv~TkYI6Uqcfz4M-G-3~APnC85j5Cwnn5YEDHP28mgjGQ9cqDLdeo5siYiE0KdamvpaBQ2ahkdo8Aj2WNb0PuJIQG0bBAMjAX1v54SE1gvQuGKMvv~isKsHK5pZYofaNWwi3r6~z5PMIUQ0HEsikaHj~6hIJ3vUDzuWIF0vSs28EoDJCwwUfaFXKBNkCsvqneHAl2zu50d5xzt1aMUkvdlN0q5v~PoWrrOokEfcNeCnPYuRSar98s8Asc9ZXOHZllZi37c8SH9tZUeFrjmjL3GixGjsIsryuuKAd~xNLti2aNF~OcZK8H2f6jlg__&Key-Pair-Id=K1HG1QXK3AL3BR HTTP/1.1" 200 537587712
