2026-07-19 05:33:08,206 [INFO] === INICIANDO SAVIN SUPER_USB ===
2026-07-19 05:33:08,380 [DEBUG] Importing PngImagePlugin
2026-07-19 05:33:08,388 [DEBUG] STREAM b'IHDR' 16 13
2026-07-19 05:33:08,388 [DEBUG] STREAM b'eXIf' 41 180
2026-07-19 05:33:08,388 [DEBUG] STREAM b'pHYs' 233 9
2026-07-19 05:33:08,388 [DEBUG] STREAM b'iTXt' 254 1377
2026-07-19 05:33:08,388 [DEBUG] STREAM b'IDAT' 1643 8192
2026-07-19 05:33:08,389 [DEBUG] STREAM b'IHDR' 16 13
2026-07-19 05:33:08,389 [DEBUG] STREAM b'eXIf' 41 180
2026-07-19 05:33:08,389 [DEBUG] STREAM b'pHYs' 233 9
2026-07-19 05:33:08,389 [DEBUG] STREAM b'iTXt' 254 1377
2026-07-19 05:33:08,389 [DEBUG] STREAM b'IDAT' 1643 8192
2026-07-19 05:33:08,389 [DEBUG] STREAM b'IHDR' 16 13
2026-07-19 05:33:08,389 [DEBUG] STREAM b'eXIf' 41 180
2026-07-19 05:33:08,390 [DEBUG] STREAM b'pHYs' 233 9
2026-07-19 05:33:08,390 [DEBUG] STREAM b'iTXt' 254 1379
2026-07-19 05:33:08,390 [DEBUG] STREAM b'IDAT' 1645 8192
2026-07-19 05:33:08,390 [DEBUG] STREAM b'IHDR' 16 13
2026-07-19 05:33:08,390 [DEBUG] STREAM b'eXIf' 41 180
2026-07-19 05:33:08,390 [DEBUG] STREAM b'pHYs' 233 9
2026-07-19 05:33:08,390 [DEBUG] STREAM b'iTXt' 254 1379
2026-07-19 05:33:08,390 [DEBUG] STREAM b'IDAT' 1645 8192
2026-07-19 05:33:08,391 [DEBUG] STREAM b'IHDR' 16 13
2026-07-19 05:33:08,391 [DEBUG] STREAM b'eXIf' 41 180
2026-07-19 05:33:08,391 [DEBUG] STREAM b'pHYs' 233 9
2026-07-19 05:33:08,391 [DEBUG] STREAM b'iTXt' 254 1390
2026-07-19 05:33:08,391 [DEBUG] STREAM b'IDAT' 1656 8192
2026-07-19 05:33:08,391 [DEBUG] STREAM b'IHDR' 16 13
2026-07-19 05:33:08,391 [DEBUG] STREAM b'eXIf' 41 180
2026-07-19 05:33:08,392 [DEBUG] STREAM b'pHYs' 233 9
2026-07-19 05:33:08,392 [DEBUG] STREAM b'iTXt' 254 1379
2026-07-19 05:33:08,392 [DEBUG] STREAM b'IDAT' 1645 8192
2026-07-19 05:33:08,392 [DEBUG] STREAM b'IHDR' 16 13
2026-07-19 05:33:08,392 [DEBUG] STREAM b'IDAT' 41 4096
2026-07-19 05:33:08,392 [DEBUG] Importing GifImagePlugin
2026-07-19 05:33:08,400 [DEBUG] STREAM b'IHDR' 16 13
2026-07-19 05:33:08,400 [DEBUG] STREAM b'eXIf' 41 180
2026-07-19 05:33:08,400 [DEBUG] STREAM b'pHYs' 233 9
2026-07-19 05:33:08,400 [DEBUG] STREAM b'iTXt' 254 1386
2026-07-19 05:33:08,400 [DEBUG] STREAM b'IDAT' 1652 8192
2026-07-19 05:33:08,400 [DEBUG] STREAM b'IHDR' 16 13
2026-07-19 05:33:08,401 [DEBUG] STREAM b'eXIf' 41 180
2026-07-19 05:33:08,401 [DEBUG] STREAM b'pHYs' 233 9
2026-07-19 05:33:08,401 [DEBUG] STREAM b'iTXt' 254 1386
2026-07-19 05:33:08,401 [DEBUG] STREAM b'IDAT' 1652 8192
2026-07-19 05:33:08,470 [DEBUG] STREAM b'IDAT' 9475 6
2026-07-19 05:33:09,822 [DEBUG] STREAM b'IHDR' 16 13
2026-07-19 05:33:09,822 [DEBUG] STREAM b'eXIf' 41 180
2026-07-19 05:33:09,822 [DEBUG] STREAM b'pHYs' 233 9
2026-07-19 05:33:09,822 [DEBUG] STREAM b'iTXt' 254 1377
2026-07-19 05:33:09,822 [DEBUG] STREAM b'IDAT' 1643 8192
