2026-07-19 04:32:30,949 [INFO] === INICIANDO SAVIN SUPER_USB ===
2026-07-19 04:32:31,235 [DEBUG] Importing PngImagePlugin
2026-07-19 04:32:31,248 [DEBUG] STREAM b'IHDR' 16 13
2026-07-19 04:32:31,248 [DEBUG] STREAM b'IDAT' 41 61589
2026-07-19 04:32:31,249 [DEBUG] STREAM b'IHDR' 16 13
2026-07-19 04:32:31,249 [DEBUG] STREAM b'IDAT' 41 84110
2026-07-19 04:32:31,249 [DEBUG] STREAM b'IHDR' 16 13
2026-07-19 04:32:31,249 [DEBUG] STREAM b'eXIf' 41 180
2026-07-19 04:32:31,250 [DEBUG] STREAM b'pHYs' 233 9
2026-07-19 04:32:31,250 [DEBUG] STREAM b'iTXt' 254 1379
2026-07-19 04:32:31,250 [DEBUG] STREAM b'IDAT' 1645 8192
2026-07-19 04:32:31,251 [DEBUG] STREAM b'IHDR' 16 13
2026-07-19 04:32:31,251 [DEBUG] STREAM b'eXIf' 41 180
2026-07-19 04:32:31,251 [DEBUG] STREAM b'pHYs' 233 9
2026-07-19 04:32:31,251 [DEBUG] STREAM b'iTXt' 254 1379
2026-07-19 04:32:31,251 [DEBUG] STREAM b'IDAT' 1645 8192
2026-07-19 04:32:31,252 [DEBUG] STREAM b'IHDR' 16 13
2026-07-19 04:32:31,252 [DEBUG] STREAM b'eXIf' 41 180
2026-07-19 04:32:31,252 [DEBUG] STREAM b'pHYs' 233 9
2026-07-19 04:32:31,252 [DEBUG] STREAM b'iTXt' 254 1390
2026-07-19 04:32:31,252 [DEBUG] STREAM b'IDAT' 1656 8192
2026-07-19 04:32:31,252 [DEBUG] STREAM b'IHDR' 16 13
2026-07-19 04:32:31,253 [DEBUG] STREAM b'eXIf' 41 180
2026-07-19 04:32:31,253 [DEBUG] STREAM b'pHYs' 233 9
2026-07-19 04:32:31,253 [DEBUG] STREAM b'iTXt' 254 1379
2026-07-19 04:32:31,253 [DEBUG] STREAM b'IDAT' 1645 8192
2026-07-19 04:32:31,253 [DEBUG] STREAM b'IHDR' 16 13
2026-07-19 04:32:31,254 [DEBUG] STREAM b'IDAT' 41 4096
2026-07-19 04:32:31,254 [DEBUG] Importing GifImagePlugin
2026-07-19 04:32:31,265 [DEBUG] STREAM b'IHDR' 16 13
2026-07-19 04:32:31,265 [DEBUG] STREAM b'eXIf' 41 180
2026-07-19 04:32:31,265 [DEBUG] STREAM b'pHYs' 233 9
2026-07-19 04:32:31,265 [DEBUG] STREAM b'iTXt' 254 1386
2026-07-19 04:32:31,265 [DEBUG] STREAM b'IDAT' 1652 8192
2026-07-19 04:32:31,266 [DEBUG] STREAM b'IHDR' 16 13
2026-07-19 04:32:31,266 [DEBUG] STREAM b'eXIf' 41 180
2026-07-19 04:32:31,266 [DEBUG] STREAM b'pHYs' 233 9
2026-07-19 04:32:31,266 [DEBUG] STREAM b'iTXt' 254 1386
2026-07-19 04:32:31,266 [DEBUG] STREAM b'IDAT' 1652 8192
2026-07-19 04:32:31,375 [DEBUG] STREAM b'IDAT' 9475 6
