2026-07-19 01:50:56,553 [INFO] === INICIANDO SAVIN SUPER_USB ===
2026-07-19 01:50:57,201 [DEBUG] Importing PngImagePlugin
2026-07-19 01:50:57,268 [DEBUG] STREAM b'IHDR' 16 13
2026-07-19 01:50:57,269 [DEBUG] STREAM b'IDAT' 41 61589
2026-07-19 01:50:57,275 [DEBUG] STREAM b'IHDR' 16 13
2026-07-19 01:50:57,275 [DEBUG] STREAM b'IDAT' 41 84110
2026-07-19 01:50:57,282 [DEBUG] STREAM b'IHDR' 16 13
2026-07-19 01:50:57,282 [DEBUG] STREAM b'eXIf' 41 180
2026-07-19 01:50:57,283 [DEBUG] STREAM b'pHYs' 233 9
2026-07-19 01:50:57,283 [DEBUG] STREAM b'iTXt' 254 1379
2026-07-19 01:50:57,283 [DEBUG] STREAM b'IDAT' 1645 8192
2026-07-19 01:50:57,289 [DEBUG] STREAM b'IHDR' 16 13
2026-07-19 01:50:57,289 [DEBUG] STREAM b'eXIf' 41 180
2026-07-19 01:50:57,289 [DEBUG] STREAM b'pHYs' 233 9
2026-07-19 01:50:57,289 [DEBUG] STREAM b'iTXt' 254 1379
2026-07-19 01:50:57,290 [DEBUG] STREAM b'IDAT' 1645 8192
2026-07-19 01:50:57,296 [DEBUG] STREAM b'IHDR' 16 13
2026-07-19 01:50:57,296 [DEBUG] STREAM b'eXIf' 41 180
2026-07-19 01:50:57,296 [DEBUG] STREAM b'pHYs' 233 9
2026-07-19 01:50:57,296 [DEBUG] STREAM b'iTXt' 254 1390
2026-07-19 01:50:57,296 [DEBUG] STREAM b'IDAT' 1656 8192
2026-07-19 01:50:57,304 [DEBUG] STREAM b'IHDR' 16 13
2026-07-19 01:50:57,304 [DEBUG] STREAM b'eXIf' 41 180
2026-07-19 01:50:57,305 [DEBUG] STREAM b'pHYs' 233 9
2026-07-19 01:50:57,305 [DEBUG] STREAM b'iTXt' 254 1379
2026-07-19 01:50:57,305 [DEBUG] STREAM b'IDAT' 1645 8192
2026-07-19 01:50:57,312 [DEBUG] STREAM b'IHDR' 16 13
2026-07-19 01:50:57,313 [DEBUG] STREAM b'IDAT' 41 4096
2026-07-19 01:50:57,315 [DEBUG] Importing GifImagePlugin
2026-07-19 01:50:57,369 [DEBUG] STREAM b'IHDR' 16 13
2026-07-19 01:50:57,369 [DEBUG] STREAM b'eXIf' 41 180
2026-07-19 01:50:57,369 [DEBUG] STREAM b'pHYs' 233 9
2026-07-19 01:50:57,369 [DEBUG] STREAM b'iTXt' 254 1386
2026-07-19 01:50:57,369 [DEBUG] STREAM b'IDAT' 1652 8192
2026-07-19 01:50:57,375 [DEBUG] STREAM b'IHDR' 16 13
2026-07-19 01:50:57,375 [DEBUG] STREAM b'eXIf' 41 180
2026-07-19 01:50:57,376 [DEBUG] STREAM b'pHYs' 233 9
2026-07-19 01:50:57,376 [DEBUG] STREAM b'iTXt' 254 1386
2026-07-19 01:50:57,376 [DEBUG] STREAM b'IDAT' 1652 8192
2026-07-19 01:50:57,487 [DEBUG] STREAM b'IDAT' 9475 6
2026-07-19 01:51:51,984 [INFO] [INFO] Detectada firma core en F:. Cambiando etiqueta a HOLLOWDRIVE...
2026-07-19 01:51:54,090 [INFO] [CRONÓMETRO] Estructura Core (Ventoy) completado en 00m 22s
2026-07-19 01:52:15,058 [INFO] [CRONÓMETRO] Creación Bootloader GRUB completado en 00m 12s
2026-07-19 01:52:15,388 [DEBUG] Starting new HTTPS connection (1): huggingface.co:443
2026-07-19 01:52:15,666 [DEBUG] https://huggingface.co:443 "GET /datasets/HollowDrive/HollowDrive/resolve/main/hollowdrive_cachy_efi.img HTTP/1.1" 302 1211
2026-07-19 01:52:15,668 [DEBUG] Starting new HTTPS connection (1): cdn-lfs-us-1.hf.co:443
2026-07-19 01:52:15,852 [DEBUG] https://cdn-lfs-us-1.hf.co:443 "GET /repos/9e/31/9e31d60c5a81399f0dbb3281285c11761e2abd9aec4f1e64ad2e1bffe100fafa/7c36704582fbcdef67b42d934bf1b8f53c28d80ba0357dc55d58b0c6dbe3b6e7?response-content-disposition=inline%3B+filename*%3DUTF-8%27%27hollowdrive_cachy_efi.img%3B+filename%3D%22hollowdrive_cachy_efi.img%22%3B&response-content-type=application%2Foctet-stream&Expires=1784422335&Policy=eyJTdGF0ZW1lbnQiOlt7IkNvbmRpdGlvbiI6eyJEYXRlTGVzc1RoYW4iOnsiQVdTOkVwb2NoVGltZSI6MTc4NDQyMjMzNX19LCJSZXNvdXJjZSI6Imh0dHBzOi8vY2RuLWxmcy11cy0xLmhmLmNvL3JlcG9zLzllLzMxLzllMzFkNjBjNWE4MTM5OWYwZGJiMzI4MTI4NWMxMTc2MWUyYWJkOWFlYzRmMWU2NGFkMmUxYmZmZTEwMGZhZmEvN2MzNjcwNDU4MmZiY2RlZjY3YjQyZDkzNGJmMWI4ZjUzYzI4ZDgwYmEwMzU3ZGM1NWQ1OGIwYzZkYmUzYjZlNz9yZXNwb25zZS1jb250ZW50LWRpc3Bvc2l0aW9uPSomcmVzcG9uc2UtY29udGVudC10eXBlPSoifV19&Signature=tkEF00weuCZ4-DSsfGv0TyMSXSQ9XGMfrhLu4bFurvghOaX5xzWHtALFRFAxbXY8Slpyn6h0twuVN1GNpyHLyOZhDKD0G8EV2bnvmjjDS1wjDHxmVQmMPFz2KSPXPXF2f8jh~e1i4g-8DvyxxT~06WKe0TUwmFhPxIwpDN3a7wXGuWwQ1bTBISNV-UuEjeR4h9u1topnj~ugu-qPcYf0Lp-p5KzSfsts9cz~vKZaRk5j5HBFk5wSxhQNCYUgqaaNMQqCIDTMpROsRuQ1B4nGt6GNjPS8lUUZLk6~Lm1wF-ttvb-Q089AjEe8hdbnBLnQY-niLTlLRR50MRRW4NnkNg__&Key-Pair-Id=K1HG1QXK3AL3BR HTTP/1.1" 200 537587712
