2026-07-19 04:34:37,244 [INFO] === INICIANDO SAVIN SUPER_USB ===
2026-07-19 04:34:37,442 [DEBUG] Importing PngImagePlugin
2026-07-19 04:34:37,452 [DEBUG] STREAM b'IHDR' 16 13
2026-07-19 04:34:37,452 [DEBUG] STREAM b'IDAT' 41 61589
2026-07-19 04:34:37,453 [DEBUG] STREAM b'IHDR' 16 13
2026-07-19 04:34:37,453 [DEBUG] STREAM b'IDAT' 41 84110
2026-07-19 04:34:37,453 [DEBUG] STREAM b'IHDR' 16 13
2026-07-19 04:34:37,453 [DEBUG] STREAM b'eXIf' 41 180
2026-07-19 04:34:37,453 [DEBUG] STREAM b'pHYs' 233 9
2026-07-19 04:34:37,453 [DEBUG] STREAM b'iTXt' 254 1379
2026-07-19 04:34:37,454 [DEBUG] STREAM b'IDAT' 1645 8192
2026-07-19 04:34:37,454 [DEBUG] STREAM b'IHDR' 16 13
2026-07-19 04:34:37,454 [DEBUG] STREAM b'eXIf' 41 180
2026-07-19 04:34:37,454 [DEBUG] STREAM b'pHYs' 233 9
2026-07-19 04:34:37,454 [DEBUG] STREAM b'iTXt' 254 1379
2026-07-19 04:34:37,454 [DEBUG] STREAM b'IDAT' 1645 8192
2026-07-19 04:34:37,455 [DEBUG] STREAM b'IHDR' 16 13
2026-07-19 04:34:37,455 [DEBUG] STREAM b'eXIf' 41 180
2026-07-19 04:34:37,455 [DEBUG] STREAM b'pHYs' 233 9
2026-07-19 04:34:37,455 [DEBUG] STREAM b'iTXt' 254 1390
2026-07-19 04:34:37,455 [DEBUG] STREAM b'IDAT' 1656 8192
2026-07-19 04:34:37,455 [DEBUG] STREAM b'IHDR' 16 13
2026-07-19 04:34:37,455 [DEBUG] STREAM b'eXIf' 41 180
2026-07-19 04:34:37,456 [DEBUG] STREAM b'pHYs' 233 9
2026-07-19 04:34:37,456 [DEBUG] STREAM b'iTXt' 254 1379
2026-07-19 04:34:37,456 [DEBUG] STREAM b'IDAT' 1645 8192
2026-07-19 04:34:37,456 [DEBUG] STREAM b'IHDR' 16 13
2026-07-19 04:34:37,456 [DEBUG] STREAM b'IDAT' 41 4096
2026-07-19 04:34:37,456 [DEBUG] Importing GifImagePlugin
2026-07-19 04:34:37,465 [DEBUG] STREAM b'IHDR' 16 13
2026-07-19 04:34:37,465 [DEBUG] STREAM b'eXIf' 41 180
2026-07-19 04:34:37,465 [DEBUG] STREAM b'pHYs' 233 9
2026-07-19 04:34:37,465 [DEBUG] STREAM b'iTXt' 254 1386
2026-07-19 04:34:37,465 [DEBUG] STREAM b'IDAT' 1652 8192
2026-07-19 04:34:37,466 [DEBUG] STREAM b'IHDR' 16 13
2026-07-19 04:34:37,466 [DEBUG] STREAM b'eXIf' 41 180
2026-07-19 04:34:37,466 [DEBUG] STREAM b'pHYs' 233 9
2026-07-19 04:34:37,466 [DEBUG] STREAM b'iTXt' 254 1386
2026-07-19 04:34:37,466 [DEBUG] STREAM b'IDAT' 1652 8192
2026-07-19 04:34:37,551 [DEBUG] STREAM b'IDAT' 9475 6
2026-07-19 04:34:39,863 [DEBUG] Starting new HTTPS connection (1): img.youtube.com:443
2026-07-19 04:34:40,040 [DEBUG] https://img.youtube.com:443 "GET /vi/TU_ID_DE_VIDEO_AQUI/hqdefault.jpg HTTP/1.1" 404 1097
2026-07-19 04:34:52,261 [DEBUG] Starting new HTTPS connection (1): img.youtube.com:443
2026-07-19 04:34:52,351 [DEBUG] https://img.youtube.com:443 "GET /vi/TU_ID_DE_VIDEO_AQUI/hqdefault.jpg HTTP/1.1" 404 1097
2026-07-19 04:35:08,762 [DEBUG] Starting new HTTPS connection (1): img.youtube.com:443
2026-07-19 04:35:08,838 [DEBUG] https://img.youtube.com:443 "GET /vi/TU_ID_DE_VIDEO_AQUI/hqdefault.jpg HTTP/1.1" 404 1097
