2026-07-19 05:08:45,788 [INFO] === INICIANDO SAVIN SUPER_USB ===
2026-07-19 05:08:45,957 [DEBUG] Importing PngImagePlugin
2026-07-19 05:08:45,965 [DEBUG] STREAM b'IHDR' 16 13
2026-07-19 05:08:45,965 [DEBUG] STREAM b'eXIf' 41 180
2026-07-19 05:08:45,965 [DEBUG] STREAM b'pHYs' 233 9
2026-07-19 05:08:45,965 [DEBUG] STREAM b'iTXt' 254 1377
2026-07-19 05:08:45,966 [DEBUG] STREAM b'IDAT' 1643 8192
2026-07-19 05:08:45,972 [DEBUG] STREAM b'IHDR' 16 13
2026-07-19 05:08:45,973 [DEBUG] STREAM b'eXIf' 41 180
2026-07-19 05:08:45,973 [DEBUG] STREAM b'pHYs' 233 9
2026-07-19 05:08:45,973 [DEBUG] STREAM b'iTXt' 254 1377
2026-07-19 05:08:45,973 [DEBUG] STREAM b'IDAT' 1643 8192
2026-07-19 05:08:45,973 [DEBUG] STREAM b'IHDR' 16 13
2026-07-19 05:08:45,973 [DEBUG] STREAM b'eXIf' 41 180
2026-07-19 05:08:45,973 [DEBUG] STREAM b'pHYs' 233 9
2026-07-19 05:08:45,974 [DEBUG] STREAM b'iTXt' 254 1379
2026-07-19 05:08:45,974 [DEBUG] STREAM b'IDAT' 1645 8192
2026-07-19 05:08:45,974 [DEBUG] STREAM b'IHDR' 16 13
2026-07-19 05:08:45,974 [DEBUG] STREAM b'eXIf' 41 180
2026-07-19 05:08:45,974 [DEBUG] STREAM b'pHYs' 233 9
2026-07-19 05:08:45,974 [DEBUG] STREAM b'iTXt' 254 1379
2026-07-19 05:08:45,974 [DEBUG] STREAM b'IDAT' 1645 8192
2026-07-19 05:08:45,975 [DEBUG] STREAM b'IHDR' 16 13
2026-07-19 05:08:45,975 [DEBUG] STREAM b'eXIf' 41 180
2026-07-19 05:08:45,975 [DEBUG] STREAM b'pHYs' 233 9
2026-07-19 05:08:45,975 [DEBUG] STREAM b'iTXt' 254 1390
2026-07-19 05:08:45,975 [DEBUG] STREAM b'IDAT' 1656 8192
2026-07-19 05:08:45,975 [DEBUG] STREAM b'IHDR' 16 13
2026-07-19 05:08:45,975 [DEBUG] STREAM b'eXIf' 41 180
2026-07-19 05:08:45,975 [DEBUG] STREAM b'pHYs' 233 9
2026-07-19 05:08:45,976 [DEBUG] STREAM b'iTXt' 254 1379
2026-07-19 05:08:45,976 [DEBUG] STREAM b'IDAT' 1645 8192
2026-07-19 05:08:45,976 [DEBUG] STREAM b'IHDR' 16 13
2026-07-19 05:08:45,976 [DEBUG] STREAM b'IDAT' 41 4096
2026-07-19 05:08:45,976 [DEBUG] Importing GifImagePlugin
2026-07-19 05:08:45,984 [DEBUG] STREAM b'IHDR' 16 13
2026-07-19 05:08:45,984 [DEBUG] STREAM b'eXIf' 41 180
2026-07-19 05:08:45,984 [DEBUG] STREAM b'pHYs' 233 9
2026-07-19 05:08:45,984 [DEBUG] STREAM b'iTXt' 254 1386
2026-07-19 05:08:45,984 [DEBUG] STREAM b'IDAT' 1652 8192
2026-07-19 05:08:45,984 [DEBUG] STREAM b'IHDR' 16 13
2026-07-19 05:08:45,985 [DEBUG] STREAM b'eXIf' 41 180
2026-07-19 05:08:45,985 [DEBUG] STREAM b'pHYs' 233 9
2026-07-19 05:08:45,985 [DEBUG] STREAM b'iTXt' 254 1386
2026-07-19 05:08:45,985 [DEBUG] STREAM b'IDAT' 1652 8192
2026-07-19 05:08:46,055 [DEBUG] STREAM b'IDAT' 9475 6
