2026-07-19 04:53:08,593 [INFO] === INICIANDO SAVIN SUPER_USB ===
2026-07-19 04:53:08,774 [DEBUG] Importing PngImagePlugin
2026-07-19 04:53:08,783 [DEBUG] STREAM b'IHDR' 16 13
2026-07-19 04:53:08,783 [DEBUG] STREAM b'eXIf' 41 180
2026-07-19 04:53:08,783 [DEBUG] STREAM b'pHYs' 233 9
2026-07-19 04:53:08,784 [DEBUG] STREAM b'iTXt' 254 1377
2026-07-19 04:53:08,784 [DEBUG] STREAM b'IDAT' 1643 8192
2026-07-19 04:53:08,784 [DEBUG] STREAM b'IHDR' 16 13
2026-07-19 04:53:08,784 [DEBUG] STREAM b'IDAT' 41 84110
2026-07-19 04:53:08,784 [DEBUG] STREAM b'IHDR' 16 13
2026-07-19 04:53:08,784 [DEBUG] STREAM b'eXIf' 41 180
2026-07-19 04:53:08,785 [DEBUG] STREAM b'pHYs' 233 9
2026-07-19 04:53:08,785 [DEBUG] STREAM b'iTXt' 254 1379
2026-07-19 04:53:08,785 [DEBUG] STREAM b'IDAT' 1645 8192
2026-07-19 04:53:08,785 [DEBUG] STREAM b'IHDR' 16 13
2026-07-19 04:53:08,785 [DEBUG] STREAM b'eXIf' 41 180
2026-07-19 04:53:08,785 [DEBUG] STREAM b'pHYs' 233 9
2026-07-19 04:53:08,786 [DEBUG] STREAM b'iTXt' 254 1379
2026-07-19 04:53:08,786 [DEBUG] STREAM b'IDAT' 1645 8192
2026-07-19 04:53:08,786 [DEBUG] STREAM b'IHDR' 16 13
2026-07-19 04:53:08,786 [DEBUG] STREAM b'eXIf' 41 180
2026-07-19 04:53:08,786 [DEBUG] STREAM b'pHYs' 233 9
2026-07-19 04:53:08,786 [DEBUG] STREAM b'iTXt' 254 1390
2026-07-19 04:53:08,786 [DEBUG] STREAM b'IDAT' 1656 8192
2026-07-19 04:53:08,787 [DEBUG] STREAM b'IHDR' 16 13
2026-07-19 04:53:08,787 [DEBUG] STREAM b'eXIf' 41 180
2026-07-19 04:53:08,787 [DEBUG] STREAM b'pHYs' 233 9
2026-07-19 04:53:08,787 [DEBUG] STREAM b'iTXt' 254 1379
2026-07-19 04:53:08,787 [DEBUG] STREAM b'IDAT' 1645 8192
2026-07-19 04:53:08,787 [DEBUG] STREAM b'IHDR' 16 13
2026-07-19 04:53:08,787 [DEBUG] STREAM b'IDAT' 41 4096
2026-07-19 04:53:08,788 [DEBUG] Importing GifImagePlugin
2026-07-19 04:53:08,797 [DEBUG] STREAM b'IHDR' 16 13
2026-07-19 04:53:08,797 [DEBUG] STREAM b'eXIf' 41 180
2026-07-19 04:53:08,797 [DEBUG] STREAM b'pHYs' 233 9
2026-07-19 04:53:08,797 [DEBUG] STREAM b'iTXt' 254 1386
2026-07-19 04:53:08,798 [DEBUG] STREAM b'IDAT' 1652 8192
2026-07-19 04:53:08,798 [DEBUG] STREAM b'IHDR' 16 13
2026-07-19 04:53:08,798 [DEBUG] STREAM b'eXIf' 41 180
2026-07-19 04:53:08,798 [DEBUG] STREAM b'pHYs' 233 9
2026-07-19 04:53:08,798 [DEBUG] STREAM b'iTXt' 254 1386
2026-07-19 04:53:08,798 [DEBUG] STREAM b'IDAT' 1652 8192
2026-07-19 04:53:08,880 [DEBUG] STREAM b'IDAT' 9475 6
