2026-07-19 05:30:48,254 [INFO] === INICIANDO SAVIN SUPER_USB ===
2026-07-19 05:30:48,424 [DEBUG] Importing PngImagePlugin
2026-07-19 05:30:48,433 [DEBUG] STREAM b'IHDR' 16 13
2026-07-19 05:30:48,433 [DEBUG] STREAM b'eXIf' 41 180
2026-07-19 05:30:48,433 [DEBUG] STREAM b'pHYs' 233 9
2026-07-19 05:30:48,433 [DEBUG] STREAM b'iTXt' 254 1377
2026-07-19 05:30:48,433 [DEBUG] STREAM b'IDAT' 1643 8192
2026-07-19 05:30:48,434 [DEBUG] STREAM b'IHDR' 16 13
2026-07-19 05:30:48,434 [DEBUG] STREAM b'eXIf' 41 180
2026-07-19 05:30:48,434 [DEBUG] STREAM b'pHYs' 233 9
2026-07-19 05:30:48,434 [DEBUG] STREAM b'iTXt' 254 1377
2026-07-19 05:30:48,434 [DEBUG] STREAM b'IDAT' 1643 8192
2026-07-19 05:30:48,435 [DEBUG] STREAM b'IHDR' 16 13
2026-07-19 05:30:48,435 [DEBUG] STREAM b'eXIf' 41 180
2026-07-19 05:30:48,435 [DEBUG] STREAM b'pHYs' 233 9
2026-07-19 05:30:48,435 [DEBUG] STREAM b'iTXt' 254 1379
2026-07-19 05:30:48,435 [DEBUG] STREAM b'IDAT' 1645 8192
2026-07-19 05:30:48,435 [DEBUG] STREAM b'IHDR' 16 13
2026-07-19 05:30:48,435 [DEBUG] STREAM b'eXIf' 41 180
2026-07-19 05:30:48,435 [DEBUG] STREAM b'pHYs' 233 9
2026-07-19 05:30:48,435 [DEBUG] STREAM b'iTXt' 254 1379
2026-07-19 05:30:48,436 [DEBUG] STREAM b'IDAT' 1645 8192
2026-07-19 05:30:48,436 [DEBUG] STREAM b'IHDR' 16 13
2026-07-19 05:30:48,436 [DEBUG] STREAM b'eXIf' 41 180
2026-07-19 05:30:48,436 [DEBUG] STREAM b'pHYs' 233 9
2026-07-19 05:30:48,436 [DEBUG] STREAM b'iTXt' 254 1390
2026-07-19 05:30:48,436 [DEBUG] STREAM b'IDAT' 1656 8192
2026-07-19 05:30:48,436 [DEBUG] STREAM b'IHDR' 16 13
2026-07-19 05:30:48,436 [DEBUG] STREAM b'eXIf' 41 180
2026-07-19 05:30:48,437 [DEBUG] STREAM b'pHYs' 233 9
2026-07-19 05:30:48,437 [DEBUG] STREAM b'iTXt' 254 1379
2026-07-19 05:30:48,437 [DEBUG] STREAM b'IDAT' 1645 8192
2026-07-19 05:30:48,437 [DEBUG] STREAM b'IHDR' 16 13
2026-07-19 05:30:48,437 [DEBUG] STREAM b'IDAT' 41 4096
2026-07-19 05:30:48,437 [DEBUG] Importing GifImagePlugin
2026-07-19 05:30:48,444 [DEBUG] STREAM b'IHDR' 16 13
2026-07-19 05:30:48,444 [DEBUG] STREAM b'eXIf' 41 180
2026-07-19 05:30:48,445 [DEBUG] STREAM b'pHYs' 233 9
2026-07-19 05:30:48,445 [DEBUG] STREAM b'iTXt' 254 1386
2026-07-19 05:30:48,445 [DEBUG] STREAM b'IDAT' 1652 8192
2026-07-19 05:30:48,445 [DEBUG] STREAM b'IHDR' 16 13
2026-07-19 05:30:48,445 [DEBUG] STREAM b'eXIf' 41 180
2026-07-19 05:30:48,445 [DEBUG] STREAM b'pHYs' 233 9
2026-07-19 05:30:48,445 [DEBUG] STREAM b'iTXt' 254 1386
2026-07-19 05:30:48,445 [DEBUG] STREAM b'IDAT' 1652 8192
2026-07-19 05:30:48,515 [DEBUG] STREAM b'IDAT' 9475 6
2026-07-19 05:30:50,237 [DEBUG] STREAM b'IHDR' 16 13
2026-07-19 05:30:50,238 [DEBUG] STREAM b'eXIf' 41 180
2026-07-19 05:30:50,238 [DEBUG] STREAM b'pHYs' 233 9
2026-07-19 05:30:50,238 [DEBUG] STREAM b'iTXt' 254 1377
2026-07-19 05:30:50,238 [DEBUG] STREAM b'IDAT' 1643 8192
