2026-07-19 02:06:20,806 [INFO] === INICIANDO SAVIN SUPER_USB ===
2026-07-19 02:06:20,987 [DEBUG] Importing PngImagePlugin
2026-07-19 02:06:20,997 [DEBUG] STREAM b'IHDR' 16 13
2026-07-19 02:06:20,998 [DEBUG] STREAM b'IDAT' 41 61589
2026-07-19 02:06:20,998 [DEBUG] STREAM b'IHDR' 16 13
2026-07-19 02:06:20,998 [DEBUG] STREAM b'IDAT' 41 84110
2026-07-19 02:06:20,998 [DEBUG] STREAM b'IHDR' 16 13
2026-07-19 02:06:20,998 [DEBUG] STREAM b'eXIf' 41 180
2026-07-19 02:06:20,999 [DEBUG] STREAM b'pHYs' 233 9
2026-07-19 02:06:20,999 [DEBUG] STREAM b'iTXt' 254 1379
2026-07-19 02:06:20,999 [DEBUG] STREAM b'IDAT' 1645 8192
2026-07-19 02:06:20,999 [DEBUG] STREAM b'IHDR' 16 13
2026-07-19 02:06:20,999 [DEBUG] STREAM b'eXIf' 41 180
2026-07-19 02:06:20,999 [DEBUG] STREAM b'pHYs' 233 9
2026-07-19 02:06:20,999 [DEBUG] STREAM b'iTXt' 254 1379
2026-07-19 02:06:21,000 [DEBUG] STREAM b'IDAT' 1645 8192
2026-07-19 02:06:21,000 [DEBUG] STREAM b'IHDR' 16 13
2026-07-19 02:06:21,000 [DEBUG] STREAM b'eXIf' 41 180
2026-07-19 02:06:21,000 [DEBUG] STREAM b'pHYs' 233 9
2026-07-19 02:06:21,000 [DEBUG] STREAM b'iTXt' 254 1390
2026-07-19 02:06:21,000 [DEBUG] STREAM b'IDAT' 1656 8192
2026-07-19 02:06:21,001 [DEBUG] STREAM b'IHDR' 16 13
2026-07-19 02:06:21,001 [DEBUG] STREAM b'eXIf' 41 180
2026-07-19 02:06:21,001 [DEBUG] STREAM b'pHYs' 233 9
2026-07-19 02:06:21,001 [DEBUG] STREAM b'iTXt' 254 1379
2026-07-19 02:06:21,002 [DEBUG] STREAM b'IDAT' 1645 8192
2026-07-19 02:06:21,002 [DEBUG] STREAM b'IHDR' 16 13
2026-07-19 02:06:21,002 [DEBUG] STREAM b'IDAT' 41 4096
2026-07-19 02:06:21,002 [DEBUG] Importing GifImagePlugin
2026-07-19 02:06:21,011 [DEBUG] STREAM b'IHDR' 16 13
2026-07-19 02:06:21,011 [DEBUG] STREAM b'eXIf' 41 180
2026-07-19 02:06:21,011 [DEBUG] STREAM b'pHYs' 233 9
2026-07-19 02:06:21,011 [DEBUG] STREAM b'iTXt' 254 1386
2026-07-19 02:06:21,011 [DEBUG] STREAM b'IDAT' 1652 8192
2026-07-19 02:06:21,012 [DEBUG] STREAM b'IHDR' 16 13
2026-07-19 02:06:21,012 [DEBUG] STREAM b'eXIf' 41 180
2026-07-19 02:06:21,012 [DEBUG] STREAM b'pHYs' 233 9
2026-07-19 02:06:21,012 [DEBUG] STREAM b'iTXt' 254 1386
2026-07-19 02:06:21,012 [DEBUG] STREAM b'IDAT' 1652 8192
2026-07-19 02:06:21,081 [DEBUG] STREAM b'IDAT' 9475 6
2026-07-19 02:06:46,323 [INFO] [INFO] Detectada firma core en F:. Cambiando etiqueta a HOLLOWDRIVE...
2026-07-19 02:06:48,516 [INFO] [CRONÓMETRO] Estructura Core (Ventoy) completado en 00m 13s
2026-07-19 02:07:04,443 [INFO] [CRONÓMETRO] Creación Bootloader GRUB completado en 00m 06s
2026-07-19 02:07:05,476 [DEBUG] Starting new HTTPS connection (1): huggingface.co:443
2026-07-19 02:07:05,674 [DEBUG] https://huggingface.co:443 "GET /datasets/HollowDrive/HollowDrive/resolve/main/hollowdrive_cachy_efi.img HTTP/1.1" 302 1213
2026-07-19 02:07:05,676 [DEBUG] Starting new HTTPS connection (1): cdn-lfs-us-1.hf.co:443
2026-07-19 02:07:05,760 [DEBUG] https://cdn-lfs-us-1.hf.co:443 "GET /repos/9e/31/9e31d60c5a81399f0dbb3281285c11761e2abd9aec4f1e64ad2e1bffe100fafa/7c36704582fbcdef67b42d934bf1b8f53c28d80ba0357dc55d58b0c6dbe3b6e7?response-content-disposition=inline%3B+filename*%3DUTF-8%27%27hollowdrive_cachy_efi.img%3B+filename%3D%22hollowdrive_cachy_efi.img%22%3B&response-content-type=application%2Foctet-stream&Expires=1784423225&Policy=eyJTdGF0ZW1lbnQiOlt7IkNvbmRpdGlvbiI6eyJEYXRlTGVzc1RoYW4iOnsiQVdTOkVwb2NoVGltZSI6MTc4NDQyMzIyNX19LCJSZXNvdXJjZSI6Imh0dHBzOi8vY2RuLWxmcy11cy0xLmhmLmNvL3JlcG9zLzllLzMxLzllMzFkNjBjNWE4MTM5OWYwZGJiMzI4MTI4NWMxMTc2MWUyYWJkOWFlYzRmMWU2NGFkMmUxYmZmZTEwMGZhZmEvN2MzNjcwNDU4MmZiY2RlZjY3YjQyZDkzNGJmMWI4ZjUzYzI4ZDgwYmEwMzU3ZGM1NWQ1OGIwYzZkYmUzYjZlNz9yZXNwb25zZS1jb250ZW50LWRpc3Bvc2l0aW9uPSomcmVzcG9uc2UtY29udGVudC10eXBlPSoifV19&Signature=tXDkCqmyaE6GqwdPCbK~B-o~027eKm5n5TqINuw6blUAnZrmNv5EeQtUIs2YFKS5~sOjRHuU5VuHmpimBsVSXvXJ5A1AaxksjStXokA-MLw8hcwcixzK~B0oGIiAe112A6eu3UCp0M9sXKWoOZF56ZjRwZZBZMLqeQEd8TKnEa300QRrxJr8MMGkQJU59WXie~WzcdIzCSM7d0b6p45sRqJ4PoHBNpgKIcKbTUXCRQ0Zurd2El-R3AuFmsk9DPY46lJORTvR4AlbtJn0trEzQnc1-c-ruYzfPvzT7YIcLic4FKBBjSl1d~9dLGMKgW32ZMG3iEvLdhMXjqTW2usHcg__&Key-Pair-Id=K1HG1QXK3AL3BR HTTP/1.1" 200 537587712
2026-07-19 02:08:06,406 [INFO] [CRONÓMETRO] Inyección Bootloader GRUB completado en 01m 01s
2026-07-19 02:08:27,179 [INFO] [CRONÓMETRO] Creación Partición CachyOS completado en 00m 20s
2026-07-19 02:08:28,410 [DEBUG] Starting new HTTPS connection (1): huggingface.co:443
2026-07-19 02:08:28,594 [DEBUG] https://huggingface.co:443 "GET /datasets/HollowDrive/HollowDrive/resolve/main/hollowdrive_cachy_sistema.img HTTP/1.1" 302 1223
2026-07-19 02:08:28,596 [DEBUG] Starting new HTTPS connection (1): cdn-lfs-us-1.hf.co:443
2026-07-19 02:08:28,918 [DEBUG] https://cdn-lfs-us-1.hf.co:443 "GET /repos/9e/31/9e31d60c5a81399f0dbb3281285c11761e2abd9aec4f1e64ad2e1bffe100fafa/38113f12c6f76acc6d1ef728ea24b89a559778ee0d207043a32839c329900a21?response-content-disposition=inline%3B+filename*%3DUTF-8%27%27hollowdrive_cachy_sistema.img%3B+filename%3D%22hollowdrive_cachy_sistema.img%22%3B&response-content-type=application%2Foctet-stream&Expires=1784423308&Policy=eyJTdGF0ZW1lbnQiOlt7IkNvbmRpdGlvbiI6eyJEYXRlTGVzc1RoYW4iOnsiQVdTOkVwb2NoVGltZSI6MTc4NDQyMzMwOH19LCJSZXNvdXJjZSI6Imh0dHBzOi8vY2RuLWxmcy11cy0xLmhmLmNvL3JlcG9zLzllLzMxLzllMzFkNjBjNWE4MTM5OWYwZGJiMzI4MTI4NWMxMTc2MWUyYWJkOWFlYzRmMWU2NGFkMmUxYmZmZTEwMGZhZmEvMzgxMTNmMTJjNmY3NmFjYzZkMWVmNzI4ZWEyNGI4OWE1NTk3NzhlZTBkMjA3MDQzYTMyODM5YzMyOTkwMGEyMT9yZXNwb25zZS1jb250ZW50LWRpc3Bvc2l0aW9uPSomcmVzcG9uc2UtY29udGVudC10eXBlPSoifV19&Signature=HQ5Xc4OCkECdzpEvBDbm92PqmyeQREb90jK5pfBtb~WX2Itz-99LE5NBoCKJFuwXjMvRh9LMx8JZoElHCt1ouaQFu4abhTiNs~TCcFTlSu4dhjp9Ggjq63OiRs4MumrQ0UUxA8ORMJ-biFlp7eW-F2QWX0e3fQs8~cNKCGPQzjEx5RPPrZKR8jfcosqUjfPdhyYNzCJon1-h36eS3Z8q-0GRvAc~she4XTq4iDmAjId~bXp7~DVaohjzPwbgOP~LlvPPA3RoS3jd2N3x5quPJjNd8x5nH20K7jbaFLsoG5UGAv0ggLqfDoU5RnJnkzuWlGcUTWmLryu0nHDDuXUP8w__&Key-Pair-Id=K1HG1QXK3AL3BR HTTP/1.1" 200 13958643712
2026-07-19 02:35:02,910 [INFO] [CRONÓMETRO] Volcado Sistema CachyOS completado en 26m 35s
2026-07-19 02:35:02,913 [INFO] Instalación finalizada con éxito. Tiempo total: 1707.9290277957916 segundos.
