2026-07-19 01:56:41,854 [INFO] === INICIANDO SAVIN SUPER_USB ===
2026-07-19 01:56:42,007 [DEBUG] Importing PngImagePlugin
2026-07-19 01:56:42,015 [DEBUG] STREAM b'IHDR' 16 13
2026-07-19 01:56:42,016 [DEBUG] STREAM b'IDAT' 41 61589
2026-07-19 01:56:42,016 [DEBUG] STREAM b'IHDR' 16 13
2026-07-19 01:56:42,016 [DEBUG] STREAM b'IDAT' 41 84110
2026-07-19 01:56:42,016 [DEBUG] STREAM b'IHDR' 16 13
2026-07-19 01:56:42,016 [DEBUG] STREAM b'eXIf' 41 180
2026-07-19 01:56:42,017 [DEBUG] STREAM b'pHYs' 233 9
2026-07-19 01:56:42,017 [DEBUG] STREAM b'iTXt' 254 1379
2026-07-19 01:56:42,017 [DEBUG] STREAM b'IDAT' 1645 8192
2026-07-19 01:56:42,017 [DEBUG] STREAM b'IHDR' 16 13
2026-07-19 01:56:42,017 [DEBUG] STREAM b'eXIf' 41 180
2026-07-19 01:56:42,017 [DEBUG] STREAM b'pHYs' 233 9
2026-07-19 01:56:42,017 [DEBUG] STREAM b'iTXt' 254 1379
2026-07-19 01:56:42,017 [DEBUG] STREAM b'IDAT' 1645 8192
2026-07-19 01:56:42,018 [DEBUG] STREAM b'IHDR' 16 13
2026-07-19 01:56:42,018 [DEBUG] STREAM b'eXIf' 41 180
2026-07-19 01:56:42,018 [DEBUG] STREAM b'pHYs' 233 9
2026-07-19 01:56:42,018 [DEBUG] STREAM b'iTXt' 254 1390
2026-07-19 01:56:42,018 [DEBUG] STREAM b'IDAT' 1656 8192
2026-07-19 01:56:42,018 [DEBUG] STREAM b'IHDR' 16 13
2026-07-19 01:56:42,018 [DEBUG] STREAM b'eXIf' 41 180
2026-07-19 01:56:42,018 [DEBUG] STREAM b'pHYs' 233 9
2026-07-19 01:56:42,019 [DEBUG] STREAM b'iTXt' 254 1379
2026-07-19 01:56:42,019 [DEBUG] STREAM b'IDAT' 1645 8192
2026-07-19 01:56:42,019 [DEBUG] STREAM b'IHDR' 16 13
2026-07-19 01:56:42,019 [DEBUG] STREAM b'IDAT' 41 4096
2026-07-19 01:56:42,019 [DEBUG] Importing GifImagePlugin
2026-07-19 01:56:42,028 [DEBUG] STREAM b'IHDR' 16 13
2026-07-19 01:56:42,028 [DEBUG] STREAM b'eXIf' 41 180
2026-07-19 01:56:42,028 [DEBUG] STREAM b'pHYs' 233 9
2026-07-19 01:56:42,028 [DEBUG] STREAM b'iTXt' 254 1386
2026-07-19 01:56:42,029 [DEBUG] STREAM b'IDAT' 1652 8192
2026-07-19 01:56:42,029 [DEBUG] STREAM b'IHDR' 16 13
2026-07-19 01:56:42,029 [DEBUG] STREAM b'eXIf' 41 180
2026-07-19 01:56:42,029 [DEBUG] STREAM b'pHYs' 233 9
2026-07-19 01:56:42,029 [DEBUG] STREAM b'iTXt' 254 1386
2026-07-19 01:56:42,029 [DEBUG] STREAM b'IDAT' 1652 8192
2026-07-19 01:56:42,095 [DEBUG] STREAM b'IDAT' 9475 6
2026-07-19 01:57:25,071 [INFO] [INFO] Detectada firma core en F:. Cambiando etiqueta a HOLLOWDRIVE...
2026-07-19 01:57:27,206 [INFO] [CRONÓMETRO] Estructura Core (Ventoy) completado en 00m 20s
2026-07-19 01:57:51,631 [INFO] [CRONÓMETRO] Creación Bootloader GRUB completado en 00m 15s
2026-07-19 01:57:53,883 [DEBUG] Starting new HTTPS connection (1): huggingface.co:443
2026-07-19 01:57:54,073 [DEBUG] https://huggingface.co:443 "GET /datasets/HollowDrive/HollowDrive/resolve/main/hollowdrive_cachy_efi.img HTTP/1.1" 302 1213
2026-07-19 01:57:54,075 [DEBUG] Starting new HTTPS connection (1): cdn-lfs-us-1.hf.co:443
2026-07-19 01:57:54,245 [DEBUG] https://cdn-lfs-us-1.hf.co:443 "GET /repos/9e/31/9e31d60c5a81399f0dbb3281285c11761e2abd9aec4f1e64ad2e1bffe100fafa/7c36704582fbcdef67b42d934bf1b8f53c28d80ba0357dc55d58b0c6dbe3b6e7?response-content-disposition=inline%3B+filename*%3DUTF-8%27%27hollowdrive_cachy_efi.img%3B+filename%3D%22hollowdrive_cachy_efi.img%22%3B&response-content-type=application%2Foctet-stream&Expires=1784422674&Policy=eyJTdGF0ZW1lbnQiOlt7IkNvbmRpdGlvbiI6eyJEYXRlTGVzc1RoYW4iOnsiQVdTOkVwb2NoVGltZSI6MTc4NDQyMjY3NH19LCJSZXNvdXJjZSI6Imh0dHBzOi8vY2RuLWxmcy11cy0xLmhmLmNvL3JlcG9zLzllLzMxLzllMzFkNjBjNWE4MTM5OWYwZGJiMzI4MTI4NWMxMTc2MWUyYWJkOWFlYzRmMWU2NGFkMmUxYmZmZTEwMGZhZmEvN2MzNjcwNDU4MmZiY2RlZjY3YjQyZDkzNGJmMWI4ZjUzYzI4ZDgwYmEwMzU3ZGM1NWQ1OGIwYzZkYmUzYjZlNz9yZXNwb25zZS1jb250ZW50LWRpc3Bvc2l0aW9uPSomcmVzcG9uc2UtY29udGVudC10eXBlPSoifV19&Signature=xjzDCB6oiM8KR3F-Td~yMsTpe-3iD6-n3fVws20vA8n4hnxKeZFZXr5hK5uPKJ-miOU~vizK8mDKxiPacLVbqLtY7o5TQpHzfbDjp~6uIuW4u~lgZNz4bQfsF5bO~Wr8AUhdbUyJsaprFTTVnH09dcS--jdR8xVQsiSOk4vtFBrw57kVByyB5iEitcjWQwj9x4lruksc53muZyn6U3l6P9mUPXKLeFcG7lZJddaH6dh5CIwEyTr6Q-WmuwQdwAZKq53N-uz1VkTGkh2H8RIpTT9PGDb1fd-hiN0o-7leiAxKXVTwSZs~hC-Cm8Kxo2xpHcMR1z4zFmIfxo6gwVFPzA__&Key-Pair-Id=K1HG1QXK3AL3BR HTTP/1.1" 200 537587712
