2026-07-19 05:33:36,661 [INFO] === INICIANDO SAVIN SUPER_USB ===
2026-07-19 05:33:36,833 [DEBUG] Importing PngImagePlugin
2026-07-19 05:33:36,842 [DEBUG] STREAM b'IHDR' 16 13
2026-07-19 05:33:36,842 [DEBUG] STREAM b'eXIf' 41 180
2026-07-19 05:33:36,842 [DEBUG] STREAM b'pHYs' 233 9
2026-07-19 05:33:36,843 [DEBUG] STREAM b'iTXt' 254 1377
2026-07-19 05:33:36,843 [DEBUG] STREAM b'IDAT' 1643 8192
2026-07-19 05:33:36,843 [DEBUG] STREAM b'IHDR' 16 13
2026-07-19 05:33:36,843 [DEBUG] STREAM b'eXIf' 41 180
2026-07-19 05:33:36,843 [DEBUG] STREAM b'pHYs' 233 9
2026-07-19 05:33:36,843 [DEBUG] STREAM b'iTXt' 254 1377
2026-07-19 05:33:36,843 [DEBUG] STREAM b'IDAT' 1643 8192
2026-07-19 05:33:36,844 [DEBUG] STREAM b'IHDR' 16 13
2026-07-19 05:33:36,844 [DEBUG] STREAM b'eXIf' 41 180
2026-07-19 05:33:36,844 [DEBUG] STREAM b'pHYs' 233 9
2026-07-19 05:33:36,844 [DEBUG] STREAM b'iTXt' 254 1379
2026-07-19 05:33:36,844 [DEBUG] STREAM b'IDAT' 1645 8192
2026-07-19 05:33:36,844 [DEBUG] STREAM b'IHDR' 16 13
2026-07-19 05:33:36,844 [DEBUG] STREAM b'eXIf' 41 180
2026-07-19 05:33:36,844 [DEBUG] STREAM b'pHYs' 233 9
2026-07-19 05:33:36,844 [DEBUG] STREAM b'iTXt' 254 1379
2026-07-19 05:33:36,845 [DEBUG] STREAM b'IDAT' 1645 8192
2026-07-19 05:33:36,845 [DEBUG] STREAM b'IHDR' 16 13
2026-07-19 05:33:36,845 [DEBUG] STREAM b'eXIf' 41 180
2026-07-19 05:33:36,845 [DEBUG] STREAM b'pHYs' 233 9
2026-07-19 05:33:36,845 [DEBUG] STREAM b'iTXt' 254 1390
2026-07-19 05:33:36,845 [DEBUG] STREAM b'IDAT' 1656 8192
2026-07-19 05:33:36,845 [DEBUG] STREAM b'IHDR' 16 13
2026-07-19 05:33:36,845 [DEBUG] STREAM b'eXIf' 41 180
2026-07-19 05:33:36,846 [DEBUG] STREAM b'pHYs' 233 9
2026-07-19 05:33:36,846 [DEBUG] STREAM b'iTXt' 254 1379
2026-07-19 05:33:36,846 [DEBUG] STREAM b'IDAT' 1645 8192
2026-07-19 05:33:36,846 [DEBUG] STREAM b'IHDR' 16 13
2026-07-19 05:33:36,846 [DEBUG] STREAM b'IDAT' 41 4096
2026-07-19 05:33:36,846 [DEBUG] Importing GifImagePlugin
2026-07-19 05:33:36,854 [DEBUG] STREAM b'IHDR' 16 13
2026-07-19 05:33:36,854 [DEBUG] STREAM b'eXIf' 41 180
2026-07-19 05:33:36,854 [DEBUG] STREAM b'pHYs' 233 9
2026-07-19 05:33:36,854 [DEBUG] STREAM b'iTXt' 254 1386
2026-07-19 05:33:36,854 [DEBUG] STREAM b'IDAT' 1652 8192
2026-07-19 05:33:36,855 [DEBUG] STREAM b'IHDR' 16 13
2026-07-19 05:33:36,855 [DEBUG] STREAM b'eXIf' 41 180
2026-07-19 05:33:36,855 [DEBUG] STREAM b'pHYs' 233 9
2026-07-19 05:33:36,855 [DEBUG] STREAM b'iTXt' 254 1386
2026-07-19 05:33:36,855 [DEBUG] STREAM b'IDAT' 1652 8192
2026-07-19 05:33:36,923 [DEBUG] STREAM b'IDAT' 9475 6
2026-07-19 05:35:08,275 [INFO] [INFO] Detectada firma core en F:. Cambiando etiqueta a HOLLOWDRIVE...
2026-07-19 05:35:10,477 [INFO] [CRONÓMETRO] Estructura Core (Ventoy) completado en 00m 15s
2026-07-19 05:35:18,886 [DEBUG] Starting new HTTPS connection (1): huggingface.co:443
2026-07-19 05:35:19,109 [DEBUG] https://huggingface.co:443 "GET /datasets/HollowDrive/HollowDrive/resolve/main/batocera-hollowpack.tar HTTP/1.1" 302 1198
2026-07-19 05:35:19,111 [DEBUG] Starting new HTTPS connection (1): cdn-lfs-us-1.hf.co:443
2026-07-19 05:35:19,209 [DEBUG] https://cdn-lfs-us-1.hf.co:443 "GET /repos/9e/31/9e31d60c5a81399f0dbb3281285c11761e2abd9aec4f1e64ad2e1bffe100fafa/923ff57a31a51c509f92283b8e97d78292692ee268fa1ff89eb5a2b258e8b701?response-content-disposition=inline%3B+filename*%3DUTF-8%27%27batocera-hollowpack.tar%3B+filename%3D%22batocera-hollowpack.tar%22%3B&response-content-type=application%2Fx-tar&Expires=1784435719&Policy=eyJTdGF0ZW1lbnQiOlt7IkNvbmRpdGlvbiI6eyJEYXRlTGVzc1RoYW4iOnsiQVdTOkVwb2NoVGltZSI6MTc4NDQzNTcxOX19LCJSZXNvdXJjZSI6Imh0dHBzOi8vY2RuLWxmcy11cy0xLmhmLmNvL3JlcG9zLzllLzMxLzllMzFkNjBjNWE4MTM5OWYwZGJiMzI4MTI4NWMxMTc2MWUyYWJkOWFlYzRmMWU2NGFkMmUxYmZmZTEwMGZhZmEvOTIzZmY1N2EzMWE1MWM1MDlmOTIyODNiOGU5N2Q3ODI5MjY5MmVlMjY4ZmExZmY4OWViNWEyYjI1OGU4YjcwMT9yZXNwb25zZS1jb250ZW50LWRpc3Bvc2l0aW9uPSomcmVzcG9uc2UtY29udGVudC10eXBlPSoifV19&Signature=rY4Sy2OFjvgj2peF9r7Amnu519xVEdidAQTQYYtg75zYC0Ylzb8a9HF9hV~ewQxYni7sTk8GMo1RpoA2PoKZ~iGo6qFUov-qpivME0d4CvNuFGObhgRrJBzKIhpN315n9YSX6XjMl4towFbW~tI1iF4-Xv1YjC44DFlWqseA-vbZ5Yv3SYgZYZTaoUbyeXRDHbdgDM6DaJF6lgPofexW5UAFZ1nUDkrptPzVfPuOXHXzb~96UUeAcp3oWABV0KW93x9Ld6DqMC1bihlyVpNEYfJq-yvbWTeDyXbTnKrokUBpBa-ySS0Apa4-Old0enSawHOtJoFXJtcCPSi-bV9BeA__&Key-Pair-Id=K1HG1QXK3AL3BR HTTP/1.1" 200 40587450880
