2026-07-19 04:35:16,733 [INFO] === INICIANDO SAVIN SUPER_USB ===
2026-07-19 04:35:16,943 [DEBUG] Importing PngImagePlugin
2026-07-19 04:35:16,953 [DEBUG] STREAM b'IHDR' 16 13
2026-07-19 04:35:16,954 [DEBUG] STREAM b'IDAT' 41 61589
2026-07-19 04:35:16,954 [DEBUG] STREAM b'IHDR' 16 13
2026-07-19 04:35:16,954 [DEBUG] STREAM b'IDAT' 41 84110
2026-07-19 04:35:16,954 [DEBUG] STREAM b'IHDR' 16 13
2026-07-19 04:35:16,955 [DEBUG] STREAM b'eXIf' 41 180
2026-07-19 04:35:16,955 [DEBUG] STREAM b'pHYs' 233 9
2026-07-19 04:35:16,955 [DEBUG] STREAM b'iTXt' 254 1379
2026-07-19 04:35:16,955 [DEBUG] STREAM b'IDAT' 1645 8192
2026-07-19 04:35:16,955 [DEBUG] STREAM b'IHDR' 16 13
2026-07-19 04:35:16,955 [DEBUG] STREAM b'eXIf' 41 180
2026-07-19 04:35:16,955 [DEBUG] STREAM b'pHYs' 233 9
2026-07-19 04:35:16,955 [DEBUG] STREAM b'iTXt' 254 1379
2026-07-19 04:35:16,956 [DEBUG] STREAM b'IDAT' 1645 8192
2026-07-19 04:35:16,956 [DEBUG] STREAM b'IHDR' 16 13
2026-07-19 04:35:16,956 [DEBUG] STREAM b'eXIf' 41 180
2026-07-19 04:35:16,956 [DEBUG] STREAM b'pHYs' 233 9
2026-07-19 04:35:16,956 [DEBUG] STREAM b'iTXt' 254 1390
2026-07-19 04:35:16,956 [DEBUG] STREAM b'IDAT' 1656 8192
2026-07-19 04:35:16,957 [DEBUG] STREAM b'IHDR' 16 13
2026-07-19 04:35:16,957 [DEBUG] STREAM b'eXIf' 41 180
2026-07-19 04:35:16,957 [DEBUG] STREAM b'pHYs' 233 9
2026-07-19 04:35:16,957 [DEBUG] STREAM b'iTXt' 254 1379
2026-07-19 04:35:16,957 [DEBUG] STREAM b'IDAT' 1645 8192
2026-07-19 04:35:16,958 [DEBUG] STREAM b'IHDR' 16 13
2026-07-19 04:35:16,958 [DEBUG] STREAM b'IDAT' 41 4096
2026-07-19 04:35:16,958 [DEBUG] Importing GifImagePlugin
2026-07-19 04:35:16,968 [DEBUG] STREAM b'IHDR' 16 13
2026-07-19 04:35:16,968 [DEBUG] STREAM b'eXIf' 41 180
2026-07-19 04:35:16,968 [DEBUG] STREAM b'pHYs' 233 9
2026-07-19 04:35:16,968 [DEBUG] STREAM b'iTXt' 254 1386
2026-07-19 04:35:16,968 [DEBUG] STREAM b'IDAT' 1652 8192
2026-07-19 04:35:16,969 [DEBUG] STREAM b'IHDR' 16 13
2026-07-19 04:35:16,969 [DEBUG] STREAM b'eXIf' 41 180
2026-07-19 04:35:16,969 [DEBUG] STREAM b'pHYs' 233 9
2026-07-19 04:35:16,969 [DEBUG] STREAM b'iTXt' 254 1386
2026-07-19 04:35:16,969 [DEBUG] STREAM b'IDAT' 1652 8192
2026-07-19 04:35:17,050 [DEBUG] STREAM b'IDAT' 9475 6
2026-07-19 04:35:18,867 [DEBUG] Starting new HTTPS connection (1): img.youtube.com:443
2026-07-19 04:35:18,982 [DEBUG] https://img.youtube.com:443 "GET /vi/https://youtu.be/oHg5SJYRHA0?si=7nL_H5sIWuiLM4dp/hqdefault.jpg HTTP/1.1" 404 1097
