2026-07-19 04:39:09,941 [INFO] === INICIANDO SAVIN SUPER_USB ===
2026-07-19 04:39:10,162 [DEBUG] Importing PngImagePlugin
2026-07-19 04:39:10,171 [DEBUG] STREAM b'IHDR' 16 13
2026-07-19 04:39:10,171 [DEBUG] STREAM b'IDAT' 41 61589
2026-07-19 04:39:10,172 [DEBUG] STREAM b'IHDR' 16 13
2026-07-19 04:39:10,172 [DEBUG] STREAM b'IDAT' 41 84110
2026-07-19 04:39:10,172 [DEBUG] STREAM b'IHDR' 16 13
2026-07-19 04:39:10,172 [DEBUG] STREAM b'eXIf' 41 180
2026-07-19 04:39:10,172 [DEBUG] STREAM b'pHYs' 233 9
2026-07-19 04:39:10,172 [DEBUG] STREAM b'iTXt' 254 1379
2026-07-19 04:39:10,172 [DEBUG] STREAM b'IDAT' 1645 8192
2026-07-19 04:39:10,173 [DEBUG] STREAM b'IHDR' 16 13
2026-07-19 04:39:10,173 [DEBUG] STREAM b'eXIf' 41 180
2026-07-19 04:39:10,173 [DEBUG] STREAM b'pHYs' 233 9
2026-07-19 04:39:10,173 [DEBUG] STREAM b'iTXt' 254 1379
2026-07-19 04:39:10,173 [DEBUG] STREAM b'IDAT' 1645 8192
2026-07-19 04:39:10,173 [DEBUG] STREAM b'IHDR' 16 13
2026-07-19 04:39:10,174 [DEBUG] STREAM b'eXIf' 41 180
2026-07-19 04:39:10,174 [DEBUG] STREAM b'pHYs' 233 9
2026-07-19 04:39:10,174 [DEBUG] STREAM b'iTXt' 254 1390
2026-07-19 04:39:10,174 [DEBUG] STREAM b'IDAT' 1656 8192
2026-07-19 04:39:10,174 [DEBUG] STREAM b'IHDR' 16 13
2026-07-19 04:39:10,174 [DEBUG] STREAM b'eXIf' 41 180
2026-07-19 04:39:10,174 [DEBUG] STREAM b'pHYs' 233 9
2026-07-19 04:39:10,174 [DEBUG] STREAM b'iTXt' 254 1379
2026-07-19 04:39:10,174 [DEBUG] STREAM b'IDAT' 1645 8192
2026-07-19 04:39:10,175 [DEBUG] STREAM b'IHDR' 16 13
2026-07-19 04:39:10,175 [DEBUG] STREAM b'IDAT' 41 4096
2026-07-19 04:39:10,175 [DEBUG] Importing GifImagePlugin
2026-07-19 04:39:10,183 [DEBUG] STREAM b'IHDR' 16 13
2026-07-19 04:39:10,184 [DEBUG] STREAM b'eXIf' 41 180
2026-07-19 04:39:10,184 [DEBUG] STREAM b'pHYs' 233 9
2026-07-19 04:39:10,184 [DEBUG] STREAM b'iTXt' 254 1386
2026-07-19 04:39:10,184 [DEBUG] STREAM b'IDAT' 1652 8192
2026-07-19 04:39:10,184 [DEBUG] STREAM b'IHDR' 16 13
2026-07-19 04:39:10,184 [DEBUG] STREAM b'eXIf' 41 180
2026-07-19 04:39:10,184 [DEBUG] STREAM b'pHYs' 233 9
2026-07-19 04:39:10,184 [DEBUG] STREAM b'iTXt' 254 1386
2026-07-19 04:39:10,185 [DEBUG] STREAM b'IDAT' 1652 8192
2026-07-19 04:39:10,261 [DEBUG] STREAM b'IDAT' 9475 6
