2026-07-19 04:49:00,528 [INFO] === INICIANDO SAVIN SUPER_USB ===
2026-07-19 04:49:00,714 [DEBUG] Importing PngImagePlugin
2026-07-19 04:49:00,724 [DEBUG] STREAM b'IHDR' 16 13
2026-07-19 04:49:00,724 [DEBUG] STREAM b'IDAT' 41 84110
2026-07-19 04:49:00,724 [DEBUG] STREAM b'IHDR' 16 13
2026-07-19 04:49:00,725 [DEBUG] STREAM b'eXIf' 41 180
2026-07-19 04:49:00,725 [DEBUG] STREAM b'pHYs' 233 9
2026-07-19 04:49:00,725 [DEBUG] STREAM b'iTXt' 254 1379
2026-07-19 04:49:00,725 [DEBUG] STREAM b'IDAT' 1645 8192
2026-07-19 04:49:00,725 [DEBUG] STREAM b'IHDR' 16 13
2026-07-19 04:49:00,725 [DEBUG] STREAM b'eXIf' 41 180
2026-07-19 04:49:00,725 [DEBUG] STREAM b'pHYs' 233 9
2026-07-19 04:49:00,726 [DEBUG] STREAM b'iTXt' 254 1379
2026-07-19 04:49:00,726 [DEBUG] STREAM b'IDAT' 1645 8192
2026-07-19 04:49:00,726 [DEBUG] STREAM b'IHDR' 16 13
2026-07-19 04:49:00,726 [DEBUG] STREAM b'eXIf' 41 180
2026-07-19 04:49:00,726 [DEBUG] STREAM b'pHYs' 233 9
2026-07-19 04:49:00,726 [DEBUG] STREAM b'iTXt' 254 1390
2026-07-19 04:49:00,726 [DEBUG] STREAM b'IDAT' 1656 8192
2026-07-19 04:49:00,727 [DEBUG] STREAM b'IHDR' 16 13
2026-07-19 04:49:00,727 [DEBUG] STREAM b'eXIf' 41 180
2026-07-19 04:49:00,727 [DEBUG] STREAM b'pHYs' 233 9
2026-07-19 04:49:00,727 [DEBUG] STREAM b'iTXt' 254 1379
2026-07-19 04:49:00,727 [DEBUG] STREAM b'IDAT' 1645 8192
2026-07-19 04:49:00,727 [DEBUG] STREAM b'IHDR' 16 13
2026-07-19 04:49:00,727 [DEBUG] STREAM b'IDAT' 41 4096
2026-07-19 04:49:00,728 [DEBUG] Importing GifImagePlugin
2026-07-19 04:49:00,736 [DEBUG] STREAM b'IHDR' 16 13
2026-07-19 04:49:00,736 [DEBUG] STREAM b'eXIf' 41 180
2026-07-19 04:49:00,736 [DEBUG] STREAM b'pHYs' 233 9
2026-07-19 04:49:00,736 [DEBUG] STREAM b'iTXt' 254 1386
2026-07-19 04:49:00,736 [DEBUG] STREAM b'IDAT' 1652 8192
2026-07-19 04:49:00,737 [DEBUG] STREAM b'IHDR' 16 13
2026-07-19 04:49:00,737 [DEBUG] STREAM b'eXIf' 41 180
2026-07-19 04:49:00,737 [DEBUG] STREAM b'pHYs' 233 9
2026-07-19 04:49:00,737 [DEBUG] STREAM b'iTXt' 254 1386
2026-07-19 04:49:00,737 [DEBUG] STREAM b'IDAT' 1652 8192
2026-07-19 04:49:00,808 [DEBUG] STREAM b'IDAT' 9475 6
