2026-07-18 21:01:07,559 [INFO] === INICIANDO SAVIN SUPER_USB ===
2026-07-18 21:01:07,719 [DEBUG] Importing PngImagePlugin
2026-07-18 21:01:07,727 [DEBUG] STREAM b'IHDR' 16 13
2026-07-18 21:01:07,727 [DEBUG] STREAM b'IDAT' 41 61589
2026-07-18 21:01:07,727 [DEBUG] STREAM b'IHDR' 16 13
2026-07-18 21:01:07,727 [DEBUG] STREAM b'IDAT' 41 84110
2026-07-18 21:01:07,728 [DEBUG] STREAM b'IHDR' 16 13
2026-07-18 21:01:07,728 [DEBUG] STREAM b'eXIf' 41 180
2026-07-18 21:01:07,728 [DEBUG] STREAM b'pHYs' 233 9
2026-07-18 21:01:07,728 [DEBUG] STREAM b'iTXt' 254 1379
2026-07-18 21:01:07,728 [DEBUG] STREAM b'IDAT' 1645 8192
2026-07-18 21:01:07,729 [DEBUG] STREAM b'IHDR' 16 13
2026-07-18 21:01:07,729 [DEBUG] STREAM b'eXIf' 41 180
2026-07-18 21:01:07,729 [DEBUG] STREAM b'pHYs' 233 9
2026-07-18 21:01:07,729 [DEBUG] STREAM b'iTXt' 254 1379
2026-07-18 21:01:07,729 [DEBUG] STREAM b'IDAT' 1645 8192
2026-07-18 21:01:07,729 [DEBUG] STREAM b'IHDR' 16 13
2026-07-18 21:01:07,729 [DEBUG] STREAM b'eXIf' 41 180
2026-07-18 21:01:07,730 [DEBUG] STREAM b'pHYs' 233 9
2026-07-18 21:01:07,730 [DEBUG] STREAM b'iTXt' 254 1390
2026-07-18 21:01:07,730 [DEBUG] STREAM b'IDAT' 1656 8192
2026-07-18 21:01:07,730 [DEBUG] STREAM b'IHDR' 16 13
2026-07-18 21:01:07,730 [DEBUG] STREAM b'eXIf' 41 180
2026-07-18 21:01:07,730 [DEBUG] STREAM b'pHYs' 233 9
2026-07-18 21:01:07,730 [DEBUG] STREAM b'iTXt' 254 1379
2026-07-18 21:01:07,730 [DEBUG] STREAM b'IDAT' 1645 8192
2026-07-18 21:01:07,731 [DEBUG] STREAM b'IHDR' 16 13
2026-07-18 21:01:07,731 [DEBUG] STREAM b'IDAT' 41 4096
2026-07-18 21:01:07,731 [DEBUG] Importing GifImagePlugin
2026-07-18 21:01:07,739 [DEBUG] STREAM b'IHDR' 16 13
2026-07-18 21:01:07,739 [DEBUG] STREAM b'eXIf' 41 180
2026-07-18 21:01:07,739 [DEBUG] STREAM b'pHYs' 233 9
2026-07-18 21:01:07,739 [DEBUG] STREAM b'iTXt' 254 1386
2026-07-18 21:01:07,739 [DEBUG] STREAM b'IDAT' 1652 8192
2026-07-18 21:01:07,739 [DEBUG] STREAM b'IHDR' 16 13
2026-07-18 21:01:07,739 [DEBUG] STREAM b'eXIf' 41 180
2026-07-18 21:01:07,740 [DEBUG] STREAM b'pHYs' 233 9
2026-07-18 21:01:07,740 [DEBUG] STREAM b'iTXt' 254 1386
2026-07-18 21:01:07,740 [DEBUG] STREAM b'IDAT' 1652 8192
2026-07-18 21:01:07,805 [DEBUG] STREAM b'IDAT' 9475 6
