2026-07-19 22:31:46,885 [INFO] === INICIANDO SAVIN SUPER_USB ===
2026-07-19 22:31:47,008 [DEBUG] Importing PngImagePlugin
2026-07-19 22:31:47,065 [DEBUG] STREAM b'IHDR' 16 13
2026-07-19 22:31:47,065 [DEBUG] STREAM b'eXIf' 41 180
2026-07-19 22:31:47,065 [DEBUG] STREAM b'pHYs' 233 9
2026-07-19 22:31:47,065 [DEBUG] STREAM b'iTXt' 254 1377
2026-07-19 22:31:47,065 [DEBUG] STREAM b'IDAT' 1643 8192
2026-07-19 22:31:47,065 [DEBUG] STREAM b'IHDR' 16 13
2026-07-19 22:31:47,065 [DEBUG] STREAM b'eXIf' 41 180
2026-07-19 22:31:47,065 [DEBUG] STREAM b'pHYs' 233 9
2026-07-19 22:31:47,066 [DEBUG] STREAM b'iTXt' 254 1377
2026-07-19 22:31:47,066 [DEBUG] STREAM b'IDAT' 1643 8192
2026-07-19 22:31:47,066 [DEBUG] STREAM b'IHDR' 16 13
2026-07-19 22:31:47,066 [DEBUG] STREAM b'eXIf' 41 180
2026-07-19 22:31:47,066 [DEBUG] STREAM b'pHYs' 233 9
2026-07-19 22:31:47,066 [DEBUG] STREAM b'iTXt' 254 1379
2026-07-19 22:31:47,066 [DEBUG] STREAM b'IDAT' 1645 8192
2026-07-19 22:31:47,067 [DEBUG] STREAM b'IHDR' 16 13
2026-07-19 22:31:47,067 [DEBUG] STREAM b'eXIf' 41 180
2026-07-19 22:31:47,067 [DEBUG] STREAM b'pHYs' 233 9
2026-07-19 22:31:47,067 [DEBUG] STREAM b'iTXt' 254 1379
2026-07-19 22:31:47,067 [DEBUG] STREAM b'IDAT' 1645 8192
2026-07-19 22:31:47,067 [DEBUG] STREAM b'IHDR' 16 13
2026-07-19 22:31:47,067 [DEBUG] STREAM b'eXIf' 41 180
2026-07-19 22:31:47,067 [DEBUG] STREAM b'pHYs' 233 9
2026-07-19 22:31:47,068 [DEBUG] STREAM b'iTXt' 254 1390
2026-07-19 22:31:47,068 [DEBUG] STREAM b'IDAT' 1656 8192
2026-07-19 22:31:47,068 [DEBUG] STREAM b'IHDR' 16 13
2026-07-19 22:31:47,068 [DEBUG] STREAM b'eXIf' 41 180
2026-07-19 22:31:47,068 [DEBUG] STREAM b'pHYs' 233 9
2026-07-19 22:31:47,068 [DEBUG] STREAM b'iTXt' 254 1379
2026-07-19 22:31:47,068 [DEBUG] STREAM b'IDAT' 1645 8192
2026-07-19 22:31:47,069 [DEBUG] STREAM b'IHDR' 16 13
2026-07-19 22:31:47,069 [DEBUG] STREAM b'IDAT' 41 4096
2026-07-19 22:31:47,069 [DEBUG] Importing GifImagePlugin
2026-07-19 22:31:47,100 [DEBUG] STREAM b'IHDR' 16 13
2026-07-19 22:31:47,100 [DEBUG] STREAM b'eXIf' 41 180
2026-07-19 22:31:47,100 [DEBUG] STREAM b'pHYs' 233 9
2026-07-19 22:31:47,100 [DEBUG] STREAM b'iTXt' 254 1386
2026-07-19 22:31:47,100 [DEBUG] STREAM b'IDAT' 1652 8192
2026-07-19 22:31:47,101 [DEBUG] STREAM b'IHDR' 16 13
2026-07-19 22:31:47,101 [DEBUG] STREAM b'eXIf' 41 180
2026-07-19 22:31:47,101 [DEBUG] STREAM b'pHYs' 233 9
2026-07-19 22:31:47,101 [DEBUG] STREAM b'iTXt' 254 1386
2026-07-19 22:31:47,101 [DEBUG] STREAM b'IDAT' 1652 8192
2026-07-19 22:31:47,172 [DEBUG] STREAM b'IDAT' 9475 6
2026-07-19 22:31:48,469 [DEBUG] Starting new HTTPS connection (1): api.github.com:443
2026-07-19 22:31:48,934 [DEBUG] https://api.github.com:443 "GET /repos/MVP-Savyn/SAVIN-HOLLOWDRIVE/releases/latest HTTP/1.1" 404 125
