2026-07-19 05:22:29,096 [INFO] === INICIANDO SAVIN SUPER_USB ===
2026-07-19 05:22:29,263 [DEBUG] Importing PngImagePlugin
2026-07-19 05:22:29,272 [DEBUG] STREAM b'IHDR' 16 13
2026-07-19 05:22:29,272 [DEBUG] STREAM b'eXIf' 41 180
2026-07-19 05:22:29,272 [DEBUG] STREAM b'pHYs' 233 9
2026-07-19 05:22:29,272 [DEBUG] STREAM b'iTXt' 254 1377
2026-07-19 05:22:29,272 [DEBUG] STREAM b'IDAT' 1643 8192
2026-07-19 05:22:29,273 [DEBUG] STREAM b'IHDR' 16 13
2026-07-19 05:22:29,273 [DEBUG] STREAM b'eXIf' 41 180
2026-07-19 05:22:29,273 [DEBUG] STREAM b'pHYs' 233 9
2026-07-19 05:22:29,273 [DEBUG] STREAM b'iTXt' 254 1377
2026-07-19 05:22:29,273 [DEBUG] STREAM b'IDAT' 1643 8192
2026-07-19 05:22:29,273 [DEBUG] STREAM b'IHDR' 16 13
2026-07-19 05:22:29,274 [DEBUG] STREAM b'eXIf' 41 180
2026-07-19 05:22:29,274 [DEBUG] STREAM b'pHYs' 233 9
2026-07-19 05:22:29,274 [DEBUG] STREAM b'iTXt' 254 1379
2026-07-19 05:22:29,274 [DEBUG] STREAM b'IDAT' 1645 8192
2026-07-19 05:22:29,274 [DEBUG] STREAM b'IHDR' 16 13
2026-07-19 05:22:29,274 [DEBUG] STREAM b'eXIf' 41 180
2026-07-19 05:22:29,274 [DEBUG] STREAM b'pHYs' 233 9
2026-07-19 05:22:29,274 [DEBUG] STREAM b'iTXt' 254 1379
2026-07-19 05:22:29,275 [DEBUG] STREAM b'IDAT' 1645 8192
2026-07-19 05:22:29,275 [DEBUG] STREAM b'IHDR' 16 13
2026-07-19 05:22:29,275 [DEBUG] STREAM b'eXIf' 41 180
2026-07-19 05:22:29,275 [DEBUG] STREAM b'pHYs' 233 9
2026-07-19 05:22:29,275 [DEBUG] STREAM b'iTXt' 254 1390
2026-07-19 05:22:29,275 [DEBUG] STREAM b'IDAT' 1656 8192
2026-07-19 05:22:29,275 [DEBUG] STREAM b'IHDR' 16 13
2026-07-19 05:22:29,275 [DEBUG] STREAM b'eXIf' 41 180
2026-07-19 05:22:29,276 [DEBUG] STREAM b'pHYs' 233 9
2026-07-19 05:22:29,276 [DEBUG] STREAM b'iTXt' 254 1379
2026-07-19 05:22:29,276 [DEBUG] STREAM b'IDAT' 1645 8192
2026-07-19 05:22:29,276 [DEBUG] STREAM b'IHDR' 16 13
2026-07-19 05:22:29,276 [DEBUG] STREAM b'IDAT' 41 4096
2026-07-19 05:22:29,276 [DEBUG] Importing GifImagePlugin
2026-07-19 05:22:29,285 [DEBUG] STREAM b'IHDR' 16 13
2026-07-19 05:22:29,285 [DEBUG] STREAM b'eXIf' 41 180
2026-07-19 05:22:29,285 [DEBUG] STREAM b'pHYs' 233 9
2026-07-19 05:22:29,285 [DEBUG] STREAM b'iTXt' 254 1386
2026-07-19 05:22:29,285 [DEBUG] STREAM b'IDAT' 1652 8192
2026-07-19 05:22:29,285 [DEBUG] STREAM b'IHDR' 16 13
2026-07-19 05:22:29,286 [DEBUG] STREAM b'eXIf' 41 180
2026-07-19 05:22:29,286 [DEBUG] STREAM b'pHYs' 233 9
2026-07-19 05:22:29,286 [DEBUG] STREAM b'iTXt' 254 1386
2026-07-19 05:22:29,286 [DEBUG] STREAM b'IDAT' 1652 8192
2026-07-19 05:22:29,369 [DEBUG] STREAM b'IDAT' 9475 6
