2026-07-19 04:51:07,826 [INFO] === INICIANDO SAVIN SUPER_USB ===
2026-07-19 04:51:08,002 [DEBUG] Importing PngImagePlugin
2026-07-19 04:51:08,010 [DEBUG] STREAM b'IHDR' 16 13
2026-07-19 04:51:08,010 [DEBUG] STREAM b'eXIf' 41 180
2026-07-19 04:51:08,011 [DEBUG] STREAM b'pHYs' 233 9
2026-07-19 04:51:08,011 [DEBUG] STREAM b'iTXt' 254 1377
2026-07-19 04:51:08,011 [DEBUG] STREAM b'IDAT' 1643 8192
2026-07-19 04:51:08,011 [DEBUG] STREAM b'IHDR' 16 13
2026-07-19 04:51:08,011 [DEBUG] STREAM b'IDAT' 41 84110
2026-07-19 04:51:08,012 [DEBUG] STREAM b'IHDR' 16 13
2026-07-19 04:51:08,012 [DEBUG] STREAM b'eXIf' 41 180
2026-07-19 04:51:08,012 [DEBUG] STREAM b'pHYs' 233 9
2026-07-19 04:51:08,012 [DEBUG] STREAM b'iTXt' 254 1379
2026-07-19 04:51:08,012 [DEBUG] STREAM b'IDAT' 1645 8192
2026-07-19 04:51:08,012 [DEBUG] STREAM b'IHDR' 16 13
2026-07-19 04:51:08,012 [DEBUG] STREAM b'eXIf' 41 180
2026-07-19 04:51:08,013 [DEBUG] STREAM b'pHYs' 233 9
2026-07-19 04:51:08,013 [DEBUG] STREAM b'iTXt' 254 1379
2026-07-19 04:51:08,013 [DEBUG] STREAM b'IDAT' 1645 8192
2026-07-19 04:51:08,013 [DEBUG] STREAM b'IHDR' 16 13
2026-07-19 04:51:08,013 [DEBUG] STREAM b'eXIf' 41 180
2026-07-19 04:51:08,013 [DEBUG] STREAM b'pHYs' 233 9
2026-07-19 04:51:08,013 [DEBUG] STREAM b'iTXt' 254 1390
2026-07-19 04:51:08,013 [DEBUG] STREAM b'IDAT' 1656 8192
2026-07-19 04:51:08,014 [DEBUG] STREAM b'IHDR' 16 13
2026-07-19 04:51:08,014 [DEBUG] STREAM b'eXIf' 41 180
2026-07-19 04:51:08,014 [DEBUG] STREAM b'pHYs' 233 9
2026-07-19 04:51:08,014 [DEBUG] STREAM b'iTXt' 254 1379
2026-07-19 04:51:08,014 [DEBUG] STREAM b'IDAT' 1645 8192
2026-07-19 04:51:08,014 [DEBUG] STREAM b'IHDR' 16 13
2026-07-19 04:51:08,014 [DEBUG] STREAM b'IDAT' 41 4096
2026-07-19 04:51:08,015 [DEBUG] Importing GifImagePlugin
2026-07-19 04:51:08,022 [DEBUG] STREAM b'IHDR' 16 13
2026-07-19 04:51:08,023 [DEBUG] STREAM b'eXIf' 41 180
2026-07-19 04:51:08,023 [DEBUG] STREAM b'pHYs' 233 9
2026-07-19 04:51:08,023 [DEBUG] STREAM b'iTXt' 254 1386
2026-07-19 04:51:08,023 [DEBUG] STREAM b'IDAT' 1652 8192
2026-07-19 04:51:08,023 [DEBUG] STREAM b'IHDR' 16 13
2026-07-19 04:51:08,023 [DEBUG] STREAM b'eXIf' 41 180
2026-07-19 04:51:08,023 [DEBUG] STREAM b'pHYs' 233 9
2026-07-19 04:51:08,024 [DEBUG] STREAM b'iTXt' 254 1386
2026-07-19 04:51:08,024 [DEBUG] STREAM b'IDAT' 1652 8192
2026-07-19 04:51:08,097 [DEBUG] STREAM b'IDAT' 9475 6
