2026-07-19 05:18:42,428 [INFO] === INICIANDO SAVIN SUPER_USB ===
2026-07-19 05:18:42,585 [DEBUG] Importing PngImagePlugin
2026-07-19 05:18:42,593 [DEBUG] STREAM b'IHDR' 16 13
2026-07-19 05:18:42,593 [DEBUG] STREAM b'eXIf' 41 180
2026-07-19 05:18:42,593 [DEBUG] STREAM b'pHYs' 233 9
2026-07-19 05:18:42,593 [DEBUG] STREAM b'iTXt' 254 1377
2026-07-19 05:18:42,593 [DEBUG] STREAM b'IDAT' 1643 8192
2026-07-19 05:18:42,593 [DEBUG] STREAM b'IHDR' 16 13
2026-07-19 05:18:42,594 [DEBUG] STREAM b'eXIf' 41 180
2026-07-19 05:18:42,594 [DEBUG] STREAM b'pHYs' 233 9
2026-07-19 05:18:42,594 [DEBUG] STREAM b'iTXt' 254 1377
2026-07-19 05:18:42,594 [DEBUG] STREAM b'IDAT' 1643 8192
2026-07-19 05:18:42,594 [DEBUG] STREAM b'IHDR' 16 13
2026-07-19 05:18:42,594 [DEBUG] STREAM b'eXIf' 41 180
2026-07-19 05:18:42,594 [DEBUG] STREAM b'pHYs' 233 9
2026-07-19 05:18:42,594 [DEBUG] STREAM b'iTXt' 254 1379
2026-07-19 05:18:42,594 [DEBUG] STREAM b'IDAT' 1645 8192
2026-07-19 05:18:42,595 [DEBUG] STREAM b'IHDR' 16 13
2026-07-19 05:18:42,595 [DEBUG] STREAM b'eXIf' 41 180
2026-07-19 05:18:42,595 [DEBUG] STREAM b'pHYs' 233 9
2026-07-19 05:18:42,595 [DEBUG] STREAM b'iTXt' 254 1379
2026-07-19 05:18:42,595 [DEBUG] STREAM b'IDAT' 1645 8192
2026-07-19 05:18:42,595 [DEBUG] STREAM b'IHDR' 16 13
2026-07-19 05:18:42,596 [DEBUG] STREAM b'eXIf' 41 180
2026-07-19 05:18:42,596 [DEBUG] STREAM b'pHYs' 233 9
2026-07-19 05:18:42,596 [DEBUG] STREAM b'iTXt' 254 1390
2026-07-19 05:18:42,596 [DEBUG] STREAM b'IDAT' 1656 8192
2026-07-19 05:18:42,596 [DEBUG] STREAM b'IHDR' 16 13
2026-07-19 05:18:42,596 [DEBUG] STREAM b'eXIf' 41 180
2026-07-19 05:18:42,596 [DEBUG] STREAM b'pHYs' 233 9
2026-07-19 05:18:42,596 [DEBUG] STREAM b'iTXt' 254 1379
2026-07-19 05:18:42,596 [DEBUG] STREAM b'IDAT' 1645 8192
2026-07-19 05:18:42,597 [DEBUG] STREAM b'IHDR' 16 13
2026-07-19 05:18:42,597 [DEBUG] STREAM b'IDAT' 41 4096
2026-07-19 05:18:42,597 [DEBUG] Importing GifImagePlugin
2026-07-19 05:18:42,604 [DEBUG] STREAM b'IHDR' 16 13
2026-07-19 05:18:42,604 [DEBUG] STREAM b'eXIf' 41 180
2026-07-19 05:18:42,604 [DEBUG] STREAM b'pHYs' 233 9
2026-07-19 05:18:42,604 [DEBUG] STREAM b'iTXt' 254 1386
2026-07-19 05:18:42,604 [DEBUG] STREAM b'IDAT' 1652 8192
2026-07-19 05:18:42,605 [DEBUG] STREAM b'IHDR' 16 13
2026-07-19 05:18:42,605 [DEBUG] STREAM b'eXIf' 41 180
2026-07-19 05:18:42,605 [DEBUG] STREAM b'pHYs' 233 9
2026-07-19 05:18:42,605 [DEBUG] STREAM b'iTXt' 254 1386
2026-07-19 05:18:42,605 [DEBUG] STREAM b'IDAT' 1652 8192
2026-07-19 05:18:42,673 [DEBUG] STREAM b'IDAT' 9475 6
