2026-07-19 21:15:01,115 [INFO] === INICIANDO SAVIN SUPER_USB ===
2026-07-19 21:15:01,661 [DEBUG] Importing PngImagePlugin
2026-07-19 21:15:01,722 [DEBUG] STREAM b'IHDR' 16 13
2026-07-19 21:15:01,722 [DEBUG] STREAM b'eXIf' 41 180
2026-07-19 21:15:01,722 [DEBUG] STREAM b'pHYs' 233 9
2026-07-19 21:15:01,722 [DEBUG] STREAM b'iTXt' 254 1377
2026-07-19 21:15:01,722 [DEBUG] STREAM b'IDAT' 1643 8192
2026-07-19 21:15:01,728 [DEBUG] STREAM b'IHDR' 16 13
2026-07-19 21:15:01,728 [DEBUG] STREAM b'eXIf' 41 180
2026-07-19 21:15:01,728 [DEBUG] STREAM b'pHYs' 233 9
2026-07-19 21:15:01,728 [DEBUG] STREAM b'iTXt' 254 1377
2026-07-19 21:15:01,729 [DEBUG] STREAM b'IDAT' 1643 8192
2026-07-19 21:15:01,734 [DEBUG] STREAM b'IHDR' 16 13
2026-07-19 21:15:01,734 [DEBUG] STREAM b'eXIf' 41 180
2026-07-19 21:15:01,734 [DEBUG] STREAM b'pHYs' 233 9
2026-07-19 21:15:01,734 [DEBUG] STREAM b'iTXt' 254 1379
2026-07-19 21:15:01,734 [DEBUG] STREAM b'IDAT' 1645 8192
2026-07-19 21:15:01,739 [DEBUG] STREAM b'IHDR' 16 13
2026-07-19 21:15:01,739 [DEBUG] STREAM b'eXIf' 41 180
2026-07-19 21:15:01,740 [DEBUG] STREAM b'pHYs' 233 9
2026-07-19 21:15:01,740 [DEBUG] STREAM b'iTXt' 254 1379
2026-07-19 21:15:01,740 [DEBUG] STREAM b'IDAT' 1645 8192
2026-07-19 21:15:01,745 [DEBUG] STREAM b'IHDR' 16 13
2026-07-19 21:15:01,745 [DEBUG] STREAM b'eXIf' 41 180
2026-07-19 21:15:01,745 [DEBUG] STREAM b'pHYs' 233 9
2026-07-19 21:15:01,745 [DEBUG] STREAM b'iTXt' 254 1390
2026-07-19 21:15:01,745 [DEBUG] STREAM b'IDAT' 1656 8192
2026-07-19 21:15:01,750 [DEBUG] STREAM b'IHDR' 16 13
2026-07-19 21:15:01,750 [DEBUG] STREAM b'eXIf' 41 180
2026-07-19 21:15:01,751 [DEBUG] STREAM b'pHYs' 233 9
2026-07-19 21:15:01,751 [DEBUG] STREAM b'iTXt' 254 1379
2026-07-19 21:15:01,751 [DEBUG] STREAM b'IDAT' 1645 8192
2026-07-19 21:15:01,756 [DEBUG] STREAM b'IHDR' 16 13
2026-07-19 21:15:01,756 [DEBUG] STREAM b'IDAT' 41 4096
2026-07-19 21:15:01,757 [DEBUG] Importing GifImagePlugin
2026-07-19 21:15:01,802 [DEBUG] STREAM b'IHDR' 16 13
2026-07-19 21:15:01,803 [DEBUG] STREAM b'eXIf' 41 180
2026-07-19 21:15:01,803 [DEBUG] STREAM b'pHYs' 233 9
2026-07-19 21:15:01,803 [DEBUG] STREAM b'iTXt' 254 1386
2026-07-19 21:15:01,803 [DEBUG] STREAM b'IDAT' 1652 8192
2026-07-19 21:15:01,809 [DEBUG] STREAM b'IHDR' 16 13
2026-07-19 21:15:01,809 [DEBUG] STREAM b'eXIf' 41 180
2026-07-19 21:15:01,809 [DEBUG] STREAM b'pHYs' 233 9
2026-07-19 21:15:01,809 [DEBUG] STREAM b'iTXt' 254 1386
2026-07-19 21:15:01,809 [DEBUG] STREAM b'IDAT' 1652 8192
2026-07-19 21:15:01,898 [DEBUG] STREAM b'IDAT' 9475 6
2026-07-19 21:15:34,960 [INFO] [CRONÓMETRO] Estructura Core (Ventoy) completado en 00m 16s
2026-07-19 21:15:44,391 [INFO] Estructura base de Ventoy inyectada de forma limpia desde recursos locales.
2026-07-19 21:15:44,391 [INFO] [CRONÓMETRO] Configuración Base Ventoy completado en 00m 00s
2026-07-19 21:15:44,393 [INFO] Instalación finalizada con éxito. Tiempo total: 26.217121124267578 segundos.
