2026-07-19 05:09:35,867 [INFO] === INICIANDO SAVIN SUPER_USB ===
2026-07-19 05:09:36,037 [DEBUG] Importing PngImagePlugin
2026-07-19 05:09:36,046 [DEBUG] STREAM b'IHDR' 16 13
2026-07-19 05:09:36,046 [DEBUG] STREAM b'eXIf' 41 180
2026-07-19 05:09:36,046 [DEBUG] STREAM b'pHYs' 233 9
2026-07-19 05:09:36,046 [DEBUG] STREAM b'iTXt' 254 1377
2026-07-19 05:09:36,046 [DEBUG] STREAM b'IDAT' 1643 8192
2026-07-19 05:09:36,047 [DEBUG] STREAM b'IHDR' 16 13
2026-07-19 05:09:36,047 [DEBUG] STREAM b'eXIf' 41 180
2026-07-19 05:09:36,047 [DEBUG] STREAM b'pHYs' 233 9
2026-07-19 05:09:36,047 [DEBUG] STREAM b'iTXt' 254 1377
2026-07-19 05:09:36,047 [DEBUG] STREAM b'IDAT' 1643 8192
2026-07-19 05:09:36,047 [DEBUG] STREAM b'IHDR' 16 13
2026-07-19 05:09:36,047 [DEBUG] STREAM b'eXIf' 41 180
2026-07-19 05:09:36,048 [DEBUG] STREAM b'pHYs' 233 9
2026-07-19 05:09:36,048 [DEBUG] STREAM b'iTXt' 254 1379
2026-07-19 05:09:36,048 [DEBUG] STREAM b'IDAT' 1645 8192
2026-07-19 05:09:36,048 [DEBUG] STREAM b'IHDR' 16 13
2026-07-19 05:09:36,048 [DEBUG] STREAM b'eXIf' 41 180
2026-07-19 05:09:36,048 [DEBUG] STREAM b'pHYs' 233 9
2026-07-19 05:09:36,048 [DEBUG] STREAM b'iTXt' 254 1379
2026-07-19 05:09:36,048 [DEBUG] STREAM b'IDAT' 1645 8192
2026-07-19 05:09:36,049 [DEBUG] STREAM b'IHDR' 16 13
2026-07-19 05:09:36,049 [DEBUG] STREAM b'eXIf' 41 180
2026-07-19 05:09:36,049 [DEBUG] STREAM b'pHYs' 233 9
2026-07-19 05:09:36,049 [DEBUG] STREAM b'iTXt' 254 1390
2026-07-19 05:09:36,049 [DEBUG] STREAM b'IDAT' 1656 8192
2026-07-19 05:09:36,049 [DEBUG] STREAM b'IHDR' 16 13
2026-07-19 05:09:36,049 [DEBUG] STREAM b'eXIf' 41 180
2026-07-19 05:09:36,050 [DEBUG] STREAM b'pHYs' 233 9
2026-07-19 05:09:36,050 [DEBUG] STREAM b'iTXt' 254 1379
2026-07-19 05:09:36,050 [DEBUG] STREAM b'IDAT' 1645 8192
2026-07-19 05:09:36,050 [DEBUG] STREAM b'IHDR' 16 13
2026-07-19 05:09:36,050 [DEBUG] STREAM b'IDAT' 41 4096
2026-07-19 05:09:36,050 [DEBUG] Importing GifImagePlugin
2026-07-19 05:09:36,058 [DEBUG] STREAM b'IHDR' 16 13
2026-07-19 05:09:36,058 [DEBUG] STREAM b'eXIf' 41 180
2026-07-19 05:09:36,058 [DEBUG] STREAM b'pHYs' 233 9
2026-07-19 05:09:36,058 [DEBUG] STREAM b'iTXt' 254 1386
2026-07-19 05:09:36,058 [DEBUG] STREAM b'IDAT' 1652 8192
2026-07-19 05:09:36,058 [DEBUG] STREAM b'IHDR' 16 13
2026-07-19 05:09:36,058 [DEBUG] STREAM b'eXIf' 41 180
2026-07-19 05:09:36,059 [DEBUG] STREAM b'pHYs' 233 9
2026-07-19 05:09:36,059 [DEBUG] STREAM b'iTXt' 254 1386
2026-07-19 05:09:36,059 [DEBUG] STREAM b'IDAT' 1652 8192
2026-07-19 05:09:36,128 [DEBUG] STREAM b'IDAT' 9475 6
