2026-07-19 22:32:29,790 [INFO] === INICIANDO SAVIN SUPER_USB ===
2026-07-19 22:32:29,965 [DEBUG] Importing PngImagePlugin
2026-07-19 22:32:29,978 [DEBUG] STREAM b'IHDR' 16 13
2026-07-19 22:32:29,978 [DEBUG] STREAM b'eXIf' 41 180
2026-07-19 22:32:29,978 [DEBUG] STREAM b'pHYs' 233 9
2026-07-19 22:32:29,978 [DEBUG] STREAM b'iTXt' 254 1377
2026-07-19 22:32:29,978 [DEBUG] STREAM b'IDAT' 1643 8192
2026-07-19 22:32:29,979 [DEBUG] STREAM b'IHDR' 16 13
2026-07-19 22:32:29,979 [DEBUG] STREAM b'eXIf' 41 180
2026-07-19 22:32:29,979 [DEBUG] STREAM b'pHYs' 233 9
2026-07-19 22:32:29,979 [DEBUG] STREAM b'iTXt' 254 1377
2026-07-19 22:32:29,979 [DEBUG] STREAM b'IDAT' 1643 8192
2026-07-19 22:32:29,979 [DEBUG] STREAM b'IHDR' 16 13
2026-07-19 22:32:29,979 [DEBUG] STREAM b'eXIf' 41 180
2026-07-19 22:32:29,980 [DEBUG] STREAM b'pHYs' 233 9
2026-07-19 22:32:29,980 [DEBUG] STREAM b'iTXt' 254 1379
2026-07-19 22:32:29,980 [DEBUG] STREAM b'IDAT' 1645 8192
2026-07-19 22:32:29,980 [DEBUG] STREAM b'IHDR' 16 13
2026-07-19 22:32:29,980 [DEBUG] STREAM b'eXIf' 41 180
2026-07-19 22:32:29,980 [DEBUG] STREAM b'pHYs' 233 9
2026-07-19 22:32:29,980 [DEBUG] STREAM b'iTXt' 254 1379
2026-07-19 22:32:29,980 [DEBUG] STREAM b'IDAT' 1645 8192
2026-07-19 22:32:29,981 [DEBUG] STREAM b'IHDR' 16 13
2026-07-19 22:32:29,981 [DEBUG] STREAM b'eXIf' 41 180
2026-07-19 22:32:29,981 [DEBUG] STREAM b'pHYs' 233 9
2026-07-19 22:32:29,981 [DEBUG] STREAM b'iTXt' 254 1390
2026-07-19 22:32:29,981 [DEBUG] STREAM b'IDAT' 1656 8192
2026-07-19 22:32:29,981 [DEBUG] STREAM b'IHDR' 16 13
2026-07-19 22:32:29,981 [DEBUG] STREAM b'eXIf' 41 180
2026-07-19 22:32:29,982 [DEBUG] STREAM b'pHYs' 233 9
2026-07-19 22:32:29,982 [DEBUG] STREAM b'iTXt' 254 1379
2026-07-19 22:32:29,982 [DEBUG] STREAM b'IDAT' 1645 8192
2026-07-19 22:32:29,982 [DEBUG] STREAM b'IHDR' 16 13
2026-07-19 22:32:29,982 [DEBUG] STREAM b'IDAT' 41 4096
2026-07-19 22:32:29,982 [DEBUG] Importing GifImagePlugin
2026-07-19 22:32:29,990 [DEBUG] STREAM b'IHDR' 16 13
2026-07-19 22:32:29,990 [DEBUG] STREAM b'eXIf' 41 180
2026-07-19 22:32:29,990 [DEBUG] STREAM b'pHYs' 233 9
2026-07-19 22:32:29,990 [DEBUG] STREAM b'iTXt' 254 1386
2026-07-19 22:32:29,990 [DEBUG] STREAM b'IDAT' 1652 8192
2026-07-19 22:32:29,990 [DEBUG] STREAM b'IHDR' 16 13
2026-07-19 22:32:29,991 [DEBUG] STREAM b'eXIf' 41 180
2026-07-19 22:32:29,991 [DEBUG] STREAM b'pHYs' 233 9
2026-07-19 22:32:29,991 [DEBUG] STREAM b'iTXt' 254 1386
2026-07-19 22:32:29,991 [DEBUG] STREAM b'IDAT' 1652 8192
2026-07-19 22:32:30,052 [DEBUG] STREAM b'IDAT' 9475 6
2026-07-19 22:32:31,354 [DEBUG] Starting new HTTPS connection (1): api.github.com:443
2026-07-19 22:32:31,826 [DEBUG] https://api.github.com:443 "GET /repos/MVP-Savyn/SAVIN-HOLLOWDRIVE/releases/latest HTTP/1.1" 404 125
