2026-07-19 03:53:00,396 [INFO] === INICIANDO SAVIN SUPER_USB ===
2026-07-19 03:53:01,061 [DEBUG] Importing PngImagePlugin
2026-07-19 03:53:01,137 [DEBUG] STREAM b'IHDR' 16 13
2026-07-19 03:53:01,137 [DEBUG] STREAM b'IDAT' 41 61589
2026-07-19 03:53:01,144 [DEBUG] STREAM b'IHDR' 16 13
2026-07-19 03:53:01,144 [DEBUG] STREAM b'IDAT' 41 84110
2026-07-19 03:53:01,151 [DEBUG] STREAM b'IHDR' 16 13
2026-07-19 03:53:01,151 [DEBUG] STREAM b'eXIf' 41 180
2026-07-19 03:53:01,151 [DEBUG] STREAM b'pHYs' 233 9
2026-07-19 03:53:01,151 [DEBUG] STREAM b'iTXt' 254 1379
2026-07-19 03:53:01,152 [DEBUG] STREAM b'IDAT' 1645 8192
2026-07-19 03:53:01,158 [DEBUG] STREAM b'IHDR' 16 13
2026-07-19 03:53:01,158 [DEBUG] STREAM b'eXIf' 41 180
2026-07-19 03:53:01,159 [DEBUG] STREAM b'pHYs' 233 9
2026-07-19 03:53:01,159 [DEBUG] STREAM b'iTXt' 254 1379
2026-07-19 03:53:01,159 [DEBUG] STREAM b'IDAT' 1645 8192
2026-07-19 03:53:01,165 [DEBUG] STREAM b'IHDR' 16 13
2026-07-19 03:53:01,165 [DEBUG] STREAM b'eXIf' 41 180
2026-07-19 03:53:01,165 [DEBUG] STREAM b'pHYs' 233 9
2026-07-19 03:53:01,165 [DEBUG] STREAM b'iTXt' 254 1390
2026-07-19 03:53:01,166 [DEBUG] STREAM b'IDAT' 1656 8192
2026-07-19 03:53:01,172 [DEBUG] STREAM b'IHDR' 16 13
2026-07-19 03:53:01,172 [DEBUG] STREAM b'eXIf' 41 180
2026-07-19 03:53:01,172 [DEBUG] STREAM b'pHYs' 233 9
2026-07-19 03:53:01,172 [DEBUG] STREAM b'iTXt' 254 1379
2026-07-19 03:53:01,172 [DEBUG] STREAM b'IDAT' 1645 8192
2026-07-19 03:53:01,179 [DEBUG] STREAM b'IHDR' 16 13
2026-07-19 03:53:01,179 [DEBUG] STREAM b'IDAT' 41 4096
2026-07-19 03:53:01,180 [DEBUG] Importing GifImagePlugin
2026-07-19 03:53:01,240 [DEBUG] STREAM b'IHDR' 16 13
2026-07-19 03:53:01,240 [DEBUG] STREAM b'eXIf' 41 180
2026-07-19 03:53:01,240 [DEBUG] STREAM b'pHYs' 233 9
2026-07-19 03:53:01,240 [DEBUG] STREAM b'iTXt' 254 1386
2026-07-19 03:53:01,240 [DEBUG] STREAM b'IDAT' 1652 8192
2026-07-19 03:53:01,247 [DEBUG] STREAM b'IHDR' 16 13
2026-07-19 03:53:01,247 [DEBUG] STREAM b'eXIf' 41 180
2026-07-19 03:53:01,247 [DEBUG] STREAM b'pHYs' 233 9
2026-07-19 03:53:01,247 [DEBUG] STREAM b'iTXt' 254 1386
2026-07-19 03:53:01,247 [DEBUG] STREAM b'IDAT' 1652 8192
2026-07-19 03:53:01,362 [DEBUG] STREAM b'IDAT' 9475 6
2026-07-19 03:58:46,410 [INFO] [INFO] Detectada firma core en F:. Cambiando etiqueta a HOLLOWDRIVE...
2026-07-19 03:58:48,749 [INFO] [CRONÓMETRO] Estructura Core (Ventoy) completado en 00m 14s
2026-07-19 03:58:57,769 [DEBUG] Starting new HTTPS connection (1): huggingface.co:443
2026-07-19 03:58:58,003 [DEBUG] https://huggingface.co:443 "GET /datasets/HollowDrive/HollowDrive/resolve/main/batocera-hollowpack.tar HTTP/1.1" 302 1202
2026-07-19 03:58:58,005 [DEBUG] Starting new HTTPS connection (1): cdn-lfs-us-1.hf.co:443
2026-07-19 03:58:58,341 [DEBUG] https://cdn-lfs-us-1.hf.co:443 "GET /repos/9e/31/9e31d60c5a81399f0dbb3281285c11761e2abd9aec4f1e64ad2e1bffe100fafa/923ff57a31a51c509f92283b8e97d78292692ee268fa1ff89eb5a2b258e8b701?response-content-disposition=inline%3B+filename*%3DUTF-8%27%27batocera-hollowpack.tar%3B+filename%3D%22batocera-hollowpack.tar%22%3B&response-content-type=application%2Fx-tar&Expires=1784429938&Policy=eyJTdGF0ZW1lbnQiOlt7IkNvbmRpdGlvbiI6eyJEYXRlTGVzc1RoYW4iOnsiQVdTOkVwb2NoVGltZSI6MTc4NDQyOTkzOH19LCJSZXNvdXJjZSI6Imh0dHBzOi8vY2RuLWxmcy11cy0xLmhmLmNvL3JlcG9zLzllLzMxLzllMzFkNjBjNWE4MTM5OWYwZGJiMzI4MTI4NWMxMTc2MWUyYWJkOWFlYzRmMWU2NGFkMmUxYmZmZTEwMGZhZmEvOTIzZmY1N2EzMWE1MWM1MDlmOTIyODNiOGU5N2Q3ODI5MjY5MmVlMjY4ZmExZmY4OWViNWEyYjI1OGU4YjcwMT9yZXNwb25zZS1jb250ZW50LWRpc3Bvc2l0aW9uPSomcmVzcG9uc2UtY29udGVudC10eXBlPSoifV19&Signature=fwLlG~pVfCesXSyU2NJWR7RVFuTfxI52FKUKHR~unaId3D5veYcqAuYjldisMwio7puh7U6GL4Q~0G5K20zGnAdsP8v66ljPSgV6tXEL3V0OcvN8NHUmednqDF6eSD2hT~NDFChjMRDQIpJ5SPKmYhMnzvlvEUI2y2m6MMw6P5LlBTv7eHAgJ6mNIrvIKGv2sBAFacKq4X05eAut3uM16r2TpBre5V-BP213Tf~xUSA5CLwChuVCmlraY0yAIq83tLLz9Q4EvWcb3LZSlMOFQ92TzqA3LTRZN16DLW604HzX4bpRPuwaSaxm~lageDXs8SAeHl-qHr5vwLQ6SBy61Q__&Key-Pair-Id=K1HG1QXK3AL3BR HTTP/1.1" 200 40587450880
2026-07-19 04:53:13,976 [INFO] [CRONÓMETRO] Pack Utils HollowDrive completado en 54m 16s
2026-07-19 04:53:13,990 [DEBUG] Starting new HTTPS connection (1): pub-988eebcee5e94631a55af8a89d12129d.r2.dev:443
2026-07-19 04:53:14,356 [DEBUG] https://pub-988eebcee5e94631a55af8a89d12129d.r2.dev:443 "GET /batocerumen.img HTTP/1.1" 200 4949278720
2026-07-19 04:54:52,174 [INFO] [CRONÓMETRO] Sistema Batocera OS completado en 01m 38s
2026-07-19 04:55:02,678 [INFO] [CRONÓMETRO] Creación Bootloader GRUB completado en 00m 10s
2026-07-19 04:55:03,688 [DEBUG] Starting new HTTPS connection (1): huggingface.co:443
2026-07-19 04:55:03,876 [DEBUG] https://huggingface.co:443 "GET /datasets/HollowDrive/HollowDrive/resolve/main/hollowdrive_cachy_efi.img HTTP/1.1" 302 1205
2026-07-19 04:55:03,878 [DEBUG] Starting new HTTPS connection (1): cdn-lfs-us-1.hf.co:443
2026-07-19 04:55:03,958 [DEBUG] https://cdn-lfs-us-1.hf.co:443 "GET /repos/9e/31/9e31d60c5a81399f0dbb3281285c11761e2abd9aec4f1e64ad2e1bffe100fafa/7c36704582fbcdef67b42d934bf1b8f53c28d80ba0357dc55d58b0c6dbe3b6e7?response-content-disposition=inline%3B+filename*%3DUTF-8%27%27hollowdrive_cachy_efi.img%3B+filename%3D%22hollowdrive_cachy_efi.img%22%3B&response-content-type=application%2Foctet-stream&Expires=1784433304&Policy=eyJTdGF0ZW1lbnQiOlt7IkNvbmRpdGlvbiI6eyJEYXRlTGVzc1RoYW4iOnsiQVdTOkVwb2NoVGltZSI6MTc4NDQzMzMwNH19LCJSZXNvdXJjZSI6Imh0dHBzOi8vY2RuLWxmcy11cy0xLmhmLmNvL3JlcG9zLzllLzMxLzllMzFkNjBjNWE4MTM5OWYwZGJiMzI4MTI4NWMxMTc2MWUyYWJkOWFlYzRmMWU2NGFkMmUxYmZmZTEwMGZhZmEvN2MzNjcwNDU4MmZiY2RlZjY3YjQyZDkzNGJmMWI4ZjUzYzI4ZDgwYmEwMzU3ZGM1NWQ1OGIwYzZkYmUzYjZlNz9yZXNwb25zZS1jb250ZW50LWRpc3Bvc2l0aW9uPSomcmVzcG9uc2UtY29udGVudC10eXBlPSoifV19&Signature=RBw5YFxepDeeP4mDqwHhuYomcImCtbL8z5O5ga6wYK3oQVVtVg38OKt8Oy5Nr4qhiO3Th5T4KZYpbFXx-GfpqIkqIDNiEi4QlD5iX2fGtTVpe6WD~brZPvp5jZYb2DDkHeBq7MHWg4YKmjCASDDvTU4vfXgiH2AHRvcQNSoSbsjbVX3YqpL3l5rG78LkXh6ToDQGzDHQRGjSKgaUYhocjLwh~LuMmudUX4hQyTGbxzlE1Jwb9JeDBVqJ2JLx7Z9jycUERXWmClM5B2ghA8ZkpaGCnBuZwZUWoeDYQeN8QovZuyHGzAQDQUHO7IDWy1DDoADrrl-ZIYSEibGvTY9Yog__&Key-Pair-Id=K1HG1QXK3AL3BR HTTP/1.1" 200 537587712
2026-07-19 04:55:12,099 [INFO] [CRONÓMETRO] Inyección Bootloader GRUB completado en 00m 09s
