2026-07-19 05:10:05,658 [INFO] === INICIANDO SAVIN SUPER_USB ===
2026-07-19 05:10:05,812 [DEBUG] Importing PngImagePlugin
2026-07-19 05:10:05,821 [DEBUG] STREAM b'IHDR' 16 13
2026-07-19 05:10:05,821 [DEBUG] STREAM b'eXIf' 41 180
2026-07-19 05:10:05,821 [DEBUG] STREAM b'pHYs' 233 9
2026-07-19 05:10:05,821 [DEBUG] STREAM b'iTXt' 254 1377
2026-07-19 05:10:05,821 [DEBUG] STREAM b'IDAT' 1643 8192
2026-07-19 05:10:05,827 [DEBUG] STREAM b'IHDR' 16 13
2026-07-19 05:10:05,828 [DEBUG] STREAM b'eXIf' 41 180
2026-07-19 05:10:05,828 [DEBUG] STREAM b'pHYs' 233 9
2026-07-19 05:10:05,828 [DEBUG] STREAM b'iTXt' 254 1377
2026-07-19 05:10:05,828 [DEBUG] STREAM b'IDAT' 1643 8192
2026-07-19 05:10:05,828 [DEBUG] STREAM b'IHDR' 16 13
2026-07-19 05:10:05,828 [DEBUG] STREAM b'eXIf' 41 180
2026-07-19 05:10:05,828 [DEBUG] STREAM b'pHYs' 233 9
2026-07-19 05:10:05,829 [DEBUG] STREAM b'iTXt' 254 1379
2026-07-19 05:10:05,829 [DEBUG] STREAM b'IDAT' 1645 8192
2026-07-19 05:10:05,829 [DEBUG] STREAM b'IHDR' 16 13
2026-07-19 05:10:05,829 [DEBUG] STREAM b'eXIf' 41 180
2026-07-19 05:10:05,829 [DEBUG] STREAM b'pHYs' 233 9
2026-07-19 05:10:05,829 [DEBUG] STREAM b'iTXt' 254 1379
2026-07-19 05:10:05,829 [DEBUG] STREAM b'IDAT' 1645 8192
2026-07-19 05:10:05,830 [DEBUG] STREAM b'IHDR' 16 13
2026-07-19 05:10:05,830 [DEBUG] STREAM b'eXIf' 41 180
2026-07-19 05:10:05,830 [DEBUG] STREAM b'pHYs' 233 9
2026-07-19 05:10:05,830 [DEBUG] STREAM b'iTXt' 254 1390
2026-07-19 05:10:05,830 [DEBUG] STREAM b'IDAT' 1656 8192
2026-07-19 05:10:05,830 [DEBUG] STREAM b'IHDR' 16 13
2026-07-19 05:10:05,830 [DEBUG] STREAM b'eXIf' 41 180
2026-07-19 05:10:05,830 [DEBUG] STREAM b'pHYs' 233 9
2026-07-19 05:10:05,830 [DEBUG] STREAM b'iTXt' 254 1379
2026-07-19 05:10:05,830 [DEBUG] STREAM b'IDAT' 1645 8192
2026-07-19 05:10:05,831 [DEBUG] STREAM b'IHDR' 16 13
2026-07-19 05:10:05,831 [DEBUG] STREAM b'IDAT' 41 4096
2026-07-19 05:10:05,831 [DEBUG] Importing GifImagePlugin
2026-07-19 05:10:05,839 [DEBUG] STREAM b'IHDR' 16 13
2026-07-19 05:10:05,839 [DEBUG] STREAM b'eXIf' 41 180
2026-07-19 05:10:05,839 [DEBUG] STREAM b'pHYs' 233 9
2026-07-19 05:10:05,839 [DEBUG] STREAM b'iTXt' 254 1386
2026-07-19 05:10:05,839 [DEBUG] STREAM b'IDAT' 1652 8192
2026-07-19 05:10:05,839 [DEBUG] STREAM b'IHDR' 16 13
2026-07-19 05:10:05,839 [DEBUG] STREAM b'eXIf' 41 180
2026-07-19 05:10:05,840 [DEBUG] STREAM b'pHYs' 233 9
2026-07-19 05:10:05,840 [DEBUG] STREAM b'iTXt' 254 1386
2026-07-19 05:10:05,840 [DEBUG] STREAM b'IDAT' 1652 8192
2026-07-19 05:10:05,903 [DEBUG] STREAM b'IDAT' 9475 6
