2026-07-19 05:28:07,390 [INFO] === INICIANDO SAVIN SUPER_USB ===
2026-07-19 05:28:07,580 [DEBUG] Importing PngImagePlugin
2026-07-19 05:28:07,588 [DEBUG] STREAM b'IHDR' 16 13
2026-07-19 05:28:07,589 [DEBUG] STREAM b'eXIf' 41 180
2026-07-19 05:28:07,589 [DEBUG] STREAM b'pHYs' 233 9
2026-07-19 05:28:07,589 [DEBUG] STREAM b'iTXt' 254 1377
2026-07-19 05:28:07,589 [DEBUG] STREAM b'IDAT' 1643 8192
2026-07-19 05:28:07,589 [DEBUG] STREAM b'IHDR' 16 13
2026-07-19 05:28:07,589 [DEBUG] STREAM b'eXIf' 41 180
2026-07-19 05:28:07,589 [DEBUG] STREAM b'pHYs' 233 9
2026-07-19 05:28:07,590 [DEBUG] STREAM b'iTXt' 254 1377
2026-07-19 05:28:07,590 [DEBUG] STREAM b'IDAT' 1643 8192
2026-07-19 05:28:07,590 [DEBUG] STREAM b'IHDR' 16 13
2026-07-19 05:28:07,590 [DEBUG] STREAM b'eXIf' 41 180
2026-07-19 05:28:07,590 [DEBUG] STREAM b'pHYs' 233 9
2026-07-19 05:28:07,590 [DEBUG] STREAM b'iTXt' 254 1379
2026-07-19 05:28:07,590 [DEBUG] STREAM b'IDAT' 1645 8192
2026-07-19 05:28:07,591 [DEBUG] STREAM b'IHDR' 16 13
2026-07-19 05:28:07,591 [DEBUG] STREAM b'eXIf' 41 180
2026-07-19 05:28:07,591 [DEBUG] STREAM b'pHYs' 233 9
2026-07-19 05:28:07,591 [DEBUG] STREAM b'iTXt' 254 1379
2026-07-19 05:28:07,591 [DEBUG] STREAM b'IDAT' 1645 8192
2026-07-19 05:28:07,591 [DEBUG] STREAM b'IHDR' 16 13
2026-07-19 05:28:07,592 [DEBUG] STREAM b'eXIf' 41 180
2026-07-19 05:28:07,592 [DEBUG] STREAM b'pHYs' 233 9
2026-07-19 05:28:07,592 [DEBUG] STREAM b'iTXt' 254 1390
2026-07-19 05:28:07,592 [DEBUG] STREAM b'IDAT' 1656 8192
2026-07-19 05:28:07,592 [DEBUG] STREAM b'IHDR' 16 13
2026-07-19 05:28:07,592 [DEBUG] STREAM b'eXIf' 41 180
2026-07-19 05:28:07,592 [DEBUG] STREAM b'pHYs' 233 9
2026-07-19 05:28:07,592 [DEBUG] STREAM b'iTXt' 254 1379
2026-07-19 05:28:07,592 [DEBUG] STREAM b'IDAT' 1645 8192
2026-07-19 05:28:07,593 [DEBUG] STREAM b'IHDR' 16 13
2026-07-19 05:28:07,593 [DEBUG] STREAM b'IDAT' 41 4096
2026-07-19 05:28:07,593 [DEBUG] Importing GifImagePlugin
2026-07-19 05:28:07,601 [DEBUG] STREAM b'IHDR' 16 13
2026-07-19 05:28:07,601 [DEBUG] STREAM b'eXIf' 41 180
2026-07-19 05:28:07,601 [DEBUG] STREAM b'pHYs' 233 9
2026-07-19 05:28:07,601 [DEBUG] STREAM b'iTXt' 254 1386
2026-07-19 05:28:07,601 [DEBUG] STREAM b'IDAT' 1652 8192
2026-07-19 05:28:07,601 [DEBUG] STREAM b'IHDR' 16 13
2026-07-19 05:28:07,601 [DEBUG] STREAM b'eXIf' 41 180
2026-07-19 05:28:07,601 [DEBUG] STREAM b'pHYs' 233 9
2026-07-19 05:28:07,601 [DEBUG] STREAM b'iTXt' 254 1386
2026-07-19 05:28:07,602 [DEBUG] STREAM b'IDAT' 1652 8192
2026-07-19 05:28:07,672 [DEBUG] STREAM b'IDAT' 9475 6
2026-07-19 05:28:09,314 [DEBUG] STREAM b'IHDR' 16 13
2026-07-19 05:28:09,314 [DEBUG] STREAM b'eXIf' 41 180
2026-07-19 05:28:09,314 [DEBUG] STREAM b'pHYs' 233 9
2026-07-19 05:28:09,314 [DEBUG] STREAM b'iTXt' 254 1377
2026-07-19 05:28:09,314 [DEBUG] STREAM b'IDAT' 1643 8192
