2026-07-19 05:32:38,567 [INFO] === INICIANDO SAVIN SUPER_USB ===
2026-07-19 05:32:38,767 [DEBUG] Importing PngImagePlugin
2026-07-19 05:32:38,775 [DEBUG] STREAM b'IHDR' 16 13
2026-07-19 05:32:38,775 [DEBUG] STREAM b'eXIf' 41 180
2026-07-19 05:32:38,775 [DEBUG] STREAM b'pHYs' 233 9
2026-07-19 05:32:38,775 [DEBUG] STREAM b'iTXt' 254 1377
2026-07-19 05:32:38,775 [DEBUG] STREAM b'IDAT' 1643 8192
2026-07-19 05:32:38,776 [DEBUG] STREAM b'IHDR' 16 13
2026-07-19 05:32:38,776 [DEBUG] STREAM b'eXIf' 41 180
2026-07-19 05:32:38,776 [DEBUG] STREAM b'pHYs' 233 9
2026-07-19 05:32:38,776 [DEBUG] STREAM b'iTXt' 254 1377
2026-07-19 05:32:38,776 [DEBUG] STREAM b'IDAT' 1643 8192
2026-07-19 05:32:38,776 [DEBUG] STREAM b'IHDR' 16 13
2026-07-19 05:32:38,776 [DEBUG] STREAM b'eXIf' 41 180
2026-07-19 05:32:38,777 [DEBUG] STREAM b'pHYs' 233 9
2026-07-19 05:32:38,777 [DEBUG] STREAM b'iTXt' 254 1379
2026-07-19 05:32:38,777 [DEBUG] STREAM b'IDAT' 1645 8192
2026-07-19 05:32:38,777 [DEBUG] STREAM b'IHDR' 16 13
2026-07-19 05:32:38,777 [DEBUG] STREAM b'eXIf' 41 180
2026-07-19 05:32:38,777 [DEBUG] STREAM b'pHYs' 233 9
2026-07-19 05:32:38,777 [DEBUG] STREAM b'iTXt' 254 1379
2026-07-19 05:32:38,778 [DEBUG] STREAM b'IDAT' 1645 8192
2026-07-19 05:32:38,778 [DEBUG] STREAM b'IHDR' 16 13
2026-07-19 05:32:38,778 [DEBUG] STREAM b'eXIf' 41 180
2026-07-19 05:32:38,778 [DEBUG] STREAM b'pHYs' 233 9
2026-07-19 05:32:38,778 [DEBUG] STREAM b'iTXt' 254 1390
2026-07-19 05:32:38,778 [DEBUG] STREAM b'IDAT' 1656 8192
2026-07-19 05:32:38,779 [DEBUG] STREAM b'IHDR' 16 13
2026-07-19 05:32:38,779 [DEBUG] STREAM b'eXIf' 41 180
2026-07-19 05:32:38,779 [DEBUG] STREAM b'pHYs' 233 9
2026-07-19 05:32:38,779 [DEBUG] STREAM b'iTXt' 254 1379
2026-07-19 05:32:38,779 [DEBUG] STREAM b'IDAT' 1645 8192
2026-07-19 05:32:38,779 [DEBUG] STREAM b'IHDR' 16 13
2026-07-19 05:32:38,779 [DEBUG] STREAM b'IDAT' 41 4096
2026-07-19 05:32:38,780 [DEBUG] Importing GifImagePlugin
2026-07-19 05:32:38,787 [DEBUG] STREAM b'IHDR' 16 13
2026-07-19 05:32:38,787 [DEBUG] STREAM b'eXIf' 41 180
2026-07-19 05:32:38,787 [DEBUG] STREAM b'pHYs' 233 9
2026-07-19 05:32:38,788 [DEBUG] STREAM b'iTXt' 254 1386
2026-07-19 05:32:38,788 [DEBUG] STREAM b'IDAT' 1652 8192
2026-07-19 05:32:38,788 [DEBUG] STREAM b'IHDR' 16 13
2026-07-19 05:32:38,788 [DEBUG] STREAM b'eXIf' 41 180
2026-07-19 05:32:38,788 [DEBUG] STREAM b'pHYs' 233 9
2026-07-19 05:32:38,788 [DEBUG] STREAM b'iTXt' 254 1386
2026-07-19 05:32:38,788 [DEBUG] STREAM b'IDAT' 1652 8192
2026-07-19 05:32:38,861 [DEBUG] STREAM b'IDAT' 9475 6
2026-07-19 05:32:41,204 [DEBUG] STREAM b'IHDR' 16 13
2026-07-19 05:32:41,204 [DEBUG] STREAM b'eXIf' 41 180
2026-07-19 05:32:41,204 [DEBUG] STREAM b'pHYs' 233 9
2026-07-19 05:32:41,204 [DEBUG] STREAM b'iTXt' 254 1377
2026-07-19 05:32:41,204 [DEBUG] STREAM b'IDAT' 1643 8192
2026-07-19 05:32:48,096 [DEBUG] STREAM b'IHDR' 16 13
2026-07-19 05:32:48,096 [DEBUG] STREAM b'eXIf' 41 180
2026-07-19 05:32:48,096 [DEBUG] STREAM b'pHYs' 233 9
2026-07-19 05:32:48,097 [DEBUG] STREAM b'iTXt' 254 1377
2026-07-19 05:32:48,097 [DEBUG] STREAM b'IDAT' 1643 8192
