2026-07-19 22:32:51,736 [INFO] === INICIANDO SAVIN SUPER_USB ===
2026-07-19 22:32:51,856 [DEBUG] Importing PngImagePlugin
2026-07-19 22:32:51,865 [DEBUG] STREAM b'IHDR' 16 13
2026-07-19 22:32:51,865 [DEBUG] STREAM b'eXIf' 41 180
2026-07-19 22:32:51,865 [DEBUG] STREAM b'pHYs' 233 9
2026-07-19 22:32:51,866 [DEBUG] STREAM b'iTXt' 254 1377
2026-07-19 22:32:51,866 [DEBUG] STREAM b'IDAT' 1643 8192
2026-07-19 22:32:51,866 [DEBUG] STREAM b'IHDR' 16 13
2026-07-19 22:32:51,866 [DEBUG] STREAM b'eXIf' 41 180
2026-07-19 22:32:51,866 [DEBUG] STREAM b'pHYs' 233 9
2026-07-19 22:32:51,866 [DEBUG] STREAM b'iTXt' 254 1377
2026-07-19 22:32:51,866 [DEBUG] STREAM b'IDAT' 1643 8192
2026-07-19 22:32:51,867 [DEBUG] STREAM b'IHDR' 16 13
2026-07-19 22:32:51,867 [DEBUG] STREAM b'eXIf' 41 180
2026-07-19 22:32:51,867 [DEBUG] STREAM b'pHYs' 233 9
2026-07-19 22:32:51,867 [DEBUG] STREAM b'iTXt' 254 1379
2026-07-19 22:32:51,867 [DEBUG] STREAM b'IDAT' 1645 8192
2026-07-19 22:32:51,867 [DEBUG] STREAM b'IHDR' 16 13
2026-07-19 22:32:51,867 [DEBUG] STREAM b'eXIf' 41 180
2026-07-19 22:32:51,867 [DEBUG] STREAM b'pHYs' 233 9
2026-07-19 22:32:51,867 [DEBUG] STREAM b'iTXt' 254 1379
2026-07-19 22:32:51,868 [DEBUG] STREAM b'IDAT' 1645 8192
2026-07-19 22:32:51,868 [DEBUG] STREAM b'IHDR' 16 13
2026-07-19 22:32:51,868 [DEBUG] STREAM b'eXIf' 41 180
2026-07-19 22:32:51,868 [DEBUG] STREAM b'pHYs' 233 9
2026-07-19 22:32:51,868 [DEBUG] STREAM b'iTXt' 254 1390
2026-07-19 22:32:51,868 [DEBUG] STREAM b'IDAT' 1656 8192
2026-07-19 22:32:51,868 [DEBUG] STREAM b'IHDR' 16 13
2026-07-19 22:32:51,868 [DEBUG] STREAM b'eXIf' 41 180
2026-07-19 22:32:51,869 [DEBUG] STREAM b'pHYs' 233 9
2026-07-19 22:32:51,869 [DEBUG] STREAM b'iTXt' 254 1379
2026-07-19 22:32:51,869 [DEBUG] STREAM b'IDAT' 1645 8192
2026-07-19 22:32:51,869 [DEBUG] STREAM b'IHDR' 16 13
2026-07-19 22:32:51,869 [DEBUG] STREAM b'IDAT' 41 4096
2026-07-19 22:32:51,869 [DEBUG] Importing GifImagePlugin
2026-07-19 22:32:51,877 [DEBUG] STREAM b'IHDR' 16 13
2026-07-19 22:32:51,877 [DEBUG] STREAM b'eXIf' 41 180
2026-07-19 22:32:51,877 [DEBUG] STREAM b'pHYs' 233 9
2026-07-19 22:32:51,877 [DEBUG] STREAM b'iTXt' 254 1386
2026-07-19 22:32:51,877 [DEBUG] STREAM b'IDAT' 1652 8192
2026-07-19 22:32:51,877 [DEBUG] STREAM b'IHDR' 16 13
2026-07-19 22:32:51,877 [DEBUG] STREAM b'eXIf' 41 180
2026-07-19 22:32:51,877 [DEBUG] STREAM b'pHYs' 233 9
2026-07-19 22:32:51,878 [DEBUG] STREAM b'iTXt' 254 1386
2026-07-19 22:32:51,878 [DEBUG] STREAM b'IDAT' 1652 8192
2026-07-19 22:32:51,943 [DEBUG] STREAM b'IDAT' 9475 6
2026-07-19 22:32:53,216 [DEBUG] Starting new HTTPS connection (1): api.github.com:443
2026-07-19 22:32:53,524 [DEBUG] https://api.github.com:443 "GET /repos/MVP-Savyn/SAVIN-HOLLOWDRIVE/releases/latest HTTP/1.1" 404 125
2026-07-19 22:33:09,394 [INFO] [CRONÓMETRO] Estructura Core (Ventoy) completado en 00m 09s
2026-07-19 22:33:20,709 [INFO] [INFO] Detectada firma core en I:. Forzando cambio de etiqueta a HOLLOWDRIVE...
2026-07-19 22:33:23,425 [INFO] [ENTORNO] Unidad vinculada firmemente en: I:\
2026-07-19 22:33:23,428 [DEBUG] Starting new HTTPS connection (1): pub-b872cd561e404a9599c943c6705afe9e.r2.dev:443
2026-07-19 22:33:23,903 [DEBUG] https://pub-b872cd561e404a9599c943c6705afe9e.r2.dev:443 "GET /HollowdrivePackV1.tar HTTP/1.1" 200 8661701120
