2026-07-19 05:19:49,619 [INFO] === INICIANDO SAVIN SUPER_USB ===
2026-07-19 05:19:49,787 [DEBUG] Importing PngImagePlugin
2026-07-19 05:19:49,795 [DEBUG] STREAM b'IHDR' 16 13
2026-07-19 05:19:49,795 [DEBUG] STREAM b'eXIf' 41 180
2026-07-19 05:19:49,795 [DEBUG] STREAM b'pHYs' 233 9
2026-07-19 05:19:49,795 [DEBUG] STREAM b'iTXt' 254 1377
2026-07-19 05:19:49,795 [DEBUG] STREAM b'IDAT' 1643 8192
2026-07-19 05:19:49,796 [DEBUG] STREAM b'IHDR' 16 13
2026-07-19 05:19:49,796 [DEBUG] STREAM b'eXIf' 41 180
2026-07-19 05:19:49,796 [DEBUG] STREAM b'pHYs' 233 9
2026-07-19 05:19:49,796 [DEBUG] STREAM b'iTXt' 254 1377
2026-07-19 05:19:49,796 [DEBUG] STREAM b'IDAT' 1643 8192
2026-07-19 05:19:49,796 [DEBUG] STREAM b'IHDR' 16 13
2026-07-19 05:19:49,796 [DEBUG] STREAM b'eXIf' 41 180
2026-07-19 05:19:49,796 [DEBUG] STREAM b'pHYs' 233 9
2026-07-19 05:19:49,797 [DEBUG] STREAM b'iTXt' 254 1379
2026-07-19 05:19:49,797 [DEBUG] STREAM b'IDAT' 1645 8192
2026-07-19 05:19:49,797 [DEBUG] STREAM b'IHDR' 16 13
2026-07-19 05:19:49,797 [DEBUG] STREAM b'eXIf' 41 180
2026-07-19 05:19:49,797 [DEBUG] STREAM b'pHYs' 233 9
2026-07-19 05:19:49,797 [DEBUG] STREAM b'iTXt' 254 1379
2026-07-19 05:19:49,797 [DEBUG] STREAM b'IDAT' 1645 8192
2026-07-19 05:19:49,798 [DEBUG] STREAM b'IHDR' 16 13
2026-07-19 05:19:49,798 [DEBUG] STREAM b'eXIf' 41 180
2026-07-19 05:19:49,798 [DEBUG] STREAM b'pHYs' 233 9
2026-07-19 05:19:49,798 [DEBUG] STREAM b'iTXt' 254 1390
2026-07-19 05:19:49,798 [DEBUG] STREAM b'IDAT' 1656 8192
2026-07-19 05:19:49,798 [DEBUG] STREAM b'IHDR' 16 13
2026-07-19 05:19:49,798 [DEBUG] STREAM b'eXIf' 41 180
2026-07-19 05:19:49,798 [DEBUG] STREAM b'pHYs' 233 9
2026-07-19 05:19:49,799 [DEBUG] STREAM b'iTXt' 254 1379
2026-07-19 05:19:49,799 [DEBUG] STREAM b'IDAT' 1645 8192
2026-07-19 05:19:49,799 [DEBUG] STREAM b'IHDR' 16 13
2026-07-19 05:19:49,799 [DEBUG] STREAM b'IDAT' 41 4096
2026-07-19 05:19:49,799 [DEBUG] Importing GifImagePlugin
2026-07-19 05:19:49,807 [DEBUG] STREAM b'IHDR' 16 13
2026-07-19 05:19:49,807 [DEBUG] STREAM b'eXIf' 41 180
2026-07-19 05:19:49,807 [DEBUG] STREAM b'pHYs' 233 9
2026-07-19 05:19:49,807 [DEBUG] STREAM b'iTXt' 254 1386
2026-07-19 05:19:49,807 [DEBUG] STREAM b'IDAT' 1652 8192
2026-07-19 05:19:49,808 [DEBUG] STREAM b'IHDR' 16 13
2026-07-19 05:19:49,808 [DEBUG] STREAM b'eXIf' 41 180
2026-07-19 05:19:49,808 [DEBUG] STREAM b'pHYs' 233 9
2026-07-19 05:19:49,808 [DEBUG] STREAM b'iTXt' 254 1386
2026-07-19 05:19:49,808 [DEBUG] STREAM b'IDAT' 1652 8192
2026-07-19 05:19:49,875 [DEBUG] STREAM b'IDAT' 9475 6
