2026-07-18 21:05:09,008 [INFO] === INICIANDO SAVIN SUPER_USB ===
2026-07-18 21:05:09,167 [DEBUG] Importing PngImagePlugin
2026-07-18 21:05:09,177 [DEBUG] STREAM b'IHDR' 16 13
2026-07-18 21:05:09,177 [DEBUG] STREAM b'IDAT' 41 61589
2026-07-18 21:05:09,178 [DEBUG] STREAM b'IHDR' 16 13
2026-07-18 21:05:09,178 [DEBUG] STREAM b'IDAT' 41 84110
2026-07-18 21:05:09,178 [DEBUG] STREAM b'IHDR' 16 13
2026-07-18 21:05:09,178 [DEBUG] STREAM b'eXIf' 41 180
2026-07-18 21:05:09,178 [DEBUG] STREAM b'pHYs' 233 9
2026-07-18 21:05:09,178 [DEBUG] STREAM b'iTXt' 254 1379
2026-07-18 21:05:09,179 [DEBUG] STREAM b'IDAT' 1645 8192
2026-07-18 21:05:09,179 [DEBUG] STREAM b'IHDR' 16 13
2026-07-18 21:05:09,179 [DEBUG] STREAM b'eXIf' 41 180
2026-07-18 21:05:09,179 [DEBUG] STREAM b'pHYs' 233 9
2026-07-18 21:05:09,179 [DEBUG] STREAM b'iTXt' 254 1379
2026-07-18 21:05:09,179 [DEBUG] STREAM b'IDAT' 1645 8192
2026-07-18 21:05:09,180 [DEBUG] STREAM b'IHDR' 16 13
2026-07-18 21:05:09,180 [DEBUG] STREAM b'eXIf' 41 180
2026-07-18 21:05:09,180 [DEBUG] STREAM b'pHYs' 233 9
2026-07-18 21:05:09,180 [DEBUG] STREAM b'iTXt' 254 1390
2026-07-18 21:05:09,180 [DEBUG] STREAM b'IDAT' 1656 8192
2026-07-18 21:05:09,181 [DEBUG] STREAM b'IHDR' 16 13
2026-07-18 21:05:09,181 [DEBUG] STREAM b'eXIf' 41 180
2026-07-18 21:05:09,181 [DEBUG] STREAM b'pHYs' 233 9
2026-07-18 21:05:09,181 [DEBUG] STREAM b'iTXt' 254 1379
2026-07-18 21:05:09,181 [DEBUG] STREAM b'IDAT' 1645 8192
2026-07-18 21:05:09,181 [DEBUG] STREAM b'IHDR' 16 13
2026-07-18 21:05:09,181 [DEBUG] STREAM b'IDAT' 41 4096
2026-07-18 21:05:09,182 [DEBUG] Importing GifImagePlugin
2026-07-18 21:05:09,191 [DEBUG] STREAM b'IHDR' 16 13
2026-07-18 21:05:09,191 [DEBUG] STREAM b'eXIf' 41 180
2026-07-18 21:05:09,191 [DEBUG] STREAM b'pHYs' 233 9
2026-07-18 21:05:09,191 [DEBUG] STREAM b'iTXt' 254 1386
2026-07-18 21:05:09,191 [DEBUG] STREAM b'IDAT' 1652 8192
2026-07-18 21:05:09,191 [DEBUG] STREAM b'IHDR' 16 13
2026-07-18 21:05:09,191 [DEBUG] STREAM b'eXIf' 41 180
2026-07-18 21:05:09,191 [DEBUG] STREAM b'pHYs' 233 9
2026-07-18 21:05:09,192 [DEBUG] STREAM b'iTXt' 254 1386
2026-07-18 21:05:09,192 [DEBUG] STREAM b'IDAT' 1652 8192
2026-07-18 21:05:09,259 [DEBUG] STREAM b'IDAT' 9475 6
2026-07-18 21:06:12,202 [INFO] [CONTINGENCIA] Identificado descriptor alternativo en E:\. Validando...
