2026-07-19 04:26:22,556 [INFO] === INICIANDO SAVIN SUPER_USB ===
2026-07-19 04:26:22,803 [DEBUG] Importing PngImagePlugin
2026-07-19 04:26:22,851 [DEBUG] STREAM b'IHDR' 16 13
2026-07-19 04:26:22,851 [DEBUG] STREAM b'IDAT' 41 61589
2026-07-19 04:26:22,858 [DEBUG] STREAM b'IHDR' 16 13
2026-07-19 04:26:22,858 [DEBUG] STREAM b'IDAT' 41 84110
2026-07-19 04:26:22,865 [DEBUG] STREAM b'IHDR' 16 13
2026-07-19 04:26:22,866 [DEBUG] STREAM b'eXIf' 41 180
2026-07-19 04:26:22,866 [DEBUG] STREAM b'pHYs' 233 9
2026-07-19 04:26:22,866 [DEBUG] STREAM b'iTXt' 254 1379
2026-07-19 04:26:22,866 [DEBUG] STREAM b'IDAT' 1645 8192
2026-07-19 04:26:22,874 [DEBUG] STREAM b'IHDR' 16 13
2026-07-19 04:26:22,874 [DEBUG] STREAM b'eXIf' 41 180
2026-07-19 04:26:22,874 [DEBUG] STREAM b'pHYs' 233 9
2026-07-19 04:26:22,874 [DEBUG] STREAM b'iTXt' 254 1379
2026-07-19 04:26:22,875 [DEBUG] STREAM b'IDAT' 1645 8192
2026-07-19 04:26:22,882 [DEBUG] STREAM b'IHDR' 16 13
2026-07-19 04:26:22,882 [DEBUG] STREAM b'eXIf' 41 180
2026-07-19 04:26:22,882 [DEBUG] STREAM b'pHYs' 233 9
2026-07-19 04:26:22,882 [DEBUG] STREAM b'iTXt' 254 1390
2026-07-19 04:26:22,882 [DEBUG] STREAM b'IDAT' 1656 8192
2026-07-19 04:26:22,882 [DEBUG] STREAM b'IHDR' 16 13
2026-07-19 04:26:22,882 [DEBUG] STREAM b'eXIf' 41 180
2026-07-19 04:26:22,883 [DEBUG] STREAM b'pHYs' 233 9
2026-07-19 04:26:22,883 [DEBUG] STREAM b'iTXt' 254 1379
2026-07-19 04:26:22,883 [DEBUG] STREAM b'IDAT' 1645 8192
2026-07-19 04:26:22,889 [DEBUG] STREAM b'IHDR' 16 13
2026-07-19 04:26:22,889 [DEBUG] STREAM b'IDAT' 41 4096
2026-07-19 04:26:22,891 [DEBUG] Importing GifImagePlugin
2026-07-19 04:26:22,930 [DEBUG] STREAM b'IHDR' 16 13
2026-07-19 04:26:22,930 [DEBUG] STREAM b'eXIf' 41 180
2026-07-19 04:26:22,930 [DEBUG] STREAM b'pHYs' 233 9
2026-07-19 04:26:22,930 [DEBUG] STREAM b'iTXt' 254 1386
2026-07-19 04:26:22,930 [DEBUG] STREAM b'IDAT' 1652 8192
2026-07-19 04:26:22,937 [DEBUG] STREAM b'IHDR' 16 13
2026-07-19 04:26:22,937 [DEBUG] STREAM b'eXIf' 41 180
2026-07-19 04:26:22,937 [DEBUG] STREAM b'pHYs' 233 9
2026-07-19 04:26:22,937 [DEBUG] STREAM b'iTXt' 254 1386
2026-07-19 04:26:22,937 [DEBUG] STREAM b'IDAT' 1652 8192
2026-07-19 04:26:23,015 [DEBUG] STREAM b'IDAT' 9475 6
