2026-07-19 04:57:02,973 [INFO] === INICIANDO SAVIN SUPER_USB ===
2026-07-19 04:57:03,158 [DEBUG] Importing PngImagePlugin
2026-07-19 04:57:03,167 [DEBUG] STREAM b'IHDR' 16 13
2026-07-19 04:57:03,167 [DEBUG] STREAM b'eXIf' 41 180
2026-07-19 04:57:03,167 [DEBUG] STREAM b'pHYs' 233 9
2026-07-19 04:57:03,167 [DEBUG] STREAM b'iTXt' 254 1377
2026-07-19 04:57:03,167 [DEBUG] STREAM b'IDAT' 1643 8192
2026-07-19 04:57:03,168 [DEBUG] STREAM b'IHDR' 16 13
2026-07-19 04:57:03,168 [DEBUG] STREAM b'IDAT' 41 84110
2026-07-19 04:57:03,168 [DEBUG] STREAM b'IHDR' 16 13
2026-07-19 04:57:03,168 [DEBUG] STREAM b'eXIf' 41 180
2026-07-19 04:57:03,168 [DEBUG] STREAM b'pHYs' 233 9
2026-07-19 04:57:03,168 [DEBUG] STREAM b'iTXt' 254 1379
2026-07-19 04:57:03,168 [DEBUG] STREAM b'IDAT' 1645 8192
2026-07-19 04:57:03,169 [DEBUG] STREAM b'IHDR' 16 13
2026-07-19 04:57:03,169 [DEBUG] STREAM b'eXIf' 41 180
2026-07-19 04:57:03,169 [DEBUG] STREAM b'pHYs' 233 9
2026-07-19 04:57:03,169 [DEBUG] STREAM b'iTXt' 254 1379
2026-07-19 04:57:03,169 [DEBUG] STREAM b'IDAT' 1645 8192
2026-07-19 04:57:03,169 [DEBUG] STREAM b'IHDR' 16 13
2026-07-19 04:57:03,169 [DEBUG] STREAM b'eXIf' 41 180
2026-07-19 04:57:03,169 [DEBUG] STREAM b'pHYs' 233 9
2026-07-19 04:57:03,169 [DEBUG] STREAM b'iTXt' 254 1390
2026-07-19 04:57:03,170 [DEBUG] STREAM b'IDAT' 1656 8192
2026-07-19 04:57:03,170 [DEBUG] STREAM b'IHDR' 16 13
2026-07-19 04:57:03,170 [DEBUG] STREAM b'eXIf' 41 180
2026-07-19 04:57:03,170 [DEBUG] STREAM b'pHYs' 233 9
2026-07-19 04:57:03,170 [DEBUG] STREAM b'iTXt' 254 1379
2026-07-19 04:57:03,170 [DEBUG] STREAM b'IDAT' 1645 8192
2026-07-19 04:57:03,170 [DEBUG] STREAM b'IHDR' 16 13
2026-07-19 04:57:03,170 [DEBUG] STREAM b'IDAT' 41 4096
2026-07-19 04:57:03,171 [DEBUG] Importing GifImagePlugin
2026-07-19 04:57:03,178 [DEBUG] STREAM b'IHDR' 16 13
2026-07-19 04:57:03,178 [DEBUG] STREAM b'eXIf' 41 180
2026-07-19 04:57:03,178 [DEBUG] STREAM b'pHYs' 233 9
2026-07-19 04:57:03,178 [DEBUG] STREAM b'iTXt' 254 1386
2026-07-19 04:57:03,178 [DEBUG] STREAM b'IDAT' 1652 8192
2026-07-19 04:57:03,178 [DEBUG] STREAM b'IHDR' 16 13
2026-07-19 04:57:03,179 [DEBUG] STREAM b'eXIf' 41 180
2026-07-19 04:57:03,179 [DEBUG] STREAM b'pHYs' 233 9
2026-07-19 04:57:03,179 [DEBUG] STREAM b'iTXt' 254 1386
2026-07-19 04:57:03,179 [DEBUG] STREAM b'IDAT' 1652 8192
2026-07-19 04:57:03,250 [DEBUG] STREAM b'IDAT' 9475 6
