2026-07-19 05:26:56,530 [INFO] === INICIANDO SAVIN SUPER_USB ===
2026-07-19 05:26:56,703 [DEBUG] Importing PngImagePlugin
2026-07-19 05:26:56,711 [DEBUG] STREAM b'IHDR' 16 13
2026-07-19 05:26:56,711 [DEBUG] STREAM b'eXIf' 41 180
2026-07-19 05:26:56,711 [DEBUG] STREAM b'pHYs' 233 9
2026-07-19 05:26:56,711 [DEBUG] STREAM b'iTXt' 254 1377
2026-07-19 05:26:56,711 [DEBUG] STREAM b'IDAT' 1643 8192
2026-07-19 05:26:56,712 [DEBUG] STREAM b'IHDR' 16 13
2026-07-19 05:26:56,712 [DEBUG] STREAM b'eXIf' 41 180
2026-07-19 05:26:56,712 [DEBUG] STREAM b'pHYs' 233 9
2026-07-19 05:26:56,712 [DEBUG] STREAM b'iTXt' 254 1377
2026-07-19 05:26:56,712 [DEBUG] STREAM b'IDAT' 1643 8192
2026-07-19 05:26:56,712 [DEBUG] STREAM b'IHDR' 16 13
2026-07-19 05:26:56,712 [DEBUG] STREAM b'eXIf' 41 180
2026-07-19 05:26:56,713 [DEBUG] STREAM b'pHYs' 233 9
2026-07-19 05:26:56,713 [DEBUG] STREAM b'iTXt' 254 1379
2026-07-19 05:26:56,713 [DEBUG] STREAM b'IDAT' 1645 8192
2026-07-19 05:26:56,713 [DEBUG] STREAM b'IHDR' 16 13
2026-07-19 05:26:56,713 [DEBUG] STREAM b'eXIf' 41 180
2026-07-19 05:26:56,713 [DEBUG] STREAM b'pHYs' 233 9
2026-07-19 05:26:56,713 [DEBUG] STREAM b'iTXt' 254 1379
2026-07-19 05:26:56,713 [DEBUG] STREAM b'IDAT' 1645 8192
2026-07-19 05:26:56,714 [DEBUG] STREAM b'IHDR' 16 13
2026-07-19 05:26:56,714 [DEBUG] STREAM b'eXIf' 41 180
2026-07-19 05:26:56,714 [DEBUG] STREAM b'pHYs' 233 9
2026-07-19 05:26:56,714 [DEBUG] STREAM b'iTXt' 254 1390
2026-07-19 05:26:56,714 [DEBUG] STREAM b'IDAT' 1656 8192
2026-07-19 05:26:56,714 [DEBUG] STREAM b'IHDR' 16 13
2026-07-19 05:26:56,715 [DEBUG] STREAM b'eXIf' 41 180
2026-07-19 05:26:56,715 [DEBUG] STREAM b'pHYs' 233 9
2026-07-19 05:26:56,715 [DEBUG] STREAM b'iTXt' 254 1379
2026-07-19 05:26:56,715 [DEBUG] STREAM b'IDAT' 1645 8192
2026-07-19 05:26:56,715 [DEBUG] STREAM b'IHDR' 16 13
2026-07-19 05:26:56,715 [DEBUG] STREAM b'IDAT' 41 4096
2026-07-19 05:26:56,716 [DEBUG] Importing GifImagePlugin
2026-07-19 05:26:56,723 [DEBUG] STREAM b'IHDR' 16 13
2026-07-19 05:26:56,723 [DEBUG] STREAM b'eXIf' 41 180
2026-07-19 05:26:56,723 [DEBUG] STREAM b'pHYs' 233 9
2026-07-19 05:26:56,723 [DEBUG] STREAM b'iTXt' 254 1386
2026-07-19 05:26:56,724 [DEBUG] STREAM b'IDAT' 1652 8192
2026-07-19 05:26:56,724 [DEBUG] STREAM b'IHDR' 16 13
2026-07-19 05:26:56,724 [DEBUG] STREAM b'eXIf' 41 180
2026-07-19 05:26:56,724 [DEBUG] STREAM b'pHYs' 233 9
2026-07-19 05:26:56,724 [DEBUG] STREAM b'iTXt' 254 1386
2026-07-19 05:26:56,724 [DEBUG] STREAM b'IDAT' 1652 8192
2026-07-19 05:26:56,805 [DEBUG] STREAM b'IDAT' 9475 6
2026-07-19 05:27:00,320 [DEBUG] STREAM b'IHDR' 16 13
2026-07-19 05:27:00,320 [DEBUG] STREAM b'eXIf' 41 180
2026-07-19 05:27:00,320 [DEBUG] STREAM b'pHYs' 233 9
2026-07-19 05:27:00,320 [DEBUG] STREAM b'iTXt' 254 1377
2026-07-19 05:27:00,320 [DEBUG] STREAM b'IDAT' 1643 8192
