2026-07-19 22:30:02,269 [INFO] === INICIANDO SAVIN SUPER_USB ===
2026-07-19 22:30:02,385 [DEBUG] Importing PngImagePlugin
2026-07-19 22:30:02,421 [DEBUG] STREAM b'IHDR' 16 13
2026-07-19 22:30:02,421 [DEBUG] STREAM b'eXIf' 41 180
2026-07-19 22:30:02,421 [DEBUG] STREAM b'pHYs' 233 9
2026-07-19 22:30:02,422 [DEBUG] STREAM b'iTXt' 254 1377
2026-07-19 22:30:02,422 [DEBUG] STREAM b'IDAT' 1643 8192
2026-07-19 22:30:02,422 [DEBUG] STREAM b'IHDR' 16 13
2026-07-19 22:30:02,422 [DEBUG] STREAM b'eXIf' 41 180
2026-07-19 22:30:02,422 [DEBUG] STREAM b'pHYs' 233 9
2026-07-19 22:30:02,422 [DEBUG] STREAM b'iTXt' 254 1377
2026-07-19 22:30:02,422 [DEBUG] STREAM b'IDAT' 1643 8192
2026-07-19 22:30:02,423 [DEBUG] STREAM b'IHDR' 16 13
2026-07-19 22:30:02,423 [DEBUG] STREAM b'eXIf' 41 180
2026-07-19 22:30:02,423 [DEBUG] STREAM b'pHYs' 233 9
2026-07-19 22:30:02,423 [DEBUG] STREAM b'iTXt' 254 1379
2026-07-19 22:30:02,423 [DEBUG] STREAM b'IDAT' 1645 8192
2026-07-19 22:30:02,423 [DEBUG] STREAM b'IHDR' 16 13
2026-07-19 22:30:02,423 [DEBUG] STREAM b'eXIf' 41 180
2026-07-19 22:30:02,423 [DEBUG] STREAM b'pHYs' 233 9
2026-07-19 22:30:02,424 [DEBUG] STREAM b'iTXt' 254 1379
2026-07-19 22:30:02,424 [DEBUG] STREAM b'IDAT' 1645 8192
2026-07-19 22:30:02,424 [DEBUG] STREAM b'IHDR' 16 13
2026-07-19 22:30:02,424 [DEBUG] STREAM b'eXIf' 41 180
2026-07-19 22:30:02,424 [DEBUG] STREAM b'pHYs' 233 9
2026-07-19 22:30:02,424 [DEBUG] STREAM b'iTXt' 254 1390
2026-07-19 22:30:02,424 [DEBUG] STREAM b'IDAT' 1656 8192
2026-07-19 22:30:02,424 [DEBUG] STREAM b'IHDR' 16 13
2026-07-19 22:30:02,424 [DEBUG] STREAM b'eXIf' 41 180
2026-07-19 22:30:02,425 [DEBUG] STREAM b'pHYs' 233 9
2026-07-19 22:30:02,425 [DEBUG] STREAM b'iTXt' 254 1379
2026-07-19 22:30:02,425 [DEBUG] STREAM b'IDAT' 1645 8192
2026-07-19 22:30:02,425 [DEBUG] STREAM b'IHDR' 16 13
2026-07-19 22:30:02,425 [DEBUG] STREAM b'IDAT' 41 4096
2026-07-19 22:30:02,425 [DEBUG] Importing GifImagePlugin
2026-07-19 22:30:02,448 [DEBUG] STREAM b'IHDR' 16 13
2026-07-19 22:30:02,448 [DEBUG] STREAM b'eXIf' 41 180
2026-07-19 22:30:02,449 [DEBUG] STREAM b'pHYs' 233 9
2026-07-19 22:30:02,449 [DEBUG] STREAM b'iTXt' 254 1386
2026-07-19 22:30:02,449 [DEBUG] STREAM b'IDAT' 1652 8192
2026-07-19 22:30:02,449 [DEBUG] STREAM b'IHDR' 16 13
2026-07-19 22:30:02,449 [DEBUG] STREAM b'eXIf' 41 180
2026-07-19 22:30:02,449 [DEBUG] STREAM b'pHYs' 233 9
2026-07-19 22:30:02,449 [DEBUG] STREAM b'iTXt' 254 1386
2026-07-19 22:30:02,449 [DEBUG] STREAM b'IDAT' 1652 8192
2026-07-19 22:30:02,524 [DEBUG] STREAM b'IDAT' 9475 6
