2026-07-19 01:59:48,081 [INFO] === INICIANDO SAVIN SUPER_USB ===
2026-07-19 01:59:48,277 [DEBUG] Importing PngImagePlugin
2026-07-19 01:59:48,287 [DEBUG] STREAM b'IHDR' 16 13
2026-07-19 01:59:48,288 [DEBUG] STREAM b'IDAT' 41 61589
2026-07-19 01:59:48,288 [DEBUG] STREAM b'IHDR' 16 13
2026-07-19 01:59:48,288 [DEBUG] STREAM b'IDAT' 41 84110
2026-07-19 01:59:48,289 [DEBUG] STREAM b'IHDR' 16 13
2026-07-19 01:59:48,289 [DEBUG] STREAM b'eXIf' 41 180
2026-07-19 01:59:48,289 [DEBUG] STREAM b'pHYs' 233 9
2026-07-19 01:59:48,289 [DEBUG] STREAM b'iTXt' 254 1379
2026-07-19 01:59:48,289 [DEBUG] STREAM b'IDAT' 1645 8192
2026-07-19 01:59:48,289 [DEBUG] STREAM b'IHDR' 16 13
2026-07-19 01:59:48,290 [DEBUG] STREAM b'eXIf' 41 180
2026-07-19 01:59:48,290 [DEBUG] STREAM b'pHYs' 233 9
2026-07-19 01:59:48,290 [DEBUG] STREAM b'iTXt' 254 1379
2026-07-19 01:59:48,290 [DEBUG] STREAM b'IDAT' 1645 8192
2026-07-19 01:59:48,290 [DEBUG] STREAM b'IHDR' 16 13
2026-07-19 01:59:48,290 [DEBUG] STREAM b'eXIf' 41 180
2026-07-19 01:59:48,290 [DEBUG] STREAM b'pHYs' 233 9
2026-07-19 01:59:48,290 [DEBUG] STREAM b'iTXt' 254 1390
2026-07-19 01:59:48,291 [DEBUG] STREAM b'IDAT' 1656 8192
2026-07-19 01:59:48,291 [DEBUG] STREAM b'IHDR' 16 13
2026-07-19 01:59:48,291 [DEBUG] STREAM b'eXIf' 41 180
2026-07-19 01:59:48,291 [DEBUG] STREAM b'pHYs' 233 9
2026-07-19 01:59:48,291 [DEBUG] STREAM b'iTXt' 254 1379
2026-07-19 01:59:48,291 [DEBUG] STREAM b'IDAT' 1645 8192
2026-07-19 01:59:48,292 [DEBUG] STREAM b'IHDR' 16 13
2026-07-19 01:59:48,292 [DEBUG] STREAM b'IDAT' 41 4096
2026-07-19 01:59:48,292 [DEBUG] Importing GifImagePlugin
2026-07-19 01:59:48,300 [DEBUG] STREAM b'IHDR' 16 13
2026-07-19 01:59:48,300 [DEBUG] STREAM b'eXIf' 41 180
2026-07-19 01:59:48,301 [DEBUG] STREAM b'pHYs' 233 9
2026-07-19 01:59:48,301 [DEBUG] STREAM b'iTXt' 254 1386
2026-07-19 01:59:48,301 [DEBUG] STREAM b'IDAT' 1652 8192
2026-07-19 01:59:48,301 [DEBUG] STREAM b'IHDR' 16 13
2026-07-19 01:59:48,301 [DEBUG] STREAM b'eXIf' 41 180
2026-07-19 01:59:48,301 [DEBUG] STREAM b'pHYs' 233 9
2026-07-19 01:59:48,301 [DEBUG] STREAM b'iTXt' 254 1386
2026-07-19 01:59:48,301 [DEBUG] STREAM b'IDAT' 1652 8192
2026-07-19 01:59:48,386 [DEBUG] STREAM b'IDAT' 9475 6
2026-07-19 02:00:16,886 [INFO] [INFO] Detectada firma core en F:. Cambiando etiqueta a HOLLOWDRIVE...
2026-07-19 02:00:19,043 [INFO] [CRONÓMETRO] Estructura Core (Ventoy) completado en 00m 20s
2026-07-19 02:00:40,812 [INFO] [CRONÓMETRO] Creación Bootloader GRUB completado en 00m 12s
2026-07-19 02:00:41,820 [DEBUG] Starting new HTTPS connection (1): huggingface.co:443
2026-07-19 02:00:42,019 [DEBUG] https://huggingface.co:443 "GET /datasets/HollowDrive/HollowDrive/resolve/main/hollowdrive_cachy_efi.img HTTP/1.1" 302 1221
2026-07-19 02:00:42,020 [DEBUG] Starting new HTTPS connection (1): cdn-lfs-us-1.hf.co:443
2026-07-19 02:00:42,204 [DEBUG] https://cdn-lfs-us-1.hf.co:443 "GET /repos/9e/31/9e31d60c5a81399f0dbb3281285c11761e2abd9aec4f1e64ad2e1bffe100fafa/7c36704582fbcdef67b42d934bf1b8f53c28d80ba0357dc55d58b0c6dbe3b6e7?response-content-disposition=inline%3B+filename*%3DUTF-8%27%27hollowdrive_cachy_efi.img%3B+filename%3D%22hollowdrive_cachy_efi.img%22%3B&response-content-type=application%2Foctet-stream&Expires=1784422842&Policy=eyJTdGF0ZW1lbnQiOlt7IkNvbmRpdGlvbiI6eyJEYXRlTGVzc1RoYW4iOnsiQVdTOkVwb2NoVGltZSI6MTc4NDQyMjg0Mn19LCJSZXNvdXJjZSI6Imh0dHBzOi8vY2RuLWxmcy11cy0xLmhmLmNvL3JlcG9zLzllLzMxLzllMzFkNjBjNWE4MTM5OWYwZGJiMzI4MTI4NWMxMTc2MWUyYWJkOWFlYzRmMWU2NGFkMmUxYmZmZTEwMGZhZmEvN2MzNjcwNDU4MmZiY2RlZjY3YjQyZDkzNGJmMWI4ZjUzYzI4ZDgwYmEwMzU3ZGM1NWQ1OGIwYzZkYmUzYjZlNz9yZXNwb25zZS1jb250ZW50LWRpc3Bvc2l0aW9uPSomcmVzcG9uc2UtY29udGVudC10eXBlPSoifV19&Signature=vzcmqmxCu-~Y3DhCMFzUi7podg~~BwHVpWAY-vPHsI-pxV5jE9bLlyANQ5oas2wgTYssalyI-FBBp8dpzVLBSZ-kJ28JYhmWMJYsXf59y6zmyxbadMexALbTQhCNtRDgIZsvSNSDfJQE0iFdhZZ7VsFyYBlOa4-xCOd9kZp-U~C~p~pg8oHQXU~jI7aC5O7pyP-c4V7czts9YMjFU8H2y1iI-BgIR8O~eBVuPTVUhPeYalLBMpSFF6MXreO2jCvbU1tMa6Zb6KvSOfVgCTdUVA5ix-cCu88EPWFdAB3Jy8BoTXe2eLgPY2qPbnq8U5kzlsw28~X~VhixhBeHlbKhKA__&Key-Pair-Id=K1HG1QXK3AL3BR HTTP/1.1" 200 537587712
2026-07-19 02:01:42,286 [INFO] [CRONÓMETRO] Inyección Bootloader GRUB completado en 01m 01s
