2026-07-19 05:25:34,857 [INFO] === INICIANDO SAVIN SUPER_USB ===
2026-07-19 05:25:35,023 [DEBUG] Importing PngImagePlugin
2026-07-19 05:25:35,031 [DEBUG] STREAM b'IHDR' 16 13
2026-07-19 05:25:35,031 [DEBUG] STREAM b'eXIf' 41 180
2026-07-19 05:25:35,032 [DEBUG] STREAM b'pHYs' 233 9
2026-07-19 05:25:35,032 [DEBUG] STREAM b'iTXt' 254 1377
2026-07-19 05:25:35,032 [DEBUG] STREAM b'IDAT' 1643 8192
2026-07-19 05:25:35,032 [DEBUG] STREAM b'IHDR' 16 13
2026-07-19 05:25:35,032 [DEBUG] STREAM b'eXIf' 41 180
2026-07-19 05:25:35,032 [DEBUG] STREAM b'pHYs' 233 9
2026-07-19 05:25:35,032 [DEBUG] STREAM b'iTXt' 254 1377
2026-07-19 05:25:35,033 [DEBUG] STREAM b'IDAT' 1643 8192
2026-07-19 05:25:35,033 [DEBUG] STREAM b'IHDR' 16 13
2026-07-19 05:25:35,033 [DEBUG] STREAM b'eXIf' 41 180
2026-07-19 05:25:35,033 [DEBUG] STREAM b'pHYs' 233 9
2026-07-19 05:25:35,033 [DEBUG] STREAM b'iTXt' 254 1379
2026-07-19 05:25:35,033 [DEBUG] STREAM b'IDAT' 1645 8192
2026-07-19 05:25:35,033 [DEBUG] STREAM b'IHDR' 16 13
2026-07-19 05:25:35,034 [DEBUG] STREAM b'eXIf' 41 180
2026-07-19 05:25:35,034 [DEBUG] STREAM b'pHYs' 233 9
2026-07-19 05:25:35,034 [DEBUG] STREAM b'iTXt' 254 1379
2026-07-19 05:25:35,034 [DEBUG] STREAM b'IDAT' 1645 8192
2026-07-19 05:25:35,034 [DEBUG] STREAM b'IHDR' 16 13
2026-07-19 05:25:35,034 [DEBUG] STREAM b'eXIf' 41 180
2026-07-19 05:25:35,034 [DEBUG] STREAM b'pHYs' 233 9
2026-07-19 05:25:35,034 [DEBUG] STREAM b'iTXt' 254 1390
2026-07-19 05:25:35,035 [DEBUG] STREAM b'IDAT' 1656 8192
2026-07-19 05:25:35,035 [DEBUG] STREAM b'IHDR' 16 13
2026-07-19 05:25:35,035 [DEBUG] STREAM b'eXIf' 41 180
2026-07-19 05:25:35,035 [DEBUG] STREAM b'pHYs' 233 9
2026-07-19 05:25:35,035 [DEBUG] STREAM b'iTXt' 254 1379
2026-07-19 05:25:35,035 [DEBUG] STREAM b'IDAT' 1645 8192
2026-07-19 05:25:35,035 [DEBUG] STREAM b'IHDR' 16 13
2026-07-19 05:25:35,035 [DEBUG] STREAM b'IDAT' 41 4096
2026-07-19 05:25:35,036 [DEBUG] Importing GifImagePlugin
2026-07-19 05:25:35,043 [DEBUG] STREAM b'IHDR' 16 13
2026-07-19 05:25:35,043 [DEBUG] STREAM b'eXIf' 41 180
2026-07-19 05:25:35,043 [DEBUG] STREAM b'pHYs' 233 9
2026-07-19 05:25:35,043 [DEBUG] STREAM b'iTXt' 254 1386
2026-07-19 05:25:35,043 [DEBUG] STREAM b'IDAT' 1652 8192
2026-07-19 05:25:35,043 [DEBUG] STREAM b'IHDR' 16 13
2026-07-19 05:25:35,044 [DEBUG] STREAM b'eXIf' 41 180
2026-07-19 05:25:35,044 [DEBUG] STREAM b'pHYs' 233 9
2026-07-19 05:25:35,044 [DEBUG] STREAM b'iTXt' 254 1386
2026-07-19 05:25:35,044 [DEBUG] STREAM b'IDAT' 1652 8192
2026-07-19 05:25:35,119 [DEBUG] STREAM b'IDAT' 9475 6
2026-07-19 05:25:40,015 [DEBUG] STREAM b'IHDR' 16 13
2026-07-19 05:25:40,015 [DEBUG] STREAM b'eXIf' 41 180
2026-07-19 05:25:40,016 [DEBUG] STREAM b'pHYs' 233 9
2026-07-19 05:25:40,016 [DEBUG] STREAM b'iTXt' 254 1377
2026-07-19 05:25:40,016 [DEBUG] STREAM b'IDAT' 1643 8192
