2026-07-19 00:13:37,229 [INFO] === INICIANDO SAVIN SUPER_USB ===
2026-07-19 00:13:37,394 [DEBUG] Importing PngImagePlugin
2026-07-19 00:13:37,404 [DEBUG] STREAM b'IHDR' 16 13
2026-07-19 00:13:37,404 [DEBUG] STREAM b'IDAT' 41 61589
2026-07-19 00:13:37,405 [DEBUG] STREAM b'IHDR' 16 13
2026-07-19 00:13:37,405 [DEBUG] STREAM b'IDAT' 41 84110
2026-07-19 00:13:37,405 [DEBUG] STREAM b'IHDR' 16 13
2026-07-19 00:13:37,405 [DEBUG] STREAM b'eXIf' 41 180
2026-07-19 00:13:37,405 [DEBUG] STREAM b'pHYs' 233 9
2026-07-19 00:13:37,405 [DEBUG] STREAM b'iTXt' 254 1379
2026-07-19 00:13:37,405 [DEBUG] STREAM b'IDAT' 1645 8192
2026-07-19 00:13:37,406 [DEBUG] STREAM b'IHDR' 16 13
2026-07-19 00:13:37,406 [DEBUG] STREAM b'eXIf' 41 180
2026-07-19 00:13:37,406 [DEBUG] STREAM b'pHYs' 233 9
2026-07-19 00:13:37,406 [DEBUG] STREAM b'iTXt' 254 1379
2026-07-19 00:13:37,406 [DEBUG] STREAM b'IDAT' 1645 8192
2026-07-19 00:13:37,406 [DEBUG] STREAM b'IHDR' 16 13
2026-07-19 00:13:37,406 [DEBUG] STREAM b'eXIf' 41 180
2026-07-19 00:13:37,406 [DEBUG] STREAM b'pHYs' 233 9
2026-07-19 00:13:37,407 [DEBUG] STREAM b'iTXt' 254 1390
2026-07-19 00:13:37,407 [DEBUG] STREAM b'IDAT' 1656 8192
2026-07-19 00:13:37,407 [DEBUG] STREAM b'IHDR' 16 13
2026-07-19 00:13:37,407 [DEBUG] STREAM b'eXIf' 41 180
2026-07-19 00:13:37,407 [DEBUG] STREAM b'pHYs' 233 9
2026-07-19 00:13:37,407 [DEBUG] STREAM b'iTXt' 254 1379
2026-07-19 00:13:37,407 [DEBUG] STREAM b'IDAT' 1645 8192
2026-07-19 00:13:37,408 [DEBUG] STREAM b'IHDR' 16 13
2026-07-19 00:13:37,408 [DEBUG] STREAM b'IDAT' 41 4096
2026-07-19 00:13:37,408 [DEBUG] Importing GifImagePlugin
2026-07-19 00:13:37,416 [DEBUG] STREAM b'IHDR' 16 13
2026-07-19 00:13:37,416 [DEBUG] STREAM b'eXIf' 41 180
2026-07-19 00:13:37,416 [DEBUG] STREAM b'pHYs' 233 9
2026-07-19 00:13:37,416 [DEBUG] STREAM b'iTXt' 254 1386
2026-07-19 00:13:37,416 [DEBUG] STREAM b'IDAT' 1652 8192
2026-07-19 00:13:37,417 [DEBUG] STREAM b'IHDR' 16 13
2026-07-19 00:13:37,417 [DEBUG] STREAM b'eXIf' 41 180
2026-07-19 00:13:37,417 [DEBUG] STREAM b'pHYs' 233 9
2026-07-19 00:13:37,417 [DEBUG] STREAM b'iTXt' 254 1386
2026-07-19 00:13:37,417 [DEBUG] STREAM b'IDAT' 1652 8192
2026-07-19 00:13:37,490 [DEBUG] STREAM b'IDAT' 9475 6
2026-07-19 00:14:00,097 [INFO] [INFO] Detectada firma core en F:. Cambiando etiqueta a HOLLOWDRIVE...
2026-07-19 00:14:02,268 [INFO] [CRONÓMETRO] Estructura Core (Ventoy) completado en 00m 13s
2026-07-19 00:14:17,311 [INFO] [CRONÓMETRO] Creación Bootloader GRUB completado en 00m 06s
2026-07-19 00:14:17,316 [DEBUG] Starting new HTTPS connection (1): docs.google.com:443
2026-07-19 00:14:17,552 [DEBUG] https://docs.google.com:443 "GET /uc?export=download&id=134gSSqwmlhbWVq6p2B8CsoxVdFjxZNFg HTTP/1.1" 303 0
2026-07-19 00:14:17,554 [DEBUG] Starting new HTTPS connection (1): drive.usercontent.google.com:443
2026-07-19 00:14:17,882 [DEBUG] https://drive.usercontent.google.com:443 "GET /download?id=134gSSqwmlhbWVq6p2B8CsoxVdFjxZNFg&export=download HTTP/1.1" 200 2535
2026-07-19 00:14:17,886 [INFO] [GDRIVE] Pantalla de virus saltada con éxito. Token de confirmación: t
2026-07-19 00:14:18,044 [DEBUG] https://docs.google.com:443 "GET /uc?export=download&id=134gSSqwmlhbWVq6p2B8CsoxVdFjxZNFg&confirm=t HTTP/1.1" 303 0
2026-07-19 00:14:18,269 [DEBUG] https://drive.usercontent.google.com:443 "GET /download?id=134gSSqwmlhbWVq6p2B8CsoxVdFjxZNFg&export=download HTTP/1.1" 200 2535
